Archive member included because of file (symbol)

.\CortexM0\ARM_GCC_473\Debug\T-50_Project.a(cyfitter_cfg.o)
                              .\CortexM0\ARM_GCC_473\Debug\Cm0Start.o (cyfitter_cfg)
.\CortexM0\ARM_GCC_473\Debug\T-50_Project.a(CyBootAsmGnu.o)
                              .\CortexM0\ARM_GCC_473\Debug\T-50_Project.a(cyfitter_cfg.o) (CyDelayCycles)
.\CortexM0\ARM_GCC_473\Debug\T-50_Project.a(CyLib.o)
                              .\CortexM0\ARM_GCC_473\Debug\T-50_Project.a(cyfitter_cfg.o) (CyDelayUs)
.\CortexM0\ARM_GCC_473\Debug\T-50_Project.a(UART_1.o)
                              .\CortexM0\ARM_GCC_473\Debug\main.o (UART_1_Start)
.\CortexM0\ARM_GCC_473\Debug\T-50_Project.a(UART_1_SPI_UART.o)
                              .\CortexM0\ARM_GCC_473\Debug\main.o (UART_1_SpiUartWriteTxData)
.\CortexM0\ARM_GCC_473\Debug\T-50_Project.a(UART_1_UART.o)
                              .\CortexM0\ARM_GCC_473\Debug\T-50_Project.a(UART_1.o) (UART_1_UartInit)
.\CortexM0\ARM_GCC_473\Debug\T-50_Project.a(TaskTimer.o)
                              .\CortexM0\ARM_GCC_473\Debug\main.o (TaskTimer_Start)
.\CortexM0\ARM_GCC_473\Debug\T-50_Project.a(TaskISR.o)
                              .\CortexM0\ARM_GCC_473\Debug\main.o (TaskISR_Start)
.\CortexM0\ARM_GCC_473\Debug\T-50_Project.a(NavLightPWM.o)
                              .\CortexM0\ARM_GCC_473\Debug\main.o (NavLightPWM_WriteCompare)
.\CortexM0\ARM_GCC_473\Debug\T-50_Project.a(BootISR.o)
                              .\CortexM0\ARM_GCC_473\Debug\main.o (BootISR_Start)
.\CortexM0\ARM_GCC_473\Debug\T-50_Project.a(SW1.o)
                              .\CortexM0\ARM_GCC_473\Debug\T-50_Project.a(BootISR.o) (SW1_ClearInterrupt)
.\CortexM0\ARM_GCC_473\Debug\T-50_Project.a(PPMCounter.o)
                              .\CortexM0\ARM_GCC_473\Debug\main.o (PPMCounter_Start)
.\CortexM0\ARM_GCC_473\Debug\T-50_Project.a(PPMISR.o)
                              .\CortexM0\ARM_GCC_473\Debug\main.o (PPMISR_Start)
.\CortexM0\ARM_GCC_473\Debug\T-50_Project.a(PPMRstISR.o)
                              .\CortexM0\ARM_GCC_473\Debug\T-50_Project.a(PPMISR.o) (overflow)
.\CortexM0\ARM_GCC_473\Debug\T-50_Project.a(ServoTimer.o)
                              .\CortexM0\ARM_GCC_473\Debug\main.o (ServoTimer_Start)
.\CortexM0\ARM_GCC_473\Debug\T-50_Project.a(ServoISR.o)
                              .\CortexM0\ARM_GCC_473\Debug\main.o (ServoISR_Start)
.\CortexM0\ARM_GCC_473\Debug\T-50_Project.a(Out_Mot_Pin.o)
                              .\CortexM0\ARM_GCC_473\Debug\T-50_Project.a(ServoISR.o) (Out_Mot_Pin_Write)
.\CortexM0\ARM_GCC_473\Debug\T-50_Project.a(Out_Ail1_Pin.o)
                              .\CortexM0\ARM_GCC_473\Debug\T-50_Project.a(ServoISR.o) (Out_Ail1_Pin_Write)
.\CortexM0\ARM_GCC_473\Debug\T-50_Project.a(Out_Ail2_Pin.o)
                              .\CortexM0\ARM_GCC_473\Debug\T-50_Project.a(ServoISR.o) (Out_Ail2_Pin_Write)
.\CortexM0\ARM_GCC_473\Debug\T-50_Project.a(Out_Ele1_Pin.o)
                              .\CortexM0\ARM_GCC_473\Debug\T-50_Project.a(ServoISR.o) (Out_Ele1_Pin_Write)
.\CortexM0\ARM_GCC_473\Debug\T-50_Project.a(Out_Ele2_Pin.o)
                              .\CortexM0\ARM_GCC_473\Debug\T-50_Project.a(ServoISR.o) (Out_Ele2_Pin_Write)
.\CortexM0\ARM_GCC_473\Debug\T-50_Project.a(Out_Rud_Pin.o)
                              .\CortexM0\ARM_GCC_473\Debug\T-50_Project.a(ServoISR.o) (Out_Rud_Pin_Write)
.\CortexM0\ARM_GCC_473\Debug\T-50_Project.a(Out_Fl1_Pin.o)
                              .\CortexM0\ARM_GCC_473\Debug\T-50_Project.a(ServoISR.o) (Out_Fl1_Pin_Write)
.\CortexM0\ARM_GCC_473\Debug\T-50_Project.a(Out_Fl2_Pin.o)
                              .\CortexM0\ARM_GCC_473\Debug\T-50_Project.a(ServoISR.o) (Out_Fl2_Pin_Write)
.\CortexM0\ARM_GCC_473\Debug\T-50_Project.a(Out_Ge1_Pin.o)
                              .\CortexM0\ARM_GCC_473\Debug\T-50_Project.a(ServoISR.o) (Out_Ge1_Pin_Write)
.\CortexM0\ARM_GCC_473\Debug\T-50_Project.a(Out_Ge2_Pin.o)
                              .\CortexM0\ARM_GCC_473\Debug\T-50_Project.a(ServoISR.o) (Out_Ge2_Pin_Write)
.\CortexM0\ARM_GCC_473\Debug\T-50_Project.a(Out_Ge3_Pin.o)
                              .\CortexM0\ARM_GCC_473\Debug\T-50_Project.a(ServoISR.o) (Out_Ge3_Pin_Write)
.\CortexM0\ARM_GCC_473\Debug\T-50_Project.a(Out_Sp1_Pin.o)
                              .\CortexM0\ARM_GCC_473\Debug\T-50_Project.a(ServoISR.o) (Out_Sp1_Pin_Write)
.\CortexM0\ARM_GCC_473\Debug\T-50_Project.a(Out_Sp2_Pin.o)
                              .\CortexM0\ARM_GCC_473\Debug\T-50_Project.a(ServoISR.o) (Out_Sp2_Pin_Write)
.\CortexM0\ARM_GCC_473\Debug\T-50_Project.a(I2CM.o)
                              .\CortexM0\ARM_GCC_473\Debug\main.o (I2CM_Start)
.\CortexM0\ARM_GCC_473\Debug\T-50_Project.a(I2CM_I2C.o)
                              .\CortexM0\ARM_GCC_473\Debug\T-50_Project.a(I2CM.o) (I2CM_I2CInit)
.\CortexM0\ARM_GCC_473\Debug\T-50_Project.a(I2CM_I2C_MASTER.o)
[...]
Memory Configuration

Name             Origin             Length             Attributes
rom              0x00000000         0x00008000         xr
ram              0x20000000         0x00001000         xrw
*default*        0x00000000         0xffffffff

Linker script and memory map

LOAD c:/program files/cypress/psoc creator/3.0/psoc creator/import/gnu_cs/arm/4.7.3/bin/../lib/gcc/arm-none-eabi/4.7.3/armv6-m/crti.o
LOAD c:/program files/cypress/psoc creator/3.0/psoc creator/import/gnu_cs/arm/4.7.3/bin/../lib/gcc/arm-none-eabi/4.7.3/armv6-m/crtbegin.o
LOAD c:/program files/cypress/psoc creator/3.0/psoc creator/import/gnu_cs/arm/4.7.3/bin/../lib/gcc/arm-none-eabi/4.7.3/../../../../arm-none-eabi/lib/armv6-m/crt0.o
START GROUP
LOAD .\CortexM0\ARM_GCC_473\Debug\main.o
LOAD .\CortexM0\ARM_GCC_473\Debug\IMU.o
LOAD .\CortexM0\ARM_GCC_473\Debug\cybootloader.o
LOAD .\CortexM0\ARM_GCC_473\Debug\cymetadata.o
LOAD .\CortexM0\ARM_GCC_473\Debug\Cm0Start.o
LOAD .\CortexM0\ARM_GCC_473\Debug\T-50_Project.a
LOAD C:\Program Files\Cypress\PSoC Creator\3.0\PSoC Creator\psoc\content\cycomponentlibrary\CyComponentLibrary.cylib\CortexM0\ARM_GCC_473\Debug\CyComponentLibrary.a
LOAD c:/program files/cypress/psoc creator/3.0/psoc creator/import/gnu_cs/arm/4.7.3/bin/../lib/gcc/arm-none-eabi/4.7.3/../../../../arm-none-eabi/lib/armv6-m\libm.a
END GROUP
START GROUP
LOAD c:/program files/cypress/psoc creator/3.0/psoc creator/import/gnu_cs/arm/4.7.3/bin/../lib/gcc/arm-none-eabi/4.7.3/armv6-m\libgcc.a
LOAD c:/program files/cypress/psoc creator/3.0/psoc creator/import/gnu_cs/arm/4.7.3/bin/../lib/gcc/arm-none-eabi/4.7.3/../../../../arm-none-eabi/lib/armv6-m\libc_s.a
END GROUP
LOAD c:/program files/cypress/psoc creator/3.0/psoc creator/import/gnu_cs/arm/4.7.3/bin/../lib/gcc/arm-none-eabi/4.7.3/armv6-m/crtend.o
LOAD c:/program files/cypress/psoc creator/3.0/psoc creator/import/gnu_cs/arm/4.7.3/bin/../lib/gcc/arm-none-eabi/4.7.3/armv6-m/crtn.o
START GROUP
LOAD c:/program files/cypress/psoc creator/3.0/psoc creator/import/gnu_cs/arm/4.7.3/bin/../lib/gcc/arm-none-eabi/4.7.3/armv6-m\libgcc.a
LOAD c:/program files/cypress/psoc creator/3.0/psoc creator/import/gnu_cs/arm/4.7.3/bin/../lib/gcc/arm-none-eabi/4.7.3/../../../../arm-none-eabi/lib/armv6-m\libc.a
LOAD c:/program files/cypress/psoc creator/3.0/psoc creator/import/gnu_cs/arm/4.7.3/bin/../lib/gcc/arm-none-eabi/4.7.3/../../../../arm-none-eabi/lib/armv6-m\libnosys.a
END GROUP
                0x00000000                CY_APPL_ORIGIN = 0x0
                0x00000080                CY_FLASH_ROW_SIZE = 0x80
                0x00000001                CY_APPL_NUM = 0x1
                0x00000040                CY_METADATA_SIZE = 0x40
                0x20000500                PROVIDE (__cy_heap_start, _end)
                0x00000001                PROVIDE (__cy_region_num, ((__cy_regions_end - __cy_regions) / 0x10))
                0x20001000                PROVIDE (__cy_stack, (ORIGIN (ram) + 0x1000))
                0x20000c00                PROVIDE (__cy_heap_end, (__cy_stack - 0x400))

.cybootloader   0x00000000     0x1080
 *(.cybootloader)
 .cybootloader  0x00000000     0x1080 .\CortexM0\ARM_GCC_473\Debug\cybootloader.o
                0x00000000                cy_bootloader
                0x00001080                appl1_start = CY_APPL_ORIGIN?CY_APPL_ORIGIN:ALIGN (CY_FLASH_ROW_SIZE)
                0x00004800                appl2_start = (appl1_start + ALIGN ((((0x8000 - appl1_start) - (0x2 * CY_FLASH_ROW_SIZE)) / 0x2), CY_FLASH_ROW_SIZE))
                0x00001080                appl_start = (CY_APPL_NUM == 0x1)?appl1_start:appl2_start

.text           0x00001080     0x6e14
 CREATE_OBJECT_SYMBOLS
                0x00001080                PROVIDE (__cy_interrupt_vector, RomVectors)
 *(.romvectors)
 .romvectors    0x00001080       0x10 .\CortexM0\ARM_GCC_473\Debug\Cm0Start.o
                0x00001080                RomVectors
                0x00000001                ASSERT ((. != __cy_interrupt_vector), No interrupt vector)
                0x00000001                ASSERT (CY_APPL_ORIGIN?(SIZEOF (.cybootloader) <= CY_APPL_ORIGIN):0x1, Wrong image location)
                0x00001090                PROVIDE (__cy_reset, Reset)
 *(.text.Reset)
 .text.Reset    0x00001090       0x14 .\CortexM0\ARM_GCC_473\Debug\Cm0Start.o
                0x00001090                Reset
                0x00000001                ASSERT ((. != __cy_reset), No reset code)
 *(.psocinit)
 .psocinit      0x000010a4      0x3b4 .\CortexM0\ARM_GCC_473\Debug\T-50_Project.a(cyfitter_cfg.o)
                0x00001258                cyfitter_cfg
                0x00001458                . = MAX (., 0x100)
 *(.text .text.* .gnu.linkonce.t.*)
 .text          0x00001458       0x60 c:/program files/cypress/psoc creator/3.0/psoc creator/import/gnu_cs/arm/4.7.3/bin/../lib/gcc/arm-none-eabi/4.7.3/armv6-m/crtbegin.o
 .text.crc_accumulate
                0x000014b8       0x7c .\CortexM0\ARM_GCC_473\Debug\main.o
 .text.crc_init
                0x00001534       0x18 .\CortexM0\ARM_GCC_473\Debug\main.o
 .text.crc_calculate
                0x0000154c       0x58 .\CortexM0\ARM_GCC_473\Debug\main.o
 .text.crc_accumulate_buffer
                0x000015a4       0x48 .\CortexM0\ARM_GCC_473\Debug\main.o
 .text.mavlink_get_channel_status
                0x000015ec       0x28 .\CortexM0\ARM_GCC_473\Debug\main.o
 .text.mavlink_finalize_message_chan
                0x00001614      0x114 .\CortexM0\ARM_GCC_473\Debug\main.o
 .text.mavlink_finalize_message
                0x00001728       0x48 .\CortexM0\ARM_GCC_473\Debug\main.o
 .text.mavlink_msg_to_send_buffer
                0x00001770       0x68 .\CortexM0\ARM_GCC_473\Debug\main.o
 .text.mavlink_msg_heartbeat_pack
                0x000017d8       0x94 .\CortexM0\ARM_GCC_473\Debug\main.o
 .text.mavlink_msg_attitude_pack
                0x0000186c       0x94 .\CortexM0\ARM_GCC_473\Debug\main.o
 .text.UART_1_UartPutNum
                0x00001900       0x30 .\CortexM0\ARM_GCC_473\Debug\main.o
                0x00001900                UART_1_UartPutNum
 .text.UART_1_UartSendMavlink
                0x00001930       0x54 .\CortexM0\ARM_GCC_473\Debug\main.o
                0x00001930                UART_1_UartSendMavlink
 *fill*         0x00001984        0x4 00
 .text.main     0x00001988      0x9a8 .\CortexM0\ARM_GCC_473\Debug\main.o
                0x00001988                main
 .text.read_gyro_registry
                0x00002330       0x60 .\CortexM0\ARM_GCC_473\Debug\IMU.o
                0x00002330                read_gyro_registry
 .text.gyro_read
                0x00002390      0x198 .\CortexM0\ARM_GCC_473\Debug\IMU.o
                0x00002390                gyro_read
 .text.acc_read
                0x00002528      0x198 .\CortexM0\ARM_GCC_473\Debug\IMU.o
                0x00002528                acc_read
 .text.IntDefaultHandler
                0x000026c0        0x8 .\CortexM0\ARM_GCC_473\Debug\Cm0Start.o
                0x000026c0                IntDefaultHandler
 .text.Start_c  0x000026c8       0xa4 .\CortexM0\ARM_GCC_473\Debug\Cm0Start.o
                0x000026c8                Start_c
 .text.initialize_psoc
                0x0000276c       0x74 .\CortexM0\ARM_GCC_473\Debug\Cm0Start.o
                0x0000276c                initialize_psoc
 .text.CYMEMZERO
                0x000027e0       0x20 .\CortexM0\ARM_GCC_473\Debug\T-50_Project.a(cyfitter_cfg.o)
 .text.cfg_write_bytes32
                0x00002800       0x80 .\CortexM0\ARM_GCC_473\Debug\T-50_Project.a(cyfitter_cfg.o)
 .text.AnalogSetDefault
                0x00002880        0x8 .\CortexM0\ARM_GCC_473\Debug\T-50_Project.a(cyfitter_cfg.o)
 .text          0x00002888       0x20 .\CortexM0\ARM_GCC_473\Debug\T-50_Project.a(CyBootAsmGnu.o)
                0x00002888                CyDelayCycles
                0x0000289a                CyEnterCriticalSection
                0x000028a2                CyExitCriticalSection
 .text.CyIntSetVector
                0x000028a8       0x4c .\CortexM0\ARM_GCC_473\Debug\T-50_Project.a(CyLib.o)
                0x000028a8                CyIntSetVector
 .text.CyIntSetPriority
                0x000028f4       0xa8 .\CortexM0\ARM_GCC_473\Debug\T-50_Project.a(CyLib.o)
                0x000028f4                CyIntSetPriority
 .text.CyIntEnable
                0x0000299c       0x2c .\CortexM0\ARM_GCC_473\Debug\T-50_Project.a(CyLib.o)
                0x0000299c                CyIntEnable
 .text.CyIntDisable
                0x000029c8       0x2c .\CortexM0\ARM_GCC_473\Debug\T-50_Project.a(CyLib.o)
                0x000029c8                CyIntDisable
 .text.CyHalt   0x000029f4       0x14 .\CortexM0\ARM_GCC_473\Debug\T-50_Project.a(CyLib.o)
                0x000029f4                CyHalt
 .text.CySoftwareReset
                0x00002a08       0x20 .\CortexM0\ARM_GCC_473\Debug\T-50_Project.a(CyLib.o)
                0x00002a08                CySoftwareReset
 .text.CyDelay  0x00002a28       0x48 .\CortexM0\ARM_GCC_473\Debug\T-50_Project.a(CyLib.o)
                0x00002a28                CyDelay
 .text.CyDelayUs
                0x00002a70       0x28 .\CortexM0\ARM_GCC_473\Debug\T-50_Project.a(CyLib.o)
                0x00002a70                CyDelayUs
 .text.UART_1_Init
                0x00002a98        0xc .\CortexM0\ARM_GCC_473\Debug\T-50_Project.a(UART_1.o)
                0x00002a98                UART_1_Init
 .text.UART_1_Enable
                0x00002aa4       0x20 .\CortexM0\ARM_GCC_473\Debug\T-50_Project.a(UART_1.o)
                0x00002aa4                UART_1_Enable
 .text.UART_1_Start
                0x00002ac4       0x24 .\CortexM0\ARM_GCC_473\Debug\T-50_Project.a(UART_1.o)
                0x00002ac4                UART_1_Start
 .text.UART_1_ScbEnableIntr
                0x00002ae8        0x8 .\CortexM0\ARM_GCC_473\Debug\T-50_Project.a(UART_1.o)
 .text.UART_1_SpiUartWriteTxData
                0x00002af0       0x2c .\CortexM0\ARM_GCC_473\Debug\T-50_Project.a(UART_1_SPI_UART.o)
                0x00002af0                UART_1_SpiUartWriteTxData
 .text.UART_1_UartInit
                0x00002b1c       0xa8 .\CortexM0\ARM_GCC_473\Debug\T-50_Project.a(UART_1_UART.o)
                0x00002b1c                UART_1_UartInit
 .text.UART_1_UartPutString
                0x00002bc4       0x34 .\CortexM0\ARM_GCC_473\Debug\T-50_Project.a(UART_1_UART.o)
                0x00002bc4                UART_1_UartPutString
 .text.TaskTimer_Init
                0x00002bf8       0x38 .\CortexM0\ARM_GCC_473\Debug\T-50_Project.a(TaskTimer.o)
                0x00002bf8                TaskTimer_Init
 .text.TaskTimer_Enable
                0x00002c30       0x38 .\CortexM0\ARM_GCC_473\Debug\T-50_Project.a(TaskTimer.o)
                0x00002c30                TaskTimer_Enable
 .text.TaskTimer_Start
                0x00002c68       0x24 .\CortexM0\ARM_GCC_473\Debug\T-50_Project.a(TaskTimer.o)
                0x00002c68                TaskTimer_Start
 .text.TaskTimer_WritePeriod
                0x00002c8c       0x1c .\CortexM0\ARM_GCC_473\Debug\T-50_Project.a(TaskTimer.o)
                0x00002c8c                TaskTimer_WritePeriod
 .text.TaskTimer_WriteCompare
                0x00002ca8       0x1c .\CortexM0\ARM_GCC_473\Debug\T-50_Project.a(TaskTimer.o)
                0x00002ca8                TaskTimer_WriteCompare
 .text.TaskTimer_TriggerCommand
                0x00002cc4       0x3c .\CortexM0\ARM_GCC_473\Debug\T-50_Project.a(TaskTimer.o)
                0x00002cc4                TaskTimer_TriggerCommand
 .text.TaskTimer_SetInterruptMode
                0x00002d00       0x18 .\CortexM0\ARM_GCC_473\Debug\T-50_Project.a(TaskTimer.o)
                0x00002d00                TaskTimer_SetInterruptMode
 .text.TaskTimer_ClearInterrupt
                0x00002d18       0x18 .\CortexM0\ARM_GCC_473\Debug\T-50_Project.a(TaskTimer.o)
                0x00002d18                TaskTimer_ClearInterrupt
 .text.TaskISR_Start
                0x00002d30       0x24 .\CortexM0\ARM_GCC_473\Debug\T-50_Project.a(TaskISR.o)
                0x00002d30                TaskISR_Start
 .text.TaskISR_Interrupt
                0x00002d54       0x18 .\CortexM0\ARM_GCC_473\Debug\T-50_Project.a(TaskISR.o)
                0x00002d54                TaskISR_Interrupt
 .text.TaskISR_SetVector
                0x00002d6c       0x1c .\CortexM0\ARM_GCC_473\Debug\T-50_Project.a(TaskISR.o)
                0x00002d6c                TaskISR_SetVector
 .text.TaskISR_SetPriority
                0x00002d88       0x50 .\CortexM0\ARM_GCC_473\Debug\T-50_Project.a(TaskISR.o)
                0x00002d88                TaskISR_SetPriority
 .text.TaskISR_Enable
                0x00002dd8       0x14 .\CortexM0\ARM_GCC_473\Debug\T-50_Project.a(TaskISR.o)
                0x00002dd8                TaskISR_Enable
 .text.TaskISR_Disable
                0x00002dec       0x14 .\CortexM0\ARM_GCC_473\Debug\T-50_Project.a(TaskISR.o)
                0x00002dec                TaskISR_Disable
 .text.NavLightPWM_Init
                0x00002e00       0x4c .\CortexM0\ARM_GCC_473\Debug\T-50_Project.a(NavLightPWM.o)
                0x00002e00                NavLightPWM_Init
 .text.NavLightPWM_Enable
                0x00002e4c       0x38 .\CortexM0\ARM_GCC_473\Debug\T-50_Project.a(NavLightPWM.o)
                0x00002e4c                NavLightPWM_Enable
 .text.NavLightPWM_Start
                0x00002e84       0x24 .\CortexM0\ARM_GCC_473\Debug\T-50_Project.a(NavLightPWM.o)
                0x00002e84                NavLightPWM_Start
 .text.NavLightPWM_WritePeriod
                0x00002ea8       0x1c .\CortexM0\ARM_GCC_473\Debug\T-50_Project.a(NavLightPWM.o)
                0x00002ea8                NavLightPWM_WritePeriod
 .text.NavLightPWM_WriteCompare
                0x00002ec4       0x1c .\CortexM0\ARM_GCC_473\Debug\T-50_Project.a(NavLightPWM.o)
                0x00002ec4                NavLightPWM_WriteCompare
 .text.NavLightPWM_TriggerCommand
                0x00002ee0       0x3c .\CortexM0\ARM_GCC_473\Debug\T-50_Project.a(NavLightPWM.o)
                0x00002ee0                NavLightPWM_TriggerCommand
 .text.NavLightPWM_SetInterruptMode
                0x00002f1c       0x18 .\CortexM0\ARM_GCC_473\Debug\T-50_Project.a(NavLightPWM.o)
                0x00002f1c                NavLightPWM_SetInterruptMode
 .text.BootISR_Start
                0x00002f34       0x24 .\CortexM0\ARM_GCC_473\Debug\T-50_Project.a(BootISR.o)
                0x00002f34                BootISR_Start
 .text.BootISR_Interrupt
                0x00002f58       0x24 .\CortexM0\ARM_GCC_473\Debug\T-50_Project.a(BootISR.o)
                0x00002f58                BootISR_Interrupt
 .text.BootISR_SetVector
                0x00002f7c       0x18 .\CortexM0\ARM_GCC_473\Debug\T-50_Project.a(BootISR.o)
                0x00002f7c                BootISR_SetVector
 .text.BootISR_SetPriority
                0x00002f94       0x50 .\CortexM0\ARM_GCC_473\Debug\T-50_Project.a(BootISR.o)
                0x00002f94                BootISR_SetPriority
 .text.BootISR_Enable
                0x00002fe4       0x14 .\CortexM0\ARM_GCC_473\Debug\T-50_Project.a(BootISR.o)
                0x00002fe4                BootISR_Enable
 .text.BootISR_Disable
                0x00002ff8       0x14 .\CortexM0\ARM_GCC_473\Debug\T-50_Project.a(BootISR.o)
                0x00002ff8                BootISR_Disable
 .text.SW1_ClearInterrupt
                0x0000300c       0x30 .\CortexM0\ARM_GCC_473\Debug\T-50_Project.a(SW1.o)
                0x0000300c                SW1_ClearInterrupt
 .text.PPMCounter_Init
                0x0000303c       0x30 .\CortexM0\ARM_GCC_473\Debug\T-50_Project.a(PPMCounter.o)
                0x0000303c                PPMCounter_Init
 .text.PPMCounter_Enable
                0x0000306c       0x38 .\CortexM0\ARM_GCC_473\Debug\T-50_Project.a(PPMCounter.o)
                0x0000306c                PPMCounter_Enable
 .text.PPMCounter_Start
                0x000030a4       0x24 .\CortexM0\ARM_GCC_473\Debug\T-50_Project.a(PPMCounter.o)
                0x000030a4                PPMCounter_Start
 .text.PPMCounter_WriteCounter
                0x000030c8       0x1c .\CortexM0\ARM_GCC_473\Debug\T-50_Project.a(PPMCounter.o)
                0x000030c8                PPMCounter_WriteCounter
 .text.PPMCounter_ReadCounter
                0x000030e4       0x18 .\CortexM0\ARM_GCC_473\Debug\T-50_Project.a(PPMCounter.o)
                0x000030e4                PPMCounter_ReadCounter
 .text.PPMCounter_WritePeriod
                0x000030fc       0x1c .\CortexM0\ARM_GCC_473\Debug\T-50_Project.a(PPMCounter.o)
                0x000030fc                PPMCounter_WritePeriod
 .text.PPMCounter_TriggerCommand
                0x00003118       0x3c .\CortexM0\ARM_GCC_473\Debug\T-50_Project.a(PPMCounter.o)
                0x00003118                PPMCounter_TriggerCommand
 .text.PPMCounter_SetInterruptMode
                0x00003154       0x18 .\CortexM0\ARM_GCC_473\Debug\T-50_Project.a(PPMCounter.o)
                0x00003154                PPMCounter_SetInterruptMode
 .text.PPMCounter_ClearInterrupt
                0x0000316c       0x18 .\CortexM0\ARM_GCC_473\Debug\T-50_Project.a(PPMCounter.o)
                0x0000316c                PPMCounter_ClearInterrupt
 .text.PPMISR_Start
                0x00003184       0x24 .\CortexM0\ARM_GCC_473\Debug\T-50_Project.a(PPMISR.o)
                0x00003184                PPMISR_Start
 .text.PPMISR_Interrupt
                0x000031a8       0x58 .\CortexM0\ARM_GCC_473\Debug\T-50_Project.a(PPMISR.o)
                0x000031a8                PPMISR_Interrupt
 .text.PPMISR_SetVector
                0x00003200       0x1c .\CortexM0\ARM_GCC_473\Debug\T-50_Project.a(PPMISR.o)
                0x00003200                PPMISR_SetVector
 .text.PPMISR_SetPriority
                0x0000321c       0x4c .\CortexM0\ARM_GCC_473\Debug\T-50_Project.a(PPMISR.o)
                0x0000321c                PPMISR_SetPriority
 .text.PPMISR_Enable
                0x00003268       0x14 .\CortexM0\ARM_GCC_473\Debug\T-50_Project.a(PPMISR.o)
                0x00003268                PPMISR_Enable
 .text.PPMISR_Disable
                0x0000327c       0x14 .\CortexM0\ARM_GCC_473\Debug\T-50_Project.a(PPMISR.o)
                0x0000327c                PPMISR_Disable
 .text.PPMRstISR_Start
                0x00003290       0x24 .\CortexM0\ARM_GCC_473\Debug\T-50_Project.a(PPMRstISR.o)
                0x00003290                PPMRstISR_Start
 .text.PPMRstISR_Interrupt
                0x000032b4       0x24 .\CortexM0\ARM_GCC_473\Debug\T-50_Project.a(PPMRstISR.o)
                0x000032b4                PPMRstISR_Interrupt
 .text.PPMRstISR_SetVector
                0x000032d8       0x18 .\CortexM0\ARM_GCC_473\Debug\T-50_Project.a(PPMRstISR.o)
                0x000032d8                PPMRstISR_SetVector
 .text.PPMRstISR_SetPriority
                0x000032f0       0x50 .\CortexM0\ARM_GCC_473\Debug\T-50_Project.a(PPMRstISR.o)
                0x000032f0                PPMRstISR_SetPriority
 .text.PPMRstISR_Enable
                0x00003340       0x14 .\CortexM0\ARM_GCC_473\Debug\T-50_Project.a(PPMRstISR.o)
                0x00003340                PPMRstISR_Enable
 .text.PPMRstISR_Disable
                0x00003354       0x14 .\CortexM0\ARM_GCC_473\Debug\T-50_Project.a(PPMRstISR.o)
                0x00003354                PPMRstISR_Disable
 .text.ServoTimer_Init
                0x00003368       0x38 .\CortexM0\ARM_GCC_473\Debug\T-50_Project.a(ServoTimer.o)
                0x00003368                ServoTimer_Init
 .text.ServoTimer_Enable
                0x000033a0       0x38 .\CortexM0\ARM_GCC_473\Debug\T-50_Project.a(ServoTimer.o)
                0x000033a0                ServoTimer_Enable
 .text.ServoTimer_Start
                0x000033d8       0x24 .\CortexM0\ARM_GCC_473\Debug\T-50_Project.a(ServoTimer.o)
                0x000033d8                ServoTimer_Start
 .text.ServoTimer_WriteCounter
                0x000033fc       0x1c .\CortexM0\ARM_GCC_473\Debug\T-50_Project.a(ServoTimer.o)
                0x000033fc                ServoTimer_WriteCounter
 .text.ServoTimer_WritePeriod
                0x00003418       0x1c .\CortexM0\ARM_GCC_473\Debug\T-50_Project.a(ServoTimer.o)
                0x00003418                ServoTimer_WritePeriod
 .text.ServoTimer_WriteCompare
                0x00003434       0x1c .\CortexM0\ARM_GCC_473\Debug\T-50_Project.a(ServoTimer.o)
                0x00003434                ServoTimer_WriteCompare
 .text.ServoTimer_TriggerCommand
                0x00003450       0x3c .\CortexM0\ARM_GCC_473\Debug\T-50_Project.a(ServoTimer.o)
                0x00003450                ServoTimer_TriggerCommand
 .text.ServoTimer_SetInterruptMode
                0x0000348c       0x18 .\CortexM0\ARM_GCC_473\Debug\T-50_Project.a(ServoTimer.o)
                0x0000348c                ServoTimer_SetInterruptMode
 .text.ServoTimer_ClearInterrupt
                0x000034a4       0x18 .\CortexM0\ARM_GCC_473\Debug\T-50_Project.a(ServoTimer.o)
                0x000034a4                ServoTimer_ClearInterrupt
 .text.ServoISR_Start
                0x000034bc       0x24 .\CortexM0\ARM_GCC_473\Debug\T-50_Project.a(ServoISR.o)
                0x000034bc                ServoISR_Start
 .text.ServoISR_Interrupt
                0x000034e0      0x1f0 .\CortexM0\ARM_GCC_473\Debug\T-50_Project.a(ServoISR.o)
                0x000034e0                ServoISR_Interrupt
 .text.ServoISR_SetVector
                0x000036d0       0x1c .\CortexM0\ARM_GCC_473\Debug\T-50_Project.a(ServoISR.o)
                0x000036d0                ServoISR_SetVector
 .text.ServoISR_SetPriority
                0x000036ec       0x50 .\CortexM0\ARM_GCC_473\Debug\T-50_Project.a(ServoISR.o)
                0x000036ec                ServoISR_SetPriority
 .text.ServoISR_Enable
                0x0000373c       0x14 .\CortexM0\ARM_GCC_473\Debug\T-50_Project.a(ServoISR.o)
                0x0000373c                ServoISR_Enable
 .text.ServoISR_Disable
                0x00003750       0x14 .\CortexM0\ARM_GCC_473\Debug\T-50_Project.a(ServoISR.o)
                0x00003750                ServoISR_Disable
 .text.Out_Mot_Pin_Write
                0x00003764       0x4c .\CortexM0\ARM_GCC_473\Debug\T-50_Project.a(Out_Mot_Pin.o)
                0x00003764                Out_Mot_Pin_Write
 .text.Out_Ail1_Pin_Write
                0x000037b0       0x4c .\CortexM0\ARM_GCC_473\Debug\T-50_Project.a(Out_Ail1_Pin.o)
                0x000037b0                Out_Ail1_Pin_Write
 .text.Out_Ail2_Pin_Write
                0x000037fc       0x48 .\CortexM0\ARM_GCC_473\Debug\T-50_Project.a(Out_Ail2_Pin.o)
                0x000037fc                Out_Ail2_Pin_Write
 .text.Out_Ele1_Pin_Write
                0x00003844       0x4c .\CortexM0\ARM_GCC_473\Debug\T-50_Project.a(Out_Ele1_Pin.o)
                0x00003844                Out_Ele1_Pin_Write
 .text.Out_Ele2_Pin_Write
                0x00003890       0x4c .\CortexM0\ARM_GCC_473\Debug\T-50_Project.a(Out_Ele2_Pin.o)
                0x00003890                Out_Ele2_Pin_Write
 .text.Out_Rud_Pin_Write
                0x000038dc       0x4c .\CortexM0\ARM_GCC_473\Debug\T-50_Project.a(Out_Rud_Pin.o)
                0x000038dc                Out_Rud_Pin_Write
 .text.Out_Fl1_Pin_Write
                0x00003928       0x4c .\CortexM0\ARM_GCC_473\Debug\T-50_Project.a(Out_Fl1_Pin.o)
                0x00003928                Out_Fl1_Pin_Write
 .text.Out_Fl2_Pin_Write
                0x00003974       0x4c .\CortexM0\ARM_GCC_473\Debug\T-50_Project.a(Out_Fl2_Pin.o)
                0x00003974                Out_Fl2_Pin_Write
 .text.Out_Ge1_Pin_Write
                0x000039c0       0x4c .\CortexM0\ARM_GCC_473\Debug\T-50_Project.a(Out_Ge1_Pin.o)
                0x000039c0                Out_Ge1_Pin_Write
 .text.Out_Ge2_Pin_Write
                0x00003a0c       0x4c .\CortexM0\ARM_GCC_473\Debug\T-50_Project.a(Out_Ge2_Pin.o)
                0x00003a0c                Out_Ge2_Pin_Write
 .text.Out_Ge3_Pin_Write
                0x00003a58       0x48 .\CortexM0\ARM_GCC_473\Debug\T-50_Project.a(Out_Ge3_Pin.o)
                0x00003a58                Out_Ge3_Pin_Write
 .text.Out_Sp1_Pin_Write
                0x00003aa0       0x48 .\CortexM0\ARM_GCC_473\Debug\T-50_Project.a(Out_Sp1_Pin.o)
                0x00003aa0                Out_Sp1_Pin_Write
 .text.Out_Sp2_Pin_Write
                0x00003ae8       0x4c .\CortexM0\ARM_GCC_473\Debug\T-50_Project.a(Out_Sp2_Pin.o)
                0x00003ae8                Out_Sp2_Pin_Write
 .text.I2CM_Init
                0x00003b34        0xc .\CortexM0\ARM_GCC_473\Debug\T-50_Project.a(I2CM.o)
                0x00003b34                I2CM_Init
 .text.I2CM_Enable
                0x00003b40       0x20 .\CortexM0\ARM_GCC_473\Debug\T-50_Project.a(I2CM.o)
                0x00003b40                I2CM_Enable
 .text.I2CM_Start
                0x00003b60       0x24 .\CortexM0\ARM_GCC_473\Debug\T-50_Project.a(I2CM.o)
                0x00003b60                I2CM_Start
 .text.I2CM_ScbEnableIntr
                0x00003b84       0x10 .\CortexM0\ARM_GCC_473\Debug\T-50_Project.a(I2CM.o)
 .text.I2CM_I2CInit
                0x00003b94       0xf0 .\CortexM0\ARM_GCC_473\Debug\T-50_Project.a(I2CM_I2C.o)
                0x00003b94                I2CM_I2CInit
 .text.I2CM_I2CMasterSendStart
                0x00003c84      0x110 .\CortexM0\ARM_GCC_473\Debug\T-50_Project.a(I2CM_I2C_MASTER.o)
                0x00003c84                I2CM_I2CMasterSendStart
 .text.I2CM_I2CMasterSendRestart
                0x00003d94      0x108 .\CortexM0\ARM_GCC_473\Debug\T-50_Project.a(I2CM_I2C_MASTER.o)
                0x00003d94                I2CM_I2CMasterSendRestart
 .text.I2CM_I2CMasterWriteByte
                0x00003e9c       0xcc .\CortexM0\ARM_GCC_473\Debug\T-50_Project.a(I2CM_I2C_MASTER.o)
                0x00003e9c                I2CM_I2CMasterWriteByte
 .text.I2CM_I2CMasterReadByte
                0x00003f68       0xac .\CortexM0\ARM_GCC_473\Debug\T-50_Project.a(I2CM_I2C_MASTER.o)
                0x00003f68                I2CM_I2CMasterReadByte
 .text.I2CM_I2CReStartGeneration
                0x00004014       0xb0 .\CortexM0\ARM_GCC_473\Debug\T-50_Project.a(I2CM_I2C_MASTER.o)
                0x00004014                I2CM_I2CReStartGeneration
 .text.I2CM_sda_Read
                0x000040c4       0x1c .\CortexM0\ARM_GCC_473\Debug\T-50_Project.a(I2CM_sda.o)
                0x000040c4                I2CM_sda_Read
 .text.I2CM_scl_Write
                0x000040e0       0x48 .\CortexM0\ARM_GCC_473\Debug\T-50_Project.a(I2CM_scl.o)
                0x000040e0                I2CM_scl_Write
 .text.I2CM_scl_Read
                0x00004128       0x1c .\CortexM0\ARM_GCC_473\Debug\T-50_Project.a(I2CM_scl.o)
                0x00004128                I2CM_scl_Read
 .text.Bootloadable_1_Load
                0x00004144       0x18 .\CortexM0\ARM_GCC_473\Debug\T-50_Project.a(Bootloadable_1.o)
                0x00004144                Bootloadable_1_Load
 .text.I2CM_I2C_ISR
                0x0000415c      0x4e8 .\CortexM0\ARM_GCC_473\Debug\T-50_Project.a(I2CM_I2C_INT.o)
                0x0000415c                I2CM_I2C_ISR
 .text.atan2    0x00004644        0x8 c:/program files/cypress/psoc creator/3.0/psoc creator/import/gnu_cs/arm/4.7.3/bin/../lib/gcc/arm-none-eabi/4.7.3/../../../../arm-none-eabi/lib/armv6-m\libm.a(lib_a-w_atan2.o)
                0x00004644                atan2
 *fill*         0x0000464c        0x4 00
 .text.__ieee754_atan2
                0x00004650      0x1e0 c:/program files/cypress/psoc creator/3.0/psoc creator/import/gnu_cs/arm/4.7.3/bin/../lib/gcc/arm-none-eabi/4.7.3/../../../../arm-none-eabi/lib/armv6-m\libm.a(lib_a-e_atan2.o)
                0x00004650                __ieee754_atan2
 .text.atan     0x00004830      0x358 c:/program files/cypress/psoc creator/3.0/psoc creator/import/gnu_cs/arm/4.7.3/bin/../lib/gcc/arm-none-eabi/4.7.3/../../../../arm-none-eabi/lib/armv6-m\libm.a(lib_a-s_atan.o)
                0x00004830                atan
 .text.fabs     0x00004b88        0x8 c:/program files/cypress/psoc creator/3.0/psoc creator/import/gnu_cs/arm/4.7.3/bin/../lib/gcc/arm-none-eabi/4.7.3/../../../../arm-none-eabi/lib/armv6-m\libm.a(lib_a-s_fabs.o)
                0x00004b88                fabs
 .text          0x00004b90       0x9c c:/program files/cypress/psoc creator/3.0/psoc creator/import/gnu_cs/arm/4.7.3/bin/../lib/gcc/arm-none-eabi/4.7.3/armv6-m\libgcc.a(_udivsi3.o)
                0x00004b90                __aeabi_uidiv
                0x00004b90                __udivsi3
                0x00004c18                __aeabi_uidivmod
 .text          0x00004c2c        0x4 c:/program files/cypress/psoc creator/3.0/psoc creator/import/gnu_cs/arm/4.7.3/bin/../lib/gcc/arm-none-eabi/4.7.3/armv6-m\libgcc.a(_dvmd_tls.o)
                0x00004c2c                __aeabi_idiv0
                0x00004c2c                __aeabi_ldiv0
 .text          0x00004c30       0x7c c:/program files/cypress/psoc creator/3.0/psoc creator/import/gnu_cs/arm/4.7.3/bin/../lib/gcc/arm-none-eabi/4.7.3/armv6-m\libgcc.a(_arm_cmpdf2.o)
                0x00004c30                __aeabi_cdrcmple
                0x00004c40                __aeabi_cdcmple
                0x00004c40                __aeabi_cdcmpeq
                0x00004c50                __aeabi_dcmpeq
                0x00004c5c                __aeabi_dcmplt
                0x00004c70                __aeabi_dcmple
                0x00004c84                __aeabi_dcmpgt
                0x00004c98                __aeabi_dcmpge
 .text          0x00004cac      0x3ac c:/program files/cypress/psoc creator/3.0/psoc creator/import/gnu_cs/arm/4.7.3/bin/../lib/gcc/arm-none-eabi/4.7.3/armv6-m\libgcc.a(addsf3.o)
                0x00004cac                __aeabi_fadd
 .text          0x00005058      0x274 c:/program files/cypress/psoc creator/3.0/psoc creator/import/gnu_cs/arm/4.7.3/bin/../lib/gcc/arm-none-eabi/4.7.3/armv6-m\libgcc.a(divsf3.o)
                0x00005058                __aeabi_fdiv
 .text          0x000052cc      0x260 c:/program files/cypress/psoc creator/3.0/psoc creator/import/gnu_cs/arm/4.7.3/bin/../lib/gcc/arm-none-eabi/4.7.3/armv6-m\libgcc.a(mulsf3.o)
                0x000052cc                __aeabi_fmul
 .text          0x0000552c      0x3b4 c:/program files/cypress/psoc creator/3.0/psoc creator/import/gnu_cs/arm/4.7.3/bin/../lib/gcc/arm-none-eabi/4.7.3/armv6-m\libgcc.a(subsf3.o)
                0x0000552c                __aeabi_fsub
 .text          0x000058e0       0x40 c:/program files/cypress/psoc creator/3.0/psoc creator/import/gnu_cs/arm/4.7.3/bin/../lib/gcc/arm-none-eabi/4.7.3/armv6-m\libgcc.a(fixsfsi.o)
                0x000058e0                __aeabi_f2iz
 .text          0x00005920       0xa8 c:/program files/cypress/psoc creator/3.0/psoc creator/import/gnu_cs/arm/4.7.3/bin/../lib/gcc/arm-none-eabi/4.7.3/armv6-m\libgcc.a(floatsisf.o)
                0x00005920                __aeabi_i2f
 .text          0x000059c8      0x760 c:/program files/cypress/psoc creator/3.0/psoc creator/import/gnu_cs/arm/4.7.3/bin/../lib/gcc/arm-none-eabi/4.7.3/armv6-m\libgcc.a(adddf3.o)
                0x000059c8                __aeabi_dadd
 .text          0x00006128      0x5b8 c:/program files/cypress/psoc creator/3.0/psoc creator/import/gnu_cs/arm/4.7.3/bin/../lib/gcc/arm-none-eabi/4.7.3/armv6-m\libgcc.a(divdf3.o)
                0x00006128                __aeabi_ddiv
 .text          0x000066e0       0x7c c:/program files/cypress/psoc creator/3.0/psoc creator/import/gnu_cs/arm/4.7.3/bin/../lib/gcc/arm-none-eabi/4.7.3/armv6-m\libgcc.a(eqdf2.o)
                0x000066e0                __nedf2
                0x000066e0                __eqdf2
 .text          0x0000675c       0xe8 c:/program files/cypress/psoc creator/3.0/psoc creator/import/gnu_cs/arm/4.7.3/bin/../lib/gcc/arm-none-eabi/4.7.3/armv6-m\libgcc.a(gedf2.o)
                0x0000675c                __gedf2
                0x0000675c                __gtdf2
 .text          0x00006844       0xd8 c:/program files/cypress/psoc creator/3.0/psoc creator/import/gnu_cs/arm/4.7.3/bin/../lib/gcc/arm-none-eabi/4.7.3/armv6-m\libgcc.a(ledf2.o)
                0x00006844                __ledf2
                0x00006844                __ltdf2
 .text          0x0000691c      0x4e4 c:/program files/cypress/psoc creator/3.0/psoc creator/import/gnu_cs/arm/4.7.3/bin/../lib/gcc/arm-none-eabi/4.7.3/armv6-m\libgcc.a(muldf3.o)
                0x0000691c                __aeabi_dmul
 .text          0x00006e00      0x704 c:/program files/cypress/psoc creator/3.0/psoc creator/import/gnu_cs/arm/4.7.3/bin/../lib/gcc/arm-none-eabi/4.7.3/armv6-m\libgcc.a(subdf3.o)
                0x00006e00                __aeabi_dsub
 .text          0x00007504       0x68 c:/program files/cypress/psoc creator/3.0/psoc creator/import/gnu_cs/arm/4.7.3/bin/../lib/gcc/arm-none-eabi/4.7.3/armv6-m\libgcc.a(fixdfsi.o)
                0x00007504                __aeabi_d2iz
 .text          0x0000756c       0x74 c:/program files/cypress/psoc creator/3.0/psoc creator/import/gnu_cs/arm/4.7.3/bin/../lib/gcc/arm-none-eabi/4.7.3/armv6-m\libgcc.a(floatsidf.o)
                0x0000756c                __aeabi_i2d
 .text          0x000075e0       0x3c c:/program files/cypress/psoc creator/3.0/psoc creator/import/gnu_cs/arm/4.7.3/bin/../lib/gcc/arm-none-eabi/4.7.3/armv6-m\libgcc.a(_clzsi2.o)
                0x000075e0                __clzsi2
 .text.__libc_init_array
                0x0000761c       0x4c c:/program files/cypress/psoc creator/3.0/psoc creator/import/gnu_cs/arm/4.7.3/bin/../lib/gcc/arm-none-eabi/4.7.3/../../../../arm-none-eabi/lib/armv6-m\libc_s.a(lib_a-init.o)
                0x0000761c                __libc_init_array
 .text.memcpy   0x00007668       0x12 c:/program files/cypress/psoc creator/3.0/psoc creator/import/gnu_cs/arm/4.7.3/bin/../lib/gcc/arm-none-eabi/4.7.3/../../../../arm-none-eabi/lib/armv6-m\libc_s.a(lib_a-memcpy.o)
                0x00007668                memcpy
 .text.memset   0x0000767a       0x12 c:/program files/cypress/psoc creator/3.0/psoc creator/import/gnu_cs/arm/4.7.3/bin/../lib/gcc/arm-none-eabi/4.7.3/../../../../arm-none-eabi/lib/armv6-m\libc_s.a(lib_a-memset.o)
                0x0000767a                memset
 .text.sprintf  0x0000768c       0x44 c:/program files/cypress/psoc creator/3.0/psoc creator/import/gnu_cs/arm/4.7.3/bin/../lib/gcc/arm-none-eabi/4.7.3/../../../../arm-none-eabi/lib/armv6-m\libc_s.a(lib_a-sprintf.o)
                0x0000768c                siprintf
                0x0000768c                sprintf
 .text.__ssputc_r
                0x000076d0       0xb0 c:/program files/cypress/psoc creator/3.0/psoc creator/import/gnu_cs/arm/4.7.3/bin/../lib/gcc/arm-none-eabi/4.7.3/../../../../arm-none-eabi/lib/armv6-m\libc_s.a(lib_a-svfprintf.o)
                0x000076d0                __ssputc_r
 .text._svfprintf_r
                0x00007780      0x1f8 c:/program files/cypress/psoc creator/3.0/psoc creator/import/gnu_cs/arm/4.7.3/bin/../lib/gcc/arm-none-eabi/4.7.3/../../../../arm-none-eabi/lib/armv6-m\libc_s.a(lib_a-svfprintf.o)
                0x00007780                _svfiprintf_r
                0x00007780                _svfprintf_r
 .text._printf_common
                0x00007978       0xe0 c:/program files/cypress/psoc creator/3.0/psoc creator/import/gnu_cs/arm/4.7.3/bin/../lib/gcc/arm-none-eabi/4.7.3/../../../../arm-none-eabi/lib/armv6-m\libc_s.a(lib_a-vfprintf_i.o)
                0x00007978                _printf_common
 .text._printf_i
                0x00007a58      0x234 c:/program files/cypress/psoc creator/3.0/psoc creator/import/gnu_cs/arm/4.7.3/bin/../lib/gcc/arm-none-eabi/4.7.3/../../../../arm-none-eabi/lib/armv6-m\libc_s.a(lib_a-vfprintf_i.o)
                0x00007a58                _printf_i
 .text._free_r  0x00007c8c       0x90 c:/program files/cypress/psoc creator/3.0/psoc creator/import/gnu_cs/arm/4.7.3/bin/../lib/gcc/arm-none-eabi/4.7.3/../../../../arm-none-eabi/lib/armv6-m\libc_s.a(lib_a-freer.o)
                0x00007c8c                _free_r
 .text._malloc_r
                0x00007d1c       0x94 c:/program files/cypress/psoc creator/3.0/psoc creator/import/gnu_cs/arm/4.7.3/bin/../lib/gcc/arm-none-eabi/4.7.3/../../../../arm-none-eabi/lib/armv6-m\libc_s.a(lib_a-mallocr.o)
                0x00007d1c                _malloc_r
 .text.memchr   0x00007db0       0x18 c:/program files/cypress/psoc creator/3.0/psoc creator/import/gnu_cs/arm/4.7.3/bin/../lib/gcc/arm-none-eabi/4.7.3/../../../../arm-none-eabi/lib/armv6-m\libc_s.a(lib_a-memchr.o)
                0x00007db0                memchr
 .text._realloc_r
                0x00007dc8       0x4c c:/program files/cypress/psoc creator/3.0/psoc creator/import/gnu_cs/arm/4.7.3/bin/../lib/gcc/arm-none-eabi/4.7.3/../../../../arm-none-eabi/lib/armv6-m\libc_s.a(lib_a-reallocr.o)
                0x00007dc8                _realloc_r
 .text._sbrk_r  0x00007e14       0x24 c:/program files/cypress/psoc creator/3.0/psoc creator/import/gnu_cs/arm/4.7.3/bin/../lib/gcc/arm-none-eabi/4.7.3/../../../../arm-none-eabi/lib/armv6-m\libc_s.a(lib_a-sbrkr.o)
                0x00007e14                _sbrk_r
 .text.strlen   0x00007e38        0xe c:/program files/cypress/psoc creator/3.0/psoc creator/import/gnu_cs/arm/4.7.3/bin/../lib/gcc/arm-none-eabi/4.7.3/../../../../arm-none-eabi/lib/armv6-m\libc_s.a(lib_a-strlen.o)
                0x00007e38                strlen
 .text._malloc_usable_size_r
                0x00007e46       0x14 c:/program files/cypress/psoc creator/3.0/psoc creator/import/gnu_cs/arm/4.7.3/bin/../lib/gcc/arm-none-eabi/4.7.3/../../../../arm-none-eabi/lib/armv6-m\libc_s.a(lib_a-msizer.o)
                0x00007e46                _malloc_usable_size_r
 *fill*         0x00007e5a        0x2 00
 .text._sbrk    0x00007e5c       0x38 c:/program files/cypress/psoc creator/3.0/psoc creator/import/gnu_cs/arm/4.7.3/bin/../lib/gcc/arm-none-eabi/4.7.3/../../../../arm-none-eabi/lib/armv6-m\libnosys.a(sbrk.o)
                0x00007e5c                _sbrk
 *(.plt)
 *(.gnu.warning)
 *(.glue_7t)
 .glue_7t       0x00000000        0x0 linker stubs
 *(.glue_7)
 .glue_7        0x00000000        0x0 linker stubs
 *(.vfp11_veneer)
 .vfp11_veneer  0x00000000        0x0 linker stubs
 *(.bootloader)
 *(.ARM.extab* .gnu.linkonce.armextab.*)
 *(.gcc_except_table)

.v4_bx          0x00007e94        0x0
 .v4_bx         0x00000000        0x0 linker stubs

.iplt           0x00007e94        0x0
 .iplt          0x00000000        0x0 c:/program files/cypress/psoc creator/3.0/psoc creator/import/gnu_cs/arm/4.7.3/bin/../lib/gcc/arm-none-eabi/4.7.3/armv6-m/crtbegin.o

.eh_frame_hdr
 *(.eh_frame_hdr)

.eh_frame       0x00007e94        0x4
 *(.eh_frame)
 .eh_frame      0x00007e94        0x0 c:/program files/cypress/psoc creator/3.0/psoc creator/import/gnu_cs/arm/4.7.3/bin/../lib/gcc/arm-none-eabi/4.7.3/armv6-m/crtbegin.o
 .eh_frame      0x00007e94        0x4 c:/program files/cypress/psoc creator/3.0/psoc creator/import/gnu_cs/arm/4.7.3/bin/../lib/gcc/arm-none-eabi/4.7.3/armv6-m/crtend.o
                0x00007e98                PROVIDE (__exidx_start, .)

.ARM.exidx
 *(.ARM.exidx* .gnu.linkonce.armexidx.*)
                0x00007e98                __exidx_end = .

.rodata         0x00007e98      0x398
 *(.rodata .rodata.* .gnu.linkonce.r.*)
 .rodata        0x00007e98       0x20 .\CortexM0\ARM_GCC_473\Debug\main.o
 .rodata        0x00007eb8      0x18c .\CortexM0\ARM_GCC_473\Debug\T-50_Project.a(cyfitter_cfg.o)
 .rodata        0x00008044        0x8 .\CortexM0\ARM_GCC_473\Debug\T-50_Project.a(BootISR.o)
 .rodata        0x0000804c       0x34 .\CortexM0\ARM_GCC_473\Debug\T-50_Project.a(ServoISR.o)
 .rodata.atanlo
                0x00008080       0x20 c:/program files/cypress/psoc creator/3.0/psoc creator/import/gnu_cs/arm/4.7.3/bin/../lib/gcc/arm-none-eabi/4.7.3/../../../../arm-none-eabi/lib/armv6-m\libm.a(lib_a-s_atan.o)
 .rodata.atanhi
                0x000080a0       0x20 c:/program files/cypress/psoc creator/3.0/psoc creator/import/gnu_cs/arm/4.7.3/bin/../lib/gcc/arm-none-eabi/4.7.3/../../../../arm-none-eabi/lib/armv6-m\libm.a(lib_a-s_atan.o)
 .rodata        0x000080c0       0x40 c:/program files/cypress/psoc creator/3.0/psoc creator/import/gnu_cs/arm/4.7.3/bin/../lib/gcc/arm-none-eabi/4.7.3/armv6-m\libgcc.a(divsf3.o)
 .rodata        0x00008100       0x40 c:/program files/cypress/psoc creator/3.0/psoc creator/import/gnu_cs/arm/4.7.3/bin/../lib/gcc/arm-none-eabi/4.7.3/armv6-m\libgcc.a(mulsf3.o)
 .rodata        0x00008140       0x40 c:/program files/cypress/psoc creator/3.0/psoc creator/import/gnu_cs/arm/4.7.3/bin/../lib/gcc/arm-none-eabi/4.7.3/armv6-m\libgcc.a(divdf3.o)
 .rodata        0x00008180       0x40 c:/program files/cypress/psoc creator/3.0/psoc creator/import/gnu_cs/arm/4.7.3/bin/../lib/gcc/arm-none-eabi/4.7.3/armv6-m\libgcc.a(muldf3.o)
 .rodata.str1.1
                0x000081c0        0x2 c:/program files/cypress/psoc creator/3.0/psoc creator/import/gnu_cs/arm/4.7.3/bin/../lib/gcc/arm-none-eabi/4.7.3/../../../../arm-none-eabi/lib/armv6-m\libc_s.a(lib_a-impure.o)
 .rodata.str1.1
                0x000081c2       0x11 c:/program files/cypress/psoc creator/3.0/psoc creator/import/gnu_cs/arm/4.7.3/bin/../lib/gcc/arm-none-eabi/4.7.3/../../../../arm-none-eabi/lib/armv6-m\libc_s.a(lib_a-svfprintf.o)
 .rodata.str1.1
                0x000081d3       0x22 c:/program files/cypress/psoc creator/3.0/psoc creator/import/gnu_cs/arm/4.7.3/bin/../lib/gcc/arm-none-eabi/4.7.3/../../../../arm-none-eabi/lib/armv6-m\libc_s.a(lib_a-vfprintf_i.o)
                0x000081f8                . = ALIGN (0x4)
 *fill*         0x000081f5        0x3 00
 *(.init)
 .init          0x000081f8        0x4 c:/program files/cypress/psoc creator/3.0/psoc creator/import/gnu_cs/arm/4.7.3/bin/../lib/gcc/arm-none-eabi/4.7.3/armv6-m/crti.o
                0x000081f8                _init
 .init          0x000081fc        0x8 c:/program files/cypress/psoc creator/3.0/psoc creator/import/gnu_cs/arm/4.7.3/bin/../lib/gcc/arm-none-eabi/4.7.3/armv6-m/crtn.o
                0x00008204                . = ALIGN (0x4)
                0x00008204                __preinit_array_start = .
 *(.preinit_array)
                0x00008204                __preinit_array_end = .
                0x00008204                . = ALIGN (0x4)
                0x00008204                __init_array_start = .
 *(SORT(.init_array.*))
 *(.init_array)
 .init_array    0x00008204        0x4 c:/program files/cypress/psoc creator/3.0/psoc creator/import/gnu_cs/arm/4.7.3/bin/../lib/gcc/arm-none-eabi/4.7.3/armv6-m/crtbegin.o
 .init_array    0x00008208        0x4 .\CortexM0\ARM_GCC_473\Debug\Cm0Start.o
                0x0000820c                __init_array_end = .
                0x0000820c                . = ALIGN (0x4)
 *(.fini)
 .fini          0x0000820c        0x4 c:/program files/cypress/psoc creator/3.0/psoc creator/import/gnu_cs/arm/4.7.3/bin/../lib/gcc/arm-none-eabi/4.7.3/armv6-m/crti.o
                0x0000820c                _fini
 .fini          0x00008210        0x8 c:/program files/cypress/psoc creator/3.0/psoc creator/import/gnu_cs/arm/4.7.3/bin/../lib/gcc/arm-none-eabi/4.7.3/armv6-m/crtn.o
                0x00008218                . = ALIGN (0x4)
                0x00008218                __fini_array_start = .
 *(.fini_array)
 .fini_array    0x00008218        0x4 c:/program files/cypress/psoc creator/3.0/psoc creator/import/gnu_cs/arm/4.7.3/bin/../lib/gcc/arm-none-eabi/4.7.3/armv6-m/crtbegin.o
 *(SORT(.fini_array.*))
                0x0000821c                __fini_array_end = .
                0x0000821c                . = ALIGN (0x4)
 *crtbegin.o(.ctors)
 *(EXCLUDE_FILE(*crtend.o) .ctors)
 *(SORT(.ctors.*))
 *crtend.o(.ctors)
                0x0000821c                . = ALIGN (0x4)
 *crtbegin.o(.dtors)
 *(EXCLUDE_FILE(*crtend.o) .dtors)
 *(SORT(.dtors.*))
 *crtend.o(.dtors)
                0x0000821c                . = ALIGN (0x4)
                0x0000821c                __cy_regions = .
                0x0000821c        0x4 LONG 0x8230 __cy_region_init_ram
                0x00008220        0x4 LONG 0x200000d0 __cy_region_start_data
                0x00008224        0x4 LONG 0xa0 __cy_region_init_size_ram
                0x00008228        0x4 LONG 0x390 __cy_region_zero_size_ram
                0x0000822c                __cy_regions_end = .
                0x00008230                . = ALIGN (0x8)
 *fill*         0x0000822c        0x4 00
                0x00008230                _etext = .

.ramvectors     0x20000000       0xc0
                0x20000000                __cy_region_start_ram = .
 *(.ramvectors)
 .ramvectors    0x20000000       0xc0 .\CortexM0\ARM_GCC_473\Debug\Cm0Start.o
                0x20000000                CyRamVectors

.btldr_run      0x200000c0        0x4
 *(.bootloaderruntype)
 .bootloaderruntype
                0x200000c0        0x4 .\CortexM0\ARM_GCC_473\Debug\Cm0Start.o
                0x200000c0                cyBtldrRunType

.noinit         0x200000c8        0x4
 *(.noinit)
 .noinit        0x200000c8        0x4 .\CortexM0\ARM_GCC_473\Debug\Cm0Start.o

.data           0x200000d0       0xa0 load address 0x00008230
                0x200000d0                __cy_region_start_data = .
 *(.jcr)
 .jcr           0x200000d0        0x0 c:/program files/cypress/psoc creator/3.0/psoc creator/import/gnu_cs/arm/4.7.3/bin/../lib/gcc/arm-none-eabi/4.7.3/armv6-m/crtbegin.o
 .jcr           0x200000d0        0x4 c:/program files/cypress/psoc creator/3.0/psoc creator/import/gnu_cs/arm/4.7.3/bin/../lib/gcc/arm-none-eabi/4.7.3/armv6-m/crtend.o
 *(.got.plt)
 *(.got)
 *(.shdata)
 *(.data .data.* .gnu.linkonce.d.*)
 .data          0x200000d4       0x1c .\CortexM0\ARM_GCC_473\Debug\main.o
                0x200000d4                sample_time
                0x200000d8                flag_LightsEnabled
                0x200000da                NavLightBright
                0x200000dc                NavLightStep
                0x200000e0                Q_angle
                0x200000e4                Q_gyro
                0x200000e8                R_angle
                0x200000ec                system_type
                0x200000ed                system_state
 .data          0x200000f0        0x4 .\CortexM0\ARM_GCC_473\Debug\T-50_Project.a(cyfitter_cfg.o)
 .data          0x200000f4       0x10 .\CortexM0\ARM_GCC_473\Debug\T-50_Project.a(CyLib.o)
                0x200000f4                cydelayFreqHz
                0x200000f8                cydelayFreqKhz
                0x200000fc                cydelayFreqMhz
                0x20000100                cydelay32kMs
 .data.impure_data
                0x20000104       0x64 c:/program files/cypress/psoc creator/3.0/psoc creator/import/gnu_cs/arm/4.7.3/bin/../lib/gcc/arm-none-eabi/4.7.3/../../../../arm-none-eabi/lib/armv6-m\libc_s.a(lib_a-impure.o)
 .data._impure_ptr
                0x20000168        0x4 c:/program files/cypress/psoc creator/3.0/psoc creator/import/gnu_cs/arm/4.7.3/bin/../lib/gcc/arm-none-eabi/4.7.3/../../../../arm-none-eabi/lib/armv6-m\libc_s.a(lib_a-impure.o)
                0x20000168                _impure_ptr
                0x20000170                . = ALIGN (0x8)
 *fill*         0x2000016c        0x4 00
 *(.ram)
                0x20000170                _edata = .

.igot.plt       0x20000170        0x0 load address 0x000082d0
 .igot.plt      0x00000000        0x0 c:/program files/cypress/psoc creator/3.0/psoc creator/import/gnu_cs/arm/4.7.3/bin/../lib/gcc/arm-none-eabi/4.7.3/armv6-m/crtbegin.o

.bss            0x20000170      0x390 load address 0x000082d0
                0x20000170                PROVIDE (__bss_start__, .)
 *(.shbss)
 *(.bss .bss.* .gnu.linkonce.b.*)
 .bss           0x20000170       0x1c c:/program files/cypress/psoc creator/3.0/psoc creator/import/gnu_cs/arm/4.7.3/bin/../lib/gcc/arm-none-eabi/4.7.3/armv6-m/crtbegin.o
 .bss           0x2000018c       0xa0 .\CortexM0\ARM_GCC_473\Debug\main.o
                0x2000018c                task_flag
                0x2000018d                blink_cnt
                0x2000018e                PPM_channel
                0x20000190                ctrl_in
                0x200001a0                ctrl_out
                0x200001ba                flag_NavLightPulse
                0x200001bc                NavLightDim
                0x200001be                NavLightCompare
                0x200001c0                turn_rate_p
                0x200001c2                turn_rate_q
                0x200001c4                turn_rate_r
                0x200001c6                acc_x_g
                0x200001c8                acc_y_g
                0x200001ca                acc_z_g
                0x200001cc                mag_x_g
                0x200001ce                mag_y_g
                0x200001d0                mag_z_g
                0x200001d2                Theta_acc
                0x200001d4                Phi_acc
                0x200001d8                q_bias
                0x200001dc                P_11_Theta
                0x200001e0                K_1_Theta
                0x200001e4                p_bias
                0x200001e8                P_11_Phi
                0x200001ec                K_1_Phi
                0x200001f0                autopilot_type
                0x200001f1                system_mode
                0x200001f4                custom_mode
                0x200001f8                cnt_ML_HEARTBEAT_send
                0x200001f9                cnt_ML_ATTITUDE_send
 .bss           0x2000022c       0x34 .\CortexM0\ARM_GCC_473\Debug\IMU.o
                0x2000022c                gyro_x_h
                0x2000022d                gyro_x_l
                0x2000022e                gyro_x
                0x20000230                gyro_p
                0x20000232                gyro_y_h
                0x20000233                gyro_y_l
                0x20000234                gyro_y
                0x20000236                gyro_q
                0x20000238                gyro_z_h
                0x20000239                gyro_z_l
                0x2000023a                gyro_z
                0x2000023c                gyro_r
                0x2000023e                temperature
                0x20000240                gyro_p_offset
                0x20000242                gyro_q_offset
                0x20000244                gyro_r_offset
                0x20000246                error_stat
                0x20000247                acc_x_h
                0x20000248                acc_x_l
                0x2000024a                acc_x
                0x2000024c                acc_y_h
                0x2000024d                acc_y_l
                0x2000024e                acc_y
                0x20000250                acc_z_h
                0x20000251                acc_z_l
                0x20000252                acc_z
                0x20000254                mag_x_h
                0x20000255                mag_x_l
                0x20000256                mag_x
                0x20000258                mag_y_h
                0x20000259                mag_y_l
                0x2000025a                mag_y
                0x2000025c                mag_z_h
                0x2000025d                mag_z_l
                0x2000025e                mag_z
 .bss           0x20000260        0x8 .\CortexM0\ARM_GCC_473\Debug\T-50_Project.a(UART_1.o)
                0x20000260                UART_1_initVar
                0x20000264                UART_1_customIntrHandler
 .bss           0x20000268        0x1 .\CortexM0\ARM_GCC_473\Debug\T-50_Project.a(TaskTimer.o)
                0x20000268                TaskTimer_initVar
 .bss           0x20000269        0x1 .\CortexM0\ARM_GCC_473\Debug\T-50_Project.a(NavLightPWM.o)
                0x20000269                NavLightPWM_initVar
 .bss           0x2000026a        0x1 .\CortexM0\ARM_GCC_473\Debug\T-50_Project.a(PPMCounter.o)
                0x2000026a                PPMCounter_initVar
 .bss           0x2000026b        0x1 .\CortexM0\ARM_GCC_473\Debug\T-50_Project.a(PPMRstISR.o)
                0x2000026b                overflow
 .bss           0x2000026c        0x1 .\CortexM0\ARM_GCC_473\Debug\T-50_Project.a(ServoTimer.o)
                0x2000026c                ServoTimer_initVar
 .bss           0x2000026d        0x1 .\CortexM0\ARM_GCC_473\Debug\T-50_Project.a(ServoISR.o)
                0x2000026d                PWM_channel
 *fill*         0x2000026e        0x2 00
 .bss           0x20000270        0x8 .\CortexM0\ARM_GCC_473\Debug\T-50_Project.a(I2CM.o)
                0x20000270                I2CM_initVar
                0x20000274                I2CM_customIntrHandler
 .bss.__malloc_free_list
                0x20000278        0x4 c:/program files/cypress/psoc creator/3.0/psoc creator/import/gnu_cs/arm/4.7.3/bin/../lib/gcc/arm-none-eabi/4.7.3/../../../../arm-none-eabi/lib/armv6-m\libc_s.a(lib_a-mallocr.o)
                0x20000278                __malloc_free_list
 .bss.heap_end.4231
                0x2000027c        0x4 c:/program files/cypress/psoc creator/3.0/psoc creator/import/gnu_cs/arm/4.7.3/bin/../lib/gcc/arm-none-eabi/4.7.3/../../../../arm-none-eabi/lib/armv6-m\libnosys.a(sbrk.o)
 *(COMMON)
 COMMON         0x20000280      0x252 .\CortexM0\ARM_GCC_473\Debug\main.o
                0x20000280                K_0_Theta
                0x20000284                S_Theta
                0x20000288                P_00_Phi
                0x2000028c                msg
                0x2000039c                P_01_Theta
                0x200003a0                P_10_Theta
                0x200003a4                Theta_temp
                0x200003a8                P_00_Theta
                0x200003ac                mavlink_system
                0x200003b0                S_Phi
                0x200003b4                Theta
                0x200003b8                P_10_Phi
                0x200003bc                P_01_Phi
                0x200003c0                Phi_temp
                0x200003c4                buf
                0x200004cc                K_0_Phi
                0x200004d0                Phi
 COMMON         0x200004d2        0x1 .\CortexM0\ARM_GCC_473\Debug\T-50_Project.a(I2CM_I2C.o)
                0x200004d2                I2CM_state
 *fill*         0x200004d3        0x1 00
 COMMON         0x200004d4       0x24 .\CortexM0\ARM_GCC_473\Debug\T-50_Project.a(I2CM_I2C_MASTER.o)
                0x200004d4                I2CM_mstrRdBufPtr
                0x200004d8                I2CM_mstrWrBufPtr
                0x200004dc                I2CM_mstrRdBufIndex
                0x200004e0                I2CM_mstrStatus
                0x200004e4                I2CM_mstrWrBufIndex
                0x200004e8                I2CM_mstrControl
                0x200004ec                I2CM_mstrWrBufIndexTmp
                0x200004f0                I2CM_mstrRdBufSize
                0x200004f4                I2CM_mstrWrBufSize
 COMMON         0x200004f8        0x4 c:/program files/cypress/psoc creator/3.0/psoc creator/import/gnu_cs/arm/4.7.3/bin/../lib/gcc/arm-none-eabi/4.7.3/../../../../arm-none-eabi/lib/armv6-m\libc_s.a(lib_a-reent.o)
                0x200004f8                errno
                0x20000500                . = ALIGN (0x8)
 *fill*         0x200004fc        0x4 00
 *(.ram.b)
                0x20000500                _end = .
                0x20000500                __end = .
                0x20000500                PROVIDE (end, .)
                0x20000500                PROVIDE (__bss_end__, .)
                0x00008230                __cy_region_init_ram = LOADADDR (.data)
                0x000000a0                __cy_region_init_size_ram = (_edata - ADDR (.data))
                0x00000390                __cy_region_zero_size_ram = (_end - _edata)

.heap           0x20000500      0x100 load address 0x000082d0
                0x20000500                . = _end
                0x20000600                . = (. + 0x100)
 *fill*         0x20000500      0x100 00
                0x20000600                __cy_heap_limit = .

.stack          0x20000c00      0x400
                0x20000c00                __cy_stack_limit = .
                0x20001000                . = (. + 0x400)
 *fill*         0x20000c00      0x400 00
                0x00000001                ASSERT ((__cy_stack_limit >= __cy_heap_limit), region RAM overflowed with stack)

.cyloadermeta   0xf0000000       0x40
 *(.cyloadermeta)
 .cyloadermeta  0xf0000000       0x40 .\CortexM0\ARM_GCC_473\Debug\cybootloader.o
                0xf0000000                cy_meta_loader

.cyloadablemeta
                0x00007fc0       0x40
 *(.cyloadablemeta)
 .cyloadablemeta
                0x00007fc0       0x40 .\CortexM0\ARM_GCC_473\Debug\cymetadata.o
                0x00007fc0                cy_meta_loadable

.cyflashprotect
                0x90400000       0x20
 *(.cyflashprotect)
 .cyflashprotect
                0x90400000       0x20 .\CortexM0\ARM_GCC_473\Debug\cybootloader.o
                0x90400000                cy_meta_flashprotect

.cymeta         0x90500000        0xc
 *(.cymeta)
 .cymeta        0x90500000        0xc .\CortexM0\ARM_GCC_473\Debug\cybootloader.o
                0x90500000                cy_metadata

.cychipprotect  0x90600000        0x4
 *(.cychipprotect)
 .cychipprotect
                0x90600000        0x4 .\CortexM0\ARM_GCC_473\Debug\cybootloader.o
                0x90600000                cy_meta_chipprotect

.rel.dyn        0x00008000        0x0 load address 0x90600004
 .rel.iplt      0x00000000        0x0 c:/program files/cypress/psoc creator/3.0/psoc creator/import/gnu_cs/arm/4.7.3/bin/../lib/gcc/arm-none-eabi/4.7.3/armv6-m/crtbegin.o

.stab
 *(.stab)

.stabstr
 *(.stabstr)

.debug
 *(.debug)

.line
 *(.line)

.debug_srcinfo
 *(.debug_srcinfo)

.debug_sfnames
 *(.debug_sfnames)

.debug_aranges  0x00000000     0x11e8
 *(.debug_aranges)
 .debug_aranges
                0x00000000       0x80 .\CortexM0\ARM_GCC_473\Debug\main.o
 .debug_aranges
                0x00000080       0x68 .\CortexM0\ARM_GCC_473\Debug\IMU.o
 .debug_aranges
                0x000000e8       0x18 .\CortexM0\ARM_GCC_473\Debug\cybootloader.o
 .debug_aranges
                0x00000100       0x18 .\CortexM0\ARM_GCC_473\Debug\cymetadata.o
 .debug_aranges
                0x00000118       0x40 .\CortexM0\ARM_GCC_473\Debug\Cm0Start.o
 .debug_aranges
                0x00000158       0x58 .\CortexM0\ARM_GCC_473\Debug\T-50_Project.a(cyfitter_cfg.o)
 .debug_aranges
                0x000001b0       0x20 .\CortexM0\ARM_GCC_473\Debug\T-50_Project.a(CyBootAsmGnu.o)
 .debug_aranges
                0x000001d0      0x1a0 .\CortexM0\ARM_GCC_473\Debug\T-50_Project.a(CyLib.o)
 .debug_aranges
                0x00000370       0x50 .\CortexM0\ARM_GCC_473\Debug\T-50_Project.a(UART_1.o)
 .debug_aranges
                0x000003c0       0x60 .\CortexM0\ARM_GCC_473\Debug\T-50_Project.a(UART_1_SPI_UART.o)
 .debug_aranges
                0x00000420       0x50 .\CortexM0\ARM_GCC_473\Debug\T-50_Project.a(UART_1_UART.o)
 .debug_aranges
                0x00000470      0x158 .\CortexM0\ARM_GCC_473\Debug\T-50_Project.a(TaskTimer.o)
 .debug_aranges
                0x000005c8       0x80 .\CortexM0\ARM_GCC_473\Debug\T-50_Project.a(TaskISR.o)
 .debug_aranges
                0x00000648      0x158 .\CortexM0\ARM_GCC_473\Debug\T-50_Project.a(NavLightPWM.o)
 .debug_aranges
                0x000007a0       0x80 .\CortexM0\ARM_GCC_473\Debug\T-50_Project.a(BootISR.o)
 .debug_aranges
                0x00000820       0x40 .\CortexM0\ARM_GCC_473\Debug\T-50_Project.a(SW1.o)
 .debug_aranges
                0x00000860      0x158 .\CortexM0\ARM_GCC_473\Debug\T-50_Project.a(PPMCounter.o)
 .debug_aranges
                0x000009b8       0x80 .\CortexM0\ARM_GCC_473\Debug\T-50_Project.a(PPMISR.o)
 .debug_aranges
                0x00000a38       0x80 .\CortexM0\ARM_GCC_473\Debug\T-50_Project.a(PPMRstISR.o)
 .debug_aranges
                0x00000ab8      0x158 .\CortexM0\ARM_GCC_473\Debug\T-50_Project.a(ServoTimer.o)
 .debug_aranges
                0x00000c10       0x80 .\CortexM0\ARM_GCC_473\Debug\T-50_Project.a(ServoISR.o)
 .debug_aranges
                0x00000c90       0x40 .\CortexM0\ARM_GCC_473\Debug\T-50_Project.a(Out_Mot_Pin.o)
 .debug_aranges
                0x00000cd0       0x40 .\CortexM0\ARM_GCC_473\Debug\T-50_Project.a(Out_Ail1_Pin.o)
 .debug_aranges
                0x00000d10       0x40 .\CortexM0\ARM_GCC_473\Debug\T-50_Project.a(Out_Ail2_Pin.o)
 .debug_aranges
                0x00000d50       0x40 .\CortexM0\ARM_GCC_473\Debug\T-50_Project.a(Out_Ele1_Pin.o)
 .debug_aranges
                0x00000d90       0x40 .\CortexM0\ARM_GCC_473\Debug\T-50_Project.a(Out_Ele2_Pin.o)
 .debug_aranges
                0x00000dd0       0x40 .\CortexM0\ARM_GCC_473\Debug\T-50_Project.a(Out_Rud_Pin.o)
 .debug_aranges
                0x00000e10       0x40 .\CortexM0\ARM_GCC_473\Debug\T-50_Project.a(Out_Fl1_Pin.o)
 .debug_aranges
                0x00000e50       0x40 .\CortexM0\ARM_GCC_473\Debug\T-50_Project.a(Out_Fl2_Pin.o)
 .debug_aranges
                0x00000e90       0x40 .\CortexM0\ARM_GCC_473\Debug\T-50_Project.a(Out_Ge1_Pin.o)
 .debug_aranges
                0x00000ed0       0x40 .\CortexM0\ARM_GCC_473\Debug\T-50_Project.a(Out_Ge2_Pin.o)
 .debug_aranges
                0x00000f10       0x40 .\CortexM0\ARM_GCC_473\Debug\T-50_Project.a(Out_Ge3_Pin.o)
 .debug_aranges
                0x00000f50       0x40 .\CortexM0\ARM_GCC_473\Debug\T-50_Project.a(Out_Sp1_Pin.o)
 .debug_aranges
                0x00000f90       0x40 .\CortexM0\ARM_GCC_473\Debug\T-50_Project.a(Out_Sp2_Pin.o)
 .debug_aranges
                0x00000fd0       0x50 .\CortexM0\ARM_GCC_473\Debug\T-50_Project.a(I2CM.o)
 .debug_aranges
                0x00001020       0x28 .\CortexM0\ARM_GCC_473\Debug\T-50_Project.a(I2CM_I2C.o)
 .debug_aranges
                0x00001048       0x88 .\CortexM0\ARM_GCC_473\Debug\T-50_Project.a(I2CM_I2C_MASTER.o)
 .debug_aranges
                0x000010d0       0x40 .\CortexM0\ARM_GCC_473\Debug\T-50_Project.a(I2CM_sda.o)
 .debug_aranges
                0x00001110       0x40 .\CortexM0\ARM_GCC_473\Debug\T-50_Project.a(I2CM_scl.o)
 .debug_aranges
                0x00001150       0x28 .\CortexM0\ARM_GCC_473\Debug\T-50_Project.a(Bootloadable_1.o)
 .debug_aranges
                0x00001178       0x50 .\CortexM0\ARM_GCC_473\Debug\T-50_Project.a(CyFlash.o)
 .debug_aranges
                0x000011c8       0x20 .\CortexM0\ARM_GCC_473\Debug\T-50_Project.a(I2CM_I2C_INT.o)

.debug_pubnames
 *(.debug_pubnames)

.debug_info     0x00000000     0x8080
 *(.debug_info .gnu.linkonce.wi.*)
 .debug_info    0x00000000      0xf33 .\CortexM0\ARM_GCC_473\Debug\main.o
 .debug_info    0x00000f33      0x529 .\CortexM0\ARM_GCC_473\Debug\IMU.o
 .debug_info    0x0000145c      0x152 .\CortexM0\ARM_GCC_473\Debug\cybootloader.o
 .debug_info    0x000015ae       0xb2 .\CortexM0\ARM_GCC_473\Debug\cymetadata.o
 .debug_info    0x00001660      0x2d2 .\CortexM0\ARM_GCC_473\Debug\Cm0Start.o
 .debug_info    0x00001932      0x485 .\CortexM0\ARM_GCC_473\Debug\T-50_Project.a(cyfitter_cfg.o)
 .debug_info    0x00001db7       0xa2 .\CortexM0\ARM_GCC_473\Debug\T-50_Project.a(CyBootAsmGnu.o)
 .debug_info    0x00001e59      0xac5 .\CortexM0\ARM_GCC_473\Debug\T-50_Project.a(CyLib.o)
 .debug_info    0x0000291e      0x197 .\CortexM0\ARM_GCC_473\Debug\T-50_Project.a(UART_1.o)
 .debug_info    0x00002ab5      0x23d .\CortexM0\ARM_GCC_473\Debug\T-50_Project.a(UART_1_SPI_UART.o)
 .debug_info    0x00002cf2      0x224 .\CortexM0\ARM_GCC_473\Debug\T-50_Project.a(UART_1_UART.o)
 .debug_info    0x00002f16      0x7be .\CortexM0\ARM_GCC_473\Debug\T-50_Project.a(TaskTimer.o)
 .debug_info    0x000036d4      0x2a0 .\CortexM0\ARM_GCC_473\Debug\T-50_Project.a(TaskISR.o)
 .debug_info    0x00003974      0x7be .\CortexM0\ARM_GCC_473\Debug\T-50_Project.a(NavLightPWM.o)
 .debug_info    0x00004132      0x288 .\CortexM0\ARM_GCC_473\Debug\T-50_Project.a(BootISR.o)
 .debug_info    0x000043ba      0x168 .\CortexM0\ARM_GCC_473\Debug\T-50_Project.a(SW1.o)
 .debug_info    0x00004522      0x7be .\CortexM0\ARM_GCC_473\Debug\T-50_Project.a(PPMCounter.o)
 .debug_info    0x00004ce0      0x2d0 .\CortexM0\ARM_GCC_473\Debug\T-50_Project.a(PPMISR.o)
 .debug_info    0x00004fb0      0x2b2 .\CortexM0\ARM_GCC_473\Debug\T-50_Project.a(PPMRstISR.o)
 .debug_info    0x00005262      0x7be .\CortexM0\ARM_GCC_473\Debug\T-50_Project.a(ServoTimer.o)
 .debug_info    0x00005a20      0x2d2 .\CortexM0\ARM_GCC_473\Debug\T-50_Project.a(ServoISR.o)
 .debug_info    0x00005cf2      0x168 .\CortexM0\ARM_GCC_473\Debug\T-50_Project.a(Out_Mot_Pin.o)
 .debug_info    0x00005e5a      0x168 .\CortexM0\ARM_GCC_473\Debug\T-50_Project.a(Out_Ail1_Pin.o)
 .debug_info    0x00005fc2      0x168 .\CortexM0\ARM_GCC_473\Debug\T-50_Project.a(Out_Ail2_Pin.o)
 .debug_info    0x0000612a      0x168 .\CortexM0\ARM_GCC_473\Debug\T-50_Project.a(Out_Ele1_Pin.o)
 .debug_info    0x00006292      0x168 .\CortexM0\ARM_GCC_473\Debug\T-50_Project.a(Out_Ele2_Pin.o)
 .debug_info    0x000063fa      0x168 .\CortexM0\ARM_GCC_473\Debug\T-50_Project.a(Out_Rud_Pin.o)
 .debug_info    0x00006562      0x168 .\CortexM0\ARM_GCC_473\Debug\T-50_Project.a(Out_Fl1_Pin.o)
 .debug_info    0x000066ca      0x168 .\CortexM0\ARM_GCC_473\Debug\T-50_Project.a(Out_Fl2_Pin.o)
 .debug_info    0x00006832      0x168 .\CortexM0\ARM_GCC_473\Debug\T-50_Project.a(Out_Ge1_Pin.o)
 .debug_info    0x0000699a      0x168 .\CortexM0\ARM_GCC_473\Debug\T-50_Project.a(Out_Ge2_Pin.o)
 .debug_info    0x00006b02      0x168 .\CortexM0\ARM_GCC_473\Debug\T-50_Project.a(Out_Ge3_Pin.o)
 .debug_info    0x00006c6a      0x168 .\CortexM0\ARM_GCC_473\Debug\T-50_Project.a(Out_Sp1_Pin.o)
 .debug_info    0x00006dd2      0x168 .\CortexM0\ARM_GCC_473\Debug\T-50_Project.a(Out_Sp2_Pin.o)
 .debug_info    0x00006f3a      0x197 .\CortexM0\ARM_GCC_473\Debug\T-50_Project.a(I2CM.o)
 .debug_info    0x000070d1      0x12c .\CortexM0\ARM_GCC_473\Debug\T-50_Project.a(I2CM_I2C.o)
 .debug_info    0x000071fd      0x4ba .\CortexM0\ARM_GCC_473\Debug\T-50_Project.a(I2CM_I2C_MASTER.o)
 .debug_info    0x000076b7      0x168 .\CortexM0\ARM_GCC_473\Debug\T-50_Project.a(I2CM_sda.o)
 .debug_info    0x0000781f      0x168 .\CortexM0\ARM_GCC_473\Debug\T-50_Project.a(I2CM_scl.o)
 .debug_info    0x00007987      0x165 .\CortexM0\ARM_GCC_473\Debug\T-50_Project.a(Bootloadable_1.o)
 .debug_info    0x00007aec      0x3ed .\CortexM0\ARM_GCC_473\Debug\T-50_Project.a(CyFlash.o)
 .debug_info    0x00007ed9      0x1a7 .\CortexM0\ARM_GCC_473\Debug\T-50_Project.a(I2CM_I2C_INT.o)

.debug_abbrev   0x00000000     0x2686
 *(.debug_abbrev)
 .debug_abbrev  0x00000000      0x1f4 .\CortexM0\ARM_GCC_473\Debug\main.o
 .debug_abbrev  0x000001f4       0xce .\CortexM0\ARM_GCC_473\Debug\IMU.o
 .debug_abbrev  0x000002c2       0x77 .\CortexM0\ARM_GCC_473\Debug\cybootloader.o
 .debug_abbrev  0x00000339       0x5d .\CortexM0\ARM_GCC_473\Debug\cymetadata.o
 .debug_abbrev  0x00000396      0x175 .\CortexM0\ARM_GCC_473\Debug\Cm0Start.o
 .debug_abbrev  0x0000050b      0x18c .\CortexM0\ARM_GCC_473\Debug\T-50_Project.a(cyfitter_cfg.o)
 .debug_abbrev  0x00000697       0x14 .\CortexM0\ARM_GCC_473\Debug\T-50_Project.a(CyBootAsmGnu.o)
 .debug_abbrev  0x000006ab      0x1a2 .\CortexM0\ARM_GCC_473\Debug\T-50_Project.a(CyLib.o)
 .debug_abbrev  0x0000084d       0xc5 .\CortexM0\ARM_GCC_473\Debug\T-50_Project.a(UART_1.o)
 .debug_abbrev  0x00000912      0x151 .\CortexM0\ARM_GCC_473\Debug\T-50_Project.a(UART_1_SPI_UART.o)
 .debug_abbrev  0x00000a63       0xee .\CortexM0\ARM_GCC_473\Debug\T-50_Project.a(UART_1_UART.o)
 .debug_abbrev  0x00000b51       0xfe .\CortexM0\ARM_GCC_473\Debug\T-50_Project.a(TaskTimer.o)
 .debug_abbrev  0x00000c4f      0x152 .\CortexM0\ARM_GCC_473\Debug\T-50_Project.a(TaskISR.o)
 .debug_abbrev  0x00000da1       0xfe .\CortexM0\ARM_GCC_473\Debug\T-50_Project.a(NavLightPWM.o)
 .debug_abbrev  0x00000e9f      0x152 .\CortexM0\ARM_GCC_473\Debug\T-50_Project.a(BootISR.o)
 .debug_abbrev  0x00000ff1       0xac .\CortexM0\ARM_GCC_473\Debug\T-50_Project.a(SW1.o)
 .debug_abbrev  0x0000109d       0xfe .\CortexM0\ARM_GCC_473\Debug\T-50_Project.a(PPMCounter.o)
 .debug_abbrev  0x0000119b      0x157 .\CortexM0\ARM_GCC_473\Debug\T-50_Project.a(PPMISR.o)
 .debug_abbrev  0x000012f2      0x163 .\CortexM0\ARM_GCC_473\Debug\T-50_Project.a(PPMRstISR.o)
 .debug_abbrev  0x00001455       0xfe .\CortexM0\ARM_GCC_473\Debug\T-50_Project.a(ServoTimer.o)
 .debug_abbrev  0x00001553      0x177 .\CortexM0\ARM_GCC_473\Debug\T-50_Project.a(ServoISR.o)
 .debug_abbrev  0x000016ca       0xac .\CortexM0\ARM_GCC_473\Debug\T-50_Project.a(Out_Mot_Pin.o)
 .debug_abbrev  0x00001776       0xac .\CortexM0\ARM_GCC_473\Debug\T-50_Project.a(Out_Ail1_Pin.o)
 .debug_abbrev  0x00001822       0xac .\CortexM0\ARM_GCC_473\Debug\T-50_Project.a(Out_Ail2_Pin.o)
 .debug_abbrev  0x000018ce       0xac .\CortexM0\ARM_GCC_473\Debug\T-50_Project.a(Out_Ele1_Pin.o)
 .debug_abbrev  0x0000197a       0xac .\CortexM0\ARM_GCC_473\Debug\T-50_Project.a(Out_Ele2_Pin.o)
 .debug_abbrev  0x00001a26       0xac .\CortexM0\ARM_GCC_473\Debug\T-50_Project.a(Out_Rud_Pin.o)
 .debug_abbrev  0x00001ad2       0xac .\CortexM0\ARM_GCC_473\Debug\T-50_Project.a(Out_Fl1_Pin.o)
 .debug_abbrev  0x00001b7e       0xac .\CortexM0\ARM_GCC_473\Debug\T-50_Project.a(Out_Fl2_Pin.o)
 .debug_abbrev  0x00001c2a       0xac .\CortexM0\ARM_GCC_473\Debug\T-50_Project.a(Out_Ge1_Pin.o)
 .debug_abbrev  0x00001cd6       0xac .\CortexM0\ARM_GCC_473\Debug\T-50_Project.a(Out_Ge2_Pin.o)
 .debug_abbrev  0x00001d82       0xac .\CortexM0\ARM_GCC_473\Debug\T-50_Project.a(Out_Ge3_Pin.o)
 .debug_abbrev  0x00001e2e       0xac .\CortexM0\ARM_GCC_473\Debug\T-50_Project.a(Out_Sp1_Pin.o)
 .debug_abbrev  0x00001eda       0xac .\CortexM0\ARM_GCC_473\Debug\T-50_Project.a(Out_Sp2_Pin.o)
 .debug_abbrev  0x00001f86       0xc5 .\CortexM0\ARM_GCC_473\Debug\T-50_Project.a(I2CM.o)
 .debug_abbrev  0x0000204b       0x7a .\CortexM0\ARM_GCC_473\Debug\T-50_Project.a(I2CM_I2C.o)
 .debug_abbrev  0x000020c5      0x156 .\CortexM0\ARM_GCC_473\Debug\T-50_Project.a(I2CM_I2C_MASTER.o)
 .debug_abbrev  0x0000221b       0xac .\CortexM0\ARM_GCC_473\Debug\T-50_Project.a(I2CM_sda.o)
 .debug_abbrev  0x000022c7       0xac .\CortexM0\ARM_GCC_473\Debug\T-50_Project.a(I2CM_scl.o)
 .debug_abbrev  0x00002373       0xc2 .\CortexM0\ARM_GCC_473\Debug\T-50_Project.a(Bootloadable_1.o)
 .debug_abbrev  0x00002435      0x1ba .\CortexM0\ARM_GCC_473\Debug\T-50_Project.a(CyFlash.o)
 .debug_abbrev  0x000025ef       0x97 .\CortexM0\ARM_GCC_473\Debug\T-50_Project.a(I2CM_I2C_INT.o)

.debug_line     0x00000000     0x3d01
 *(.debug_line)
 .debug_line    0x00000000      0x35d .\CortexM0\ARM_GCC_473\Debug\main.o
 .debug_line    0x0000035d      0x2e6 .\CortexM0\ARM_GCC_473\Debug\IMU.o
 .debug_line    0x00000643       0x55 .\CortexM0\ARM_GCC_473\Debug\cybootloader.o
 .debug_line    0x00000698       0x53 .\CortexM0\ARM_GCC_473\Debug\cymetadata.o
 .debug_line    0x000006eb      0x196 .\CortexM0\ARM_GCC_473\Debug\Cm0Start.o
 .debug_line    0x00000881      0x1c9 .\CortexM0\ARM_GCC_473\Debug\T-50_Project.a(cyfitter_cfg.o)
 .debug_line    0x00000a4a       0x68 .\CortexM0\ARM_GCC_473\Debug\T-50_Project.a(CyBootAsmGnu.o)
 .debug_line    0x00000ab2      0x541 .\CortexM0\ARM_GCC_473\Debug\T-50_Project.a(CyLib.o)
 .debug_line    0x00000ff3       0xd8 .\CortexM0\ARM_GCC_473\Debug\T-50_Project.a(UART_1.o)
 .debug_line    0x000010cb      0x127 .\CortexM0\ARM_GCC_473\Debug\T-50_Project.a(UART_1_SPI_UART.o)
 .debug_line    0x000011f2      0x103 .\CortexM0\ARM_GCC_473\Debug\T-50_Project.a(UART_1_UART.o)
 .debug_line    0x000012f5      0x373 .\CortexM0\ARM_GCC_473\Debug\T-50_Project.a(TaskTimer.o)
 .debug_line    0x00001668      0x1f8 .\CortexM0\ARM_GCC_473\Debug\T-50_Project.a(TaskISR.o)
 .debug_line    0x00001860      0x380 .\CortexM0\ARM_GCC_473\Debug\T-50_Project.a(NavLightPWM.o)
 .debug_line    0x00001be0      0x14a .\CortexM0\ARM_GCC_473\Debug\T-50_Project.a(BootISR.o)
 .debug_line    0x00001d2a       0xa9 .\CortexM0\ARM_GCC_473\Debug\T-50_Project.a(SW1.o)
 .debug_line    0x00001dd3      0x373 .\CortexM0\ARM_GCC_473\Debug\T-50_Project.a(PPMCounter.o)
 .debug_line    0x00002146      0x1fc .\CortexM0\ARM_GCC_473\Debug\T-50_Project.a(PPMISR.o)
 .debug_line    0x00002342      0x1fb .\CortexM0\ARM_GCC_473\Debug\T-50_Project.a(PPMRstISR.o)
 .debug_line    0x0000253d      0x374 .\CortexM0\ARM_GCC_473\Debug\T-50_Project.a(ServoTimer.o)
 .debug_line    0x000028b1      0x237 .\CortexM0\ARM_GCC_473\Debug\T-50_Project.a(ServoISR.o)
 .debug_line    0x00002ae8       0xb1 .\CortexM0\ARM_GCC_473\Debug\T-50_Project.a(Out_Mot_Pin.o)
 .debug_line    0x00002b99       0xb2 .\CortexM0\ARM_GCC_473\Debug\T-50_Project.a(Out_Ail1_Pin.o)
 .debug_line    0x00002c4b       0xb2 .\CortexM0\ARM_GCC_473\Debug\T-50_Project.a(Out_Ail2_Pin.o)
 .debug_line    0x00002cfd       0xb2 .\CortexM0\ARM_GCC_473\Debug\T-50_Project.a(Out_Ele1_Pin.o)
 .debug_line    0x00002daf       0xb2 .\CortexM0\ARM_GCC_473\Debug\T-50_Project.a(Out_Ele2_Pin.o)
 .debug_line    0x00002e61       0xb1 .\CortexM0\ARM_GCC_473\Debug\T-50_Project.a(Out_Rud_Pin.o)
 .debug_line    0x00002f12       0xb1 .\CortexM0\ARM_GCC_473\Debug\T-50_Project.a(Out_Fl1_Pin.o)
 .debug_line    0x00002fc3       0xb1 .\CortexM0\ARM_GCC_473\Debug\T-50_Project.a(Out_Fl2_Pin.o)
 .debug_line    0x00003074       0xb1 .\CortexM0\ARM_GCC_473\Debug\T-50_Project.a(Out_Ge1_Pin.o)
 .debug_line    0x00003125       0xb1 .\CortexM0\ARM_GCC_473\Debug\T-50_Project.a(Out_Ge2_Pin.o)
 .debug_line    0x000031d6       0xb1 .\CortexM0\ARM_GCC_473\Debug\T-50_Project.a(Out_Ge3_Pin.o)
 .debug_line    0x00003287       0xb1 .\CortexM0\ARM_GCC_473\Debug\T-50_Project.a(Out_Sp1_Pin.o)
 .debug_line    0x00003338       0xb1 .\CortexM0\ARM_GCC_473\Debug\T-50_Project.a(Out_Sp2_Pin.o)
 .debug_line    0x000033e9       0xdc .\CortexM0\ARM_GCC_473\Debug\T-50_Project.a(I2CM.o)
 .debug_line    0x000034c5       0x9f .\CortexM0\ARM_GCC_473\Debug\T-50_Project.a(I2CM_I2C.o)
 .debug_line    0x00003564      0x29a .\CortexM0\ARM_GCC_473\Debug\T-50_Project.a(I2CM_I2C_MASTER.o)
 .debug_line    0x000037fe       0xae .\CortexM0\ARM_GCC_473\Debug\T-50_Project.a(I2CM_sda.o)
 .debug_line    0x000038ac       0xae .\CortexM0\ARM_GCC_473\Debug\T-50_Project.a(I2CM_scl.o)
 .debug_line    0x0000395a       0xa4 .\CortexM0\ARM_GCC_473\Debug\T-50_Project.a(Bootloadable_1.o)
 .debug_line    0x000039fe      0x165 .\CortexM0\ARM_GCC_473\Debug\T-50_Project.a(CyFlash.o)
 .debug_line    0x00003b63      0x19e .\CortexM0\ARM_GCC_473\Debug\T-50_Project.a(I2CM_I2C_INT.o)

.debug_frame    0x00000000     0x4130
 *(.debug_frame)
 .debug_frame   0x00000000      0x1c0 .\CortexM0\ARM_GCC_473\Debug\main.o
 .debug_frame   0x000001c0      0x150 .\CortexM0\ARM_GCC_473\Debug\IMU.o
 .debug_frame   0x00000310       0xa8 .\CortexM0\ARM_GCC_473\Debug\Cm0Start.o
 .debug_frame   0x000003b8      0x108 .\CortexM0\ARM_GCC_473\Debug\T-50_Project.a(cyfitter_cfg.o)
 .debug_frame   0x000004c0      0x628 .\CortexM0\ARM_GCC_473\Debug\T-50_Project.a(CyLib.o)
 .debug_frame   0x00000ae8       0xd8 .\CortexM0\ARM_GCC_473\Debug\T-50_Project.a(UART_1.o)
 .debug_frame   0x00000bc0      0x128 .\CortexM0\ARM_GCC_473\Debug\T-50_Project.a(UART_1_SPI_UART.o)
 .debug_frame   0x00000ce8       0xec .\CortexM0\ARM_GCC_473\Debug\T-50_Project.a(UART_1_UART.o)
 .debug_frame   0x00000dd4      0x52c .\CortexM0\ARM_GCC_473\Debug\T-50_Project.a(TaskTimer.o)
 .debug_frame   0x00001300      0x190 .\CortexM0\ARM_GCC_473\Debug\T-50_Project.a(TaskISR.o)
 .debug_frame   0x00001490      0x52c .\CortexM0\ARM_GCC_473\Debug\T-50_Project.a(NavLightPWM.o)
 .debug_frame   0x000019bc      0x190 .\CortexM0\ARM_GCC_473\Debug\T-50_Project.a(BootISR.o)
 .debug_frame   0x00001b4c       0xa8 .\CortexM0\ARM_GCC_473\Debug\T-50_Project.a(SW1.o)
 .debug_frame   0x00001bf4      0x52c .\CortexM0\ARM_GCC_473\Debug\T-50_Project.a(PPMCounter.o)
 .debug_frame   0x00002120      0x198 .\CortexM0\ARM_GCC_473\Debug\T-50_Project.a(PPMISR.o)
 .debug_frame   0x000022b8      0x190 .\CortexM0\ARM_GCC_473\Debug\T-50_Project.a(PPMRstISR.o)
 .debug_frame   0x00002448      0x52c .\CortexM0\ARM_GCC_473\Debug\T-50_Project.a(ServoTimer.o)
 .debug_frame   0x00002974      0x190 .\CortexM0\ARM_GCC_473\Debug\T-50_Project.a(ServoISR.o)
 .debug_frame   0x00002b04       0xa8 .\CortexM0\ARM_GCC_473\Debug\T-50_Project.a(Out_Mot_Pin.o)
 .debug_frame   0x00002bac       0xa8 .\CortexM0\ARM_GCC_473\Debug\T-50_Project.a(Out_Ail1_Pin.o)
 .debug_frame   0x00002c54       0xa8 .\CortexM0\ARM_GCC_473\Debug\T-50_Project.a(Out_Ail2_Pin.o)
 .debug_frame   0x00002cfc       0xa8 .\CortexM0\ARM_GCC_473\Debug\T-50_Project.a(Out_Ele1_Pin.o)
 .debug_frame   0x00002da4       0xa8 .\CortexM0\ARM_GCC_473\Debug\T-50_Project.a(Out_Ele2_Pin.o)
 .debug_frame   0x00002e4c       0xa8 .\CortexM0\ARM_GCC_473\Debug\T-50_Project.a(Out_Rud_Pin.o)
 .debug_frame   0x00002ef4       0xa8 .\CortexM0\ARM_GCC_473\Debug\T-50_Project.a(Out_Fl1_Pin.o)
 .debug_frame   0x00002f9c       0xa8 .\CortexM0\ARM_GCC_473\Debug\T-50_Project.a(Out_Fl2_Pin.o)
 .debug_frame   0x00003044       0xa8 .\CortexM0\ARM_GCC_473\Debug\T-50_Project.a(Out_Ge1_Pin.o)
 .debug_frame   0x000030ec       0xa8 .\CortexM0\ARM_GCC_473\Debug\T-50_Project.a(Out_Ge2_Pin.o)
 .debug_frame   0x00003194       0xa8 .\CortexM0\ARM_GCC_473\Debug\T-50_Project.a(Out_Ge3_Pin.o)
 .debug_frame   0x0000323c       0xa8 .\CortexM0\ARM_GCC_473\Debug\T-50_Project.a(Out_Sp1_Pin.o)
 .debug_frame   0x000032e4       0xa8 .\CortexM0\ARM_GCC_473\Debug\T-50_Project.a(Out_Sp2_Pin.o)
 .debug_frame   0x0000338c       0xd8 .\CortexM0\ARM_GCC_473\Debug\T-50_Project.a(I2CM.o)
 .debug_frame   0x00003464       0x48 .\CortexM0\ARM_GCC_473\Debug\T-50_Project.a(I2CM_I2C.o)
 .debug_frame   0x000034ac      0x1c0 .\CortexM0\ARM_GCC_473\Debug\T-50_Project.a(I2CM_I2C_MASTER.o)
 .debug_frame   0x0000366c       0xa8 .\CortexM0\ARM_GCC_473\Debug\T-50_Project.a(I2CM_sda.o)
 .debug_frame   0x00003714       0xa8 .\CortexM0\ARM_GCC_473\Debug\T-50_Project.a(I2CM_scl.o)
 .debug_frame   0x000037bc       0x4c .\CortexM0\ARM_GCC_473\Debug\T-50_Project.a(Bootloadable_1.o)
 .debug_frame   0x00003808       0xf4 .\CortexM0\ARM_GCC_473\Debug\T-50_Project.a(CyFlash.o)
 .debug_frame   0x000038fc       0x30 .\CortexM0\ARM_GCC_473\Debug\T-50_Project.a(I2CM_I2C_INT.o)
 .debug_frame   0x0000392c       0x28 c:/program files/cypress/psoc creator/3.0/psoc creator/import/gnu_cs/arm/4.7.3/bin/../lib/gcc/arm-none-eabi/4.7.3/../../../../arm-none-eabi/lib/armv6-m\libm.a(lib_a-w_atan2.o)
 .debug_frame   0x00003954       0x3c c:/program files/cypress/psoc creator/3.0/psoc creator/import/gnu_cs/arm/4.7.3/bin/../lib/gcc/arm-none-eabi/4.7.3/../../../../arm-none-eabi/lib/armv6-m\libm.a(lib_a-e_atan2.o)
 .debug_frame   0x00003990       0x3c c:/program files/cypress/psoc creator/3.0/psoc creator/import/gnu_cs/arm/4.7.3/bin/../lib/gcc/arm-none-eabi/4.7.3/../../../../arm-none-eabi/lib/armv6-m\libm.a(lib_a-s_atan.o)
 .debug_frame   0x000039cc       0x20 c:/program files/cypress/psoc creator/3.0/psoc creator/import/gnu_cs/arm/4.7.3/bin/../lib/gcc/arm-none-eabi/4.7.3/../../../../arm-none-eabi/lib/armv6-m\libm.a(lib_a-s_fabs.o)
 .debug_frame   0x000039ec       0x20 c:/program files/cypress/psoc creator/3.0/psoc creator/import/gnu_cs/arm/4.7.3/bin/../lib/gcc/arm-none-eabi/4.7.3/armv6-m\libgcc.a(_udivsi3.o)
 .debug_frame   0x00003a0c       0x20 c:/program files/cypress/psoc creator/3.0/psoc creator/import/gnu_cs/arm/4.7.3/bin/../lib/gcc/arm-none-eabi/4.7.3/armv6-m\libgcc.a(_divsi3.o)
 .debug_frame   0x00003a2c       0x30 c:/program files/cypress/psoc creator/3.0/psoc creator/import/gnu_cs/arm/4.7.3/bin/../lib/gcc/arm-none-eabi/4.7.3/armv6-m\libgcc.a(addsf3.o)
 .debug_frame   0x00003a5c       0x3c c:/program files/cypress/psoc creator/3.0/psoc creator/import/gnu_cs/arm/4.7.3/bin/../lib/gcc/arm-none-eabi/4.7.3/armv6-m\libgcc.a(divsf3.o)
 .debug_frame   0x00003a98       0x3c c:/program files/cypress/psoc creator/3.0/psoc creator/import/gnu_cs/arm/4.7.3/bin/../lib/gcc/arm-none-eabi/4.7.3/armv6-m\libgcc.a(mulsf3.o)
 .debug_frame   0x00003ad4       0x30 c:/program files/cypress/psoc creator/3.0/psoc creator/import/gnu_cs/arm/4.7.3/bin/../lib/gcc/arm-none-eabi/4.7.3/armv6-m\libgcc.a(subsf3.o)
 .debug_frame   0x00003b04       0x28 c:/program files/cypress/psoc creator/3.0/psoc creator/import/gnu_cs/arm/4.7.3/bin/../lib/gcc/arm-none-eabi/4.7.3/armv6-m\libgcc.a(fixsfsi.o)
 .debug_frame   0x00003b2c       0x2c c:/program files/cypress/psoc creator/3.0/psoc creator/import/gnu_cs/arm/4.7.3/bin/../lib/gcc/arm-none-eabi/4.7.3/armv6-m\libgcc.a(floatsisf.o)
 .debug_frame   0x00003b58       0x3c c:/program files/cypress/psoc creator/3.0/psoc creator/import/gnu_cs/arm/4.7.3/bin/../lib/gcc/arm-none-eabi/4.7.3/armv6-m\libgcc.a(adddf3.o)
 .debug_frame   0x00003b94       0x3c c:/program files/cypress/psoc creator/3.0/psoc creator/import/gnu_cs/arm/4.7.3/bin/../lib/gcc/arm-none-eabi/4.7.3/armv6-m\libgcc.a(divdf3.o)
 .debug_frame   0x00003bd0       0x34 c:/program files/cypress/psoc creator/3.0/psoc creator/import/gnu_cs/arm/4.7.3/bin/../lib/gcc/arm-none-eabi/4.7.3/armv6-m\libgcc.a(eqdf2.o)
 .debug_frame   0x00003c04       0x38 c:/program files/cypress/psoc creator/3.0/psoc creator/import/gnu_cs/arm/4.7.3/bin/../lib/gcc/arm-none-eabi/4.7.3/armv6-m\libgcc.a(gedf2.o)
 .debug_frame   0x00003c3c       0x38 c:/program files/cypress/psoc creator/3.0/psoc creator/import/gnu_cs/arm/4.7.3/bin/../lib/gcc/arm-none-eabi/4.7.3/armv6-m\libgcc.a(ledf2.o)
 .debug_frame   0x00003c74       0x3c c:/program files/cypress/psoc creator/3.0/psoc creator/import/gnu_cs/arm/4.7.3/bin/../lib/gcc/arm-none-eabi/4.7.3/armv6-m\libgcc.a(muldf3.o)
 .debug_frame   0x00003cb0       0x38 c:/program files/cypress/psoc creator/3.0/psoc creator/import/gnu_cs/arm/4.7.3/bin/../lib/gcc/arm-none-eabi/4.7.3/armv6-m\libgcc.a(subdf3.o)
 .debug_frame   0x00003ce8       0x2c c:/program files/cypress/psoc creator/3.0/psoc creator/import/gnu_cs/arm/4.7.3/bin/../lib/gcc/arm-none-eabi/4.7.3/armv6-m\libgcc.a(fixdfsi.o)
 .debug_frame   0x00003d14       0x30 c:/program files/cypress/psoc creator/3.0/psoc creator/import/gnu_cs/arm/4.7.3/bin/../lib/gcc/arm-none-eabi/4.7.3/armv6-m\libgcc.a(floatsidf.o)
 .debug_frame   0x00003d44       0x28 c:/program files/cypress/psoc creator/3.0/psoc creator/import/gnu_cs/arm/4.7.3/bin/../lib/gcc/arm-none-eabi/4.7.3/../../../../arm-none-eabi/lib/armv6-m\libc_s.a(lib_a-__atexit2.o)
 .debug_frame   0x00003d6c       0x28 c:/program files/cypress/psoc creator/3.0/psoc creator/import/gnu_cs/arm/4.7.3/bin/../lib/gcc/arm-none-eabi/4.7.3/../../../../arm-none-eabi/lib/armv6-m\libc_s.a(lib_a-exit.o)
 .debug_frame   0x00003d94       0x2c c:/program files/cypress/psoc creator/3.0/psoc creator/import/gnu_cs/arm/4.7.3/bin/../lib/gcc/arm-none-eabi/4.7.3/../../../../arm-none-eabi/lib/armv6-m\libc_s.a(lib_a-fini.o)
 .debug_frame   0x00003dc0       0x2c c:/program files/cypress/psoc creator/3.0/psoc creator/import/gnu_cs/arm/4.7.3/bin/../lib/gcc/arm-none-eabi/4.7.3/../../../../arm-none-eabi/lib/armv6-m\libc_s.a(lib_a-init.o)
 .debug_frame   0x00003dec       0x28 c:/program files/cypress/psoc creator/3.0/psoc creator/import/gnu_cs/arm/4.7.3/bin/../lib/gcc/arm-none-eabi/4.7.3/../../../../arm-none-eabi/lib/armv6-m\libc_s.a(lib_a-memcpy.o)
 .debug_frame   0x00003e14       0x28 c:/program files/cypress/psoc creator/3.0/psoc creator/import/gnu_cs/arm/4.7.3/bin/../lib/gcc/arm-none-eabi/4.7.3/../../../../arm-none-eabi/lib/armv6-m\libc_s.a(lib_a-memset.o)
 .debug_frame   0x00003e3c       0x4c c:/program files/cypress/psoc creator/3.0/psoc creator/import/gnu_cs/arm/4.7.3/bin/../lib/gcc/arm-none-eabi/4.7.3/../../../../arm-none-eabi/lib/armv6-m\libc_s.a(lib_a-sprintf.o)
 .debug_frame   0x00003e88       0x78 c:/program files/cypress/psoc creator/3.0/psoc creator/import/gnu_cs/arm/4.7.3/bin/../lib/gcc/arm-none-eabi/4.7.3/../../../../arm-none-eabi/lib/armv6-m\libc_s.a(lib_a-svfprintf.o)
 .debug_frame   0x00003f00       0x54 c:/program files/cypress/psoc creator/3.0/psoc creator/import/gnu_cs/arm/4.7.3/bin/../lib/gcc/arm-none-eabi/4.7.3/../../../../arm-none-eabi/lib/armv6-m\libc_s.a(lib_a-vfprintf_i.o)
 .debug_frame   0x00003f54       0x2c c:/program files/cypress/psoc creator/3.0/psoc creator/import/gnu_cs/arm/4.7.3/bin/../lib/gcc/arm-none-eabi/4.7.3/../../../../arm-none-eabi/lib/armv6-m\libc_s.a(lib_a-freer.o)
 .debug_frame   0x00003f80       0x2c c:/program files/cypress/psoc creator/3.0/psoc creator/import/gnu_cs/arm/4.7.3/bin/../lib/gcc/arm-none-eabi/4.7.3/../../../../arm-none-eabi/lib/armv6-m\libc_s.a(lib_a-mallocr.o)
 .debug_frame   0x00003fac       0x28 c:/program files/cypress/psoc creator/3.0/psoc creator/import/gnu_cs/arm/4.7.3/bin/../lib/gcc/arm-none-eabi/4.7.3/../../../../arm-none-eabi/lib/armv6-m\libc_s.a(lib_a-memchr.o)
 .debug_frame   0x00003fd4       0x2c c:/program files/cypress/psoc creator/3.0/psoc creator/import/gnu_cs/arm/4.7.3/bin/../lib/gcc/arm-none-eabi/4.7.3/../../../../arm-none-eabi/lib/armv6-m\libc_s.a(lib_a-memmove.o)
 .debug_frame   0x00004000       0x30 c:/program files/cypress/psoc creator/3.0/psoc creator/import/gnu_cs/arm/4.7.3/bin/../lib/gcc/arm-none-eabi/4.7.3/../../../../arm-none-eabi/lib/armv6-m\libc_s.a(lib_a-reallocr.o)
 .debug_frame   0x00004030       0x2c c:/program files/cypress/psoc creator/3.0/psoc creator/import/gnu_cs/arm/4.7.3/bin/../lib/gcc/arm-none-eabi/4.7.3/../../../../arm-none-eabi/lib/armv6-m\libc_s.a(lib_a-sbrkr.o)
 .debug_frame   0x0000405c       0x20 c:/program files/cypress/psoc creator/3.0/psoc creator/import/gnu_cs/arm/4.7.3/bin/../lib/gcc/arm-none-eabi/4.7.3/../../../../arm-none-eabi/lib/armv6-m\libc_s.a(lib_a-strlen.o)
 .debug_frame   0x0000407c       0x28 c:/program files/cypress/psoc creator/3.0/psoc creator/import/gnu_cs/arm/4.7.3/bin/../lib/gcc/arm-none-eabi/4.7.3/../../../../arm-none-eabi/lib/armv6-m\libc_s.a(lib_a-msizer.o)
 .debug_frame   0x000040a4       0x64 c:/program files/cypress/psoc creator/3.0/psoc creator/import/gnu_cs/arm/4.7.3/bin/../lib/gcc/arm-none-eabi/4.7.3/../../../../arm-none-eabi/lib/armv6-m\libc_s.a(lib_a-reent.o)
 .debug_frame   0x00004108       0x28 c:/program files/cypress/psoc creator/3.0/psoc creator/import/gnu_cs/arm/4.7.3/bin/../lib/gcc/arm-none-eabi/4.7.3/../../../../arm-none-eabi/lib/armv6-m\libnosys.a(sbrk.o)

.debug_str      0x00000000     0x40b5
 *(.debug_str)
 .debug_str     0x00000000      0xe98 .\CortexM0\ARM_GCC_473\Debug\main.o
                                0xf3a (size before relaxing)
 .debug_str     0x00000e98      0x1c9 .\CortexM0\ARM_GCC_473\Debug\IMU.o
                                0x383 (size before relaxing)
 .debug_str     0x00001061       0x80 .\CortexM0\ARM_GCC_473\Debug\cybootloader.o
                                0x1ba (size before relaxing)
 .debug_str     0x000010e1       0x37 .\CortexM0\ARM_GCC_473\Debug\cymetadata.o
                                0x177 (size before relaxing)
 .debug_str     0x00001118      0x107 .\CortexM0\ARM_GCC_473\Debug\Cm0Start.o
                                0x273 (size before relaxing)
 .debug_str     0x0000121f      0x19f .\CortexM0\ARM_GCC_473\Debug\T-50_Project.a(cyfitter_cfg.o)
                                0x329 (size before relaxing)
 .debug_str     0x000013be      0x4f2 .\CortexM0\ARM_GCC_473\Debug\T-50_Project.a(CyLib.o)
                                0x677 (size before relaxing)
 .debug_str     0x000018b0       0xcb .\CortexM0\ARM_GCC_473\Debug\T-50_Project.a(UART_1.o)
                                0x225 (size before relaxing)
 .debug_str     0x0000197b      0x14b .\CortexM0\ARM_GCC_473\Debug\T-50_Project.a(UART_1_SPI_UART.o)
                                0x2a3 (size before relaxing)
 .debug_str     0x00001ac6       0xf9 .\CortexM0\ARM_GCC_473\Debug\T-50_Project.a(UART_1_UART.o)
                                0x25d (size before relaxing)
 .debug_str     0x00001bbf      0x490 .\CortexM0\ARM_GCC_473\Debug\T-50_Project.a(TaskTimer.o)
                                0x5ed (size before relaxing)
 .debug_str     0x0000204f      0x113 .\CortexM0\ARM_GCC_473\Debug\T-50_Project.a(TaskISR.o)
                                0x2ac (size before relaxing)
 .debug_str     0x00002162      0x425 .\CortexM0\ARM_GCC_473\Debug\T-50_Project.a(NavLightPWM.o)
                                0x641 (size before relaxing)
 .debug_str     0x00002587      0x104 .\CortexM0\ARM_GCC_473\Debug\T-50_Project.a(BootISR.o)
                                0x29a (size before relaxing)
 .debug_str     0x0000268b       0x79 .\CortexM0\ARM_GCC_473\Debug\T-50_Project.a(SW1.o)
                                0x1c8 (size before relaxing)
 .debug_str     0x00002704      0x3fb .\CortexM0\ARM_GCC_473\Debug\T-50_Project.a(PPMCounter.o)
                                0x617 (size before relaxing)
 .debug_str     0x00002aff       0xff .\CortexM0\ARM_GCC_473\Debug\T-50_Project.a(PPMISR.o)
                                0x2ba (size before relaxing)
 .debug_str     0x00002bfe      0x120 .\CortexM0\ARM_GCC_473\Debug\T-50_Project.a(PPMRstISR.o)
                                0x2d3 (size before relaxing)
 .debug_str     0x00002d1e      0x3fb .\CortexM0\ARM_GCC_473\Debug\T-50_Project.a(ServoTimer.o)
                                0x617 (size before relaxing)
 .debug_str     0x00003119      0x11e .\CortexM0\ARM_GCC_473\Debug\T-50_Project.a(ServoISR.o)
                                0x2ce (size before relaxing)
 .debug_str     0x00003237       0x96 .\CortexM0\ARM_GCC_473\Debug\T-50_Project.a(Out_Mot_Pin.o)
                                0x1f8 (size before relaxing)
 .debug_str     0x000032cd       0x9c .\CortexM0\ARM_GCC_473\Debug\T-50_Project.a(Out_Ail1_Pin.o)
                                0x1fe (size before relaxing)
 .debug_str     0x00003369       0x9c .\CortexM0\ARM_GCC_473\Debug\T-50_Project.a(Out_Ail2_Pin.o)
                                0x1fe (size before relaxing)
 .debug_str     0x00003405       0x9c .\CortexM0\ARM_GCC_473\Debug\T-50_Project.a(Out_Ele1_Pin.o)
                                0x1fe (size before relaxing)
 .debug_str     0x000034a1       0x9c .\CortexM0\ARM_GCC_473\Debug\T-50_Project.a(Out_Ele2_Pin.o)
                                0x1fe (size before relaxing)
 .debug_str     0x0000353d       0x96 .\CortexM0\ARM_GCC_473\Debug\T-50_Project.a(Out_Rud_Pin.o)
                                0x1f8 (size before relaxing)
 .debug_str     0x000035d3       0x96 .\CortexM0\ARM_GCC_473\Debug\T-50_Project.a(Out_Fl1_Pin.o)
                                0x1f8 (size before relaxing)
 .debug_str     0x00003669       0x96 .\CortexM0\ARM_GCC_473\Debug\T-50_Project.a(Out_Fl2_Pin.o)
                                0x1f8 (size before relaxing)
 .debug_str     0x000036ff       0x96 .\CortexM0\ARM_GCC_473\Debug\T-50_Project.a(Out_Ge1_Pin.o)
                                0x1f8 (size before relaxing)
 .debug_str     0x00003795       0x96 .\CortexM0\ARM_GCC_473\Debug\T-50_Project.a(Out_Ge2_Pin.o)
                                0x1f8 (size before relaxing)
 .debug_str     0x0000382b       0x96 .\CortexM0\ARM_GCC_473\Debug\T-50_Project.a(Out_Ge3_Pin.o)
                                0x1f8 (size before relaxing)
 .debug_str     0x000038c1       0x96 .\CortexM0\ARM_GCC_473\Debug\T-50_Project.a(Out_Sp1_Pin.o)
                                0x1f8 (size before relaxing)
 .debug_str     0x00003957       0x96 .\CortexM0\ARM_GCC_473\Debug\T-50_Project.a(Out_Sp2_Pin.o)
                                0x1f8 (size before relaxing)
 .debug_str     0x000039ed       0xb2 .\CortexM0\ARM_GCC_473\Debug\T-50_Project.a(I2CM.o)
                                0x211 (size before relaxing)
 .debug_str     0x00003a9f       0x81 .\CortexM0\ARM_GCC_473\Debug\T-50_Project.a(I2CM_I2C.o)
                                0x1d5 (size before relaxing)
 .debug_str     0x00003b20      0x241 .\CortexM0\ARM_GCC_473\Debug\T-50_Project.a(I2CM_I2C_MASTER.o)
                                0x3e4 (size before relaxing)
 .debug_str     0x00003d61       0x84 .\CortexM0\ARM_GCC_473\Debug\T-50_Project.a(I2CM_sda.o)
                                0x1e6 (size before relaxing)
 .debug_str     0x00003de5       0x84 .\CortexM0\ARM_GCC_473\Debug\T-50_Project.a(I2CM_scl.o)
                                0x1e6 (size before relaxing)
 .debug_str     0x00003e69       0x79 .\CortexM0\ARM_GCC_473\Debug\T-50_Project.a(Bootloadable_1.o)
                                0x1e7 (size before relaxing)
 .debug_str     0x00003ee2      0x188 .\CortexM0\ARM_GCC_473\Debug\T-50_Project.a(CyFlash.o)
                                0x318 (size before relaxing)
 .debug_str     0x0000406a       0x4b .\CortexM0\ARM_GCC_473\Debug\T-50_Project.a(I2CM_I2C_INT.o)
                                0x278 (size before relaxing)

.debug_loc      0x00000000     0x59b6
 *(.debug_loc)
 .debug_loc     0x00000000      0x2da .\CortexM0\ARM_GCC_473\Debug\main.o
 .debug_loc     0x000002da      0x1e8 .\CortexM0\ARM_GCC_473\Debug\IMU.o
 .debug_loc     0x000004c2      0x100 .\CortexM0\ARM_GCC_473\Debug\Cm0Start.o
 .debug_loc     0x000005c2      0x1a8 .\CortexM0\ARM_GCC_473\Debug\T-50_Project.a(cyfitter_cfg.o)
 .debug_loc     0x0000076a      0xa34 .\CortexM0\ARM_GCC_473\Debug\T-50_Project.a(CyLib.o)
 .debug_loc     0x0000119e      0x140 .\CortexM0\ARM_GCC_473\Debug\T-50_Project.a(UART_1.o)
 .debug_loc     0x000012de      0x1e0 .\CortexM0\ARM_GCC_473\Debug\T-50_Project.a(UART_1_SPI_UART.o)
 .debug_loc     0x000014be      0x17c .\CortexM0\ARM_GCC_473\Debug\T-50_Project.a(UART_1_UART.o)
 .debug_loc     0x0000163a      0x830 .\CortexM0\ARM_GCC_473\Debug\T-50_Project.a(TaskTimer.o)
 .debug_loc     0x00001e6a      0x26c .\CortexM0\ARM_GCC_473\Debug\T-50_Project.a(TaskISR.o)
 .debug_loc     0x000020d6      0x830 .\CortexM0\ARM_GCC_473\Debug\T-50_Project.a(NavLightPWM.o)
 .debug_loc     0x00002906      0x26c .\CortexM0\ARM_GCC_473\Debug\T-50_Project.a(BootISR.o)
 .debug_loc     0x00002b72      0x100 .\CortexM0\ARM_GCC_473\Debug\T-50_Project.a(SW1.o)
 .debug_loc     0x00002c72      0x830 .\CortexM0\ARM_GCC_473\Debug\T-50_Project.a(PPMCounter.o)
 .debug_loc     0x000034a2      0x26c .\CortexM0\ARM_GCC_473\Debug\T-50_Project.a(PPMISR.o)
 .debug_loc     0x0000370e      0x26c .\CortexM0\ARM_GCC_473\Debug\T-50_Project.a(PPMRstISR.o)
 .debug_loc     0x0000397a      0x830 .\CortexM0\ARM_GCC_473\Debug\T-50_Project.a(ServoTimer.o)
 .debug_loc     0x000041aa      0x26c .\CortexM0\ARM_GCC_473\Debug\T-50_Project.a(ServoISR.o)
 .debug_loc     0x00004416      0x100 .\CortexM0\ARM_GCC_473\Debug\T-50_Project.a(Out_Mot_Pin.o)
 .debug_loc     0x00004516      0x100 .\CortexM0\ARM_GCC_473\Debug\T-50_Project.a(Out_Ail1_Pin.o)
 .debug_loc     0x00004616      0x100 .\CortexM0\ARM_GCC_473\Debug\T-50_Project.a(Out_Ail2_Pin.o)
 .debug_loc     0x00004716      0x100 .\CortexM0\ARM_GCC_473\Debug\T-50_Project.a(Out_Ele1_Pin.o)