Archive member included because of file (symbol)

.\CortexM0\ARM_GCC_473\Debug\T-50_Project.a(cyfitter_cfg.o)
                              .\CortexM0\ARM_GCC_473\Debug\Cm0Start.o (cyfitter_cfg)
.\CortexM0\ARM_GCC_473\Debug\T-50_Project.a(CyBootAsmGnu.o)
                              .\CortexM0\ARM_GCC_473\Debug\T-50_Project.a(cyfitter_cfg.o) (CyDelayCycles)
.\CortexM0\ARM_GCC_473\Debug\T-50_Project.a(CyLib.o)
                              .\CortexM0\ARM_GCC_473\Debug\T-50_Project.a(cyfitter_cfg.o) (CyDelayUs)
.\CortexM0\ARM_GCC_473\Debug\T-50_Project.a(UART_1.o)
                              .\CortexM0\ARM_GCC_473\Debug\main.o (UART_1_Start)
.\CortexM0\ARM_GCC_473\Debug\T-50_Project.a(UART_1_UART.o)
                              .\CortexM0\ARM_GCC_473\Debug\T-50_Project.a(UART_1.o) (UART_1_UartInit)
.\CortexM0\ARM_GCC_473\Debug\T-50_Project.a(TaskTimer.o)
                              .\CortexM0\ARM_GCC_473\Debug\main.o (TaskTimer_Start)
.\CortexM0\ARM_GCC_473\Debug\T-50_Project.a(TaskISR.o)
                              .\CortexM0\ARM_GCC_473\Debug\main.o (TaskISR_Start)
.\CortexM0\ARM_GCC_473\Debug\T-50_Project.a(NavLightPWM.o)
                              .\CortexM0\ARM_GCC_473\Debug\main.o (NavLightPWM_WriteCompare)
.\CortexM0\ARM_GCC_473\Debug\T-50_Project.a(BootISR.o)
                              .\CortexM0\ARM_GCC_473\Debug\main.o (BootISR_Start)
.\CortexM0\ARM_GCC_473\Debug\T-50_Project.a(SW1.o)
                              .\CortexM0\ARM_GCC_473\Debug\T-50_Project.a(BootISR.o) (SW1_ClearInterrupt)
.\CortexM0\ARM_GCC_473\Debug\T-50_Project.a(PPMCounter.o)
                              .\CortexM0\ARM_GCC_473\Debug\main.o (PPMCounter_Start)
.\CortexM0\ARM_GCC_473\Debug\T-50_Project.a(PPMISR.o)
                              .\CortexM0\ARM_GCC_473\Debug\main.o (PPMISR_Start)
.\CortexM0\ARM_GCC_473\Debug\T-50_Project.a(PPMRstISR.o)
                              .\CortexM0\ARM_GCC_473\Debug\T-50_Project.a(PPMISR.o) (overflow)
.\CortexM0\ARM_GCC_473\Debug\T-50_Project.a(ServoTimer.o)
                              .\CortexM0\ARM_GCC_473\Debug\main.o (ServoTimer_Start)
.\CortexM0\ARM_GCC_473\Debug\T-50_Project.a(ServoISR.o)
                              .\CortexM0\ARM_GCC_473\Debug\main.o (ServoISR_Start)
.\CortexM0\ARM_GCC_473\Debug\T-50_Project.a(Out_Mot_Pin.o)
                              .\CortexM0\ARM_GCC_473\Debug\T-50_Project.a(ServoISR.o) (Out_Mot_Pin_Write)
.\CortexM0\ARM_GCC_473\Debug\T-50_Project.a(Out_Ail1_Pin.o)
                              .\CortexM0\ARM_GCC_473\Debug\T-50_Project.a(ServoISR.o) (Out_Ail1_Pin_Write)
.\CortexM0\ARM_GCC_473\Debug\T-50_Project.a(Out_Ail2_Pin.o)
                              .\CortexM0\ARM_GCC_473\Debug\T-50_Project.a(ServoISR.o) (Out_Ail2_Pin_Write)
.\CortexM0\ARM_GCC_473\Debug\T-50_Project.a(Out_Ele1_Pin.o)
                              .\CortexM0\ARM_GCC_473\Debug\T-50_Project.a(ServoISR.o) (Out_Ele1_Pin_Write)
.\CortexM0\ARM_GCC_473\Debug\T-50_Project.a(Out_Ele2_Pin.o)
                              .\CortexM0\ARM_GCC_473\Debug\T-50_Project.a(ServoISR.o) (Out_Ele2_Pin_Write)
.\CortexM0\ARM_GCC_473\Debug\T-50_Project.a(Out_Rud_Pin.o)
                              .\CortexM0\ARM_GCC_473\Debug\T-50_Project.a(ServoISR.o) (Out_Rud_Pin_Write)
.\CortexM0\ARM_GCC_473\Debug\T-50_Project.a(Out_Fl1_Pin.o)
                              .\CortexM0\ARM_GCC_473\Debug\T-50_Project.a(ServoISR.o) (Out_Fl1_Pin_Write)
.\CortexM0\ARM_GCC_473\Debug\T-50_Project.a(Out_Fl2_Pin.o)
                              .\CortexM0\ARM_GCC_473\Debug\T-50_Project.a(ServoISR.o) (Out_Fl2_Pin_Write)
.\CortexM0\ARM_GCC_473\Debug\T-50_Project.a(Out_Ge1_Pin.o)
                              .\CortexM0\ARM_GCC_473\Debug\T-50_Project.a(ServoISR.o) (Out_Ge1_Pin_Write)
.\CortexM0\ARM_GCC_473\Debug\T-50_Project.a(Out_Ge2_Pin.o)
                              .\CortexM0\ARM_GCC_473\Debug\T-50_Project.a(ServoISR.o) (Out_Ge2_Pin_Write)
.\CortexM0\ARM_GCC_473\Debug\T-50_Project.a(Out_Ge3_Pin.o)
                              .\CortexM0\ARM_GCC_473\Debug\T-50_Project.a(ServoISR.o) (Out_Ge3_Pin_Write)
.\CortexM0\ARM_GCC_473\Debug\T-50_Project.a(Out_Sp1_Pin.o)
                              .\CortexM0\ARM_GCC_473\Debug\T-50_Project.a(ServoISR.o) (Out_Sp1_Pin_Write)
.\CortexM0\ARM_GCC_473\Debug\T-50_Project.a(Out_Sp2_Pin.o)
                              .\CortexM0\ARM_GCC_473\Debug\T-50_Project.a(ServoISR.o) (Out_Sp2_Pin_Write)
.\CortexM0\ARM_GCC_473\Debug\T-50_Project.a(I2CM.o)
                              .\CortexM0\ARM_GCC_473\Debug\main.o (I2CM_Start)
.\CortexM0\ARM_GCC_473\Debug\T-50_Project.a(I2CM_I2C.o)
                              .\CortexM0\ARM_GCC_473\Debug\T-50_Project.a(I2CM.o) (I2CM_I2CInit)
.\CortexM0\ARM_GCC_473\Debug\T-50_Project.a(I2CM_I2C_MASTER.o)
                              .\CortexM0\ARM_GCC_473\Debug\T-50_Project.a(I2CM_I2C.o) (I2CM_mstrStatus)
.\CortexM0\ARM_GCC_473\Debug\T-50_Project.a(I2CM_sda.o)
[...]
Memory Configuration

Name             Origin             Length             Attributes
rom              0x00000000         0x00008000         xr
ram              0x20000000         0x00001000         xrw
*default*        0x00000000         0xffffffff

Linker script and memory map

LOAD c:/program files/cypress/psoc creator/3.0/psoc creator/import/gnu_cs/arm/4.7.3/bin/../lib/gcc/arm-none-eabi/4.7.3/armv6-m/crti.o
LOAD c:/program files/cypress/psoc creator/3.0/psoc creator/import/gnu_cs/arm/4.7.3/bin/../lib/gcc/arm-none-eabi/4.7.3/armv6-m/crtbegin.o
LOAD c:/program files/cypress/psoc creator/3.0/psoc creator/import/gnu_cs/arm/4.7.3/bin/../lib/gcc/arm-none-eabi/4.7.3/../../../../arm-none-eabi/lib/armv6-m/crt0.o
START GROUP
LOAD .\CortexM0\ARM_GCC_473\Debug\main.o
LOAD .\CortexM0\ARM_GCC_473\Debug\IMU.o
LOAD .\CortexM0\ARM_GCC_473\Debug\cybootloader.o
LOAD .\CortexM0\ARM_GCC_473\Debug\cymetadata.o
LOAD .\CortexM0\ARM_GCC_473\Debug\Cm0Start.o
LOAD .\CortexM0\ARM_GCC_473\Debug\T-50_Project.a
LOAD C:\Program Files\Cypress\PSoC Creator\3.0\PSoC Creator\psoc\content\cycomponentlibrary\CyComponentLibrary.cylib\CortexM0\ARM_GCC_473\Debug\CyComponentLibrary.a
END GROUP
START GROUP
LOAD c:/program files/cypress/psoc creator/3.0/psoc creator/import/gnu_cs/arm/4.7.3/bin/../lib/gcc/arm-none-eabi/4.7.3/armv6-m\libgcc.a
LOAD c:/program files/cypress/psoc creator/3.0/psoc creator/import/gnu_cs/arm/4.7.3/bin/../lib/gcc/arm-none-eabi/4.7.3/../../../../arm-none-eabi/lib/armv6-m\libc_s.a
END GROUP
LOAD c:/program files/cypress/psoc creator/3.0/psoc creator/import/gnu_cs/arm/4.7.3/bin/../lib/gcc/arm-none-eabi/4.7.3/armv6-m/crtend.o
LOAD c:/program files/cypress/psoc creator/3.0/psoc creator/import/gnu_cs/arm/4.7.3/bin/../lib/gcc/arm-none-eabi/4.7.3/armv6-m/crtn.o
START GROUP
LOAD c:/program files/cypress/psoc creator/3.0/psoc creator/import/gnu_cs/arm/4.7.3/bin/../lib/gcc/arm-none-eabi/4.7.3/armv6-m\libgcc.a
LOAD c:/program files/cypress/psoc creator/3.0/psoc creator/import/gnu_cs/arm/4.7.3/bin/../lib/gcc/arm-none-eabi/4.7.3/../../../../arm-none-eabi/lib/armv6-m\libc.a
LOAD c:/program files/cypress/psoc creator/3.0/psoc creator/import/gnu_cs/arm/4.7.3/bin/../lib/gcc/arm-none-eabi/4.7.3/../../../../arm-none-eabi/lib/armv6-m\libnosys.a
END GROUP
                0x00000000                CY_APPL_ORIGIN = 0x0
                0x00000080                CY_FLASH_ROW_SIZE = 0x80
                0x00000001                CY_APPL_NUM = 0x1
                0x00000040                CY_METADATA_SIZE = 0x40
                0x20000218                PROVIDE (__cy_heap_start, _end)
                0x00000001                PROVIDE (__cy_region_num, ((__cy_regions_end - __cy_regions) / 0x10))
                0x20001000                PROVIDE (__cy_stack, (ORIGIN (ram) + 0x1000))
                0x20000c00                PROVIDE (__cy_heap_end, (__cy_stack - 0x400))

.cybootloader   0x00000000     0x1080
 *(.cybootloader)
 .cybootloader  0x00000000     0x1080 .\CortexM0\ARM_GCC_473\Debug\cybootloader.o
                0x00000000                cy_bootloader
                0x00001080                appl1_start = CY_APPL_ORIGIN?CY_APPL_ORIGIN:ALIGN (CY_FLASH_ROW_SIZE)
                0x00004800                appl2_start = (appl1_start + ALIGN ((((0x8000 - appl1_start) - (0x2 * CY_FLASH_ROW_SIZE)) / 0x2), CY_FLASH_ROW_SIZE))
                0x00001080                appl_start = (CY_APPL_NUM == 0x1)?appl1_start:appl2_start

.text           0x00001080     0x384c
 CREATE_OBJECT_SYMBOLS
                0x00001080                PROVIDE (__cy_interrupt_vector, RomVectors)
 *(.romvectors)
 .romvectors    0x00001080       0x10 .\CortexM0\ARM_GCC_473\Debug\Cm0Start.o
                0x00001080                RomVectors
                0x00000001                ASSERT ((. != __cy_interrupt_vector), No interrupt vector)
                0x00000001                ASSERT (CY_APPL_ORIGIN?(SIZEOF (.cybootloader) <= CY_APPL_ORIGIN):0x1, Wrong image location)
                0x00001090                PROVIDE (__cy_reset, Reset)
 *(.text.Reset)
 .text.Reset    0x00001090       0x14 .\CortexM0\ARM_GCC_473\Debug\Cm0Start.o
                0x00001090                Reset
                0x00000001                ASSERT ((. != __cy_reset), No reset code)
 *(.psocinit)
 .psocinit      0x000010a4      0x3b4 .\CortexM0\ARM_GCC_473\Debug\T-50_Project.a(cyfitter_cfg.o)
                0x00001258                cyfitter_cfg
                0x00001458                . = MAX (., 0x100)
 *(.text .text.* .gnu.linkonce.t.*)
 .text          0x00001458       0x60 c:/program files/cypress/psoc creator/3.0/psoc creator/import/gnu_cs/arm/4.7.3/bin/../lib/gcc/arm-none-eabi/4.7.3/armv6-m/crtbegin.o
 .text.UART_1_UartPutNum
                0x000014b8       0x30 .\CortexM0\ARM_GCC_473\Debug\main.o
                0x000014b8                UART_1_UartPutNum
 .text.main     0x000014e8      0x274 .\CortexM0\ARM_GCC_473\Debug\main.o
                0x000014e8                main
 .text.write_gyro_registry
                0x0000175c       0x80 .\CortexM0\ARM_GCC_473\Debug\IMU.o
                0x0000175c                write_gyro_registry
 .text.read_gyro_registry
                0x000017dc       0x60 .\CortexM0\ARM_GCC_473\Debug\IMU.o
                0x000017dc                read_gyro_registry
 .text.gyro_start
                0x0000183c       0x58 .\CortexM0\ARM_GCC_473\Debug\IMU.o
                0x0000183c                gyro_start
 *fill*         0x00001894        0x4 00
 .text.gyro_read
                0x00001898      0x1a0 .\CortexM0\ARM_GCC_473\Debug\IMU.o
                0x00001898                gyro_read
 .text.IntDefaultHandler
                0x00001a38        0x8 .\CortexM0\ARM_GCC_473\Debug\Cm0Start.o
                0x00001a38                IntDefaultHandler
 .text.Start_c  0x00001a40       0xa4 .\CortexM0\ARM_GCC_473\Debug\Cm0Start.o
                0x00001a40                Start_c
 .text.initialize_psoc
                0x00001ae4       0x74 .\CortexM0\ARM_GCC_473\Debug\Cm0Start.o
                0x00001ae4                initialize_psoc
 .text.CYMEMZERO
                0x00001b58       0x20 .\CortexM0\ARM_GCC_473\Debug\T-50_Project.a(cyfitter_cfg.o)
 .text.cfg_write_bytes32
                0x00001b78       0x80 .\CortexM0\ARM_GCC_473\Debug\T-50_Project.a(cyfitter_cfg.o)
 .text.AnalogSetDefault
                0x00001bf8        0x8 .\CortexM0\ARM_GCC_473\Debug\T-50_Project.a(cyfitter_cfg.o)
 .text          0x00001c00       0x20 .\CortexM0\ARM_GCC_473\Debug\T-50_Project.a(CyBootAsmGnu.o)
                0x00001c00                CyDelayCycles
                0x00001c12                CyEnterCriticalSection
                0x00001c1a                CyExitCriticalSection
 .text.CyIntSetVector
                0x00001c20       0x4c .\CortexM0\ARM_GCC_473\Debug\T-50_Project.a(CyLib.o)
                0x00001c20                CyIntSetVector
 .text.CyIntSetPriority
                0x00001c6c       0xa8 .\CortexM0\ARM_GCC_473\Debug\T-50_Project.a(CyLib.o)
                0x00001c6c                CyIntSetPriority
 .text.CyIntEnable
                0x00001d14       0x2c .\CortexM0\ARM_GCC_473\Debug\T-50_Project.a(CyLib.o)
                0x00001d14                CyIntEnable
 .text.CyIntDisable
                0x00001d40       0x2c .\CortexM0\ARM_GCC_473\Debug\T-50_Project.a(CyLib.o)
                0x00001d40                CyIntDisable
 .text.CyHalt   0x00001d6c       0x14 .\CortexM0\ARM_GCC_473\Debug\T-50_Project.a(CyLib.o)
                0x00001d6c                CyHalt
 .text.CySoftwareReset
                0x00001d80       0x20 .\CortexM0\ARM_GCC_473\Debug\T-50_Project.a(CyLib.o)
                0x00001d80                CySoftwareReset
 .text.CyDelay  0x00001da0       0x48 .\CortexM0\ARM_GCC_473\Debug\T-50_Project.a(CyLib.o)
                0x00001da0                CyDelay
 .text.CyDelayUs
                0x00001de8       0x28 .\CortexM0\ARM_GCC_473\Debug\T-50_Project.a(CyLib.o)
                0x00001de8                CyDelayUs
 .text.UART_1_Init
                0x00001e10        0xc .\CortexM0\ARM_GCC_473\Debug\T-50_Project.a(UART_1.o)
                0x00001e10                UART_1_Init
 .text.UART_1_Enable
                0x00001e1c       0x20 .\CortexM0\ARM_GCC_473\Debug\T-50_Project.a(UART_1.o)
                0x00001e1c                UART_1_Enable
 .text.UART_1_Start
                0x00001e3c       0x24 .\CortexM0\ARM_GCC_473\Debug\T-50_Project.a(UART_1.o)
                0x00001e3c                UART_1_Start
 .text.UART_1_ScbEnableIntr
                0x00001e60        0x8 .\CortexM0\ARM_GCC_473\Debug\T-50_Project.a(UART_1.o)
 .text.UART_1_UartInit
                0x00001e68       0xa8 .\CortexM0\ARM_GCC_473\Debug\T-50_Project.a(UART_1_UART.o)
                0x00001e68                UART_1_UartInit
 .text.UART_1_UartPutString
                0x00001f10       0x34 .\CortexM0\ARM_GCC_473\Debug\T-50_Project.a(UART_1_UART.o)
                0x00001f10                UART_1_UartPutString
 .text.TaskTimer_Init
                0x00001f44       0x38 .\CortexM0\ARM_GCC_473\Debug\T-50_Project.a(TaskTimer.o)
                0x00001f44                TaskTimer_Init
 .text.TaskTimer_Enable
                0x00001f7c       0x38 .\CortexM0\ARM_GCC_473\Debug\T-50_Project.a(TaskTimer.o)
                0x00001f7c                TaskTimer_Enable
 .text.TaskTimer_Start
                0x00001fb4       0x24 .\CortexM0\ARM_GCC_473\Debug\T-50_Project.a(TaskTimer.o)
                0x00001fb4                TaskTimer_Start
 .text.TaskTimer_WritePeriod
                0x00001fd8       0x1c .\CortexM0\ARM_GCC_473\Debug\T-50_Project.a(TaskTimer.o)
                0x00001fd8                TaskTimer_WritePeriod
 .text.TaskTimer_WriteCompare
                0x00001ff4       0x1c .\CortexM0\ARM_GCC_473\Debug\T-50_Project.a(TaskTimer.o)
                0x00001ff4                TaskTimer_WriteCompare
 .text.TaskTimer_TriggerCommand
                0x00002010       0x3c .\CortexM0\ARM_GCC_473\Debug\T-50_Project.a(TaskTimer.o)
                0x00002010                TaskTimer_TriggerCommand
 .text.TaskTimer_SetInterruptMode
                0x0000204c       0x18 .\CortexM0\ARM_GCC_473\Debug\T-50_Project.a(TaskTimer.o)
                0x0000204c                TaskTimer_SetInterruptMode
 .text.TaskTimer_ClearInterrupt
                0x00002064       0x18 .\CortexM0\ARM_GCC_473\Debug\T-50_Project.a(TaskTimer.o)
                0x00002064                TaskTimer_ClearInterrupt
 .text.TaskISR_Start
                0x0000207c       0x24 .\CortexM0\ARM_GCC_473\Debug\T-50_Project.a(TaskISR.o)
                0x0000207c                TaskISR_Start
 .text.TaskISR_Interrupt
                0x000020a0       0x18 .\CortexM0\ARM_GCC_473\Debug\T-50_Project.a(TaskISR.o)
                0x000020a0                TaskISR_Interrupt
 .text.TaskISR_SetVector
                0x000020b8       0x1c .\CortexM0\ARM_GCC_473\Debug\T-50_Project.a(TaskISR.o)
                0x000020b8                TaskISR_SetVector
 .text.TaskISR_SetPriority
                0x000020d4       0x50 .\CortexM0\ARM_GCC_473\Debug\T-50_Project.a(TaskISR.o)
                0x000020d4                TaskISR_SetPriority
 .text.TaskISR_Enable
                0x00002124       0x14 .\CortexM0\ARM_GCC_473\Debug\T-50_Project.a(TaskISR.o)
                0x00002124                TaskISR_Enable
 .text.TaskISR_Disable
                0x00002138       0x14 .\CortexM0\ARM_GCC_473\Debug\T-50_Project.a(TaskISR.o)
                0x00002138                TaskISR_Disable
 .text.NavLightPWM_Init
                0x0000214c       0x4c .\CortexM0\ARM_GCC_473\Debug\T-50_Project.a(NavLightPWM.o)
                0x0000214c                NavLightPWM_Init
 .text.NavLightPWM_Enable
                0x00002198       0x38 .\CortexM0\ARM_GCC_473\Debug\T-50_Project.a(NavLightPWM.o)
                0x00002198                NavLightPWM_Enable
 .text.NavLightPWM_Start
                0x000021d0       0x24 .\CortexM0\ARM_GCC_473\Debug\T-50_Project.a(NavLightPWM.o)
                0x000021d0                NavLightPWM_Start
 .text.NavLightPWM_WritePeriod
                0x000021f4       0x1c .\CortexM0\ARM_GCC_473\Debug\T-50_Project.a(NavLightPWM.o)
                0x000021f4                NavLightPWM_WritePeriod
 .text.NavLightPWM_WriteCompare
                0x00002210       0x1c .\CortexM0\ARM_GCC_473\Debug\T-50_Project.a(NavLightPWM.o)
                0x00002210                NavLightPWM_WriteCompare
 .text.NavLightPWM_TriggerCommand
                0x0000222c       0x3c .\CortexM0\ARM_GCC_473\Debug\T-50_Project.a(NavLightPWM.o)
                0x0000222c                NavLightPWM_TriggerCommand
 .text.NavLightPWM_SetInterruptMode
                0x00002268       0x18 .\CortexM0\ARM_GCC_473\Debug\T-50_Project.a(NavLightPWM.o)
                0x00002268                NavLightPWM_SetInterruptMode
 .text.BootISR_Start
                0x00002280       0x24 .\CortexM0\ARM_GCC_473\Debug\T-50_Project.a(BootISR.o)
                0x00002280                BootISR_Start
 .text.BootISR_Interrupt
                0x000022a4       0x24 .\CortexM0\ARM_GCC_473\Debug\T-50_Project.a(BootISR.o)
                0x000022a4                BootISR_Interrupt
 .text.BootISR_SetVector
                0x000022c8       0x18 .\CortexM0\ARM_GCC_473\Debug\T-50_Project.a(BootISR.o)
                0x000022c8                BootISR_SetVector
 .text.BootISR_SetPriority
                0x000022e0       0x50 .\CortexM0\ARM_GCC_473\Debug\T-50_Project.a(BootISR.o)
                0x000022e0                BootISR_SetPriority
 .text.BootISR_Enable
                0x00002330       0x14 .\CortexM0\ARM_GCC_473\Debug\T-50_Project.a(BootISR.o)
                0x00002330                BootISR_Enable
 .text.BootISR_Disable
                0x00002344       0x14 .\CortexM0\ARM_GCC_473\Debug\T-50_Project.a(BootISR.o)
                0x00002344                BootISR_Disable
 .text.SW1_ClearInterrupt
                0x00002358       0x30 .\CortexM0\ARM_GCC_473\Debug\T-50_Project.a(SW1.o)
                0x00002358                SW1_ClearInterrupt
 .text.PPMCounter_Init
                0x00002388       0x30 .\CortexM0\ARM_GCC_473\Debug\T-50_Project.a(PPMCounter.o)
                0x00002388                PPMCounter_Init
 .text.PPMCounter_Enable
                0x000023b8       0x38 .\CortexM0\ARM_GCC_473\Debug\T-50_Project.a(PPMCounter.o)
                0x000023b8                PPMCounter_Enable
 .text.PPMCounter_Start
                0x000023f0       0x24 .\CortexM0\ARM_GCC_473\Debug\T-50_Project.a(PPMCounter.o)
                0x000023f0                PPMCounter_Start
 .text.PPMCounter_WriteCounter
                0x00002414       0x1c .\CortexM0\ARM_GCC_473\Debug\T-50_Project.a(PPMCounter.o)
                0x00002414                PPMCounter_WriteCounter
 .text.PPMCounter_ReadCounter
                0x00002430       0x18 .\CortexM0\ARM_GCC_473\Debug\T-50_Project.a(PPMCounter.o)
                0x00002430                PPMCounter_ReadCounter
 .text.PPMCounter_WritePeriod
                0x00002448       0x1c .\CortexM0\ARM_GCC_473\Debug\T-50_Project.a(PPMCounter.o)
                0x00002448                PPMCounter_WritePeriod
 .text.PPMCounter_TriggerCommand
                0x00002464       0x3c .\CortexM0\ARM_GCC_473\Debug\T-50_Project.a(PPMCounter.o)
                0x00002464                PPMCounter_TriggerCommand
 .text.PPMCounter_SetInterruptMode
                0x000024a0       0x18 .\CortexM0\ARM_GCC_473\Debug\T-50_Project.a(PPMCounter.o)
                0x000024a0                PPMCounter_SetInterruptMode
 .text.PPMCounter_ClearInterrupt
                0x000024b8       0x18 .\CortexM0\ARM_GCC_473\Debug\T-50_Project.a(PPMCounter.o)
                0x000024b8                PPMCounter_ClearInterrupt
 .text.PPMISR_Start
                0x000024d0       0x24 .\CortexM0\ARM_GCC_473\Debug\T-50_Project.a(PPMISR.o)
                0x000024d0                PPMISR_Start
 .text.PPMISR_Interrupt
                0x000024f4       0x58 .\CortexM0\ARM_GCC_473\Debug\T-50_Project.a(PPMISR.o)
                0x000024f4                PPMISR_Interrupt
 .text.PPMISR_SetVector
                0x0000254c       0x1c .\CortexM0\ARM_GCC_473\Debug\T-50_Project.a(PPMISR.o)
                0x0000254c                PPMISR_SetVector
 .text.PPMISR_SetPriority
                0x00002568       0x4c .\CortexM0\ARM_GCC_473\Debug\T-50_Project.a(PPMISR.o)
                0x00002568                PPMISR_SetPriority
 .text.PPMISR_Enable
                0x000025b4       0x14 .\CortexM0\ARM_GCC_473\Debug\T-50_Project.a(PPMISR.o)
                0x000025b4                PPMISR_Enable
 .text.PPMISR_Disable
                0x000025c8       0x14 .\CortexM0\ARM_GCC_473\Debug\T-50_Project.a(PPMISR.o)
                0x000025c8                PPMISR_Disable
 .text.PPMRstISR_Start
                0x000025dc       0x24 .\CortexM0\ARM_GCC_473\Debug\T-50_Project.a(PPMRstISR.o)
                0x000025dc                PPMRstISR_Start
 .text.PPMRstISR_Interrupt
                0x00002600       0x24 .\CortexM0\ARM_GCC_473\Debug\T-50_Project.a(PPMRstISR.o)
                0x00002600                PPMRstISR_Interrupt
 .text.PPMRstISR_SetVector
                0x00002624       0x18 .\CortexM0\ARM_GCC_473\Debug\T-50_Project.a(PPMRstISR.o)
                0x00002624                PPMRstISR_SetVector
 .text.PPMRstISR_SetPriority
                0x0000263c       0x50 .\CortexM0\ARM_GCC_473\Debug\T-50_Project.a(PPMRstISR.o)
                0x0000263c                PPMRstISR_SetPriority
 .text.PPMRstISR_Enable
                0x0000268c       0x14 .\CortexM0\ARM_GCC_473\Debug\T-50_Project.a(PPMRstISR.o)
                0x0000268c                PPMRstISR_Enable
 .text.PPMRstISR_Disable
                0x000026a0       0x14 .\CortexM0\ARM_GCC_473\Debug\T-50_Project.a(PPMRstISR.o)
                0x000026a0                PPMRstISR_Disable
 .text.ServoTimer_Init
                0x000026b4       0x38 .\CortexM0\ARM_GCC_473\Debug\T-50_Project.a(ServoTimer.o)
                0x000026b4                ServoTimer_Init
 .text.ServoTimer_Enable
                0x000026ec       0x38 .\CortexM0\ARM_GCC_473\Debug\T-50_Project.a(ServoTimer.o)
                0x000026ec                ServoTimer_Enable
 .text.ServoTimer_Start
                0x00002724       0x24 .\CortexM0\ARM_GCC_473\Debug\T-50_Project.a(ServoTimer.o)
                0x00002724                ServoTimer_Start
 .text.ServoTimer_WriteCounter
                0x00002748       0x1c .\CortexM0\ARM_GCC_473\Debug\T-50_Project.a(ServoTimer.o)
                0x00002748                ServoTimer_WriteCounter
 .text.ServoTimer_WritePeriod
                0x00002764       0x1c .\CortexM0\ARM_GCC_473\Debug\T-50_Project.a(ServoTimer.o)
                0x00002764                ServoTimer_WritePeriod
 .text.ServoTimer_WriteCompare
                0x00002780       0x1c .\CortexM0\ARM_GCC_473\Debug\T-50_Project.a(ServoTimer.o)
                0x00002780                ServoTimer_WriteCompare
 .text.ServoTimer_TriggerCommand
                0x0000279c       0x3c .\CortexM0\ARM_GCC_473\Debug\T-50_Project.a(ServoTimer.o)
                0x0000279c                ServoTimer_TriggerCommand
 .text.ServoTimer_SetInterruptMode
                0x000027d8       0x18 .\CortexM0\ARM_GCC_473\Debug\T-50_Project.a(ServoTimer.o)
                0x000027d8                ServoTimer_SetInterruptMode
 .text.ServoTimer_ClearInterrupt
                0x000027f0       0x18 .\CortexM0\ARM_GCC_473\Debug\T-50_Project.a(ServoTimer.o)
                0x000027f0                ServoTimer_ClearInterrupt
 .text.ServoISR_Start
                0x00002808       0x24 .\CortexM0\ARM_GCC_473\Debug\T-50_Project.a(ServoISR.o)
                0x00002808                ServoISR_Start
 .text.ServoISR_Interrupt
                0x0000282c      0x1f0 .\CortexM0\ARM_GCC_473\Debug\T-50_Project.a(ServoISR.o)
                0x0000282c                ServoISR_Interrupt
 .text.ServoISR_SetVector
                0x00002a1c       0x1c .\CortexM0\ARM_GCC_473\Debug\T-50_Project.a(ServoISR.o)
                0x00002a1c                ServoISR_SetVector
 .text.ServoISR_SetPriority
                0x00002a38       0x50 .\CortexM0\ARM_GCC_473\Debug\T-50_Project.a(ServoISR.o)
                0x00002a38                ServoISR_SetPriority
 .text.ServoISR_Enable
                0x00002a88       0x14 .\CortexM0\ARM_GCC_473\Debug\T-50_Project.a(ServoISR.o)
                0x00002a88                ServoISR_Enable
 .text.ServoISR_Disable
                0x00002a9c       0x14 .\CortexM0\ARM_GCC_473\Debug\T-50_Project.a(ServoISR.o)
                0x00002a9c                ServoISR_Disable
 .text.Out_Mot_Pin_Write
                0x00002ab0       0x4c .\CortexM0\ARM_GCC_473\Debug\T-50_Project.a(Out_Mot_Pin.o)
                0x00002ab0                Out_Mot_Pin_Write
 .text.Out_Ail1_Pin_Write
                0x00002afc       0x4c .\CortexM0\ARM_GCC_473\Debug\T-50_Project.a(Out_Ail1_Pin.o)
                0x00002afc                Out_Ail1_Pin_Write
 .text.Out_Ail2_Pin_Write
                0x00002b48       0x48 .\CortexM0\ARM_GCC_473\Debug\T-50_Project.a(Out_Ail2_Pin.o)
                0x00002b48                Out_Ail2_Pin_Write
 .text.Out_Ele1_Pin_Write
                0x00002b90       0x4c .\CortexM0\ARM_GCC_473\Debug\T-50_Project.a(Out_Ele1_Pin.o)
                0x00002b90                Out_Ele1_Pin_Write
 .text.Out_Ele2_Pin_Write
                0x00002bdc       0x4c .\CortexM0\ARM_GCC_473\Debug\T-50_Project.a(Out_Ele2_Pin.o)
                0x00002bdc                Out_Ele2_Pin_Write
 .text.Out_Rud_Pin_Write
                0x00002c28       0x4c .\CortexM0\ARM_GCC_473\Debug\T-50_Project.a(Out_Rud_Pin.o)
                0x00002c28                Out_Rud_Pin_Write
 .text.Out_Fl1_Pin_Write
                0x00002c74       0x4c .\CortexM0\ARM_GCC_473\Debug\T-50_Project.a(Out_Fl1_Pin.o)
                0x00002c74                Out_Fl1_Pin_Write
 .text.Out_Fl2_Pin_Write
                0x00002cc0       0x4c .\CortexM0\ARM_GCC_473\Debug\T-50_Project.a(Out_Fl2_Pin.o)
                0x00002cc0                Out_Fl2_Pin_Write
 .text.Out_Ge1_Pin_Write
                0x00002d0c       0x4c .\CortexM0\ARM_GCC_473\Debug\T-50_Project.a(Out_Ge1_Pin.o)
                0x00002d0c                Out_Ge1_Pin_Write
 .text.Out_Ge2_Pin_Write
                0x00002d58       0x4c .\CortexM0\ARM_GCC_473\Debug\T-50_Project.a(Out_Ge2_Pin.o)
                0x00002d58                Out_Ge2_Pin_Write
 .text.Out_Ge3_Pin_Write
                0x00002da4       0x48 .\CortexM0\ARM_GCC_473\Debug\T-50_Project.a(Out_Ge3_Pin.o)
                0x00002da4                Out_Ge3_Pin_Write
 .text.Out_Sp1_Pin_Write
                0x00002dec       0x48 .\CortexM0\ARM_GCC_473\Debug\T-50_Project.a(Out_Sp1_Pin.o)
                0x00002dec                Out_Sp1_Pin_Write
 .text.Out_Sp2_Pin_Write
                0x00002e34       0x4c .\CortexM0\ARM_GCC_473\Debug\T-50_Project.a(Out_Sp2_Pin.o)
                0x00002e34                Out_Sp2_Pin_Write
 .text.I2CM_Init
                0x00002e80        0xc .\CortexM0\ARM_GCC_473\Debug\T-50_Project.a(I2CM.o)
                0x00002e80                I2CM_Init
 .text.I2CM_Enable
                0x00002e8c       0x20 .\CortexM0\ARM_GCC_473\Debug\T-50_Project.a(I2CM.o)
                0x00002e8c                I2CM_Enable
 .text.I2CM_Start
                0x00002eac       0x24 .\CortexM0\ARM_GCC_473\Debug\T-50_Project.a(I2CM.o)
                0x00002eac                I2CM_Start
 .text.I2CM_ScbEnableIntr
                0x00002ed0       0x10 .\CortexM0\ARM_GCC_473\Debug\T-50_Project.a(I2CM.o)
 .text.I2CM_I2CInit
                0x00002ee0       0xf0 .\CortexM0\ARM_GCC_473\Debug\T-50_Project.a(I2CM_I2C.o)
                0x00002ee0                I2CM_I2CInit
 .text.I2CM_I2CMasterSendStart
                0x00002fd0      0x10c .\CortexM0\ARM_GCC_473\Debug\T-50_Project.a(I2CM_I2C_MASTER.o)
                0x00002fd0                I2CM_I2CMasterSendStart
 .text.I2CM_I2CMasterSendRestart
                0x000030dc      0x108 .\CortexM0\ARM_GCC_473\Debug\T-50_Project.a(I2CM_I2C_MASTER.o)
                0x000030dc                I2CM_I2CMasterSendRestart
 .text.I2CM_I2CMasterWriteByte
                0x000031e4       0xcc .\CortexM0\ARM_GCC_473\Debug\T-50_Project.a(I2CM_I2C_MASTER.o)
                0x000031e4                I2CM_I2CMasterWriteByte
 .text.I2CM_I2CMasterReadByte
                0x000032b0       0xac .\CortexM0\ARM_GCC_473\Debug\T-50_Project.a(I2CM_I2C_MASTER.o)
                0x000032b0                I2CM_I2CMasterReadByte
 .text.I2CM_I2CReStartGeneration
                0x0000335c       0xb0 .\CortexM0\ARM_GCC_473\Debug\T-50_Project.a(I2CM_I2C_MASTER.o)
                0x0000335c                I2CM_I2CReStartGeneration
 .text.I2CM_sda_Read
                0x0000340c       0x1c .\CortexM0\ARM_GCC_473\Debug\T-50_Project.a(I2CM_sda.o)
                0x0000340c                I2CM_sda_Read
 .text.I2CM_scl_Write
                0x00003428       0x48 .\CortexM0\ARM_GCC_473\Debug\T-50_Project.a(I2CM_scl.o)
                0x00003428                I2CM_scl_Write
 .text.I2CM_scl_Read
                0x00003470       0x1c .\CortexM0\ARM_GCC_473\Debug\T-50_Project.a(I2CM_scl.o)
                0x00003470                I2CM_scl_Read
 .text.Bootloadable_1_Load
                0x0000348c       0x18 .\CortexM0\ARM_GCC_473\Debug\T-50_Project.a(Bootloadable_1.o)
                0x0000348c                Bootloadable_1_Load
 .text.UART_1_SpiUartWriteTxData
                0x000034a4       0x2c .\CortexM0\ARM_GCC_473\Debug\T-50_Project.a(UART_1_SPI_UART.o)
                0x000034a4                UART_1_SpiUartWriteTxData
 .text.I2CM_I2C_ISR
                0x000034d0      0x4e8 .\CortexM0\ARM_GCC_473\Debug\T-50_Project.a(I2CM_I2C_INT.o)
                0x000034d0                I2CM_I2C_ISR
 .text          0x000039b8       0x9c c:/program files/cypress/psoc creator/3.0/psoc creator/import/gnu_cs/arm/4.7.3/bin/../lib/gcc/arm-none-eabi/4.7.3/armv6-m\libgcc.a(_udivsi3.o)
                0x000039b8                __aeabi_uidiv
                0x000039b8                __udivsi3
                0x00003a40                __aeabi_uidivmod
 .text          0x00003a54        0x4 c:/program files/cypress/psoc creator/3.0/psoc creator/import/gnu_cs/arm/4.7.3/bin/../lib/gcc/arm-none-eabi/4.7.3/armv6-m\libgcc.a(_dvmd_tls.o)
                0x00003a54                __aeabi_idiv0
                0x00003a54                __aeabi_ldiv0
 .text          0x00003a58      0x4e4 c:/program files/cypress/psoc creator/3.0/psoc creator/import/gnu_cs/arm/4.7.3/bin/../lib/gcc/arm-none-eabi/4.7.3/armv6-m\libgcc.a(muldf3.o)
                0x00003a58                __aeabi_dmul
 .text          0x00003f3c       0x68 c:/program files/cypress/psoc creator/3.0/psoc creator/import/gnu_cs/arm/4.7.3/bin/../lib/gcc/arm-none-eabi/4.7.3/armv6-m\libgcc.a(fixdfsi.o)
                0x00003f3c                __aeabi_d2iz
 .text          0x00003fa4       0x74 c:/program files/cypress/psoc creator/3.0/psoc creator/import/gnu_cs/arm/4.7.3/bin/../lib/gcc/arm-none-eabi/4.7.3/armv6-m\libgcc.a(floatsidf.o)
                0x00003fa4                __aeabi_i2d
 .text          0x00004018       0x3c c:/program files/cypress/psoc creator/3.0/psoc creator/import/gnu_cs/arm/4.7.3/bin/../lib/gcc/arm-none-eabi/4.7.3/armv6-m\libgcc.a(_clzsi2.o)
                0x00004018                __clzsi2
 .text.__libc_init_array
                0x00004054       0x4c c:/program files/cypress/psoc creator/3.0/psoc creator/import/gnu_cs/arm/4.7.3/bin/../lib/gcc/arm-none-eabi/4.7.3/../../../../arm-none-eabi/lib/armv6-m\libc_s.a(lib_a-init.o)
                0x00004054                __libc_init_array
 .text.memcpy   0x000040a0       0x12 c:/program files/cypress/psoc creator/3.0/psoc creator/import/gnu_cs/arm/4.7.3/bin/../lib/gcc/arm-none-eabi/4.7.3/../../../../arm-none-eabi/lib/armv6-m\libc_s.a(lib_a-memcpy.o)
                0x000040a0                memcpy
 .text.memset   0x000040b2       0x12 c:/program files/cypress/psoc creator/3.0/psoc creator/import/gnu_cs/arm/4.7.3/bin/../lib/gcc/arm-none-eabi/4.7.3/../../../../arm-none-eabi/lib/armv6-m\libc_s.a(lib_a-memset.o)
                0x000040b2                memset
 .text.sprintf  0x000040c4       0x44 c:/program files/cypress/psoc creator/3.0/psoc creator/import/gnu_cs/arm/4.7.3/bin/../lib/gcc/arm-none-eabi/4.7.3/../../../../arm-none-eabi/lib/armv6-m\libc_s.a(lib_a-sprintf.o)
                0x000040c4                siprintf
                0x000040c4                sprintf
 .text.__ssputc_r
                0x00004108       0xb0 c:/program files/cypress/psoc creator/3.0/psoc creator/import/gnu_cs/arm/4.7.3/bin/../lib/gcc/arm-none-eabi/4.7.3/../../../../arm-none-eabi/lib/armv6-m\libc_s.a(lib_a-svfprintf.o)
                0x00004108                __ssputc_r
 .text._svfprintf_r
                0x000041b8      0x1f8 c:/program files/cypress/psoc creator/3.0/psoc creator/import/gnu_cs/arm/4.7.3/bin/../lib/gcc/arm-none-eabi/4.7.3/../../../../arm-none-eabi/lib/armv6-m\libc_s.a(lib_a-svfprintf.o)
                0x000041b8                _svfiprintf_r
                0x000041b8                _svfprintf_r
 .text._printf_common
                0x000043b0       0xe0 c:/program files/cypress/psoc creator/3.0/psoc creator/import/gnu_cs/arm/4.7.3/bin/../lib/gcc/arm-none-eabi/4.7.3/../../../../arm-none-eabi/lib/armv6-m\libc_s.a(lib_a-vfprintf_i.o)
                0x000043b0                _printf_common
 .text._printf_i
                0x00004490      0x234 c:/program files/cypress/psoc creator/3.0/psoc creator/import/gnu_cs/arm/4.7.3/bin/../lib/gcc/arm-none-eabi/4.7.3/../../../../arm-none-eabi/lib/armv6-m\libc_s.a(lib_a-vfprintf_i.o)
                0x00004490                _printf_i
 .text._free_r  0x000046c4       0x90 c:/program files/cypress/psoc creator/3.0/psoc creator/import/gnu_cs/arm/4.7.3/bin/../lib/gcc/arm-none-eabi/4.7.3/../../../../arm-none-eabi/lib/armv6-m\libc_s.a(lib_a-freer.o)
                0x000046c4                _free_r
 .text._malloc_r
                0x00004754       0x94 c:/program files/cypress/psoc creator/3.0/psoc creator/import/gnu_cs/arm/4.7.3/bin/../lib/gcc/arm-none-eabi/4.7.3/../../../../arm-none-eabi/lib/armv6-m\libc_s.a(lib_a-mallocr.o)
                0x00004754                _malloc_r
 .text.memchr   0x000047e8       0x18 c:/program files/cypress/psoc creator/3.0/psoc creator/import/gnu_cs/arm/4.7.3/bin/../lib/gcc/arm-none-eabi/4.7.3/../../../../arm-none-eabi/lib/armv6-m\libc_s.a(lib_a-memchr.o)
                0x000047e8                memchr
 .text._realloc_r
                0x00004800       0x4c c:/program files/cypress/psoc creator/3.0/psoc creator/import/gnu_cs/arm/4.7.3/bin/../lib/gcc/arm-none-eabi/4.7.3/../../../../arm-none-eabi/lib/armv6-m\libc_s.a(lib_a-reallocr.o)
                0x00004800                _realloc_r
 .text._sbrk_r  0x0000484c       0x24 c:/program files/cypress/psoc creator/3.0/psoc creator/import/gnu_cs/arm/4.7.3/bin/../lib/gcc/arm-none-eabi/4.7.3/../../../../arm-none-eabi/lib/armv6-m\libc_s.a(lib_a-sbrkr.o)
                0x0000484c                _sbrk_r
 .text.strlen   0x00004870        0xe c:/program files/cypress/psoc creator/3.0/psoc creator/import/gnu_cs/arm/4.7.3/bin/../lib/gcc/arm-none-eabi/4.7.3/../../../../arm-none-eabi/lib/armv6-m\libc_s.a(lib_a-strlen.o)
                0x00004870                strlen
 .text._malloc_usable_size_r
                0x0000487e       0x14 c:/program files/cypress/psoc creator/3.0/psoc creator/import/gnu_cs/arm/4.7.3/bin/../lib/gcc/arm-none-eabi/4.7.3/../../../../arm-none-eabi/lib/armv6-m\libc_s.a(lib_a-msizer.o)
                0x0000487e                _malloc_usable_size_r
 *fill*         0x00004892        0x2 00
 .text._sbrk    0x00004894       0x38 c:/program files/cypress/psoc creator/3.0/psoc creator/import/gnu_cs/arm/4.7.3/bin/../lib/gcc/arm-none-eabi/4.7.3/../../../../arm-none-eabi/lib/armv6-m\libnosys.a(sbrk.o)
                0x00004894                _sbrk
 *(.plt)
 *(.gnu.warning)
 *(.glue_7t)
 .glue_7t       0x00000000        0x0 linker stubs
 *(.glue_7)
 .glue_7        0x00000000        0x0 linker stubs
 *(.vfp11_veneer)
 .vfp11_veneer  0x00000000        0x0 linker stubs
 *(.bootloader)
 *(.ARM.extab* .gnu.linkonce.armextab.*)
 *(.gcc_except_table)

.v4_bx          0x000048cc        0x0
 .v4_bx         0x00000000        0x0 linker stubs

.iplt           0x000048cc        0x0
 .iplt          0x00000000        0x0 c:/program files/cypress/psoc creator/3.0/psoc creator/import/gnu_cs/arm/4.7.3/bin/../lib/gcc/arm-none-eabi/4.7.3/armv6-m/crtbegin.o

.eh_frame_hdr
 *(.eh_frame_hdr)

.eh_frame       0x000048cc        0x4
 *(.eh_frame)
 .eh_frame      0x000048cc        0x0 c:/program files/cypress/psoc creator/3.0/psoc creator/import/gnu_cs/arm/4.7.3/bin/../lib/gcc/arm-none-eabi/4.7.3/armv6-m/crtbegin.o
 .eh_frame      0x000048cc        0x4 c:/program files/cypress/psoc creator/3.0/psoc creator/import/gnu_cs/arm/4.7.3/bin/../lib/gcc/arm-none-eabi/4.7.3/armv6-m/crtend.o
                0x000048d0                PROVIDE (__exidx_start, .)

.ARM.exidx
 *(.ARM.exidx* .gnu.linkonce.armexidx.*)
                0x000048d0                __exidx_end = .

.rodata         0x000048d0      0x310
 *(.rodata .rodata.* .gnu.linkonce.r.*)
 .rodata        0x000048d0       0x28 .\CortexM0\ARM_GCC_473\Debug\main.o
 .rodata        0x000048f8       0x70 .\CortexM0\ARM_GCC_473\Debug\IMU.o
 .rodata        0x00004968      0x18c .\CortexM0\ARM_GCC_473\Debug\T-50_Project.a(cyfitter_cfg.o)
 .rodata        0x00004af4        0x8 .\CortexM0\ARM_GCC_473\Debug\T-50_Project.a(BootISR.o)
 .rodata        0x00004afc       0x34 .\CortexM0\ARM_GCC_473\Debug\T-50_Project.a(ServoISR.o)
 .rodata        0x00004b30       0x40 c:/program files/cypress/psoc creator/3.0/psoc creator/import/gnu_cs/arm/4.7.3/bin/../lib/gcc/arm-none-eabi/4.7.3/armv6-m\libgcc.a(muldf3.o)
 .rodata.str1.1
                0x00004b70        0x2 c:/program files/cypress/psoc creator/3.0/psoc creator/import/gnu_cs/arm/4.7.3/bin/../lib/gcc/arm-none-eabi/4.7.3/../../../../arm-none-eabi/lib/armv6-m\libc_s.a(lib_a-impure.o)
 .rodata.str1.1
                0x00004b72       0x11 c:/program files/cypress/psoc creator/3.0/psoc creator/import/gnu_cs/arm/4.7.3/bin/../lib/gcc/arm-none-eabi/4.7.3/../../../../arm-none-eabi/lib/armv6-m\libc_s.a(lib_a-svfprintf.o)
 .rodata.str1.1
                0x00004b83       0x22 c:/program files/cypress/psoc creator/3.0/psoc creator/import/gnu_cs/arm/4.7.3/bin/../lib/gcc/arm-none-eabi/4.7.3/../../../../arm-none-eabi/lib/armv6-m\libc_s.a(lib_a-vfprintf_i.o)
                0x00004ba8                . = ALIGN (0x4)
 *fill*         0x00004ba5        0x3 00
 *(.init)
 .init          0x00004ba8        0x4 c:/program files/cypress/psoc creator/3.0/psoc creator/import/gnu_cs/arm/4.7.3/bin/../lib/gcc/arm-none-eabi/4.7.3/armv6-m/crti.o
                0x00004ba8                _init
 .init          0x00004bac        0x8 c:/program files/cypress/psoc creator/3.0/psoc creator/import/gnu_cs/arm/4.7.3/bin/../lib/gcc/arm-none-eabi/4.7.3/armv6-m/crtn.o
                0x00004bb4                . = ALIGN (0x4)
                0x00004bb4                __preinit_array_start = .
 *(.preinit_array)
                0x00004bb4                __preinit_array_end = .
                0x00004bb4                . = ALIGN (0x4)
                0x00004bb4                __init_array_start = .
 *(SORT(.init_array.*))
 *(.init_array)
 .init_array    0x00004bb4        0x4 c:/program files/cypress/psoc creator/3.0/psoc creator/import/gnu_cs/arm/4.7.3/bin/../lib/gcc/arm-none-eabi/4.7.3/armv6-m/crtbegin.o
 .init_array    0x00004bb8        0x4 .\CortexM0\ARM_GCC_473\Debug\Cm0Start.o
                0x00004bbc                __init_array_end = .
                0x00004bbc                . = ALIGN (0x4)
 *(.fini)
 .fini          0x00004bbc        0x4 c:/program files/cypress/psoc creator/3.0/psoc creator/import/gnu_cs/arm/4.7.3/bin/../lib/gcc/arm-none-eabi/4.7.3/armv6-m/crti.o
                0x00004bbc                _fini
 .fini          0x00004bc0        0x8 c:/program files/cypress/psoc creator/3.0/psoc creator/import/gnu_cs/arm/4.7.3/bin/../lib/gcc/arm-none-eabi/4.7.3/armv6-m/crtn.o
                0x00004bc8                . = ALIGN (0x4)
                0x00004bc8                __fini_array_start = .
 *(.fini_array)
 .fini_array    0x00004bc8        0x4 c:/program files/cypress/psoc creator/3.0/psoc creator/import/gnu_cs/arm/4.7.3/bin/../lib/gcc/arm-none-eabi/4.7.3/armv6-m/crtbegin.o
 *(SORT(.fini_array.*))
                0x00004bcc                __fini_array_end = .
                0x00004bcc                . = ALIGN (0x4)
 *crtbegin.o(.ctors)
 *(EXCLUDE_FILE(*crtend.o) .ctors)
 *(SORT(.ctors.*))
 *crtend.o(.ctors)
                0x00004bcc                . = ALIGN (0x4)
 *crtbegin.o(.dtors)
 *(EXCLUDE_FILE(*crtend.o) .dtors)
 *(SORT(.dtors.*))
 *crtend.o(.dtors)
                0x00004bcc                . = ALIGN (0x4)
                0x00004bcc                __cy_regions = .
                0x00004bcc        0x4 LONG 0x4be0 __cy_region_init_ram
                0x00004bd0        0x4 LONG 0x200000d0 __cy_region_start_data
                0x00004bd4        0x4 LONG 0x88 __cy_region_init_size_ram
                0x00004bd8        0x4 LONG 0xc0 __cy_region_zero_size_ram
                0x00004bdc                __cy_regions_end = .
                0x00004be0                . = ALIGN (0x8)
 *fill*         0x00004bdc        0x4 00
                0x00004be0                _etext = .

.ramvectors     0x20000000       0xc0
                0x20000000                __cy_region_start_ram = .
 *(.ramvectors)
 .ramvectors    0x20000000       0xc0 .\CortexM0\ARM_GCC_473\Debug\Cm0Start.o
                0x20000000                CyRamVectors

.btldr_run      0x200000c0        0x4
 *(.bootloaderruntype)
 .bootloaderruntype
                0x200000c0        0x4 .\CortexM0\ARM_GCC_473\Debug\Cm0Start.o
                0x200000c0                cyBtldrRunType

.noinit         0x200000c8        0x4
 *(.noinit)
 .noinit        0x200000c8        0x4 .\CortexM0\ARM_GCC_473\Debug\Cm0Start.o

.data           0x200000d0       0x88 load address 0x00004be0
                0x200000d0                __cy_region_start_data = .
 *(.jcr)
 .jcr           0x200000d0        0x0 c:/program files/cypress/psoc creator/3.0/psoc creator/import/gnu_cs/arm/4.7.3/bin/../lib/gcc/arm-none-eabi/4.7.3/armv6-m/crtbegin.o
 .jcr           0x200000d0        0x4 c:/program files/cypress/psoc creator/3.0/psoc creator/import/gnu_cs/arm/4.7.3/bin/../lib/gcc/arm-none-eabi/4.7.3/armv6-m/crtend.o
 *(.got.plt)
 *(.got)
 *(.shdata)
 *(.data .data.* .gnu.linkonce.d.*)
 .data          0x200000d4        0x6 .\CortexM0\ARM_GCC_473\Debug\main.o
                0x200000d4                flag_LightsEnabled
                0x200000d6                NavLightBright
                0x200000d8                NavLightStep
 *fill*         0x200000da        0x2 00
 .data          0x200000dc        0x4 .\CortexM0\ARM_GCC_473\Debug\T-50_Project.a(cyfitter_cfg.o)
 .data          0x200000e0       0x10 .\CortexM0\ARM_GCC_473\Debug\T-50_Project.a(CyLib.o)
                0x200000e0                cydelayFreqHz
                0x200000e4                cydelayFreqKhz
                0x200000e8                cydelayFreqMhz
                0x200000ec                cydelay32kMs
 .data.impure_data
                0x200000f0       0x64 c:/program files/cypress/psoc creator/3.0/psoc creator/import/gnu_cs/arm/4.7.3/bin/../lib/gcc/arm-none-eabi/4.7.3/../../../../arm-none-eabi/lib/armv6-m\libc_s.a(lib_a-impure.o)
 .data._impure_ptr
                0x20000154        0x4 c:/program files/cypress/psoc creator/3.0/psoc creator/import/gnu_cs/arm/4.7.3/bin/../lib/gcc/arm-none-eabi/4.7.3/../../../../arm-none-eabi/lib/armv6-m\libc_s.a(lib_a-impure.o)
                0x20000154                _impure_ptr
                0x20000158                . = ALIGN (0x8)
 *(.ram)
                0x20000158                _edata = .

.igot.plt       0x20000158        0x0 load address 0x00004c68
 .igot.plt      0x00000000        0x0 c:/program files/cypress/psoc creator/3.0/psoc creator/import/gnu_cs/arm/4.7.3/bin/../lib/gcc/arm-none-eabi/4.7.3/armv6-m/crtbegin.o

.bss            0x20000158       0xc0 load address 0x00004c68
                0x20000158                PROVIDE (__bss_start__, .)
 *(.shbss)
 *(.bss .bss.* .gnu.linkonce.b.*)
 .bss           0x20000158       0x1c c:/program files/cypress/psoc creator/3.0/psoc creator/import/gnu_cs/arm/4.7.3/bin/../lib/gcc/arm-none-eabi/4.7.3/armv6-m/crtbegin.o
 .bss           0x20000174       0x3c .\CortexM0\ARM_GCC_473\Debug\main.o
                0x20000174                task_flag
                0x20000175                blink_cnt
                0x20000176                PPM_channel
                0x20000178                ctrl_in
                0x20000188                ctrl_out
                0x200001a2                flag_NavLightPulse
                0x200001a4                NavLightDim
                0x200001a6                NavLightCompare
                0x200001a8                turn_rate_p
                0x200001aa                turn_rate_q
                0x200001ac                turn_rate_r
 .bss           0x200001b0       0x1c .\CortexM0\ARM_GCC_473\Debug\IMU.o
                0x200001b0                gyro_x_h
                0x200001b1                gyro_x_l
                0x200001b2                gyro_x
                0x200001b4                gyro_p
                0x200001b6                gyro_y_h
                0x200001b7                gyro_y_l
                0x200001b8                gyro_y
                0x200001ba                gyro_q
                0x200001bc                gyro_z_h
                0x200001bd                gyro_z_l
                0x200001be                gyro_z
                0x200001c0                gyro_r
                0x200001c2                temperature
                0x200001c4                gyro_p_offset
                0x200001c6                gyro_q_offset
                0x200001c8                gyro_r_offset
                0x200001ca                error_stat
 .bss           0x200001cc        0x8 .\CortexM0\ARM_GCC_473\Debug\T-50_Project.a(UART_1.o)
                0x200001cc                UART_1_initVar
                0x200001d0                UART_1_customIntrHandler
 .bss           0x200001d4        0x1 .\CortexM0\ARM_GCC_473\Debug\T-50_Project.a(TaskTimer.o)
                0x200001d4                TaskTimer_initVar
 .bss           0x200001d5        0x1 .\CortexM0\ARM_GCC_473\Debug\T-50_Project.a(NavLightPWM.o)
                0x200001d5                NavLightPWM_initVar
 .bss           0x200001d6        0x1 .\CortexM0\ARM_GCC_473\Debug\T-50_Project.a(PPMCounter.o)
                0x200001d6                PPMCounter_initVar
 .bss           0x200001d7        0x1 .\CortexM0\ARM_GCC_473\Debug\T-50_Project.a(PPMRstISR.o)
                0x200001d7                overflow
 .bss           0x200001d8        0x1 .\CortexM0\ARM_GCC_473\Debug\T-50_Project.a(ServoTimer.o)
                0x200001d8                ServoTimer_initVar
 .bss           0x200001d9        0x1 .\CortexM0\ARM_GCC_473\Debug\T-50_Project.a(ServoISR.o)
                0x200001d9                PWM_channel
 *fill*         0x200001da        0x2 00
 .bss           0x200001dc        0x8 .\CortexM0\ARM_GCC_473\Debug\T-50_Project.a(I2CM.o)
                0x200001dc                I2CM_initVar
                0x200001e0                I2CM_customIntrHandler
 .bss.__malloc_free_list
                0x200001e4        0x4 c:/program files/cypress/psoc creator/3.0/psoc creator/import/gnu_cs/arm/4.7.3/bin/../lib/gcc/arm-none-eabi/4.7.3/../../../../arm-none-eabi/lib/armv6-m\libc_s.a(lib_a-mallocr.o)
                0x200001e4                __malloc_free_list
 .bss.heap_end.4231
                0x200001e8        0x4 c:/program files/cypress/psoc creator/3.0/psoc creator/import/gnu_cs/arm/4.7.3/bin/../lib/gcc/arm-none-eabi/4.7.3/../../../../arm-none-eabi/lib/armv6-m\libnosys.a(sbrk.o)
 *(COMMON)
 COMMON         0x200001ec        0x1 .\CortexM0\ARM_GCC_473\Debug\T-50_Project.a(I2CM_I2C.o)
                0x200001ec                I2CM_state
 *fill*         0x200001ed        0x3 00
 COMMON         0x200001f0       0x24 .\CortexM0\ARM_GCC_473\Debug\T-50_Project.a(I2CM_I2C_MASTER.o)
                0x200001f0                I2CM_mstrRdBufPtr
                0x200001f4                I2CM_mstrWrBufPtr
                0x200001f8                I2CM_mstrRdBufIndex
                0x200001fc                I2CM_mstrStatus
                0x20000200                I2CM_mstrWrBufIndex
                0x20000204                I2CM_mstrControl
                0x20000208                I2CM_mstrWrBufIndexTmp
                0x2000020c                I2CM_mstrRdBufSize
                0x20000210                I2CM_mstrWrBufSize
 COMMON         0x20000214        0x4 c:/program files/cypress/psoc creator/3.0/psoc creator/import/gnu_cs/arm/4.7.3/bin/../lib/gcc/arm-none-eabi/4.7.3/../../../../arm-none-eabi/lib/armv6-m\libc_s.a(lib_a-reent.o)
                0x20000214                errno
                0x20000218                . = ALIGN (0x8)
 *(.ram.b)
                0x20000218                _end = .
                0x20000218                __end = .
                0x20000218                PROVIDE (end, .)
                0x20000218                PROVIDE (__bss_end__, .)
                0x00004be0                __cy_region_init_ram = LOADADDR (.data)
                0x00000088                __cy_region_init_size_ram = (_edata - ADDR (.data))
                0x000000c0                __cy_region_zero_size_ram = (_end - _edata)

.heap           0x20000218      0x100 load address 0x00004c68
                0x20000218                . = _end
                0x20000318                . = (. + 0x100)
 *fill*         0x20000218      0x100 00
                0x20000318                __cy_heap_limit = .

.stack          0x20000c00      0x400
                0x20000c00                __cy_stack_limit = .
                0x20001000                . = (. + 0x400)
 *fill*         0x20000c00      0x400 00
                0x00000001                ASSERT ((__cy_stack_limit >= __cy_heap_limit), region RAM overflowed with stack)

.cyloadermeta   0xf0000000       0x40
 *(.cyloadermeta)
 .cyloadermeta  0xf0000000       0x40 .\CortexM0\ARM_GCC_473\Debug\cybootloader.o
                0xf0000000                cy_meta_loader

.cyloadablemeta
                0x00007fc0       0x40
 *(.cyloadablemeta)
 .cyloadablemeta
                0x00007fc0       0x40 .\CortexM0\ARM_GCC_473\Debug\cymetadata.o
                0x00007fc0                cy_meta_loadable

.cyflashprotect
                0x90400000       0x20
 *(.cyflashprotect)
 .cyflashprotect
                0x90400000       0x20 .\CortexM0\ARM_GCC_473\Debug\cybootloader.o
                0x90400000                cy_meta_flashprotect

.cymeta         0x90500000        0xc
 *(.cymeta)
 .cymeta        0x90500000        0xc .\CortexM0\ARM_GCC_473\Debug\cybootloader.o
                0x90500000                cy_metadata

.cychipprotect  0x90600000        0x4
 *(.cychipprotect)
 .cychipprotect
                0x90600000        0x4 .\CortexM0\ARM_GCC_473\Debug\cybootloader.o
                0x90600000                cy_meta_chipprotect

.rel.dyn        0x00008000        0x0 load address 0x90600004
 .rel.iplt      0x00000000        0x0 c:/program files/cypress/psoc creator/3.0/psoc creator/import/gnu_cs/arm/4.7.3/bin/../lib/gcc/arm-none-eabi/4.7.3/armv6-m/crtbegin.o

.stab
 *(.stab)

.stabstr
 *(.stabstr)

.debug
 *(.debug)

.line
 *(.line)

.debug_srcinfo
 *(.debug_srcinfo)

.debug_sfnames
 *(.debug_sfnames)

.debug_aranges  0x00000000     0x1170
 *(.debug_aranges)
 .debug_aranges
                0x00000000       0x28 .\CortexM0\ARM_GCC_473\Debug\main.o
 .debug_aranges
                0x00000028       0x48 .\CortexM0\ARM_GCC_473\Debug\IMU.o
 .debug_aranges
                0x00000070       0x18 .\CortexM0\ARM_GCC_473\Debug\cybootloader.o
 .debug_aranges
                0x00000088       0x18 .\CortexM0\ARM_GCC_473\Debug\cymetadata.o
 .debug_aranges
                0x000000a0       0x40 .\CortexM0\ARM_GCC_473\Debug\Cm0Start.o
 .debug_aranges
                0x000000e0       0x58 .\CortexM0\ARM_GCC_473\Debug\T-50_Project.a(cyfitter_cfg.o)
 .debug_aranges
                0x00000138       0x20 .\CortexM0\ARM_GCC_473\Debug\T-50_Project.a(CyBootAsmGnu.o)
 .debug_aranges
                0x00000158      0x1a0 .\CortexM0\ARM_GCC_473\Debug\T-50_Project.a(CyLib.o)
 .debug_aranges
                0x000002f8       0x50 .\CortexM0\ARM_GCC_473\Debug\T-50_Project.a(UART_1.o)
 .debug_aranges
                0x00000348       0x50 .\CortexM0\ARM_GCC_473\Debug\T-50_Project.a(UART_1_UART.o)
 .debug_aranges
                0x00000398      0x158 .\CortexM0\ARM_GCC_473\Debug\T-50_Project.a(TaskTimer.o)
 .debug_aranges
                0x000004f0       0x80 .\CortexM0\ARM_GCC_473\Debug\T-50_Project.a(TaskISR.o)
 .debug_aranges
                0x00000570      0x158 .\CortexM0\ARM_GCC_473\Debug\T-50_Project.a(NavLightPWM.o)
 .debug_aranges
                0x000006c8       0x80 .\CortexM0\ARM_GCC_473\Debug\T-50_Project.a(BootISR.o)
 .debug_aranges
                0x00000748       0x40 .\CortexM0\ARM_GCC_473\Debug\T-50_Project.a(SW1.o)
 .debug_aranges
                0x00000788      0x158 .\CortexM0\ARM_GCC_473\Debug\T-50_Project.a(PPMCounter.o)
 .debug_aranges
                0x000008e0       0x80 .\CortexM0\ARM_GCC_473\Debug\T-50_Project.a(PPMISR.o)
 .debug_aranges
                0x00000960       0x80 .\CortexM0\ARM_GCC_473\Debug\T-50_Project.a(PPMRstISR.o)
 .debug_aranges
                0x000009e0      0x158 .\CortexM0\ARM_GCC_473\Debug\T-50_Project.a(ServoTimer.o)
 .debug_aranges
                0x00000b38       0x80 .\CortexM0\ARM_GCC_473\Debug\T-50_Project.a(ServoISR.o)
 .debug_aranges
                0x00000bb8       0x40 .\CortexM0\ARM_GCC_473\Debug\T-50_Project.a(Out_Mot_Pin.o)
 .debug_aranges
                0x00000bf8       0x40 .\CortexM0\ARM_GCC_473\Debug\T-50_Project.a(Out_Ail1_Pin.o)
 .debug_aranges
                0x00000c38       0x40 .\CortexM0\ARM_GCC_473\Debug\T-50_Project.a(Out_Ail2_Pin.o)
 .debug_aranges
                0x00000c78       0x40 .\CortexM0\ARM_GCC_473\Debug\T-50_Project.a(Out_Ele1_Pin.o)
 .debug_aranges
                0x00000cb8       0x40 .\CortexM0\ARM_GCC_473\Debug\T-50_Project.a(Out_Ele2_Pin.o)
 .debug_aranges
                0x00000cf8       0x40 .\CortexM0\ARM_GCC_473\Debug\T-50_Project.a(Out_Rud_Pin.o)
 .debug_aranges
                0x00000d38       0x40 .\CortexM0\ARM_GCC_473\Debug\T-50_Project.a(Out_Fl1_Pin.o)
 .debug_aranges
                0x00000d78       0x40 .\CortexM0\ARM_GCC_473\Debug\T-50_Project.a(Out_Fl2_Pin.o)
 .debug_aranges
                0x00000db8       0x40 .\CortexM0\ARM_GCC_473\Debug\T-50_Project.a(Out_Ge1_Pin.o)
 .debug_aranges
                0x00000df8       0x40 .\CortexM0\ARM_GCC_473\Debug\T-50_Project.a(Out_Ge2_Pin.o)
 .debug_aranges
                0x00000e38       0x40 .\CortexM0\ARM_GCC_473\Debug\T-50_Project.a(Out_Ge3_Pin.o)
 .debug_aranges
                0x00000e78       0x40 .\CortexM0\ARM_GCC_473\Debug\T-50_Project.a(Out_Sp1_Pin.o)
 .debug_aranges
                0x00000eb8       0x40 .\CortexM0\ARM_GCC_473\Debug\T-50_Project.a(Out_Sp2_Pin.o)
 .debug_aranges
                0x00000ef8       0x50 .\CortexM0\ARM_GCC_473\Debug\T-50_Project.a(I2CM.o)
 .debug_aranges
                0x00000f48       0x28 .\CortexM0\ARM_GCC_473\Debug\T-50_Project.a(I2CM_I2C.o)
 .debug_aranges
                0x00000f70       0x88 .\CortexM0\ARM_GCC_473\Debug\T-50_Project.a(I2CM_I2C_MASTER.o)
 .debug_aranges
                0x00000ff8       0x40 .\CortexM0\ARM_GCC_473\Debug\T-50_Project.a(I2CM_sda.o)
 .debug_aranges
                0x00001038       0x40 .\CortexM0\ARM_GCC_473\Debug\T-50_Project.a(I2CM_scl.o)
 .debug_aranges
                0x00001078       0x28 .\CortexM0\ARM_GCC_473\Debug\T-50_Project.a(Bootloadable_1.o)
 .debug_aranges
                0x000010a0       0x50 .\CortexM0\ARM_GCC_473\Debug\T-50_Project.a(CyFlash.o)
 .debug_aranges
                0x000010f0       0x60 .\CortexM0\ARM_GCC_473\Debug\T-50_Project.a(UART_1_SPI_UART.o)
 .debug_aranges
                0x00001150       0x20 .\CortexM0\ARM_GCC_473\Debug\T-50_Project.a(I2CM_I2C_INT.o)

.debug_pubnames
 *(.debug_pubnames)

.debug_info     0x00000000     0x72b1
 *(.debug_info .gnu.linkonce.wi.*)
 .debug_info    0x00000000      0x32b .\CortexM0\ARM_GCC_473\Debug\main.o
 .debug_info    0x0000032b      0x366 .\CortexM0\ARM_GCC_473\Debug\IMU.o
 .debug_info    0x00000691      0x152 .\CortexM0\ARM_GCC_473\Debug\cybootloader.o
 .debug_info    0x000007e3       0xb2 .\CortexM0\ARM_GCC_473\Debug\cymetadata.o
 .debug_info    0x00000895      0x2d2 .\CortexM0\ARM_GCC_473\Debug\Cm0Start.o
 .debug_info    0x00000b67      0x485 .\CortexM0\ARM_GCC_473\Debug\T-50_Project.a(cyfitter_cfg.o)
 .debug_info    0x00000fec       0x9e .\CortexM0\ARM_GCC_473\Debug\T-50_Project.a(CyBootAsmGnu.o)
 .debug_info    0x0000108a      0xac5 .\CortexM0\ARM_GCC_473\Debug\T-50_Project.a(CyLib.o)
 .debug_info    0x00001b4f      0x197 .\CortexM0\ARM_GCC_473\Debug\T-50_Project.a(UART_1.o)
 .debug_info    0x00001ce6      0x224 .\CortexM0\ARM_GCC_473\Debug\T-50_Project.a(UART_1_UART.o)
 .debug_info    0x00001f0a      0x7be .\CortexM0\ARM_GCC_473\Debug\T-50_Project.a(TaskTimer.o)
 .debug_info    0x000026c8      0x2a0 .\CortexM0\ARM_GCC_473\Debug\T-50_Project.a(TaskISR.o)
 .debug_info    0x00002968      0x7be .\CortexM0\ARM_GCC_473\Debug\T-50_Project.a(NavLightPWM.o)
 .debug_info    0x00003126      0x288 .\CortexM0\ARM_GCC_473\Debug\T-50_Project.a(BootISR.o)
 .debug_info    0x000033ae      0x168 .\CortexM0\ARM_GCC_473\Debug\T-50_Project.a(SW1.o)
 .debug_info    0x00003516      0x7be .\CortexM0\ARM_GCC_473\Debug\T-50_Project.a(PPMCounter.o)
 .debug_info    0x00003cd4      0x2d0 .\CortexM0\ARM_GCC_473\Debug\T-50_Project.a(PPMISR.o)
 .debug_info    0x00003fa4      0x2b2 .\CortexM0\ARM_GCC_473\Debug\T-50_Project.a(PPMRstISR.o)
 .debug_info    0x00004256      0x7be .\CortexM0\ARM_GCC_473\Debug\T-50_Project.a(ServoTimer.o)
 .debug_info    0x00004a14      0x2d2 .\CortexM0\ARM_GCC_473\Debug\T-50_Project.a(ServoISR.o)
 .debug_info    0x00004ce6      0x168 .\CortexM0\ARM_GCC_473\Debug\T-50_Project.a(Out_Mot_Pin.o)
 .debug_info    0x00004e4e      0x168 .\CortexM0\ARM_GCC_473\Debug\T-50_Project.a(Out_Ail1_Pin.o)
 .debug_info    0x00004fb6      0x168 .\CortexM0\ARM_GCC_473\Debug\T-50_Project.a(Out_Ail2_Pin.o)
 .debug_info    0x0000511e      0x168 .\CortexM0\ARM_GCC_473\Debug\T-50_Project.a(Out_Ele1_Pin.o)
 .debug_info    0x00005286      0x168 .\CortexM0\ARM_GCC_473\Debug\T-50_Project.a(Out_Ele2_Pin.o)
 .debug_info    0x000053ee      0x168 .\CortexM0\ARM_GCC_473\Debug\T-50_Project.a(Out_Rud_Pin.o)
 .debug_info    0x00005556      0x168 .\CortexM0\ARM_GCC_473\Debug\T-50_Project.a(Out_Fl1_Pin.o)
 .debug_info    0x000056be      0x168 .\CortexM0\ARM_GCC_473\Debug\T-50_Project.a(Out_Fl2_Pin.o)
 .debug_info    0x00005826      0x168 .\CortexM0\ARM_GCC_473\Debug\T-50_Project.a(Out_Ge1_Pin.o)
 .debug_info    0x0000598e      0x168 .\CortexM0\ARM_GCC_473\Debug\T-50_Project.a(Out_Ge2_Pin.o)
 .debug_info    0x00005af6      0x168 .\CortexM0\ARM_GCC_473\Debug\T-50_Project.a(Out_Ge3_Pin.o)
 .debug_info    0x00005c5e      0x168 .\CortexM0\ARM_GCC_473\Debug\T-50_Project.a(Out_Sp1_Pin.o)
 .debug_info    0x00005dc6      0x168 .\CortexM0\ARM_GCC_473\Debug\T-50_Project.a(Out_Sp2_Pin.o)
 .debug_info    0x00005f2e      0x197 .\CortexM0\ARM_GCC_473\Debug\T-50_Project.a(I2CM.o)
 .debug_info    0x000060c5      0x12c .\CortexM0\ARM_GCC_473\Debug\T-50_Project.a(I2CM_I2C.o)
 .debug_info    0x000061f1      0x4ba .\CortexM0\ARM_GCC_473\Debug\T-50_Project.a(I2CM_I2C_MASTER.o)
 .debug_info    0x000066ab      0x168 .\CortexM0\ARM_GCC_473\Debug\T-50_Project.a(I2CM_sda.o)
 .debug_info    0x00006813      0x168 .\CortexM0\ARM_GCC_473\Debug\T-50_Project.a(I2CM_scl.o)
 .debug_info    0x0000697b      0x165 .\CortexM0\ARM_GCC_473\Debug\T-50_Project.a(Bootloadable_1.o)
 .debug_info    0x00006ae0      0x3ed .\CortexM0\ARM_GCC_473\Debug\T-50_Project.a(CyFlash.o)
 .debug_info    0x00006ecd      0x23d .\CortexM0\ARM_GCC_473\Debug\T-50_Project.a(UART_1_SPI_UART.o)
 .debug_info    0x0000710a      0x1a7 .\CortexM0\ARM_GCC_473\Debug\T-50_Project.a(I2CM_I2C_INT.o)

.debug_abbrev   0x00000000     0x25cb
 *(.debug_abbrev)
 .debug_abbrev  0x00000000      0x101 .\CortexM0\ARM_GCC_473\Debug\main.o
 .debug_abbrev  0x00000101      0x106 .\CortexM0\ARM_GCC_473\Debug\IMU.o
 .debug_abbrev  0x00000207       0x77 .\CortexM0\ARM_GCC_473\Debug\cybootloader.o
 .debug_abbrev  0x0000027e       0x5d .\CortexM0\ARM_GCC_473\Debug\cymetadata.o
 .debug_abbrev  0x000002db      0x175 .\CortexM0\ARM_GCC_473\Debug\Cm0Start.o
 .debug_abbrev  0x00000450      0x18c .\CortexM0\ARM_GCC_473\Debug\T-50_Project.a(cyfitter_cfg.o)
 .debug_abbrev  0x000005dc       0x14 .\CortexM0\ARM_GCC_473\Debug\T-50_Project.a(CyBootAsmGnu.o)
 .debug_abbrev  0x000005f0      0x1a2 .\CortexM0\ARM_GCC_473\Debug\T-50_Project.a(CyLib.o)
 .debug_abbrev  0x00000792       0xc5 .\CortexM0\ARM_GCC_473\Debug\T-50_Project.a(UART_1.o)
 .debug_abbrev  0x00000857       0xee .\CortexM0\ARM_GCC_473\Debug\T-50_Project.a(UART_1_UART.o)
 .debug_abbrev  0x00000945       0xfe .\CortexM0\ARM_GCC_473\Debug\T-50_Project.a(TaskTimer.o)
 .debug_abbrev  0x00000a43      0x152 .\CortexM0\ARM_GCC_473\Debug\T-50_Project.a(TaskISR.o)
 .debug_abbrev  0x00000b95       0xfe .\CortexM0\ARM_GCC_473\Debug\T-50_Project.a(NavLightPWM.o)
 .debug_abbrev  0x00000c93      0x152 .\CortexM0\ARM_GCC_473\Debug\T-50_Project.a(BootISR.o)
 .debug_abbrev  0x00000de5       0xac .\CortexM0\ARM_GCC_473\Debug\T-50_Project.a(SW1.o)
 .debug_abbrev  0x00000e91       0xfe .\CortexM0\ARM_GCC_473\Debug\T-50_Project.a(PPMCounter.o)
 .debug_abbrev  0x00000f8f      0x157 .\CortexM0\ARM_GCC_473\Debug\T-50_Project.a(PPMISR.o)
 .debug_abbrev  0x000010e6      0x163 .\CortexM0\ARM_GCC_473\Debug\T-50_Project.a(PPMRstISR.o)
 .debug_abbrev  0x00001249       0xfe .\CortexM0\ARM_GCC_473\Debug\T-50_Project.a(ServoTimer.o)
 .debug_abbrev  0x00001347      0x177 .\CortexM0\ARM_GCC_473\Debug\T-50_Project.a(ServoISR.o)
 .debug_abbrev  0x000014be       0xac .\CortexM0\ARM_GCC_473\Debug\T-50_Project.a(Out_Mot_Pin.o)
 .debug_abbrev  0x0000156a       0xac .\CortexM0\ARM_GCC_473\Debug\T-50_Project.a(Out_Ail1_Pin.o)
 .debug_abbrev  0x00001616       0xac .\CortexM0\ARM_GCC_473\Debug\T-50_Project.a(Out_Ail2_Pin.o)
 .debug_abbrev  0x000016c2       0xac .\CortexM0\ARM_GCC_473\Debug\T-50_Project.a(Out_Ele1_Pin.o)
 .debug_abbrev  0x0000176e       0xac .\CortexM0\ARM_GCC_473\Debug\T-50_Project.a(Out_Ele2_Pin.o)
 .debug_abbrev  0x0000181a       0xac .\CortexM0\ARM_GCC_473\Debug\T-50_Project.a(Out_Rud_Pin.o)
 .debug_abbrev  0x000018c6       0xac .\CortexM0\ARM_GCC_473\Debug\T-50_Project.a(Out_Fl1_Pin.o)
 .debug_abbrev  0x00001972       0xac .\CortexM0\ARM_GCC_473\Debug\T-50_Project.a(Out_Fl2_Pin.o)
 .debug_abbrev  0x00001a1e       0xac .\CortexM0\ARM_GCC_473\Debug\T-50_Project.a(Out_Ge1_Pin.o)
 .debug_abbrev  0x00001aca       0xac .\CortexM0\ARM_GCC_473\Debug\T-50_Project.a(Out_Ge2_Pin.o)
 .debug_abbrev  0x00001b76       0xac .\CortexM0\ARM_GCC_473\Debug\T-50_Project.a(Out_Ge3_Pin.o)
 .debug_abbrev  0x00001c22       0xac .\CortexM0\ARM_GCC_473\Debug\T-50_Project.a(Out_Sp1_Pin.o)
 .debug_abbrev  0x00001cce       0xac .\CortexM0\ARM_GCC_473\Debug\T-50_Project.a(Out_Sp2_Pin.o)
 .debug_abbrev  0x00001d7a       0xc5 .\CortexM0\ARM_GCC_473\Debug\T-50_Project.a(I2CM.o)
 .debug_abbrev  0x00001e3f       0x7a .\CortexM0\ARM_GCC_473\Debug\T-50_Project.a(I2CM_I2C.o)
 .debug_abbrev  0x00001eb9      0x156 .\CortexM0\ARM_GCC_473\Debug\T-50_Project.a(I2CM_I2C_MASTER.o)
 .debug_abbrev  0x0000200f       0xac .\CortexM0\ARM_GCC_473\Debug\T-50_Project.a(I2CM_sda.o)
 .debug_abbrev  0x000020bb       0xac .\CortexM0\ARM_GCC_473\Debug\T-50_Project.a(I2CM_scl.o)
 .debug_abbrev  0x00002167       0xc2 .\CortexM0\ARM_GCC_473\Debug\T-50_Project.a(Bootloadable_1.o)
 .debug_abbrev  0x00002229      0x1ba .\CortexM0\ARM_GCC_473\Debug\T-50_Project.a(CyFlash.o)
 .debug_abbrev  0x000023e3      0x151 .\CortexM0\ARM_GCC_473\Debug\T-50_Project.a(UART_1_SPI_UART.o)
 .debug_abbrev  0x00002534       0x97 .\CortexM0\ARM_GCC_473\Debug\T-50_Project.a(I2CM_I2C_INT.o)

.debug_line     0x00000000     0x3a38
 *(.debug_line)
 .debug_line    0x00000000      0x145 .\CortexM0\ARM_GCC_473\Debug\main.o
 .debug_line    0x00000145      0x236 .\CortexM0\ARM_GCC_473\Debug\IMU.o
 .debug_line    0x0000037b       0x55 .\CortexM0\ARM_GCC_473\Debug\cybootloader.o
 .debug_line    0x000003d0       0x53 .\CortexM0\ARM_GCC_473\Debug\cymetadata.o
 .debug_line    0x00000423      0x196 .\CortexM0\ARM_GCC_473\Debug\Cm0Start.o
 .debug_line    0x000005b9      0x1c9 .\CortexM0\ARM_GCC_473\Debug\T-50_Project.a(cyfitter_cfg.o)
 .debug_line    0x00000782       0x68 .\CortexM0\ARM_GCC_473\Debug\T-50_Project.a(CyBootAsmGnu.o)
 .debug_line    0x000007ea      0x541 .\CortexM0\ARM_GCC_473\Debug\T-50_Project.a(CyLib.o)
 .debug_line    0x00000d2b       0xd8 .\CortexM0\ARM_GCC_473\Debug\T-50_Project.a(UART_1.o)
 .debug_line    0x00000e03      0x103 .\CortexM0\ARM_GCC_473\Debug\T-50_Project.a(UART_1_UART.o)
 .debug_line    0x00000f06      0x373 .\CortexM0\ARM_GCC_473\Debug\T-50_Project.a(TaskTimer.o)
 .debug_line    0x00001279      0x1f8 .\CortexM0\ARM_GCC_473\Debug\T-50_Project.a(TaskISR.o)
 .debug_line    0x00001471      0x380 .\CortexM0\ARM_GCC_473\Debug\T-50_Project.a(NavLightPWM.o)
 .debug_line    0x000017f1      0x14a .\CortexM0\ARM_GCC_473\Debug\T-50_Project.a(BootISR.o)
 .debug_line    0x0000193b       0xa9 .\CortexM0\ARM_GCC_473\Debug\T-50_Project.a(SW1.o)
 .debug_line    0x000019e4      0x373 .\CortexM0\ARM_GCC_473\Debug\T-50_Project.a(PPMCounter.o)
 .debug_line    0x00001d57      0x1fc .\CortexM0\ARM_GCC_473\Debug\T-50_Project.a(PPMISR.o)
 .debug_line    0x00001f53      0x1fb .\CortexM0\ARM_GCC_473\Debug\T-50_Project.a(PPMRstISR.o)
 .debug_line    0x0000214e      0x374 .\CortexM0\ARM_GCC_473\Debug\T-50_Project.a(ServoTimer.o)
 .debug_line    0x000024c2      0x237 .\CortexM0\ARM_GCC_473\Debug\T-50_Project.a(ServoISR.o)
 .debug_line    0x000026f9       0xb1 .\CortexM0\ARM_GCC_473\Debug\T-50_Project.a(Out_Mot_Pin.o)
 .debug_line    0x000027aa       0xb2 .\CortexM0\ARM_GCC_473\Debug\T-50_Project.a(Out_Ail1_Pin.o)
 .debug_line    0x0000285c       0xb2 .\CortexM0\ARM_GCC_473\Debug\T-50_Project.a(Out_Ail2_Pin.o)
 .debug_line    0x0000290e       0xb2 .\CortexM0\ARM_GCC_473\Debug\T-50_Project.a(Out_Ele1_Pin.o)
 .debug_line    0x000029c0       0xb2 .\CortexM0\ARM_GCC_473\Debug\T-50_Project.a(Out_Ele2_Pin.o)
 .debug_line    0x00002a72       0xb1 .\CortexM0\ARM_GCC_473\Debug\T-50_Project.a(Out_Rud_Pin.o)
 .debug_line    0x00002b23       0xb1 .\CortexM0\ARM_GCC_473\Debug\T-50_Project.a(Out_Fl1_Pin.o)
 .debug_line    0x00002bd4       0xb1 .\CortexM0\ARM_GCC_473\Debug\T-50_Project.a(Out_Fl2_Pin.o)
 .debug_line    0x00002c85       0xb1 .\CortexM0\ARM_GCC_473\Debug\T-50_Project.a(Out_Ge1_Pin.o)
 .debug_line    0x00002d36       0xb1 .\CortexM0\ARM_GCC_473\Debug\T-50_Project.a(Out_Ge2_Pin.o)
 .debug_line    0x00002de7       0xb1 .\CortexM0\ARM_GCC_473\Debug\T-50_Project.a(Out_Ge3_Pin.o)
 .debug_line    0x00002e98       0xb1 .\CortexM0\ARM_GCC_473\Debug\T-50_Project.a(Out_Sp1_Pin.o)
 .debug_line    0x00002f49       0xb1 .\CortexM0\ARM_GCC_473\Debug\T-50_Project.a(Out_Sp2_Pin.o)
 .debug_line    0x00002ffa       0xdc .\CortexM0\ARM_GCC_473\Debug\T-50_Project.a(I2CM.o)
 .debug_line    0x000030d6       0x9f .\CortexM0\ARM_GCC_473\Debug\T-50_Project.a(I2CM_I2C.o)
 .debug_line    0x00003175      0x299 .\CortexM0\ARM_GCC_473\Debug\T-50_Project.a(I2CM_I2C_MASTER.o)
 .debug_line    0x0000340e       0xae .\CortexM0\ARM_GCC_473\Debug\T-50_Project.a(I2CM_sda.o)
 .debug_line    0x000034bc       0xae .\CortexM0\ARM_GCC_473\Debug\T-50_Project.a(I2CM_scl.o)
 .debug_line    0x0000356a       0xa4 .\CortexM0\ARM_GCC_473\Debug\T-50_Project.a(Bootloadable_1.o)
 .debug_line    0x0000360e      0x165 .\CortexM0\ARM_GCC_473\Debug\T-50_Project.a(CyFlash.o)
 .debug_line    0x00003773      0x127 .\CortexM0\ARM_GCC_473\Debug\T-50_Project.a(UART_1_SPI_UART.o)
 .debug_line    0x0000389a      0x19e .\CortexM0\ARM_GCC_473\Debug\T-50_Project.a(I2CM_I2C_INT.o)

.debug_frame    0x00000000     0x3c04
 *(.debug_frame)
 .debug_frame   0x00000000       0x50 .\CortexM0\ARM_GCC_473\Debug\main.o
 .debug_frame   0x00000050       0xd4 .\CortexM0\ARM_GCC_473\Debug\IMU.o
 .debug_frame   0x00000124       0xa8 .\CortexM0\ARM_GCC_473\Debug\Cm0Start.o
 .debug_frame   0x000001cc      0x108 .\CortexM0\ARM_GCC_473\Debug\T-50_Project.a(cyfitter_cfg.o)
 .debug_frame   0x000002d4      0x628 .\CortexM0\ARM_GCC_473\Debug\T-50_Project.a(CyLib.o)
 .debug_frame   0x000008fc       0xd8 .\CortexM0\ARM_GCC_473\Debug\T-50_Project.a(UART_1.o)
 .debug_frame   0x000009d4       0xec .\CortexM0\ARM_GCC_473\Debug\T-50_Project.a(UART_1_UART.o)
 .debug_frame   0x00000ac0      0x52c .\CortexM0\ARM_GCC_473\Debug\T-50_Project.a(TaskTimer.o)
 .debug_frame   0x00000fec      0x190 .\CortexM0\ARM_GCC_473\Debug\T-50_Project.a(TaskISR.o)
 .debug_frame   0x0000117c      0x52c .\CortexM0\ARM_GCC_473\Debug\T-50_Project.a(NavLightPWM.o)
 .debug_frame   0x000016a8      0x190 .\CortexM0\ARM_GCC_473\Debug\T-50_Project.a(BootISR.o)
 .debug_frame   0x00001838       0xa8 .\CortexM0\ARM_GCC_473\Debug\T-50_Project.a(SW1.o)
 .debug_frame   0x000018e0      0x52c .\CortexM0\ARM_GCC_473\Debug\T-50_Project.a(PPMCounter.o)
 .debug_frame   0x00001e0c      0x198 .\CortexM0\ARM_GCC_473\Debug\T-50_Project.a(PPMISR.o)
 .debug_frame   0x00001fa4      0x190 .\CortexM0\ARM_GCC_473\Debug\T-50_Project.a(PPMRstISR.o)
 .debug_frame   0x00002134      0x52c .\CortexM0\ARM_GCC_473\Debug\T-50_Project.a(ServoTimer.o)
 .debug_frame   0x00002660      0x190 .\CortexM0\ARM_GCC_473\Debug\T-50_Project.a(ServoISR.o)
 .debug_frame   0x000027f0       0xa8 .\CortexM0\ARM_GCC_473\Debug\T-50_Project.a(Out_Mot_Pin.o)
 .debug_frame   0x00002898       0xa8 .\CortexM0\ARM_GCC_473\Debug\T-50_Project.a(Out_Ail1_Pin.o)
 .debug_frame   0x00002940       0xa8 .\CortexM0\ARM_GCC_473\Debug\T-50_Project.a(Out_Ail2_Pin.o)
 .debug_frame   0x000029e8       0xa8 .\CortexM0\ARM_GCC_473\Debug\T-50_Project.a(Out_Ele1_Pin.o)
 .debug_frame   0x00002a90       0xa8 .\CortexM0\ARM_GCC_473\Debug\T-50_Project.a(Out_Ele2_Pin.o)
 .debug_frame   0x00002b38       0xa8 .\CortexM0\ARM_GCC_473\Debug\T-50_Project.a(Out_Rud_Pin.o)
 .debug_frame   0x00002be0       0xa8 .\CortexM0\ARM_GCC_473\Debug\T-50_Project.a(Out_Fl1_Pin.o)
 .debug_frame   0x00002c88       0xa8 .\CortexM0\ARM_GCC_473\Debug\T-50_Project.a(Out_Fl2_Pin.o)
 .debug_frame   0x00002d30       0xa8 .\CortexM0\ARM_GCC_473\Debug\T-50_Project.a(Out_Ge1_Pin.o)
 .debug_frame   0x00002dd8       0xa8 .\CortexM0\ARM_GCC_473\Debug\T-50_Project.a(Out_Ge2_Pin.o)
 .debug_frame   0x00002e80       0xa8 .\CortexM0\ARM_GCC_473\Debug\T-50_Project.a(Out_Ge3_Pin.o)
 .debug_frame   0x00002f28       0xa8 .\CortexM0\ARM_GCC_473\Debug\T-50_Project.a(Out_Sp1_Pin.o)
 .debug_frame   0x00002fd0       0xa8 .\CortexM0\ARM_GCC_473\Debug\T-50_Project.a(Out_Sp2_Pin.o)
 .debug_frame   0x00003078       0xd8 .\CortexM0\ARM_GCC_473\Debug\T-50_Project.a(I2CM.o)
 .debug_frame   0x00003150       0x48 .\CortexM0\ARM_GCC_473\Debug\T-50_Project.a(I2CM_I2C.o)
 .debug_frame   0x00003198      0x1c0 .\CortexM0\ARM_GCC_473\Debug\T-50_Project.a(I2CM_I2C_MASTER.o)
 .debug_frame   0x00003358       0xa8 .\CortexM0\ARM_GCC_473\Debug\T-50_Project.a(I2CM_sda.o)
 .debug_frame   0x00003400       0xa8 .\CortexM0\ARM_GCC_473\Debug\T-50_Project.a(I2CM_scl.o)
 .debug_frame   0x000034a8       0x4c .\CortexM0\ARM_GCC_473\Debug\T-50_Project.a(Bootloadable_1.o)
 .debug_frame   0x000034f4       0xf4 .\CortexM0\ARM_GCC_473\Debug\T-50_Project.a(CyFlash.o)
 .debug_frame   0x000035e8      0x128 .\CortexM0\ARM_GCC_473\Debug\T-50_Project.a(UART_1_SPI_UART.o)
 .debug_frame   0x00003710       0x30 .\CortexM0\ARM_GCC_473\Debug\T-50_Project.a(I2CM_I2C_INT.o)
 .debug_frame   0x00003740       0x20 c:/program files/cypress/psoc creator/3.0/psoc creator/import/gnu_cs/arm/4.7.3/bin/../lib/gcc/arm-none-eabi/4.7.3/armv6-m\libgcc.a(_udivsi3.o)
 .debug_frame   0x00003760       0x20 c:/program files/cypress/psoc creator/3.0/psoc creator/import/gnu_cs/arm/4.7.3/bin/../lib/gcc/arm-none-eabi/4.7.3/armv6-m\libgcc.a(_divsi3.o)
 .debug_frame   0x00003780       0x3c c:/program files/cypress/psoc creator/3.0/psoc creator/import/gnu_cs/arm/4.7.3/bin/../lib/gcc/arm-none-eabi/4.7.3/armv6-m\libgcc.a(muldf3.o)
 .debug_frame   0x000037bc       0x2c c:/program files/cypress/psoc creator/3.0/psoc creator/import/gnu_cs/arm/4.7.3/bin/../lib/gcc/arm-none-eabi/4.7.3/armv6-m\libgcc.a(fixdfsi.o)
 .debug_frame   0x000037e8       0x30 c:/program files/cypress/psoc creator/3.0/psoc creator/import/gnu_cs/arm/4.7.3/bin/../lib/gcc/arm-none-eabi/4.7.3/armv6-m\libgcc.a(floatsidf.o)
 .debug_frame   0x00003818       0x28 c:/program files/cypress/psoc creator/3.0/psoc creator/import/gnu_cs/arm/4.7.3/bin/../lib/gcc/arm-none-eabi/4.7.3/../../../../arm-none-eabi/lib/armv6-m\libc_s.a(lib_a-__atexit2.o)
 .debug_frame   0x00003840       0x28 c:/program files/cypress/psoc creator/3.0/psoc creator/import/gnu_cs/arm/4.7.3/bin/../lib/gcc/arm-none-eabi/4.7.3/../../../../arm-none-eabi/lib/armv6-m\libc_s.a(lib_a-exit.o)
 .debug_frame   0x00003868       0x2c c:/program files/cypress/psoc creator/3.0/psoc creator/import/gnu_cs/arm/4.7.3/bin/../lib/gcc/arm-none-eabi/4.7.3/../../../../arm-none-eabi/lib/armv6-m\libc_s.a(lib_a-fini.o)
 .debug_frame   0x00003894       0x2c c:/program files/cypress/psoc creator/3.0/psoc creator/import/gnu_cs/arm/4.7.3/bin/../lib/gcc/arm-none-eabi/4.7.3/../../../../arm-none-eabi/lib/armv6-m\libc_s.a(lib_a-init.o)
 .debug_frame   0x000038c0       0x28 c:/program files/cypress/psoc creator/3.0/psoc creator/import/gnu_cs/arm/4.7.3/bin/../lib/gcc/arm-none-eabi/4.7.3/../../../../arm-none-eabi/lib/armv6-m\libc_s.a(lib_a-memcpy.o)
 .debug_frame   0x000038e8       0x28 c:/program files/cypress/psoc creator/3.0/psoc creator/import/gnu_cs/arm/4.7.3/bin/../lib/gcc/arm-none-eabi/4.7.3/../../../../arm-none-eabi/lib/armv6-m\libc_s.a(lib_a-memset.o)
 .debug_frame   0x00003910       0x4c c:/program files/cypress/psoc creator/3.0/psoc creator/import/gnu_cs/arm/4.7.3/bin/../lib/gcc/arm-none-eabi/4.7.3/../../../../arm-none-eabi/lib/armv6-m\libc_s.a(lib_a-sprintf.o)
 .debug_frame   0x0000395c       0x78 c:/program files/cypress/psoc creator/3.0/psoc creator/import/gnu_cs/arm/4.7.3/bin/../lib/gcc/arm-none-eabi/4.7.3/../../../../arm-none-eabi/lib/armv6-m\libc_s.a(lib_a-svfprintf.o)
 .debug_frame   0x000039d4       0x54 c:/program files/cypress/psoc creator/3.0/psoc creator/import/gnu_cs/arm/4.7.3/bin/../lib/gcc/arm-none-eabi/4.7.3/../../../../arm-none-eabi/lib/armv6-m\libc_s.a(lib_a-vfprintf_i.o)
 .debug_frame   0x00003a28       0x2c c:/program files/cypress/psoc creator/3.0/psoc creator/import/gnu_cs/arm/4.7.3/bin/../lib/gcc/arm-none-eabi/4.7.3/../../../../arm-none-eabi/lib/armv6-m\libc_s.a(lib_a-freer.o)
 .debug_frame   0x00003a54       0x2c c:/program files/cypress/psoc creator/3.0/psoc creator/import/gnu_cs/arm/4.7.3/bin/../lib/gcc/arm-none-eabi/4.7.3/../../../../arm-none-eabi/lib/armv6-m\libc_s.a(lib_a-mallocr.o)
 .debug_frame   0x00003a80       0x28 c:/program files/cypress/psoc creator/3.0/psoc creator/import/gnu_cs/arm/4.7.3/bin/../lib/gcc/arm-none-eabi/4.7.3/../../../../arm-none-eabi/lib/armv6-m\libc_s.a(lib_a-memchr.o)
 .debug_frame   0x00003aa8       0x2c c:/program files/cypress/psoc creator/3.0/psoc creator/import/gnu_cs/arm/4.7.3/bin/../lib/gcc/arm-none-eabi/4.7.3/../../../../arm-none-eabi/lib/armv6-m\libc_s.a(lib_a-memmove.o)
 .debug_frame   0x00003ad4       0x30 c:/program files/cypress/psoc creator/3.0/psoc creator/import/gnu_cs/arm/4.7.3/bin/../lib/gcc/arm-none-eabi/4.7.3/../../../../arm-none-eabi/lib/armv6-m\libc_s.a(lib_a-reallocr.o)
 .debug_frame   0x00003b04       0x2c c:/program files/cypress/psoc creator/3.0/psoc creator/import/gnu_cs/arm/4.7.3/bin/../lib/gcc/arm-none-eabi/4.7.3/../../../../arm-none-eabi/lib/armv6-m\libc_s.a(lib_a-sbrkr.o)
 .debug_frame   0x00003b30       0x20 c:/program files/cypress/psoc creator/3.0/psoc creator/import/gnu_cs/arm/4.7.3/bin/../lib/gcc/arm-none-eabi/4.7.3/../../../../arm-none-eabi/lib/armv6-m\libc_s.a(lib_a-strlen.o)
 .debug_frame   0x00003b50       0x28 c:/program files/cypress/psoc creator/3.0/psoc creator/import/gnu_cs/arm/4.7.3/bin/../lib/gcc/arm-none-eabi/4.7.3/../../../../arm-none-eabi/lib/armv6-m\libc_s.a(lib_a-msizer.o)
 .debug_frame   0x00003b78       0x64 c:/program files/cypress/psoc creator/3.0/psoc creator/import/gnu_cs/arm/4.7.3/bin/../lib/gcc/arm-none-eabi/4.7.3/../../../../arm-none-eabi/lib/armv6-m\libc_s.a(lib_a-reent.o)
 .debug_frame   0x00003bdc       0x28 c:/program files/cypress/psoc creator/3.0/psoc creator/import/gnu_cs/arm/4.7.3/bin/../lib/gcc/arm-none-eabi/4.7.3/../../../../arm-none-eabi/lib/armv6-m\libnosys.a(sbrk.o)

.debug_str      0x00000000     0x34ab
 *(.debug_str)
 .debug_str     0x00000000      0x2b9 .\CortexM0\ARM_GCC_473\Debug\main.o
                                0x2fa (size before relaxing)
 .debug_str     0x000002b9      0x137 .\CortexM0\ARM_GCC_473\Debug\IMU.o
                                0x2ba (size before relaxing)
 .debug_str     0x000003f0       0xce .\CortexM0\ARM_GCC_473\Debug\cybootloader.o
                                0x1b6 (size before relaxing)
 .debug_str     0x000004be       0x37 .\CortexM0\ARM_GCC_473\Debug\cymetadata.o
                                0x173 (size before relaxing)
 .debug_str     0x000004f5      0x112 .\CortexM0\ARM_GCC_473\Debug\Cm0Start.o
                                0x26f (size before relaxing)
 .debug_str     0x00000607      0x19f .\CortexM0\ARM_GCC_473\Debug\T-50_Project.a(cyfitter_cfg.o)
                                0x325 (size before relaxing)
 .debug_str     0x000007a6      0x4f7 .\CortexM0\ARM_GCC_473\Debug\T-50_Project.a(CyLib.o)
                                0x673 (size before relaxing)
 .debug_str     0x00000c9d       0xcb .\CortexM0\ARM_GCC_473\Debug\T-50_Project.a(UART_1.o)
                                0x221 (size before relaxing)
 .debug_str     0x00000d68      0x10e .\CortexM0\ARM_GCC_473\Debug\T-50_Project.a(UART_1_UART.o)
                                0x259 (size before relaxing)
 .debug_str     0x00000e76      0x490 .\CortexM0\ARM_GCC_473\Debug\T-50_Project.a(TaskTimer.o)
                                0x5e9 (size before relaxing)
 .debug_str     0x00001306      0x113 .\CortexM0\ARM_GCC_473\Debug\T-50_Project.a(TaskISR.o)
                                0x2a8 (size before relaxing)
 .debug_str     0x00001419      0x425 .\CortexM0\ARM_GCC_473\Debug\T-50_Project.a(NavLightPWM.o)
                                0x63d (size before relaxing)
 .debug_str     0x0000183e      0x104 .\CortexM0\ARM_GCC_473\Debug\T-50_Project.a(BootISR.o)
                                0x296 (size before relaxing)
 .debug_str     0x00001942       0x79 .\CortexM0\ARM_GCC_473\Debug\T-50_Project.a(SW1.o)
                                0x1c4 (size before relaxing)
 .debug_str     0x000019bb      0x3fb .\CortexM0\ARM_GCC_473\Debug\T-50_Project.a(PPMCounter.o)
                                0x613 (size before relaxing)
 .debug_str     0x00001db6       0xff .\CortexM0\ARM_GCC_473\Debug\T-50_Project.a(PPMISR.o)
                                0x2b6 (size before relaxing)
 .debug_str     0x00001eb5      0x120 .\CortexM0\ARM_GCC_473\Debug\T-50_Project.a(PPMRstISR.o)
                                0x2cf (size before relaxing)
 .debug_str     0x00001fd5      0x3fb .\CortexM0\ARM_GCC_473\Debug\T-50_Project.a(ServoTimer.o)
                                0x613 (size before relaxing)
 .debug_str     0x000023d0      0x11e .\CortexM0\ARM_GCC_473\Debug\T-50_Project.a(ServoISR.o)
                                0x2ca (size before relaxing)
 .debug_str     0x000024ee       0x96 .\CortexM0\ARM_GCC_473\Debug\T-50_Project.a(Out_Mot_Pin.o)
                                0x1f4 (size before relaxing)
 .debug_str     0x00002584       0x9c .\CortexM0\ARM_GCC_473\Debug\T-50_Project.a(Out_Ail1_Pin.o)
                                0x1fa (size before relaxing)
 .debug_str     0x00002620       0x9c .\CortexM0\ARM_GCC_473\Debug\T-50_Project.a(Out_Ail2_Pin.o)
                                0x1fa (size before relaxing)
 .debug_str     0x000026bc       0x9c .\CortexM0\ARM_GCC_473\Debug\T-50_Project.a(Out_Ele1_Pin.o)
                                0x1fa (size before relaxing)
 .debug_str     0x00002758       0x9c .\CortexM0\ARM_GCC_473\Debug\T-50_Project.a(Out_Ele2_Pin.o)
                                0x1fa (size before relaxing)
 .debug_str     0x000027f4       0x96 .\CortexM0\ARM_GCC_473\Debug\T-50_Project.a(Out_Rud_Pin.o)
                                0x1f4 (size before relaxing)
 .debug_str     0x0000288a       0x96 .\CortexM0\ARM_GCC_473\Debug\T-50_Project.a(Out_Fl1_Pin.o)
                                0x1f4 (size before relaxing)
 .debug_str     0x00002920       0x96 .\CortexM0\ARM_GCC_473\Debug\T-50_Project.a(Out_Fl2_Pin.o)
                                0x1f4 (size before relaxing)
 .debug_str     0x000029b6       0x96 .\CortexM0\ARM_GCC_473\Debug\T-50_Project.a(Out_Ge1_Pin.o)
                                0x1f4 (size before relaxing)
 .debug_str     0x00002a4c       0x96 .\CortexM0\ARM_GCC_473\Debug\T-50_Project.a(Out_Ge2_Pin.o)
                                0x1f4 (size before relaxing)
 .debug_str     0x00002ae2       0x96 .\CortexM0\ARM_GCC_473\Debug\T-50_Project.a(Out_Ge3_Pin.o)
                                0x1f4 (size before relaxing)
 .debug_str     0x00002b78       0x96 .\CortexM0\ARM_GCC_473\Debug\T-50_Project.a(Out_Sp1_Pin.o)
                                0x1f4 (size before relaxing)
 .debug_str     0x00002c0e       0x96 .\CortexM0\ARM_GCC_473\Debug\T-50_Project.a(Out_Sp2_Pin.o)
                                0x1f4 (size before relaxing)
 .debug_str     0x00002ca4       0xb2 .\CortexM0\ARM_GCC_473\Debug\T-50_Project.a(I2CM.o)
                                0x20d (size before relaxing)
 .debug_str     0x00002d56       0x81 .\CortexM0\ARM_GCC_473\Debug\T-50_Project.a(I2CM_I2C.o)
                                0x1d1 (size before relaxing)
 .debug_str     0x00002dd7      0x241 .\CortexM0\ARM_GCC_473\Debug\T-50_Project.a(I2CM_I2C_MASTER.o)
                                0x3e4 (size before relaxing)
 .debug_str     0x00003018       0x84 .\CortexM0\ARM_GCC_473\Debug\T-50_Project.a(I2CM_sda.o)
                                0x1e2 (size before relaxing)
 .debug_str     0x0000309c       0x84 .\CortexM0\ARM_GCC_473\Debug\T-50_Project.a(I2CM_scl.o)
                                0x1e2 (size before relaxing)
 .debug_str     0x00003120       0x79 .\CortexM0\ARM_GCC_473\Debug\T-50_Project.a(Bootloadable_1.o)
                                0x1e3 (size before relaxing)
 .debug_str     0x00003199      0x191 .\CortexM0\ARM_GCC_473\Debug\T-50_Project.a(CyFlash.o)
                                0x314 (size before relaxing)
 .debug_str     0x0000332a      0x136 .\CortexM0\ARM_GCC_473\Debug\T-50_Project.a(UART_1_SPI_UART.o)
                                0x29f (size before relaxing)
 .debug_str     0x00003460       0x4b .\CortexM0\ARM_GCC_473\Debug\T-50_Project.a(I2CM_I2C_INT.o)
                                0x274 (size before relaxing)

.debug_loc      0x00000000     0x569c
 *(.debug_loc)
 .debug_loc     0x00000000       0x70 .\CortexM0\ARM_GCC_473\Debug\main.o
 .debug_loc     0x00000070      0x138 .\CortexM0\ARM_GCC_473\Debug\IMU.o
 .debug_loc     0x000001a8      0x100 .\CortexM0\ARM_GCC_473\Debug\Cm0Start.o
 .debug_loc     0x000002a8      0x1a8 .\CortexM0\ARM_GCC_473\Debug\T-50_Project.a(cyfitter_cfg.o)
 .debug_loc     0x00000450      0xa34 .\CortexM0\ARM_GCC_473\Debug\T-50_Project.a(CyLib.o)
 .debug_loc     0x00000e84      0x140 .\CortexM0\ARM_GCC_473\Debug\T-50_Project.a(UART_1.o)
 .debug_loc     0x00000fc4      0x17c .\CortexM0\ARM_GCC_473\Debug\T-50_Project.a(UART_1_UART.o)
 .debug_loc     0x00001140      0x830 .\CortexM0\ARM_GCC_473\Debug\T-50_Project.a(TaskTimer.o)
 .debug_loc     0x00001970      0x26c .\CortexM0\ARM_GCC_473\Debug\T-50_Project.a(TaskISR.o)
 .debug_loc     0x00001bdc      0x830 .\CortexM0\ARM_GCC_473\Debug\T-50_Project.a(NavLightPWM.o)
 .debug_loc     0x0000240c      0x26c .\CortexM0\ARM_GCC_473\Debug\T-50_Project.a(BootISR.o)
 .debug_loc     0x00002678      0x100 .\CortexM0\ARM_GCC_473\Debug\T-50_Project.a(SW1.o)
 .debug_loc     0x00002778      0x830 .\CortexM0\ARM_GCC_473\Debug\T-50_Project.a(PPMCounter.o)
 .debug_loc     0x00002fa8      0x26c .\CortexM0\ARM_GCC_473\Debug\T-50_Project.a(PPMISR.o)
 .debug_loc     0x00003214      0x26c .\CortexM0\ARM_GCC_473\Debug\T-50_Project.a(PPMRstISR.o)
 .debug_loc     0x00003480      0x830 .\CortexM0\ARM_GCC_473\Debug\T-50_Project.a(ServoTimer.o)
 .debug_loc     0x00003cb0      0x26c .\CortexM0\ARM_GCC_473\Debug\T-50_Project.a(ServoISR.o)
 .debug_loc     0x00003f1c      0x100 .\CortexM0\ARM_GCC_473\Debug\T-50_Project.a(Out_Mot_Pin.o)
 .debug_loc     0x0000401c      0x100 .\CortexM0\ARM_GCC_473\Debug\T-50_Project.a(Out_Ail1_Pin.o)
 .debug_loc     0x0000411c      0x100 .\CortexM0\ARM_GCC_473\Debug\T-50_Project.a(Out_Ail2_Pin.o)
 .debug_loc     0x0000421c      0x100 .\CortexM0\ARM_GCC_473\Debug\T-50_Project.a(Out_Ele1_Pin.o)
 .debug_loc     0x0000431c      0x100 .\CortexM0\ARM_GCC_473\Debug\T-50_Project.a(Out_Ele2_Pin.o)
 .debug_loc     0x0000441c      0x100 .\CortexM0\ARM_GCC_473\Debug\T-50_Project.a(Out_Rud_Pin.o)
 .debug_loc     0x0000451c      0x100 .\CortexM0\ARM_GCC_473\Debug\T-50_Project.a(Out_Fl1_Pin.o)
 .debug_loc     0x0000461c      0x100 .\CortexM0\ARM_GCC_473\Debug\T-50_Project.a(Out_Fl2_Pin.o)
 .debug_loc     0x0000471c      0x100 .\CortexM0\ARM_GCC_473\Debug\T-50_Project.a(Out_Ge1_Pin.o)
 .debug_loc     0x0000481c      0x100 .\CortexM0\ARM_GCC_473\Debug\T-50_Project.a(Out_Ge2_Pin.o)
 .debug_loc     0x0000491c      0x100 .\CortexM0\ARM_GCC_473\Debug\T-50_Project.a(Out_Ge3_Pin.o)
 .debug_loc     0x00004a1c      0x100 .\CortexM0\ARM_GCC_473\Debug\T-50_Project.a(Out_Sp1_Pin.o)
 .debug_loc     0x00004b1c      0x100 .\CortexM0\ARM_GCC_473\Debug\T-50_Project.a(Out_Sp2_Pin.o)
 .debug_loc     0x00004c1c      0x140 .\CortexM0\ARM_GCC_473\Debug\T-50_Project.a(I2CM.o)
 .debug_loc     0x00004d5c       0x58 .\CortexM0\ARM_GCC_473\Debug\T-50_Project.a(I2CM_I2C.o)
 .debug_loc     0x00004db4      0x2e0 .\CortexM0\ARM_GCC_473\Debug\T-50_Project.a(I2CM_I2C_MASTER.o)
 .debug_loc     0x00005094      0x100 .\CortexM0\ARM_GCC_473\Debug\T-50_Project.a(I2CM_sda.o)
 .debug_loc     0x00005194      0x100 .\CortexM0\ARM_GCC_473\Debug\T-50_Project.a(I2CM_scl.o)
 .debug_loc     0x00005294       0x66 .\CortexM0\ARM_GCC_473\Debug\T-50_Project.a(Bootloadable_1.o)
 .debug_loc     0x000052fa      0x18a .\CortexM0\ARM_GCC_473\Debug\T-50_Project.a(CyFlash.o)
 .debug_loc     0x00005484      0x1e0 .\CortexM0\ARM_GCC_473\Debug\T-50_Project.a(UART_1_SPI_UART.o)
 .debug_loc     0x00005664       0x38 .\CortexM0\ARM_GCC_473\Debug\T-50_Project.a(I2CM_I2C_INT.o)

.debug_macinfo
 *(.debug_macinfo)

.debug_ranges   0x00000000      0xec8
 *(.debug_ranges)
 .debug_ranges  0x00000000       0x30 .\CortexM0\ARM_GCC_473\Debug\main.o
 .debug_ranges  0x00000030       0x38 .\CortexM0\ARM_GCC_473\Debug\IMU.o
 .debug_ranges  0x00000068       0x30 .\CortexM0\ARM_GCC_473\Debug\Cm0Start.o
 .debug_ranges  0x00000098       0x48 .\CortexM0\ARM_GCC_473\Debug\T-50_Project.a(cyfitter_cfg.o)
 .debug_ranges  0x000000e0      0x190 .\CortexM0\ARM_GCC_473\Debug\T-50_Project.a(CyLib.o)
 .debug_ranges  0x00000270       0x40 .\CortexM0\ARM_GCC_473\Debug\T-50_Project.a(UART_1.o)
 .debug_ranges  0x000002b0       0x40 .\CortexM0\ARM_GCC_473\Debug\T-50_Project.a(UART_1_UART.o)
 .debug_ranges  0x000002f0      0x148 .\CortexM0\ARM_GCC_473\Debug\T-50_Project.a(TaskTimer.o)
 .debug_ranges  0x00000438       0x70 .\CortexM0\ARM_GCC_473\Debug\T-50_Project.a(TaskISR.o)
 .debug_ranges  0x000004a8      0x148 .\CortexM0\ARM_GCC_473\Debug\T-50_Project.a(NavLightPWM.o)
 .debug_ranges  0x000005f0       0x70 .\CortexM0\ARM_GCC_473\Debug\T-50_Project.a(BootISR.o)
 .debug_ranges  0x00000660       0x30 .\CortexM0\ARM_GCC_473\Debug\T-50_Project.a(SW1.o)
 .debug_ranges  0x00000690      0x148 .\CortexM0\ARM_GCC_473\Debug\T-50_Project.a(PPMCounter.o)
 .debug_ranges  0x000007d8       0x70 .\CortexM0\ARM_GCC_473\Debug\T-50_Project.a(PPMISR.o)
 .debug_ranges  0x00000848       0x70 .\CortexM0\ARM_GCC_473\Debug\T-50_Project.a(PPMRstISR.o)
 .debug_ranges  0x000008b8      0x148 .\CortexM0\ARM_GCC_473\Debug\T-50_Project.a(ServoTimer.o)
 .debug_ranges  0x00000a00       0x70 .\CortexM0\ARM_GCC_473\Debug\T-50_Project.a(ServoISR.o)
 .debug_ranges  0x00000a70       0x30 .\CortexM0\ARM_GCC_473\Debug\T-50_Project.a(Out_Mot_Pin.o)
 .debug_ranges  0x00000aa0       0x30 .\CortexM0\ARM_GCC_473\Debug\T-50_Project.a(Out_Ail1_Pin.o)
 .debug_ranges  0x00000ad0       0x30 .\CortexM0\ARM_GCC_473\Debug\T-50_Project.a(Out_Ail2_Pin.o)
 .debug_ranges  0x00000b00       0x30 .\CortexM0\ARM_GCC_473\Debug\T-50_Project.a(Out_Ele1_Pin.o)
 .debug_ranges  0x00000b30       0x30 .\CortexM0\ARM_GCC_473\Debug\T-50_Project.a(Out_Ele2_Pin.o)
 .debug_ranges  0x00000b60       0x30 .\CortexM0\ARM_GCC_473\Debug\T-50_Project.a(Out_Rud_Pin.o)
 .debug_ranges  0x00000b90       0x30 .\CortexM0\ARM_GCC_473\Debug\T-50_Project.a(Out_Fl1_Pin.o)
 .debug_ranges  0x00000bc0       0x30 .\CortexM0\ARM_GCC_473\Debug\T-50_Project.a(Out_Fl2_Pin.o)
 .debug_ranges  0x00000bf0       0x30 .\CortexM0\ARM_GCC_473\Debug\T-50_Project.a(Out_Ge1_Pin.o)
 .debug_ranges  0x00000c20       0x30 .\CortexM0\ARM_GCC_473\Debug\T-50_Project.a(Out_Ge2_Pin.o)
 .debug_ranges  0x00000c50       0x30 .\CortexM0\ARM_GCC_473\Debug\T-50_Project.a(Out_Ge3_Pin.o)
 .debug_ranges  0x00000c80       0x30 .\CortexM0\ARM_GCC_473\Debug\T-50_Project.a(Out_Sp1_Pin.o)
 .debug_ranges  0x00000cb0       0x30 .\CortexM0\ARM_GCC_473\Debug\T-50_Project.a(Out_Sp2_Pin.o)
 .debug_ranges  0x00000ce0       0x40 .\CortexM0\ARM_GCC_473\Debug\T-50_Project.a(I2CM.o)
 .debug_ranges  0x00000d20       0x18 .\CortexM0\ARM_GCC_473\Debug\T-50_Project.a(I2CM_I2C.o)
 .debug_ranges  0x00000d38       0x78 .\CortexM0\ARM_GCC_473\Debug\T-50_Project.a(I2CM_I2C_MASTER.o)
 .debug_ranges  0x00000db0       0x30 .\CortexM0\ARM_GCC_473\Debug\T-50_Project.a(I2CM_sda.o)
 .debug_ranges  0x00000de0       0x30 .\CortexM0\ARM_GCC_473\Debug\T-50_Project.a(I2CM_scl.o)
 .debug_ranges  0x00000e10       0x18 .\CortexM0\ARM_GCC_473\Debug\T-50_Project.a(Bootloadable_1.o)
 .debug_ranges  0x00000e28       0x40 .\CortexM0\ARM_GCC_473\Debug\T-50_Project.a(CyFlash.o)
 .debug_ranges  0x00000e68       0x50 .\CortexM0\ARM_GCC_473\Debug\T-50_Project.a(UART_1_SPI_UART.o)
 .debug_ranges  0x00000eb8       0x10 .\CortexM0\ARM_GCC_473\Debug\T-50_Project.a(I2CM_I2C_INT.o)

.comment        0x00000000       0x70
 .comment       0x00000000       0x70 .\CortexM0\ARM_GCC_473\Debug\main.o
                                 0x71 (size before relaxing)
 .comment       0x00000000       0x71 .\CortexM0\ARM_GCC_473\Debug\IMU.o
 .comment       0x00000000       0x71 .\CortexM0\ARM_GCC_473\Debug\cybootloader.o
 .comment       0x00000000       0x71 .\CortexM0\ARM_GCC_473\Debug\cymetadata.o
 .comment       0x00000000       0x71 .\CortexM0\ARM_GCC_473\Debug\Cm0Start.o
 .comment       0x00000000       0x71 .\CortexM0\ARM_GCC_473\Debug\T-50_Project.a(cyfitter_cfg.o)
 .comment       0x00000000       0x71 .\CortexM0\ARM_GCC_473\Debug\T-50_Project.a(CyLib.o)
 .comment       0x00000000       0x71 .\CortexM0\ARM_GCC_473\Debug\T-50_Project.a(UART_1.o)
 .comment       0x00000000       0x71 .\CortexM0\ARM_GCC_473\Debug\T-50_Project.a(UART_1_UART.o)
 .comment       0x00000000       0x71 .\CortexM0\ARM_GCC_473\Debug\T-50_Project.a(TaskTimer.o)
 .comment       0x00000000       0x71 .\CortexM0\ARM_GCC_473\Debug\T-50_Project.a(TaskISR.o)
 .comment       0x00000000       0x71 .\CortexM0\ARM_GCC_473\Debug\T-50_Project.a(NavLightPWM.o)
 .comment       0x00000000       0x71 .\CortexM0\ARM_GCC_473\Debug\T-50_Project.a(BootISR.o)
 .comment       0x00000000       0x71 .\CortexM0\ARM_GCC_473\Debug\T-50_Project.a(SW1.o)
 .comment       0x00000000       0x71 .\CortexM0\ARM_GCC_473\Debug\T-50_Project.a(PPMCounter.o)
 .comment       0x00000000       0x71 .\CortexM0\ARM_GCC_473\Debug\T-50_Project.a(PPMISR.o)
 .comment       0x00000000       0x71 .\CortexM0\ARM_GCC_473\Debug\T-50_Project.a(PPMRstISR.o)
 .comment       0x00000000       0x71 .\CortexM0\ARM_GCC_473\Debug\T-50_Project.a(ServoTimer.o)
 .comment       0x00000000       0x71 .\CortexM0\ARM_GCC_473\Debug\T-50_Project.a(ServoISR.o)
 .comment       0x00000000       0x71 .\CortexM0\ARM_GCC_473\Debug\T-50_Project.a(Out_Mot_Pin.o)
 .comment       0x00000000       0x71 .\CortexM0\ARM_GCC_473\Debug\T-50_Project.a(Out_Ail1_Pin.o)
 .comment       0x00000000       0x71 .\CortexM0\ARM_GCC_473\Debug\T-50_Project.a(Out_Ail2_Pin.o)
 .comment       0x00000000       0x71 .\CortexM0\ARM_GCC_473\Debug\T-50_Project.a(Out_Ele1_Pin.o)
 .comment       0x00000000       0x71 .\CortexM0\ARM_GCC_473\Debug\T-50_Project.a(Out_Ele2_Pin.o)
 .comment       0x00000000       0x71 .\CortexM0\ARM_GCC_473\Debug\T-50_Project.a(Out_Rud_Pin.o)
 .comment       0x00000000       0x71 .\CortexM0\ARM_GCC_473\Debug\T-50_Project.a(Out_Fl1_Pin.o)
 .comment       0x00000000       0x71 .\CortexM0\ARM_GCC_473\Debug\T-50_Project.a(Out_Fl2_Pin.o)
 .comment       0x00000000       0x71 .\CortexM0\ARM_GCC_473\Debug\T-50_Project.a(Out_Ge1_Pin.o)
 .comment       0x00000000       0x71 .\CortexM0\ARM_GCC_473\Debug\T-50_Project.a(Out_Ge2_Pin.o)
 .comment       0x00000000       0x71 .\CortexM0\ARM_GCC_473\Debug\T-50_Project.a(Out_Ge3_Pin.o)
 .comment       0x00000000       0x71 .\CortexM0\ARM_GCC_473\Debug\T-50_Project.a(Out_Sp1_Pin.o)
 .comment       0x00000000       0x71 .\CortexM0\ARM_GCC_473\Debug\T-50_Project.a(Out_Sp2_Pin.o)
 .comment       0x00000000       0x71 .\CortexM0\ARM_GCC_473\Debug\T-50_Project.a(I2CM.o)
 .comment       0x00000000       0x71 .\CortexM0\ARM_GCC_473\Debug\T-50_Project.a(I2CM_I2C.o)
 .comment       0x00000000       0x71 .\CortexM0\ARM_GCC_473\Debug\T-50_Project.a(I2CM_I2C_MASTER.o)
 .comment       0x00000000       0x71 .\CortexM0\ARM_GCC_473\Debug\T-50_Project.a(I2CM_sda.o)
 .comment       0x00000000       0x71 .\CortexM0\ARM_GCC_473\Debug\T-50_Project.a(I2CM_scl.o)
 .comment       0x00000000       0x71 .\CortexM0\ARM_GCC_473\Debug\T-50_Project.a(Bootloadable_1.o)
 .comment       0x00000000       0x71 .\CortexM0\ARM_GCC_473\Debug\T-50_Project.a(CyFlash.o)
 .comment       0x00000000       0x71 .\CortexM0\ARM_GCC_473\Debug\T-50_Project.a(UART_1_SPI_UART.o)
 .comment       0x00000000       0x71 .\CortexM0\ARM_GCC_473\Debug\T-50_Project.a(I2CM_I2C_INT.o)

.debug_weaknames
 *(.debug_weaknames)

.debug_funcnames
 *(.debug_funcnames)

.debug_typenames
 *(.debug_typenames)

.debug_varnames
 *(.debug_varnames)

.note.gnu.arm.ident
 *(.note.gnu.arm.ident)

.ARM.attributes
                0x00000000       0x28
 *(.ARM.attributes)
 .ARM.attributes
                0x00000000       0x1e c:/program files/cypress/psoc creator/3.0/psoc creator/import/gnu_cs/arm/4.7.3/bin/../lib/gcc/arm-none-eabi/4.7.3/armv6-m/crti.o
 .ARM.attributes
                0x0000001e       0x2c c:/program files/cypress/psoc creator/3.0/psoc creator/import/gnu_cs/arm/4.7.3/bin/../lib/gcc/arm-none-eabi/4.7.3/armv6-m/crtbegin.o
 .ARM.attributes
                0x0000004a       0x1c c:/program files/cypress/psoc creator/3.0/psoc creator/import/gnu_cs/arm/4.7.3/bin/../lib/gcc/arm-none-eabi/4.7.3/../../../../arm-none-eabi/lib/armv6-m/crt0.o
 .ARM.attributes
                0x00000066       0x31 .\CortexM0\ARM_GCC_473\Debug\main.o
 .ARM.attributes
                0x00000097       0x31 .\CortexM0\ARM_GCC_473\Debug\IMU.o
 .ARM.attributes
                0x000000c8       0x31 .\CortexM0\ARM_GCC_473\Debug\cybootloader.o
 .ARM.attributes
                0x000000f9       0x31 .\CortexM0\ARM_GCC_473\Debug\cymetadata.o
 .ARM.attributes
                0x0000012a       0x31 .\CortexM0\ARM_GCC_473\Debug\Cm0Start.o
 .ARM.attributes
                0x0000015b       0x31 .\CortexM0\ARM_GCC_473\Debug\T-50_Project.a(cyfitter_cfg.o)
 .ARM.attributes
                0x0000018c       0x21 .\CortexM0\ARM_GCC_473\Debug\T-50_Project.a(CyBootAsmGnu.o)
 .ARM.attributes
                0x000001ad       0x31 .\CortexM0\ARM_GCC_473\Debug\T-50_Project.a(CyLib.o)
 .ARM.attributes
                0x000001de       0x31 .\CortexM0\ARM_GCC_473\Debug\T-50_Project.a(UART_1.o)
 .ARM.attributes
                0x0000020f       0x31 .\CortexM0\ARM_GCC_473\Debug\T-50_Project.a(UART_1_UART.o)
 .ARM.attributes
                0x00000240       0x31 .\CortexM0\ARM_GCC_473\Debug\T-50_Project.a(TaskTimer.o)
 .ARM.attributes
                0x00000271       0x31 .\CortexM0\ARM_GCC_473\Debug\T-50_Project.a(TaskISR.o)
 .ARM.attributes
                0x000002a2       0x31 .\CortexM0\ARM_GCC_473\Debug\T-50_Project.a(NavLightPWM.o)
 .ARM.attributes
                0x000002d3       0x31 .\CortexM0\ARM_GCC_473\Debug\T-50_Project.a(BootISR.o)
 .ARM.attributes
                0x00000304       0x31 .\CortexM0\ARM_GCC_473\Debug\T-50_Project.a(SW1.o)
 .ARM.attributes
                0x00000335       0x31 .\CortexM0\ARM_GCC_473\Debug\T-50_Project.a(PPMCounter.o)
 .ARM.attributes
                0x00000366       0x31 .\CortexM0\ARM_GCC_473\Debug\T-50_Project.a(PPMISR.o)
 .ARM.attributes
                0x00000397       0x31 .\CortexM0\ARM_GCC_473\Debug\T-50_Project.a(PPMRstISR.o)
 .ARM.attributes
                0x000003c8       0x31 .\CortexM0\ARM_GCC_473\Debug\T-50_Project.a(ServoTimer.o)
 .ARM.attributes
                0x000003f9       0x31 .\CortexM0\ARM_GCC_473\Debug\T-50_Project.a(ServoISR.o)
 .ARM.attributes
                0x0000042a       0x31 .\CortexM0\ARM_GCC_473\Debug\T-50_Project.a(Out_Mot_Pin.o)
 .ARM.attributes
                0x0000045b       0x31 .\CortexM0\ARM_GCC_473\Debug\T-50_Project.a(Out_Ail1_Pin.o)
 .ARM.attributes
                0x0000048c       0x31 .\CortexM0\ARM_GCC_473\Debug\T-50_Project.a(Out_Ail2_Pin.o)
 .ARM.attributes
                0x000004bd       0x31 .\CortexM0\ARM_GCC_473\Debug\T-50_Project.a(Out_Ele1_Pin.o)
 .ARM.attributes
                0x000004ee       0x31 .\CortexM0\ARM_GCC_473\Debug\T-50_Project.a(Out_Ele2_Pin.o)
 .ARM.attributes
                0x0000051f       0x31 .\CortexM0\ARM_GCC_473\Debug\T-50_Project.a(Out_Rud_Pin.o)
 .ARM.attributes