Archive member included because of file (symbol)

.\CortexM0\ARM_GCC_484\Debug\T-50_Project.a(cyfitter_cfg.o)
                              .\CortexM0\ARM_GCC_484\Debug\Cm0Start.o (cyfitter_cfg)
.\CortexM0\ARM_GCC_484\Debug\T-50_Project.a(CyBootAsmGnu.o)
                              .\CortexM0\ARM_GCC_484\Debug\T-50_Project.a(cyfitter_cfg.o) (CyDelayCycles)
.\CortexM0\ARM_GCC_484\Debug\T-50_Project.a(CyLib.o)
                              .\CortexM0\ARM_GCC_484\Debug\main.o (CyDelay)
.\CortexM0\ARM_GCC_484\Debug\T-50_Project.a(UART_1.o)
                              .\CortexM0\ARM_GCC_484\Debug\main.o (UART_1_Start)
.\CortexM0\ARM_GCC_484\Debug\T-50_Project.a(UART_1_SPI_UART.o)
                              .\CortexM0\ARM_GCC_484\Debug\main.o (UART_1_SpiUartWriteTxData)
.\CortexM0\ARM_GCC_484\Debug\T-50_Project.a(UART_1_UART.o)
                              .\CortexM0\ARM_GCC_484\Debug\T-50_Project.a(UART_1.o) (UART_1_UartInit)
.\CortexM0\ARM_GCC_484\Debug\T-50_Project.a(TaskTimer.o)
                              .\CortexM0\ARM_GCC_484\Debug\main.o (TaskTimer_Start)
.\CortexM0\ARM_GCC_484\Debug\T-50_Project.a(TaskISR.o)
                              .\CortexM0\ARM_GCC_484\Debug\main.o (TaskISR_Start)
.\CortexM0\ARM_GCC_484\Debug\T-50_Project.a(NavLightPWM.o)
                              .\CortexM0\ARM_GCC_484\Debug\main.o (NavLightPWM_WriteCompare)
.\CortexM0\ARM_GCC_484\Debug\T-50_Project.a(BootISR.o)
                              .\CortexM0\ARM_GCC_484\Debug\main.o (BootISR_Start)
.\CortexM0\ARM_GCC_484\Debug\T-50_Project.a(SW1.o)
                              .\CortexM0\ARM_GCC_484\Debug\T-50_Project.a(BootISR.o) (SW1_ClearInterrupt)
.\CortexM0\ARM_GCC_484\Debug\T-50_Project.a(Strobes.o)
                              .\CortexM0\ARM_GCC_484\Debug\main.o (Strobes_Write)
.\CortexM0\ARM_GCC_484\Debug\T-50_Project.a(PPMCounter.o)
                              .\CortexM0\ARM_GCC_484\Debug\main.o (PPMCounter_Start)
.\CortexM0\ARM_GCC_484\Debug\T-50_Project.a(PPMISR.o)
                              .\CortexM0\ARM_GCC_484\Debug\main.o (PPMISR_Start)
.\CortexM0\ARM_GCC_484\Debug\T-50_Project.a(PPMRstISR.o)
                              .\CortexM0\ARM_GCC_484\Debug\main.o (PPMRstISR_Start)
.\CortexM0\ARM_GCC_484\Debug\T-50_Project.a(ServoTimer.o)
                              .\CortexM0\ARM_GCC_484\Debug\main.o (ServoTimer_Start)
.\CortexM0\ARM_GCC_484\Debug\T-50_Project.a(ServoISR.o)
                              .\CortexM0\ARM_GCC_484\Debug\main.o (ServoISR_Start)
.\CortexM0\ARM_GCC_484\Debug\T-50_Project.a(Out_Mot_Pin.o)
                              .\CortexM0\ARM_GCC_484\Debug\T-50_Project.a(ServoISR.o) (Out_Mot_Pin_Write)
.\CortexM0\ARM_GCC_484\Debug\T-50_Project.a(Out_Ail1_Pin.o)
                              .\CortexM0\ARM_GCC_484\Debug\T-50_Project.a(ServoISR.o) (Out_Ail1_Pin_Write)
.\CortexM0\ARM_GCC_484\Debug\T-50_Project.a(Out_Ail2_Pin.o)
                              .\CortexM0\ARM_GCC_484\Debug\T-50_Project.a(ServoISR.o) (Out_Ail2_Pin_Write)
.\CortexM0\ARM_GCC_484\Debug\T-50_Project.a(Out_Ele1_Pin.o)
                              .\CortexM0\ARM_GCC_484\Debug\T-50_Project.a(ServoISR.o) (Out_Ele1_Pin_Write)
.\CortexM0\ARM_GCC_484\Debug\T-50_Project.a(Out_Ele2_Pin.o)
                              .\CortexM0\ARM_GCC_484\Debug\T-50_Project.a(ServoISR.o) (Out_Ele2_Pin_Write)
.\CortexM0\ARM_GCC_484\Debug\T-50_Project.a(Out_Rud_Pin.o)
                              .\CortexM0\ARM_GCC_484\Debug\T-50_Project.a(ServoISR.o) (Out_Rud_Pin_Write)
.\CortexM0\ARM_GCC_484\Debug\T-50_Project.a(Out_Fl1_Pin.o)
                              .\CortexM0\ARM_GCC_484\Debug\T-50_Project.a(ServoISR.o) (Out_Fl1_Pin_Write)
.\CortexM0\ARM_GCC_484\Debug\T-50_Project.a(Out_Fl2_Pin.o)
                              .\CortexM0\ARM_GCC_484\Debug\T-50_Project.a(ServoISR.o) (Out_Fl2_Pin_Write)
.\CortexM0\ARM_GCC_484\Debug\T-50_Project.a(Out_Ge1_Pin.o)
                              .\CortexM0\ARM_GCC_484\Debug\T-50_Project.a(ServoISR.o) (Out_Ge1_Pin_Write)
.\CortexM0\ARM_GCC_484\Debug\T-50_Project.a(Out_Ge2_Pin.o)
                              .\CortexM0\ARM_GCC_484\Debug\T-50_Project.a(ServoISR.o) (Out_Ge2_Pin_Write)
.\CortexM0\ARM_GCC_484\Debug\T-50_Project.a(Out_Ge3_Pin.o)
                              .\CortexM0\ARM_GCC_484\Debug\T-50_Project.a(ServoISR.o) (Out_Ge3_Pin_Write)
.\CortexM0\ARM_GCC_484\Debug\T-50_Project.a(Out_Sp1_Pin.o)
                              .\CortexM0\ARM_GCC_484\Debug\T-50_Project.a(ServoISR.o) (Out_Sp1_Pin_Write)
.\CortexM0\ARM_GCC_484\Debug\T-50_Project.a(Out_Sp2_Pin.o)
                              .\CortexM0\ARM_GCC_484\Debug\T-50_Project.a(ServoISR.o) (Out_Sp2_Pin_Write)
.\CortexM0\ARM_GCC_484\Debug\T-50_Project.a(I2CM.o)
                              .\CortexM0\ARM_GCC_484\Debug\main.o (I2CM_Start)
.\CortexM0\ARM_GCC_484\Debug\T-50_Project.a(I2CM_I2C.o)
                              .\CortexM0\ARM_GCC_484\Debug\T-50_Project.a(I2CM.o) (I2CM_I2CInit)
[...]
Memory Configuration

Name             Origin             Length             Attributes
rom              0x00000000         0x00008000         xr
ram              0x20000000         0x00001000         xrw
*default*        0x00000000         0xffffffff

Linker script and memory map

LOAD c:/program files/cypress/psoc creator/3.1/psoc creator/import/gnu_cs/arm/4.8.4/bin/../lib/gcc/arm-none-eabi/4.8.4/armv6-m/crti.o
LOAD c:/program files/cypress/psoc creator/3.1/psoc creator/import/gnu_cs/arm/4.8.4/bin/../lib/gcc/arm-none-eabi/4.8.4/armv6-m/crtbegin.o
LOAD c:/program files/cypress/psoc creator/3.1/psoc creator/import/gnu_cs/arm/4.8.4/bin/../lib/gcc/arm-none-eabi/4.8.4/../../../../arm-none-eabi/lib/armv6-m/crt0.o
START GROUP
LOAD .\CortexM0\ARM_GCC_484\Debug\main.o
LOAD .\CortexM0\ARM_GCC_484\Debug\IMU.o
LOAD .\CortexM0\ARM_GCC_484\Debug\cybootloader.o
LOAD .\CortexM0\ARM_GCC_484\Debug\cymetadata.o
LOAD .\CortexM0\ARM_GCC_484\Debug\Cm0Start.o
LOAD .\CortexM0\ARM_GCC_484\Debug\T-50_Project.a
LOAD C:\Program Files\Cypress\PSoC Creator\3.1\PSoC Creator\psoc\content\cycomponentlibrary\CyComponentLibrary.cylib\CortexM0\ARM_GCC_484\Debug\CyComponentLibrary.a
LOAD c:/program files/cypress/psoc creator/3.1/psoc creator/import/gnu_cs/arm/4.8.4/bin/../lib/gcc/arm-none-eabi/4.8.4/../../../../arm-none-eabi/lib/armv6-m\libm.a
END GROUP
START GROUP
LOAD c:/program files/cypress/psoc creator/3.1/psoc creator/import/gnu_cs/arm/4.8.4/bin/../lib/gcc/arm-none-eabi/4.8.4/armv6-m\libgcc.a
LOAD c:/program files/cypress/psoc creator/3.1/psoc creator/import/gnu_cs/arm/4.8.4/bin/../lib/gcc/arm-none-eabi/4.8.4/../../../../arm-none-eabi/lib/armv6-m\libg_s.a
LOAD c:/program files/cypress/psoc creator/3.1/psoc creator/import/gnu_cs/arm/4.8.4/bin/../lib/gcc/arm-none-eabi/4.8.4/../../../../arm-none-eabi/lib/armv6-m\libc_s.a
END GROUP
START GROUP
LOAD c:/program files/cypress/psoc creator/3.1/psoc creator/import/gnu_cs/arm/4.8.4/bin/../lib/gcc/arm-none-eabi/4.8.4/armv6-m\libgcc.a
LOAD c:/program files/cypress/psoc creator/3.1/psoc creator/import/gnu_cs/arm/4.8.4/bin/../lib/gcc/arm-none-eabi/4.8.4/../../../../arm-none-eabi/lib/armv6-m\libc_s.a
END GROUP
LOAD c:/program files/cypress/psoc creator/3.1/psoc creator/import/gnu_cs/arm/4.8.4/bin/../lib/gcc/arm-none-eabi/4.8.4/armv6-m/crtend.o
LOAD c:/program files/cypress/psoc creator/3.1/psoc creator/import/gnu_cs/arm/4.8.4/bin/../lib/gcc/arm-none-eabi/4.8.4/armv6-m/crtn.o
START GROUP
LOAD c:/program files/cypress/psoc creator/3.1/psoc creator/import/gnu_cs/arm/4.8.4/bin/../lib/gcc/arm-none-eabi/4.8.4/armv6-m\libgcc.a
LOAD c:/program files/cypress/psoc creator/3.1/psoc creator/import/gnu_cs/arm/4.8.4/bin/../lib/gcc/arm-none-eabi/4.8.4/../../../../arm-none-eabi/lib/armv6-m\libc.a
LOAD c:/program files/cypress/psoc creator/3.1/psoc creator/import/gnu_cs/arm/4.8.4/bin/../lib/gcc/arm-none-eabi/4.8.4/../../../../arm-none-eabi/lib/armv6-m\libnosys.a
END GROUP
                0x00000000                CY_APPL_ORIGIN = 0x0
                0x00000080                CY_FLASH_ROW_SIZE = 0x80
                0x00000001                CY_APPL_NUM = 0x1
                0x00000040                CY_METADATA_SIZE = 0x40
                0x200004f0                PROVIDE (__cy_heap_start, _end)
                0x00000001                PROVIDE (__cy_region_num, ((__cy_regions_end - __cy_regions) / 0x10))
                0x20001000                PROVIDE (__cy_stack, (ORIGIN (ram) + 0x1000))
                0x20000c00                PROVIDE (__cy_heap_end, (__cy_stack - 0x400))

.cybootloader   0x00000000     0x1080
 *(.cybootloader)
 .cybootloader  0x00000000     0x1080 .\CortexM0\ARM_GCC_484\Debug\cybootloader.o
                0x00000000                cy_bootloader
                0x00001080                appl1_start = CY_APPL_ORIGIN?CY_APPL_ORIGIN:ALIGN (CY_FLASH_ROW_SIZE)
                0x00004800                appl2_start = (appl1_start + ALIGN ((((0x8000 - appl1_start) - (0x2 * CY_FLASH_ROW_SIZE)) / 0x2), CY_FLASH_ROW_SIZE))
                0x00001080                appl_start = (CY_APPL_NUM == 0x1)?appl1_start:appl2_start

.text           0x00001080     0x4fd4
 CREATE_OBJECT_SYMBOLS
                0x00001080                PROVIDE (__cy_interrupt_vector, RomVectors)
 *(.romvectors)
 .romvectors    0x00001080       0x10 .\CortexM0\ARM_GCC_484\Debug\Cm0Start.o
                0x00001080                RomVectors
                0x00000001                ASSERT ((. != __cy_interrupt_vector), No interrupt vector)
                0x00000001                ASSERT (CY_APPL_ORIGIN?(SIZEOF (.cybootloader) <= CY_APPL_ORIGIN):0x1, Wrong image location)
                0x00001090                PROVIDE (__cy_reset, Reset)
 *(.text.Reset)
 .text.Reset    0x00001090       0x10 .\CortexM0\ARM_GCC_484\Debug\Cm0Start.o
                0x00001090                Reset
                0x00000001                ASSERT ((. != __cy_reset), No reset code)
 *(.psocinit)
 .psocinit      0x000010a0      0x300 .\CortexM0\ARM_GCC_484\Debug\T-50_Project.a(cyfitter_cfg.o)
                0x000010a0                cyfitter_cfg
                0x000013a0                . = MAX (., 0x100)
 *(.text .text.* .gnu.linkonce.t.*)
 .text          0x000013a0       0x60 c:/program files/cypress/psoc creator/3.1/psoc creator/import/gnu_cs/arm/4.8.4/bin/../lib/gcc/arm-none-eabi/4.8.4/armv6-m/crtbegin.o
 .text.UART_1_UartPutNum
                0x00001400       0x1c .\CortexM0\ARM_GCC_484\Debug\main.o
                0x00001400                UART_1_UartPutNum
 *fill*         0x0000141c        0x4 
 .text.startup.main
                0x00001420      0x2f0 .\CortexM0\ARM_GCC_484\Debug\main.o
                0x00001420                main
 .text.write_gyro_registry
                0x00001710       0x5c .\CortexM0\ARM_GCC_484\Debug\IMU.o
                0x00001710                write_gyro_registry
 .text.gyro_start
                0x0000176c       0x28 .\CortexM0\ARM_GCC_484\Debug\IMU.o
                0x0000176c                gyro_start
 *fill*         0x00001794        0x4 
 .text.gyro_read
                0x00001798       0xf0 .\CortexM0\ARM_GCC_484\Debug\IMU.o
                0x00001798                gyro_read
 .text.write_acc_registry
                0x00001888       0x5c .\CortexM0\ARM_GCC_484\Debug\IMU.o
                0x00001888                write_acc_registry
 .text.acc_start
                0x000018e4       0x18 .\CortexM0\ARM_GCC_484\Debug\IMU.o
                0x000018e4                acc_start
 *fill*         0x000018fc        0x4 
 .text.acc_read
                0x00001900       0xf0 .\CortexM0\ARM_GCC_484\Debug\IMU.o
                0x00001900                acc_read
 .text.write_mag_registry
                0x000019f0       0x5c .\CortexM0\ARM_GCC_484\Debug\IMU.o
                0x000019f0                write_mag_registry
 .text.mag_start
                0x00001a4c       0x20 .\CortexM0\ARM_GCC_484\Debug\IMU.o
                0x00001a4c                mag_start
 *fill*         0x00001a6c        0x4 
 .text.mag_read
                0x00001a70       0xf0 .\CortexM0\ARM_GCC_484\Debug\IMU.o
                0x00001a70                mag_read
 .text.write_baro_registry
                0x00001b60       0x34 .\CortexM0\ARM_GCC_484\Debug\IMU.o
                0x00001b60                write_baro_registry
 .text.baro_start
                0x00001b94       0x18 .\CortexM0\ARM_GCC_484\Debug\IMU.o
                0x00001b94                baro_start
 .text.baro_read
                0x00001bac       0x6c .\CortexM0\ARM_GCC_484\Debug\IMU.o
                0x00001bac                baro_read
 .text.IntDefaultHandler
                0x00001c18        0x2 .\CortexM0\ARM_GCC_484\Debug\Cm0Start.o
                0x00001c18                IntDefaultHandler
 *fill*         0x00001c1a        0x2 
 .text._sbrk    0x00001c1c       0x30 .\CortexM0\ARM_GCC_484\Debug\Cm0Start.o
                0x00001c1c                _sbrk
 .text.Start_c  0x00001c4c       0x4c .\CortexM0\ARM_GCC_484\Debug\Cm0Start.o
                0x00001c4c                Start_c
 .text.startup.initialize_psoc
                0x00001c98       0x54 .\CortexM0\ARM_GCC_484\Debug\Cm0Start.o
                0x00001c98                initialize_psoc
 *fill*         0x00001cec        0x4 
 .text          0x00001cf0       0x28 .\CortexM0\ARM_GCC_484\Debug\T-50_Project.a(CyBootAsmGnu.o)
                0x00001cf0                CyDelayCycles
                0x00001d04                CyEnterCriticalSection
                0x00001d0c                CyExitCriticalSection
 .text.CyIntSetVector
                0x00001d18       0x18 .\CortexM0\ARM_GCC_484\Debug\T-50_Project.a(CyLib.o)
                0x00001d18                CyIntSetVector
 .text.CyIntSetPriority
                0x00001d30       0x40 .\CortexM0\ARM_GCC_484\Debug\T-50_Project.a(CyLib.o)
                0x00001d30                CyIntSetPriority
 .text.CyIntEnable
                0x00001d70       0x14 .\CortexM0\ARM_GCC_484\Debug\T-50_Project.a(CyLib.o)
                0x00001d70                CyIntEnable
 .text.CyIntDisable
                0x00001d84       0x14 .\CortexM0\ARM_GCC_484\Debug\T-50_Project.a(CyLib.o)
                0x00001d84                CyIntDisable
 .text.CySoftwareReset
                0x00001d98       0x18 .\CortexM0\ARM_GCC_484\Debug\T-50_Project.a(CyLib.o)
                0x00001d98                CySoftwareReset
 .text.CyDelay  0x00001db0       0x2c .\CortexM0\ARM_GCC_484\Debug\T-50_Project.a(CyLib.o)
                0x00001db0                CyDelay
 .text.CyDelayUs
                0x00001ddc       0x14 .\CortexM0\ARM_GCC_484\Debug\T-50_Project.a(CyLib.o)
                0x00001ddc                CyDelayUs
 .text.UART_1_Enable
                0x00001df0       0x14 .\CortexM0\ARM_GCC_484\Debug\T-50_Project.a(UART_1.o)
                0x00001df0                UART_1_Enable
 .text.UART_1_Start
                0x00001e04       0x1c .\CortexM0\ARM_GCC_484\Debug\T-50_Project.a(UART_1.o)
                0x00001e04                UART_1_Start
 .text.UART_1_SpiUartWriteTxData
                0x00001e20       0x1c .\CortexM0\ARM_GCC_484\Debug\T-50_Project.a(UART_1_SPI_UART.o)
                0x00001e20                UART_1_SpiUartWriteTxData
 .text.UART_1_UartInit
                0x00001e3c       0x90 .\CortexM0\ARM_GCC_484\Debug\T-50_Project.a(UART_1_UART.o)
                0x00001e3c                UART_1_UartInit
 .text.UART_1_UartPutString
                0x00001ecc       0x16 .\CortexM0\ARM_GCC_484\Debug\T-50_Project.a(UART_1_UART.o)
                0x00001ecc                UART_1_UartPutString
 *fill*         0x00001ee2        0x2 
 .text.TaskTimer_Init
                0x00001ee4       0x40 .\CortexM0\ARM_GCC_484\Debug\T-50_Project.a(TaskTimer.o)
                0x00001ee4                TaskTimer_Init
 .text.TaskTimer_TriggerCommand
                0x00001f24       0x1c .\CortexM0\ARM_GCC_484\Debug\T-50_Project.a(TaskTimer.o)
                0x00001f24                TaskTimer_TriggerCommand
 .text.TaskTimer_Enable
                0x00001f40       0x24 .\CortexM0\ARM_GCC_484\Debug\T-50_Project.a(TaskTimer.o)
                0x00001f40                TaskTimer_Enable
 .text.TaskTimer_Start
                0x00001f64       0x1c .\CortexM0\ARM_GCC_484\Debug\T-50_Project.a(TaskTimer.o)
                0x00001f64                TaskTimer_Start
 .text.TaskTimer_ClearInterrupt
                0x00001f80        0xc .\CortexM0\ARM_GCC_484\Debug\T-50_Project.a(TaskTimer.o)
                0x00001f80                TaskTimer_ClearInterrupt
 .text.TaskISR_Interrupt
                0x00001f8c       0x14 .\CortexM0\ARM_GCC_484\Debug\T-50_Project.a(TaskISR.o)
                0x00001f8c                TaskISR_Interrupt
 .text.TaskISR_SetPriority
                0x00001fa0       0x24 .\CortexM0\ARM_GCC_484\Debug\T-50_Project.a(TaskISR.o)
                0x00001fa0                TaskISR_SetPriority
 .text.TaskISR_Start
                0x00001fc4       0x30 .\CortexM0\ARM_GCC_484\Debug\T-50_Project.a(TaskISR.o)
                0x00001fc4                TaskISR_Start
 .text.NavLightPWM_Init
                0x00001ff4       0x50 .\CortexM0\ARM_GCC_484\Debug\T-50_Project.a(NavLightPWM.o)
                0x00001ff4                NavLightPWM_Init
 .text.NavLightPWM_WriteCompare
                0x00002044        0xc .\CortexM0\ARM_GCC_484\Debug\T-50_Project.a(NavLightPWM.o)
                0x00002044                NavLightPWM_WriteCompare
 .text.NavLightPWM_TriggerCommand
                0x00002050       0x1c .\CortexM0\ARM_GCC_484\Debug\T-50_Project.a(NavLightPWM.o)
                0x00002050                NavLightPWM_TriggerCommand
 .text.NavLightPWM_Enable
                0x0000206c       0x24 .\CortexM0\ARM_GCC_484\Debug\T-50_Project.a(NavLightPWM.o)
                0x0000206c                NavLightPWM_Enable
 .text.NavLightPWM_Start
                0x00002090       0x1c .\CortexM0\ARM_GCC_484\Debug\T-50_Project.a(NavLightPWM.o)
                0x00002090                NavLightPWM_Start
 .text.BootISR_Interrupt
                0x000020ac       0x1c .\CortexM0\ARM_GCC_484\Debug\T-50_Project.a(BootISR.o)
                0x000020ac                BootISR_Interrupt
 .text.BootISR_SetPriority
                0x000020c8       0x24 .\CortexM0\ARM_GCC_484\Debug\T-50_Project.a(BootISR.o)
                0x000020c8                BootISR_SetPriority
 .text.BootISR_Start
                0x000020ec       0x2c .\CortexM0\ARM_GCC_484\Debug\T-50_Project.a(BootISR.o)
                0x000020ec                BootISR_Start
 .text.SW1_ClearInterrupt
                0x00002118       0x14 .\CortexM0\ARM_GCC_484\Debug\T-50_Project.a(SW1.o)
                0x00002118                SW1_ClearInterrupt
 .text.Strobes_Write
                0x0000212c       0x18 .\CortexM0\ARM_GCC_484\Debug\T-50_Project.a(Strobes.o)
                0x0000212c                Strobes_Write
 .text.PPMCounter_Init
                0x00002144       0x38 .\CortexM0\ARM_GCC_484\Debug\T-50_Project.a(PPMCounter.o)
                0x00002144                PPMCounter_Init
 .text.PPMCounter_WriteCounter
                0x0000217c        0xc .\CortexM0\ARM_GCC_484\Debug\T-50_Project.a(PPMCounter.o)
                0x0000217c                PPMCounter_WriteCounter
 .text.PPMCounter_ReadCounter
                0x00002188        0xc .\CortexM0\ARM_GCC_484\Debug\T-50_Project.a(PPMCounter.o)
                0x00002188                PPMCounter_ReadCounter
 .text.PPMCounter_TriggerCommand
                0x00002194       0x1c .\CortexM0\ARM_GCC_484\Debug\T-50_Project.a(PPMCounter.o)
                0x00002194                PPMCounter_TriggerCommand
 .text.PPMCounter_Enable
                0x000021b0       0x24 .\CortexM0\ARM_GCC_484\Debug\T-50_Project.a(PPMCounter.o)
                0x000021b0                PPMCounter_Enable
 .text.PPMCounter_Start
                0x000021d4       0x1c .\CortexM0\ARM_GCC_484\Debug\T-50_Project.a(PPMCounter.o)
                0x000021d4                PPMCounter_Start
 .text.PPMCounter_ClearInterrupt
                0x000021f0        0xc .\CortexM0\ARM_GCC_484\Debug\T-50_Project.a(PPMCounter.o)
                0x000021f0                PPMCounter_ClearInterrupt
 .text.PPMISR_Interrupt
                0x000021fc       0x40 .\CortexM0\ARM_GCC_484\Debug\T-50_Project.a(PPMISR.o)
                0x000021fc                PPMISR_Interrupt
 .text.PPMISR_SetPriority
                0x0000223c       0x20 .\CortexM0\ARM_GCC_484\Debug\T-50_Project.a(PPMISR.o)
                0x0000223c                PPMISR_SetPriority
 .text.PPMISR_Start
                0x0000225c       0x30 .\CortexM0\ARM_GCC_484\Debug\T-50_Project.a(PPMISR.o)
                0x0000225c                PPMISR_Start
 .text.PPMRstISR_Interrupt
                0x0000228c       0x20 .\CortexM0\ARM_GCC_484\Debug\T-50_Project.a(PPMRstISR.o)
                0x0000228c                PPMRstISR_Interrupt
 .text.PPMRstISR_SetPriority
                0x000022ac       0x28 .\CortexM0\ARM_GCC_484\Debug\T-50_Project.a(PPMRstISR.o)
                0x000022ac                PPMRstISR_SetPriority
 .text.PPMRstISR_Start
                0x000022d4       0x2c .\CortexM0\ARM_GCC_484\Debug\T-50_Project.a(PPMRstISR.o)
                0x000022d4                PPMRstISR_Start
 .text.ServoTimer_Init
                0x00002300       0x40 .\CortexM0\ARM_GCC_484\Debug\T-50_Project.a(ServoTimer.o)
                0x00002300                ServoTimer_Init
 .text.ServoTimer_WriteCounter
                0x00002340        0xc .\CortexM0\ARM_GCC_484\Debug\T-50_Project.a(ServoTimer.o)
                0x00002340                ServoTimer_WriteCounter
 .text.ServoTimer_WritePeriod
                0x0000234c        0xc .\CortexM0\ARM_GCC_484\Debug\T-50_Project.a(ServoTimer.o)
                0x0000234c                ServoTimer_WritePeriod
 .text.ServoTimer_TriggerCommand
                0x00002358       0x1c .\CortexM0\ARM_GCC_484\Debug\T-50_Project.a(ServoTimer.o)
                0x00002358                ServoTimer_TriggerCommand
 .text.ServoTimer_Enable
                0x00002374       0x24 .\CortexM0\ARM_GCC_484\Debug\T-50_Project.a(ServoTimer.o)
                0x00002374                ServoTimer_Enable
 .text.ServoTimer_Start
                0x00002398       0x1c .\CortexM0\ARM_GCC_484\Debug\T-50_Project.a(ServoTimer.o)
                0x00002398                ServoTimer_Start
 .text.ServoTimer_ClearInterrupt
                0x000023b4        0xc .\CortexM0\ARM_GCC_484\Debug\T-50_Project.a(ServoTimer.o)
                0x000023b4                ServoTimer_ClearInterrupt
 .text.ServoISR_Interrupt
                0x000023c0      0x100 .\CortexM0\ARM_GCC_484\Debug\T-50_Project.a(ServoISR.o)
                0x000023c0                ServoISR_Interrupt
 .text.ServoISR_SetPriority
                0x000024c0       0x28 .\CortexM0\ARM_GCC_484\Debug\T-50_Project.a(ServoISR.o)
                0x000024c0                ServoISR_SetPriority
 .text.ServoISR_Start
                0x000024e8       0x30 .\CortexM0\ARM_GCC_484\Debug\T-50_Project.a(ServoISR.o)
                0x000024e8                ServoISR_Start
 .text.Out_Mot_Pin_Write
                0x00002518       0x18 .\CortexM0\ARM_GCC_484\Debug\T-50_Project.a(Out_Mot_Pin.o)
                0x00002518                Out_Mot_Pin_Write
 .text.Out_Ail1_Pin_Write
                0x00002530       0x18 .\CortexM0\ARM_GCC_484\Debug\T-50_Project.a(Out_Ail1_Pin.o)
                0x00002530                Out_Ail1_Pin_Write
 .text.Out_Ail2_Pin_Write
                0x00002548       0x18 .\CortexM0\ARM_GCC_484\Debug\T-50_Project.a(Out_Ail2_Pin.o)
                0x00002548                Out_Ail2_Pin_Write
 .text.Out_Ele1_Pin_Write
                0x00002560       0x18 .\CortexM0\ARM_GCC_484\Debug\T-50_Project.a(Out_Ele1_Pin.o)
                0x00002560                Out_Ele1_Pin_Write
 .text.Out_Ele2_Pin_Write
                0x00002578       0x18 .\CortexM0\ARM_GCC_484\Debug\T-50_Project.a(Out_Ele2_Pin.o)
                0x00002578                Out_Ele2_Pin_Write
 .text.Out_Rud_Pin_Write
                0x00002590       0x18 .\CortexM0\ARM_GCC_484\Debug\T-50_Project.a(Out_Rud_Pin.o)
                0x00002590                Out_Rud_Pin_Write
 .text.Out_Fl1_Pin_Write
                0x000025a8       0x18 .\CortexM0\ARM_GCC_484\Debug\T-50_Project.a(Out_Fl1_Pin.o)
                0x000025a8                Out_Fl1_Pin_Write
 .text.Out_Fl2_Pin_Write
                0x000025c0       0x18 .\CortexM0\ARM_GCC_484\Debug\T-50_Project.a(Out_Fl2_Pin.o)
                0x000025c0                Out_Fl2_Pin_Write
 .text.Out_Ge1_Pin_Write
                0x000025d8       0x18 .\CortexM0\ARM_GCC_484\Debug\T-50_Project.a(Out_Ge1_Pin.o)
                0x000025d8                Out_Ge1_Pin_Write
 .text.Out_Ge2_Pin_Write
                0x000025f0       0x18 .\CortexM0\ARM_GCC_484\Debug\T-50_Project.a(Out_Ge2_Pin.o)
                0x000025f0                Out_Ge2_Pin_Write
 .text.Out_Ge3_Pin_Write
                0x00002608       0x18 .\CortexM0\ARM_GCC_484\Debug\T-50_Project.a(Out_Ge3_Pin.o)
                0x00002608                Out_Ge3_Pin_Write
 .text.Out_Sp1_Pin_Write
                0x00002620       0x18 .\CortexM0\ARM_GCC_484\Debug\T-50_Project.a(Out_Sp1_Pin.o)
                0x00002620                Out_Sp1_Pin_Write
 .text.Out_Sp2_Pin_Write
                0x00002638       0x18 .\CortexM0\ARM_GCC_484\Debug\T-50_Project.a(Out_Sp2_Pin.o)
                0x00002638                Out_Sp2_Pin_Write
 .text.I2CM_Enable
                0x00002650       0x1c .\CortexM0\ARM_GCC_484\Debug\T-50_Project.a(I2CM.o)
                0x00002650                I2CM_Enable
 .text.I2CM_Start
                0x0000266c       0x1c .\CortexM0\ARM_GCC_484\Debug\T-50_Project.a(I2CM.o)
                0x0000266c                I2CM_Start
 .text.I2CM_I2CInit
                0x00002688       0xc8 .\CortexM0\ARM_GCC_484\Debug\T-50_Project.a(I2CM_I2C.o)
                0x00002688                I2CM_I2CInit
 .text.I2CM_I2CMasterSendStart
                0x00002750       0xb0 .\CortexM0\ARM_GCC_484\Debug\T-50_Project.a(I2CM_I2C_MASTER.o)
                0x00002750                I2CM_I2CMasterSendStart
 .text.I2CM_I2CMasterWriteByte
                0x00002800       0x7c .\CortexM0\ARM_GCC_484\Debug\T-50_Project.a(I2CM_I2C_MASTER.o)
                0x00002800                I2CM_I2CMasterWriteByte
 .text.I2CM_I2CMasterReadByte
                0x0000287c       0x80 .\CortexM0\ARM_GCC_484\Debug\T-50_Project.a(I2CM_I2C_MASTER.o)
                0x0000287c                I2CM_I2CMasterReadByte
 .text.I2CM_I2CReStartGeneration
                0x000028fc       0x90 .\CortexM0\ARM_GCC_484\Debug\T-50_Project.a(I2CM_I2C_MASTER.o)
                0x000028fc                I2CM_I2CReStartGeneration
 .text.I2CM_I2CMasterSendRestart
                0x0000298c       0xa8 .\CortexM0\ARM_GCC_484\Debug\T-50_Project.a(I2CM_I2C_MASTER.o)
                0x0000298c                I2CM_I2CMasterSendRestart
 .text.I2CM_sda_Read
                0x00002a34       0x10 .\CortexM0\ARM_GCC_484\Debug\T-50_Project.a(I2CM_sda.o)
                0x00002a34                I2CM_sda_Read
 .text.I2CM_scl_Write
                0x00002a44       0x18 .\CortexM0\ARM_GCC_484\Debug\T-50_Project.a(I2CM_scl.o)
                0x00002a44                I2CM_scl_Write
 .text.I2CM_scl_Read
                0x00002a5c       0x10 .\CortexM0\ARM_GCC_484\Debug\T-50_Project.a(I2CM_scl.o)
                0x00002a5c                I2CM_scl_Read
 .text.Bootloadable_1_Load
                0x00002a6c       0x14 .\CortexM0\ARM_GCC_484\Debug\T-50_Project.a(Bootloadable_1.o)
                0x00002a6c                Bootloadable_1_Load
 .text.I2CM_I2C_ISR
                0x00002a80      0x354 .\CortexM0\ARM_GCC_484\Debug\T-50_Project.a(I2CM_I2C_INT.o)
                0x00002a80                I2CM_I2C_ISR
 .text.atan2    0x00002dd4        0x8 c:/program files/cypress/psoc creator/3.1/psoc creator/import/gnu_cs/arm/4.8.4/bin/../lib/gcc/arm-none-eabi/4.8.4/../../../../arm-none-eabi/lib/armv6-m\libm.a(lib_a-w_atan2.o)
                0x00002dd4                atan2
 *fill*         0x00002ddc        0x4 
 .text.__ieee754_atan2
                0x00002de0      0x208 c:/program files/cypress/psoc creator/3.1/psoc creator/import/gnu_cs/arm/4.8.4/bin/../lib/gcc/arm-none-eabi/4.8.4/../../../../arm-none-eabi/lib/armv6-m\libm.a(lib_a-e_atan2.o)
                0x00002de0                __ieee754_atan2
 .text.atan     0x00002fe8      0x350 c:/program files/cypress/psoc creator/3.1/psoc creator/import/gnu_cs/arm/4.8.4/bin/../lib/gcc/arm-none-eabi/4.8.4/../../../../arm-none-eabi/lib/armv6-m\libm.a(lib_a-s_atan.o)
                0x00002fe8                atan
 .text.fabs     0x00003338        0x8 c:/program files/cypress/psoc creator/3.1/psoc creator/import/gnu_cs/arm/4.8.4/bin/../lib/gcc/arm-none-eabi/4.8.4/../../../../arm-none-eabi/lib/armv6-m\libm.a(lib_a-s_fabs.o)
                0x00003338                fabs
 .text          0x00003340       0x14 c:/program files/cypress/psoc creator/3.1/psoc creator/import/gnu_cs/arm/4.8.4/bin/../lib/gcc/arm-none-eabi/4.8.4/armv6-m\libgcc.a(_thumb1_case_uqi.o)
                0x00003340                __gnu_thumb1_case_uqi
 .text          0x00003354       0x9c c:/program files/cypress/psoc creator/3.1/psoc creator/import/gnu_cs/arm/4.8.4/bin/../lib/gcc/arm-none-eabi/4.8.4/armv6-m\libgcc.a(_udivsi3.o)
                0x00003354                __aeabi_uidiv
                0x00003354                __udivsi3
                0x000033dc                __aeabi_uidivmod
 .text          0x000033f0        0x4 c:/program files/cypress/psoc creator/3.1/psoc creator/import/gnu_cs/arm/4.8.4/bin/../lib/gcc/arm-none-eabi/4.8.4/armv6-m\libgcc.a(_dvmd_tls.o)
                0x000033f0                __aeabi_idiv0
                0x000033f0                __aeabi_ldiv0
 .text          0x000033f4       0x7c c:/program files/cypress/psoc creator/3.1/psoc creator/import/gnu_cs/arm/4.8.4/bin/../lib/gcc/arm-none-eabi/4.8.4/armv6-m\libgcc.a(_arm_cmpdf2.o)
                0x000033f4                __aeabi_cdrcmple
                0x00003404                __aeabi_cdcmple
                0x00003404                __aeabi_cdcmpeq
                0x00003414                __aeabi_dcmpeq
                0x00003420                __aeabi_dcmplt
                0x00003434                __aeabi_dcmple
                0x00003448                __aeabi_dcmpgt
                0x0000345c                __aeabi_dcmpge
 .text          0x00003470      0x2d8 c:/program files/cypress/psoc creator/3.1/psoc creator/import/gnu_cs/arm/4.8.4/bin/../lib/gcc/arm-none-eabi/4.8.4/armv6-m\libgcc.a(addsf3.o)
                0x00003470                __aeabi_fadd
 .text          0x00003748      0x254 c:/program files/cypress/psoc creator/3.1/psoc creator/import/gnu_cs/arm/4.8.4/bin/../lib/gcc/arm-none-eabi/4.8.4/armv6-m\libgcc.a(mulsf3.o)
                0x00003748                __aeabi_fmul
 .text          0x0000399c       0xb8 c:/program files/cypress/psoc creator/3.1/psoc creator/import/gnu_cs/arm/4.8.4/bin/../lib/gcc/arm-none-eabi/4.8.4/armv6-m\libgcc.a(floatsisf.o)
                0x0000399c                __aeabi_i2f
 .text          0x00003a54      0x644 c:/program files/cypress/psoc creator/3.1/psoc creator/import/gnu_cs/arm/4.8.4/bin/../lib/gcc/arm-none-eabi/4.8.4/armv6-m\libgcc.a(adddf3.o)
                0x00003a54                __aeabi_dadd
 .text          0x00004098      0x648 c:/program files/cypress/psoc creator/3.1/psoc creator/import/gnu_cs/arm/4.8.4/bin/../lib/gcc/arm-none-eabi/4.8.4/armv6-m\libgcc.a(divdf3.o)
                0x00004098                __aeabi_ddiv
 .text          0x000046e0       0x94 c:/program files/cypress/psoc creator/3.1/psoc creator/import/gnu_cs/arm/4.8.4/bin/../lib/gcc/arm-none-eabi/4.8.4/armv6-m\libgcc.a(eqdf2.o)
                0x000046e0                __nedf2
                0x000046e0                __eqdf2
 .text          0x00004774       0xfc c:/program files/cypress/psoc creator/3.1/psoc creator/import/gnu_cs/arm/4.8.4/bin/../lib/gcc/arm-none-eabi/4.8.4/armv6-m\libgcc.a(gedf2.o)
                0x00004774                __gedf2
                0x00004774                __gtdf2
 .text          0x00004870       0xfc c:/program files/cypress/psoc creator/3.1/psoc creator/import/gnu_cs/arm/4.8.4/bin/../lib/gcc/arm-none-eabi/4.8.4/armv6-m\libgcc.a(ledf2.o)
                0x00004870                __ledf2
                0x00004870                __ltdf2
 .text          0x0000496c      0x520 c:/program files/cypress/psoc creator/3.1/psoc creator/import/gnu_cs/arm/4.8.4/bin/../lib/gcc/arm-none-eabi/4.8.4/armv6-m\libgcc.a(muldf3.o)
                0x0000496c                __aeabi_dmul
 .text          0x00004e8c      0x668 c:/program files/cypress/psoc creator/3.1/psoc creator/import/gnu_cs/arm/4.8.4/bin/../lib/gcc/arm-none-eabi/4.8.4/armv6-m\libgcc.a(subdf3.o)
                0x00004e8c                __aeabi_dsub
 .text          0x000054f4       0x68 c:/program files/cypress/psoc creator/3.1/psoc creator/import/gnu_cs/arm/4.8.4/bin/../lib/gcc/arm-none-eabi/4.8.4/armv6-m\libgcc.a(fixdfsi.o)
                0x000054f4                __aeabi_d2iz
 .text          0x0000555c       0x7c c:/program files/cypress/psoc creator/3.1/psoc creator/import/gnu_cs/arm/4.8.4/bin/../lib/gcc/arm-none-eabi/4.8.4/armv6-m\libgcc.a(floatsidf.o)
                0x0000555c                __aeabi_i2d
 .text          0x000055d8       0xa4 c:/program files/cypress/psoc creator/3.1/psoc creator/import/gnu_cs/arm/4.8.4/bin/../lib/gcc/arm-none-eabi/4.8.4/armv6-m\libgcc.a(extendsfdf2.o)
                0x000055d8                __aeabi_f2d
 .text          0x0000567c      0x118 c:/program files/cypress/psoc creator/3.1/psoc creator/import/gnu_cs/arm/4.8.4/bin/../lib/gcc/arm-none-eabi/4.8.4/armv6-m\libgcc.a(truncdfsf2.o)
                0x0000567c                __aeabi_d2f
 .text          0x00005794       0x3c c:/program files/cypress/psoc creator/3.1/psoc creator/import/gnu_cs/arm/4.8.4/bin/../lib/gcc/arm-none-eabi/4.8.4/armv6-m\libgcc.a(_clzsi2.o)
                0x00005794                __clzsi2
 .text.__errno  0x000057d0        0xc c:/program files/cypress/psoc creator/3.1/psoc creator/import/gnu_cs/arm/4.8.4/bin/../lib/gcc/arm-none-eabi/4.8.4/../../../../arm-none-eabi/lib/armv6-m\libg_s.a(lib_a-errno.o)
                0x000057d0                __errno
 .text.__libc_init_array
                0x000057dc       0x4c c:/program files/cypress/psoc creator/3.1/psoc creator/import/gnu_cs/arm/4.8.4/bin/../lib/gcc/arm-none-eabi/4.8.4/../../../../arm-none-eabi/lib/armv6-m\libg_s.a(lib_a-init.o)
                0x000057dc                __libc_init_array
 .text.memcpy   0x00005828       0x12 c:/program files/cypress/psoc creator/3.1/psoc creator/import/gnu_cs/arm/4.8.4/bin/../lib/gcc/arm-none-eabi/4.8.4/../../../../arm-none-eabi/lib/armv6-m\libg_s.a(lib_a-memcpy-stub.o)
                0x00005828                memcpy
 .text.memset   0x0000583a       0x10 c:/program files/cypress/psoc creator/3.1/psoc creator/import/gnu_cs/arm/4.8.4/bin/../lib/gcc/arm-none-eabi/4.8.4/../../../../arm-none-eabi/lib/armv6-m\libg_s.a(lib_a-memset.o)
                0x0000583a                memset
 *fill*         0x0000584a        0x2 
 .text.sprintf  0x0000584c       0x44 c:/program files/cypress/psoc creator/3.1/psoc creator/import/gnu_cs/arm/4.8.4/bin/../lib/gcc/arm-none-eabi/4.8.4/../../../../arm-none-eabi/lib/armv6-m\libg_s.a(lib_a-sprintf.o)
                0x0000584c                siprintf
                0x0000584c                sprintf
 .text.__ssputs_r
                0x00005890       0xc0 c:/program files/cypress/psoc creator/3.1/psoc creator/import/gnu_cs/arm/4.8.4/bin/../lib/gcc/arm-none-eabi/4.8.4/../../../../arm-none-eabi/lib/armv6-m\libg_s.a(lib_a-svfprintf.o)
                0x00005890                __ssputs_r
 .text._svfprintf_r
                0x00005950      0x1e0 c:/program files/cypress/psoc creator/3.1/psoc creator/import/gnu_cs/arm/4.8.4/bin/../lib/gcc/arm-none-eabi/4.8.4/../../../../arm-none-eabi/lib/armv6-m\libg_s.a(lib_a-svfprintf.o)
                0x00005950                _svfiprintf_r
                0x00005950                _svfprintf_r
 .text._printf_common
                0x00005b30       0xe8 c:/program files/cypress/psoc creator/3.1/psoc creator/import/gnu_cs/arm/4.8.4/bin/../lib/gcc/arm-none-eabi/4.8.4/../../../../arm-none-eabi/lib/armv6-m\libg_s.a(lib_a-vfprintf_i.o)
                0x00005b30                _printf_common
 .text._printf_i
                0x00005c18      0x22c c:/program files/cypress/psoc creator/3.1/psoc creator/import/gnu_cs/arm/4.8.4/bin/../lib/gcc/arm-none-eabi/4.8.4/../../../../arm-none-eabi/lib/armv6-m\libg_s.a(lib_a-vfprintf_i.o)
                0x00005c18                _printf_i
 .text.memchr   0x00005e44       0x16 c:/program files/cypress/psoc creator/3.1/psoc creator/import/gnu_cs/arm/4.8.4/bin/../lib/gcc/arm-none-eabi/4.8.4/../../../../arm-none-eabi/lib/armv6-m\libg_s.a(lib_a-memchr-stub.o)
                0x00005e44                memchr
 .text.memmove  0x00005e5a       0x32 c:/program files/cypress/psoc creator/3.1/psoc creator/import/gnu_cs/arm/4.8.4/bin/../lib/gcc/arm-none-eabi/4.8.4/../../../../arm-none-eabi/lib/armv6-m\libg_s.a(lib_a-memmove.o)
                0x00005e5a                memmove
 .text._free_r  0x00005e8c       0x90 c:/program files/cypress/psoc creator/3.1/psoc creator/import/gnu_cs/arm/4.8.4/bin/../lib/gcc/arm-none-eabi/4.8.4/../../../../arm-none-eabi/lib/armv6-m\libg_s.a(lib_a-nano-freer.o)
                0x00005e8c                _free_r
 .text._malloc_r
                0x00005f1c       0xa8 c:/program files/cypress/psoc creator/3.1/psoc creator/import/gnu_cs/arm/4.8.4/bin/../lib/gcc/arm-none-eabi/4.8.4/../../../../arm-none-eabi/lib/armv6-m\libg_s.a(lib_a-nano-mallocr.o)
                0x00005f1c                _malloc_r
 .text._realloc_r
                0x00005fc4       0x4c c:/program files/cypress/psoc creator/3.1/psoc creator/import/gnu_cs/arm/4.8.4/bin/../lib/gcc/arm-none-eabi/4.8.4/../../../../arm-none-eabi/lib/armv6-m\libg_s.a(lib_a-nano-reallocr.o)
                0x00005fc4                _realloc_r
 .text._sbrk_r  0x00006010       0x24 c:/program files/cypress/psoc creator/3.1/psoc creator/import/gnu_cs/arm/4.8.4/bin/../lib/gcc/arm-none-eabi/4.8.4/../../../../arm-none-eabi/lib/armv6-m\libg_s.a(lib_a-sbrkr.o)
                0x00006010                _sbrk_r
 .text.strlen   0x00006034        0xe c:/program files/cypress/psoc creator/3.1/psoc creator/import/gnu_cs/arm/4.8.4/bin/../lib/gcc/arm-none-eabi/4.8.4/../../../../arm-none-eabi/lib/armv6-m\libg_s.a(lib_a-strlen.o)
                0x00006034                strlen
 .text._malloc_usable_size_r
                0x00006042       0x12 c:/program files/cypress/psoc creator/3.1/psoc creator/import/gnu_cs/arm/4.8.4/bin/../lib/gcc/arm-none-eabi/4.8.4/../../../../arm-none-eabi/lib/armv6-m\libg_s.a(lib_a-nano-msizer.o)
                0x00006042                _malloc_usable_size_r
 *(.plt)
 *(.gnu.warning)
 *(.glue_7t)
 .glue_7t       0x00000000        0x0 linker stubs
 *(.glue_7)
 .glue_7        0x00000000        0x0 linker stubs
 *(.vfp11_veneer)
 .vfp11_veneer  0x00000000        0x0 linker stubs
 *(.bootloader)
 *(.ARM.extab* .gnu.linkonce.armextab.*)
 *(.gcc_except_table)

.v4_bx          0x00006054        0x0
 .v4_bx         0x00000000        0x0 linker stubs

.iplt           0x00006054        0x0
 .iplt          0x00000000        0x0 c:/program files/cypress/psoc creator/3.1/psoc creator/import/gnu_cs/arm/4.8.4/bin/../lib/gcc/arm-none-eabi/4.8.4/armv6-m/crtbegin.o

.eh_frame_hdr
 *(.eh_frame_hdr)

.eh_frame       0x00006054        0x4
 *(.eh_frame)
 .eh_frame      0x00006054        0x0 c:/program files/cypress/psoc creator/3.1/psoc creator/import/gnu_cs/arm/4.8.4/bin/../lib/gcc/arm-none-eabi/4.8.4/armv6-m/crtbegin.o
 .eh_frame      0x00006054        0x4 c:/program files/cypress/psoc creator/3.1/psoc creator/import/gnu_cs/arm/4.8.4/bin/../lib/gcc/arm-none-eabi/4.8.4/armv6-m/crtend.o
                0x00006058                PROVIDE (__exidx_start, .)

.ARM.exidx
 *(.ARM.exidx* .gnu.linkonce.armexidx.*)
                0x00006058                __exidx_end = .

.rodata         0x00006058      0x3c0
 *(.rodata .rodata.* .gnu.linkonce.r.*)
 .rodata.str1.1
                0x00006058       0x1e .\CortexM0\ARM_GCC_484\Debug\main.o
 .rodata.str1.1
                0x00006076       0xaa .\CortexM0\ARM_GCC_484\Debug\IMU.o
                                 0xcf (size before relaxing)
 .rodata        0x00006120      0x180 .\CortexM0\ARM_GCC_484\Debug\T-50_Project.a(cyfitter_cfg.o)
 .rodata.str1.1
                0x000062a0        0x7 .\CortexM0\ARM_GCC_484\Debug\T-50_Project.a(BootISR.o)
 *fill*         0x000062a7        0x1 
 .rodata.atanlo
                0x000062a8       0x20 c:/program files/cypress/psoc creator/3.1/psoc creator/import/gnu_cs/arm/4.8.4/bin/../lib/gcc/arm-none-eabi/4.8.4/../../../../arm-none-eabi/lib/armv6-m\libm.a(lib_a-s_atan.o)
 .rodata.atanhi
                0x000062c8       0x20 c:/program files/cypress/psoc creator/3.1/psoc creator/import/gnu_cs/arm/4.8.4/bin/../lib/gcc/arm-none-eabi/4.8.4/../../../../arm-none-eabi/lib/armv6-m\libm.a(lib_a-s_atan.o)
 .rodata        0x000062e8       0x40 c:/program files/cypress/psoc creator/3.1/psoc creator/import/gnu_cs/arm/4.8.4/bin/../lib/gcc/arm-none-eabi/4.8.4/armv6-m\libgcc.a(mulsf3.o)
 .rodata        0x00006328       0x40 c:/program files/cypress/psoc creator/3.1/psoc creator/import/gnu_cs/arm/4.8.4/bin/../lib/gcc/arm-none-eabi/4.8.4/armv6-m\libgcc.a(divdf3.o)
 .rodata        0x00006368       0x40 c:/program files/cypress/psoc creator/3.1/psoc creator/import/gnu_cs/arm/4.8.4/bin/../lib/gcc/arm-none-eabi/4.8.4/armv6-m\libgcc.a(muldf3.o)
 .rodata.str1.1
                0x000063a8        0x2 c:/program files/cypress/psoc creator/3.1/psoc creator/import/gnu_cs/arm/4.8.4/bin/../lib/gcc/arm-none-eabi/4.8.4/../../../../arm-none-eabi/lib/armv6-m\libg_s.a(lib_a-impure.o)
 .rodata.str1.1
                0x000063aa       0x11 c:/program files/cypress/psoc creator/3.1/psoc creator/import/gnu_cs/arm/4.8.4/bin/../lib/gcc/arm-none-eabi/4.8.4/../../../../arm-none-eabi/lib/armv6-m\libg_s.a(lib_a-svfprintf.o)
 .rodata.str1.1
                0x000063bb       0x22 c:/program files/cypress/psoc creator/3.1/psoc creator/import/gnu_cs/arm/4.8.4/bin/../lib/gcc/arm-none-eabi/4.8.4/../../../../arm-none-eabi/lib/armv6-m\libg_s.a(lib_a-vfprintf_i.o)
                0x000063e0                . = ALIGN (0x4)
 *fill*         0x000063dd        0x3 
 *(.init)
 .init          0x000063e0        0x4 c:/program files/cypress/psoc creator/3.1/psoc creator/import/gnu_cs/arm/4.8.4/bin/../lib/gcc/arm-none-eabi/4.8.4/armv6-m/crti.o
                0x000063e0                _init
 .init          0x000063e4        0x8 c:/program files/cypress/psoc creator/3.1/psoc creator/import/gnu_cs/arm/4.8.4/bin/../lib/gcc/arm-none-eabi/4.8.4/armv6-m/crtn.o
                0x000063ec                . = ALIGN (0x4)
                0x000063ec                __preinit_array_start = .
 *(.preinit_array)
                0x000063ec                __preinit_array_end = .
                0x000063ec                . = ALIGN (0x4)
                0x000063ec                __init_array_start = .
 *(SORT(.init_array.*))
 *(.init_array)
 .init_array    0x000063ec        0x4 c:/program files/cypress/psoc creator/3.1/psoc creator/import/gnu_cs/arm/4.8.4/bin/../lib/gcc/arm-none-eabi/4.8.4/armv6-m/crtbegin.o
 .init_array    0x000063f0        0x4 .\CortexM0\ARM_GCC_484\Debug\Cm0Start.o
                0x000063f4                __init_array_end = .
                0x000063f4                . = ALIGN (0x4)
 *(.fini)
 .fini          0x000063f4        0x4 c:/program files/cypress/psoc creator/3.1/psoc creator/import/gnu_cs/arm/4.8.4/bin/../lib/gcc/arm-none-eabi/4.8.4/armv6-m/crti.o
                0x000063f4                _fini
 .fini          0x000063f8        0x8 c:/program files/cypress/psoc creator/3.1/psoc creator/import/gnu_cs/arm/4.8.4/bin/../lib/gcc/arm-none-eabi/4.8.4/armv6-m/crtn.o
                0x00006400                . = ALIGN (0x4)
                0x00006400                __fini_array_start = .
 *(.fini_array)
 .fini_array    0x00006400        0x4 c:/program files/cypress/psoc creator/3.1/psoc creator/import/gnu_cs/arm/4.8.4/bin/../lib/gcc/arm-none-eabi/4.8.4/armv6-m/crtbegin.o
 *(SORT(.fini_array.*))
                0x00006404                __fini_array_end = .
                0x00006404                . = ALIGN (0x4)
 *crtbegin.o(.ctors)
 *(EXCLUDE_FILE(*crtend.o) .ctors)
 *(SORT(.ctors.*))
 *crtend.o(.ctors)
                0x00006404                . = ALIGN (0x4)
 *crtbegin.o(.dtors)
 *(EXCLUDE_FILE(*crtend.o) .dtors)
 *(SORT(.dtors.*))
 *crtend.o(.dtors)
                0x00006404                . = ALIGN (0x4)
                0x00006404                __cy_regions = .
                0x00006404        0x4 LONG 0x6418 __cy_region_init_ram
                0x00006408        0x4 LONG 0x200000d0 __cy_region_start_data
                0x0000640c        0x4 LONG 0x98 __cy_region_init_size_ram
                0x00006410        0x4 LONG 0x388 __cy_region_zero_size_ram
                0x00006414                __cy_regions_end = .
                0x00006418                . = ALIGN (0x8)
 *fill*         0x00006414        0x4 
                0x00006418                _etext = .

.ramvectors     0x20000000       0xc0
                0x20000000                __cy_region_start_ram = .
 *(.ramvectors)
 .ramvectors    0x20000000       0xc0 .\CortexM0\ARM_GCC_484\Debug\Cm0Start.o
                0x20000000                CyRamVectors

.btldr_run      0x200000c0        0x4
 *(.bootloaderruntype)
 .bootloaderruntype
                0x200000c0        0x4 .\CortexM0\ARM_GCC_484\Debug\Cm0Start.o
                0x200000c0                cyBtldrRunType

.noinit         0x200000c8        0x4
 *(.noinit)
 .noinit        0x200000c8        0x4 .\CortexM0\ARM_GCC_484\Debug\Cm0Start.o

.data           0x200000d0       0x98 load address 0x00006418
                0x200000d0                __cy_region_start_data = .
 *(.jcr)
 .jcr           0x200000d0        0x0 c:/program files/cypress/psoc creator/3.1/psoc creator/import/gnu_cs/arm/4.8.4/bin/../lib/gcc/arm-none-eabi/4.8.4/armv6-m/crtbegin.o
 .jcr           0x200000d0        0x4 c:/program files/cypress/psoc creator/3.1/psoc creator/import/gnu_cs/arm/4.8.4/bin/../lib/gcc/arm-none-eabi/4.8.4/armv6-m/crtend.o
 *(.got.plt)
 *(.got)
 *(.shdata)
 *(.data .data.* .gnu.linkonce.d.*)
 .data          0x200000d4       0x1c .\CortexM0\ARM_GCC_484\Debug\main.o
                0x200000d4                flag_LightsEnabled
                0x200000d6                NavLightBright
                0x200000d8                NavLightStep
                0x200000dc                sample_time
                0x200000e0                system_state
                0x200000e1                system_type
                0x200000e4                R_angle
                0x200000e8                Q_gyro
                0x200000ec                Q_angle
 .data          0x200000f0        0x4 .\CortexM0\ARM_GCC_484\Debug\Cm0Start.o
 .data          0x200000f4       0x10 .\CortexM0\ARM_GCC_484\Debug\T-50_Project.a(CyLib.o)
                0x200000f4                cydelay32kMs
                0x200000f8                cydelayFreqKhz
                0x200000fc                cydelayFreqMhz
                0x20000100                cydelayFreqHz
 .data.impure_data
                0x20000104       0x60 c:/program files/cypress/psoc creator/3.1/psoc creator/import/gnu_cs/arm/4.8.4/bin/../lib/gcc/arm-none-eabi/4.8.4/../../../../arm-none-eabi/lib/armv6-m\libg_s.a(lib_a-impure.o)
 .data._impure_ptr
                0x20000164        0x4 c:/program files/cypress/psoc creator/3.1/psoc creator/import/gnu_cs/arm/4.8.4/bin/../lib/gcc/arm-none-eabi/4.8.4/../../../../arm-none-eabi/lib/armv6-m\libg_s.a(lib_a-impure.o)
                0x20000164                _impure_ptr
                0x20000168                . = ALIGN (0x8)
 *(.ram)
                0x20000168                _edata = .

.igot.plt       0x20000168        0x0 load address 0x000064b0
 .igot.plt      0x00000000        0x0 c:/program files/cypress/psoc creator/3.1/psoc creator/import/gnu_cs/arm/4.8.4/bin/../lib/gcc/arm-none-eabi/4.8.4/armv6-m/crtbegin.o

.bss            0x20000168      0x388 load address 0x000064b0
                0x20000168                PROVIDE (__bss_start__, .)
 *(.shbss)
 *(.bss .bss.* .gnu.linkonce.b.*)
 .bss           0x20000168       0x1c c:/program files/cypress/psoc creator/3.1/psoc creator/import/gnu_cs/arm/4.8.4/bin/../lib/gcc/arm-none-eabi/4.8.4/armv6-m/crtbegin.o
 .bss           0x20000184       0xa0 .\CortexM0\ARM_GCC_484\Debug\main.o
                0x20000184                task_flag
                0x20000186                NavLightCompare
                0x20000188                flag_NavLightPulse
                0x2000018a                NavLightDim
                0x2000018c                cnt_StrobeLight
                0x2000018d                cnt_baro
                0x2000018e                acc_x_g
                0x20000190                acc_z_g
                0x20000194                Theta_acc
                0x20000198                acc_y_g
                0x2000019c                Phi_acc
                0x200001a0                turn_rate_q
                0x200001a2                turn_rate_p
                0x200001a4                mag_y_g
                0x200001a6                mag_x_g
                0x200001a8                Mag_Heading
                0x200001ac                Bar_press
                0x200001b0                ctrl_in
                0x200001c0                ctrl_out
                0x200001da                cnt_ML_ATTITUDE_send
                0x200001db                cnt_ML_HEARTBEAT_send
                0x200001dc                custom_mode
                0x200001e0                system_mode
                0x200001e1                autopilot_type
                0x200001e4                K_1_Phi
                0x200001e8                P_Phi
                0x200001f8                p_bias
                0x200001fc                K_1_Theta
                0x20000200                P_Theta
                0x20000210                q_bias
                0x20000214                Mag_y
                0x20000218                Psi_acc
                0x2000021c                mag_z_g
                0x2000021e                turn_rate_r
                0x20000220                PPM_channel
                0x20000221                blink_cnt
 .bss           0x20000224       0x36 .\CortexM0\ARM_GCC_484\Debug\IMU.o
                0x20000224                gyro_x_l
                0x20000225                gyro_x_h
                0x20000226                gyro_y_l
                0x20000227                gyro_y_h
                0x20000228                gyro_z_l
                0x20000229                gyro_z_h
                0x2000022a                gyro_x
                0x2000022c                gyro_y
                0x2000022e                gyro_z
                0x20000230                acc_x_l
                0x20000231                acc_x_h
                0x20000232                acc_y_l
                0x20000233                acc_y_h
                0x20000234                acc_z_l
                0x20000235                acc_z_h
                0x20000236                acc_x
                0x20000238                acc_y
                0x2000023a                acc_z
                0x2000023c                mag_x_l
                0x2000023d                mag_x_h
                0x2000023e                mag_y_l
                0x2000023f                mag_y_h
                0x20000240                mag_z_l
                0x20000241                mag_z_h
                0x20000242                mag_x
                0x20000244                mag_y
                0x20000246                mag_z
                0x20000248                bar_xl
                0x20000249                bar_l
                0x2000024a                bar_h
                0x2000024b                error_stat
                0x2000024c                gyro_r_offset
                0x2000024e                gyro_q_offset
                0x20000250                gyro_p_offset
                0x20000252                temperature
                0x20000254                gyro_r
                0x20000256                gyro_q
                0x20000258                gyro_p
 *fill*         0x2000025a        0x2 
 .bss           0x2000025c        0x8 .\CortexM0\ARM_GCC_484\Debug\T-50_Project.a(UART_1.o)
                0x2000025c                UART_1_initVar
                0x20000260                UART_1_customIntrHandler
 .bss           0x20000264        0x1 .\CortexM0\ARM_GCC_484\Debug\T-50_Project.a(TaskTimer.o)
                0x20000264                TaskTimer_initVar
 .bss           0x20000265        0x1 .\CortexM0\ARM_GCC_484\Debug\T-50_Project.a(NavLightPWM.o)
                0x20000265                NavLightPWM_initVar
 .bss           0x20000266        0x1 .\CortexM0\ARM_GCC_484\Debug\T-50_Project.a(PPMCounter.o)
                0x20000266                PPMCounter_initVar
 .bss           0x20000267        0x1 .\CortexM0\ARM_GCC_484\Debug\T-50_Project.a(PPMRstISR.o)
                0x20000267                overflow
 .bss           0x20000268        0x1 .\CortexM0\ARM_GCC_484\Debug\T-50_Project.a(ServoTimer.o)
                0x20000268                ServoTimer_initVar
 .bss           0x20000269        0x1 .\CortexM0\ARM_GCC_484\Debug\T-50_Project.a(ServoISR.o)
                0x20000269                PWM_channel
 *fill*         0x2000026a        0x2 
 .bss           0x2000026c        0x8 .\CortexM0\ARM_GCC_484\Debug\T-50_Project.a(I2CM.o)
                0x2000026c                I2CM_initVar
                0x20000270                I2CM_customIntrHandler
 .bss.__malloc_sbrk_start
                0x20000274        0x4 c:/program files/cypress/psoc creator/3.1/psoc creator/import/gnu_cs/arm/4.8.4/bin/../lib/gcc/arm-none-eabi/4.8.4/../../../../arm-none-eabi/lib/armv6-m\libg_s.a(lib_a-nano-mallocr.o)
                0x20000274                __malloc_sbrk_start
 .bss.__malloc_free_list
                0x20000278        0x4 c:/program files/cypress/psoc creator/3.1/psoc creator/import/gnu_cs/arm/4.8.4/bin/../lib/gcc/arm-none-eabi/4.8.4/../../../../arm-none-eabi/lib/armv6-m\libg_s.a(lib_a-nano-mallocr.o)
                0x20000278                __malloc_free_list
 *(COMMON)
 COMMON         0x2000027c      0x244 .\CortexM0\ARM_GCC_484\Debug\main.o
                0x2000027c                Psi
                0x20000280                K_0_Theta
                0x20000284                S_Theta
                0x20000288                msg
                0x20000398                Theta_temp
                0x2000039c                Mag_x
                0x200003a0                mavlink_system
                0x200003a4                S_Phi
                0x200003a8                Theta
                0x200003ac                Phi_temp
                0x200003b0                buf
                0x200004b8                K_0_Phi
                0x200004bc                Phi
 COMMON         0x200004c0        0x1 .\CortexM0\ARM_GCC_484\Debug\T-50_Project.a(I2CM_I2C.o)
                0x200004c0                I2CM_state
 *fill*         0x200004c1        0x3 
 COMMON         0x200004c4       0x24 .\CortexM0\ARM_GCC_484\Debug\T-50_Project.a(I2CM_I2C_MASTER.o)
                0x200004c4                I2CM_mstrRdBufPtr
                0x200004c8                I2CM_mstrWrBufPtr
                0x200004cc                I2CM_mstrRdBufIndex
                0x200004d0                I2CM_mstrStatus
                0x200004d4                I2CM_mstrWrBufIndex
                0x200004d8                I2CM_mstrControl
                0x200004dc                I2CM_mstrWrBufIndexTmp
                0x200004e0                I2CM_mstrRdBufSize
                0x200004e4                I2CM_mstrWrBufSize
 COMMON         0x200004e8        0x4 c:/program files/cypress/psoc creator/3.1/psoc creator/import/gnu_cs/arm/4.8.4/bin/../lib/gcc/arm-none-eabi/4.8.4/../../../../arm-none-eabi/lib/armv6-m\libg_s.a(lib_a-reent.o)
                0x200004e8                errno
                0x200004f0                . = ALIGN (0x8)
 *fill*         0x200004ec        0x4 
 *(.ram.b)
                0x200004f0                _end = .
                0x200004f0                __end = .
                0x200004f0                PROVIDE (end, .)
                0x200004f0                PROVIDE (__bss_end__, .)
                0x00006418                __cy_region_init_ram = LOADADDR (.data)
                0x00000098                __cy_region_init_size_ram = (_edata - ADDR (.data))
                0x00000388                __cy_region_zero_size_ram = (_end - _edata)

.heap           0x200004f0      0x100 load address 0x000064b0
                0x200004f0                . = _end
                0x200005f0                . = (. + 0x100)
 *fill*         0x200004f0      0x100 
                0x200005f0                __cy_heap_limit = .

.stack          0x20000c00      0x400
                0x20000c00                __cy_stack_limit = .
                0x20001000                . = (. + 0x400)
 *fill*         0x20000c00      0x400 
                0x00000001                ASSERT ((__cy_stack_limit >= __cy_heap_limit), region RAM overflowed with stack)

.cyloadermeta   0xf0000000       0x40
 *(.cyloadermeta)
 .cyloadermeta  0xf0000000       0x40 .\CortexM0\ARM_GCC_484\Debug\cybootloader.o
                0xf0000000                cy_meta_loader

.cyloadablemeta
                0x00007fc0       0x40
 *(.cyloadablemeta)
 .cyloadablemeta
                0x00007fc0       0x40 .\CortexM0\ARM_GCC_484\Debug\cymetadata.o
                0x00007fc0                cy_meta_loadable

.cyflashprotect
                0x90400000       0x20
 *(.cyflashprotect)
 .cyflashprotect
                0x90400000       0x20 .\CortexM0\ARM_GCC_484\Debug\cybootloader.o
                0x90400000                cy_meta_flashprotect

.cymeta         0x90500000        0xc
 *(.cymeta)
 .cymeta        0x90500000        0xc .\CortexM0\ARM_GCC_484\Debug\cybootloader.o
                0x90500000                cy_metadata

.cychipprotect  0x90600000        0x1
 *(.cychipprotect)
 .cychipprotect
                0x90600000        0x1 .\CortexM0\ARM_GCC_484\Debug\cybootloader.o
                0x90600000                cy_meta_chipprotect

.rel.dyn        0x00008000        0x0 load address 0x90600004
 .rel.iplt      0x00000000        0x0 c:/program files/cypress/psoc creator/3.1/psoc creator/import/gnu_cs/arm/4.8.4/bin/../lib/gcc/arm-none-eabi/4.8.4/armv6-m/crtbegin.o

.stab
 *(.stab)

.stabstr
 *(.stabstr)

.debug
 *(.debug)

.line
 *(.line)

.debug_srcinfo
 *(.debug_srcinfo)

.debug_sfnames
 *(.debug_sfnames)

.debug_aranges  0x00000000     0x1218
 *(.debug_aranges)
 .debug_aranges
                0x00000000       0x30 .\CortexM0\ARM_GCC_484\Debug\main.o
 .debug_aranges
                0x00000030       0x80 .\CortexM0\ARM_GCC_484\Debug\IMU.o
 .debug_aranges
                0x000000b0       0x18 .\CortexM0\ARM_GCC_484\Debug\cybootloader.o
 .debug_aranges
                0x000000c8       0x18 .\CortexM0\ARM_GCC_484\Debug\cymetadata.o
 .debug_aranges
                0x000000e0       0x48 .\CortexM0\ARM_GCC_484\Debug\Cm0Start.o
 .debug_aranges
                0x00000128       0x20 .\CortexM0\ARM_GCC_484\Debug\T-50_Project.a(cyfitter_cfg.o)
 .debug_aranges
                0x00000148       0x20 .\CortexM0\ARM_GCC_484\Debug\T-50_Project.a(CyBootAsmGnu.o)
 .debug_aranges
                0x00000168      0x210 .\CortexM0\ARM_GCC_484\Debug\T-50_Project.a(CyLib.o)
 .debug_aranges
                0x00000378       0x58 .\CortexM0\ARM_GCC_484\Debug\T-50_Project.a(UART_1.o)
 .debug_aranges
                0x000003d0       0x60 .\CortexM0\ARM_GCC_484\Debug\T-50_Project.a(UART_1_SPI_UART.o)
 .debug_aranges
                0x00000430       0x50 .\CortexM0\ARM_GCC_484\Debug\T-50_Project.a(UART_1_UART.o)
 .debug_aranges
                0x00000480      0x158 .\CortexM0\ARM_GCC_484\Debug\T-50_Project.a(TaskTimer.o)
 .debug_aranges
                0x000005d8       0x80 .\CortexM0\ARM_GCC_484\Debug\T-50_Project.a(TaskISR.o)
 .debug_aranges
                0x00000658      0x158 .\CortexM0\ARM_GCC_484\Debug\T-50_Project.a(NavLightPWM.o)
 .debug_aranges
                0x000007b0       0x80 .\CortexM0\ARM_GCC_484\Debug\T-50_Project.a(BootISR.o)
 .debug_aranges
                0x00000830       0x40 .\CortexM0\ARM_GCC_484\Debug\T-50_Project.a(SW1.o)
 .debug_aranges
                0x00000870       0x40 .\CortexM0\ARM_GCC_484\Debug\T-50_Project.a(Strobes.o)
 .debug_aranges
                0x000008b0      0x158 .\CortexM0\ARM_GCC_484\Debug\T-50_Project.a(PPMCounter.o)
 .debug_aranges
                0x00000a08       0x80 .\CortexM0\ARM_GCC_484\Debug\T-50_Project.a(PPMISR.o)
 .debug_aranges
                0x00000a88       0x80 .\CortexM0\ARM_GCC_484\Debug\T-50_Project.a(PPMRstISR.o)
 .debug_aranges
                0x00000b08      0x158 .\CortexM0\ARM_GCC_484\Debug\T-50_Project.a(ServoTimer.o)
 .debug_aranges
                0x00000c60       0x80 .\CortexM0\ARM_GCC_484\Debug\T-50_Project.a(ServoISR.o)
 .debug_aranges
                0x00000ce0       0x40 .\CortexM0\ARM_GCC_484\Debug\T-50_Project.a(Out_Mot_Pin.o)
 .debug_aranges
                0x00000d20       0x40 .\CortexM0\ARM_GCC_484\Debug\T-50_Project.a(Out_Ail1_Pin.o)
 .debug_aranges
                0x00000d60       0x40 .\CortexM0\ARM_GCC_484\Debug\T-50_Project.a(Out_Ail2_Pin.o)
 .debug_aranges
                0x00000da0       0x40 .\CortexM0\ARM_GCC_484\Debug\T-50_Project.a(Out_Ele1_Pin.o)
 .debug_aranges
                0x00000de0       0x40 .\CortexM0\ARM_GCC_484\Debug\T-50_Project.a(Out_Ele2_Pin.o)
 .debug_aranges
                0x00000e20       0x40 .\CortexM0\ARM_GCC_484\Debug\T-50_Project.a(Out_Rud_Pin.o)
 .debug_aranges
                0x00000e60       0x40 .\CortexM0\ARM_GCC_484\Debug\T-50_Project.a(Out_Fl1_Pin.o)
 .debug_aranges
                0x00000ea0       0x40 .\CortexM0\ARM_GCC_484\Debug\T-50_Project.a(Out_Fl2_Pin.o)
 .debug_aranges
                0x00000ee0       0x40 .\CortexM0\ARM_GCC_484\Debug\T-50_Project.a(Out_Ge1_Pin.o)
 .debug_aranges
                0x00000f20       0x40 .\CortexM0\ARM_GCC_484\Debug\T-50_Project.a(Out_Ge2_Pin.o)
 .debug_aranges
                0x00000f60       0x40 .\CortexM0\ARM_GCC_484\Debug\T-50_Project.a(Out_Ge3_Pin.o)
 .debug_aranges
                0x00000fa0       0x40 .\CortexM0\ARM_GCC_484\Debug\T-50_Project.a(Out_Sp1_Pin.o)
 .debug_aranges
                0x00000fe0       0x40 .\CortexM0\ARM_GCC_484\Debug\T-50_Project.a(Out_Sp2_Pin.o)
 .debug_aranges
                0x00001020       0x58 .\CortexM0\ARM_GCC_484\Debug\T-50_Project.a(I2CM.o)
 .debug_aranges
                0x00001078       0x28 .\CortexM0\ARM_GCC_484\Debug\T-50_Project.a(I2CM_I2C.o)
 .debug_aranges
                0x000010a0       0x88 .\CortexM0\ARM_GCC_484\Debug\T-50_Project.a(I2CM_I2C_MASTER.o)
 .debug_aranges
                0x00001128       0x40 .\CortexM0\ARM_GCC_484\Debug\T-50_Project.a(I2CM_sda.o)
 .debug_aranges
                0x00001168       0x40 .\CortexM0\ARM_GCC_484\Debug\T-50_Project.a(I2CM_scl.o)
 .debug_aranges
                0x000011a8       0x28 .\CortexM0\ARM_GCC_484\Debug\T-50_Project.a(Bootloadable_1.o)
 .debug_aranges
                0x000011d0       0x28 .\CortexM0\ARM_GCC_484\Debug\T-50_Project.a(CyFlash.o)
 .debug_aranges
                0x000011f8       0x20 .\CortexM0\ARM_GCC_484\Debug\T-50_Project.a(I2CM_I2C_INT.o)

.debug_pubnames
 *(.debug_pubnames)

.debug_info     0x00000000     0xa0f9
 *(.debug_info .gnu.linkonce.wi.*)
 .debug_info    0x00000000      0xc1c .\CortexM0\ARM_GCC_484\Debug\main.o
 .debug_info    0x00000c1c      0xc38 .\CortexM0\ARM_GCC_484\Debug\IMU.o
 .debug_info    0x00001854      0x14d .\CortexM0\ARM_GCC_484\Debug\cybootloader.o
 .debug_info    0x000019a1       0xb1 .\CortexM0\ARM_GCC_484\Debug\cymetadata.o
 .debug_info    0x00001a52      0x375 .\CortexM0\ARM_GCC_484\Debug\Cm0Start.o
 .debug_info    0x00001dc7      0x4df .\CortexM0\ARM_GCC_484\Debug\T-50_Project.a(cyfitter_cfg.o)
 .debug_info    0x000022a6       0xa2 .\CortexM0\ARM_GCC_484\Debug\T-50_Project.a(CyBootAsmGnu.o)
 .debug_info    0x00002348     0x1356 .\CortexM0\ARM_GCC_484\Debug\T-50_Project.a(CyLib.o)
 .debug_info    0x0000369e      0x21e .\CortexM0\ARM_GCC_484\Debug\T-50_Project.a(UART_1.o)
 .debug_info    0x000038bc      0x219 .\CortexM0\ARM_GCC_484\Debug\T-50_Project.a(UART_1_SPI_UART.o)
 .debug_info    0x00003ad5      0x2ad .\CortexM0\ARM_GCC_484\Debug\T-50_Project.a(UART_1_UART.o)
 .debug_info    0x00003d82      0x95d .\CortexM0\ARM_GCC_484\Debug\T-50_Project.a(TaskTimer.o)
 .debug_info    0x000046df      0x392 .\CortexM0\ARM_GCC_484\Debug\T-50_Project.a(TaskISR.o)
 .debug_info    0x00004a71      0x95b .\CortexM0\ARM_GCC_484\Debug\T-50_Project.a(NavLightPWM.o)
 .debug_info    0x000053cc      0x3d8 .\CortexM0\ARM_GCC_484\Debug\T-50_Project.a(BootISR.o)
 .debug_info    0x000057a4      0x150 .\CortexM0\ARM_GCC_484\Debug\T-50_Project.a(SW1.o)
 .debug_info    0x000058f4      0x151 .\CortexM0\ARM_GCC_484\Debug\T-50_Project.a(Strobes.o)
 .debug_info    0x00005a45      0x932 .\CortexM0\ARM_GCC_484\Debug\T-50_Project.a(PPMCounter.o)
 .debug_info    0x00006377      0x403 .\CortexM0\ARM_GCC_484\Debug\T-50_Project.a(PPMISR.o)
 .debug_info    0x0000677a      0x3a3 .\CortexM0\ARM_GCC_484\Debug\T-50_Project.a(PPMRstISR.o)
 .debug_info    0x00006b1d      0x95d .\CortexM0\ARM_GCC_484\Debug\T-50_Project.a(ServoTimer.o)
 .debug_info    0x0000747a      0x6e6 .\CortexM0\ARM_GCC_484\Debug\T-50_Project.a(ServoISR.o)
 .debug_info    0x00007b60      0x14c .\CortexM0\ARM_GCC_484\Debug\T-50_Project.a(Out_Mot_Pin.o)
 .debug_info    0x00007cac      0x14c .\CortexM0\ARM_GCC_484\Debug\T-50_Project.a(Out_Ail1_Pin.o)
 .debug_info    0x00007df8      0x151 .\CortexM0\ARM_GCC_484\Debug\T-50_Project.a(Out_Ail2_Pin.o)
 .debug_info    0x00007f49      0x14c .\CortexM0\ARM_GCC_484\Debug\T-50_Project.a(Out_Ele1_Pin.o)
 .debug_info    0x00008095      0x14c .\CortexM0\ARM_GCC_484\Debug\T-50_Project.a(Out_Ele2_Pin.o)
 .debug_info    0x000081e1      0x14c .\CortexM0\ARM_GCC_484\Debug\T-50_Project.a(Out_Rud_Pin.o)
 .debug_info    0x0000832d      0x14c .\CortexM0\ARM_GCC_484\Debug\T-50_Project.a(Out_Fl1_Pin.o)
 .debug_info    0x00008479      0x14c .\CortexM0\ARM_GCC_484\Debug\T-50_Project.a(Out_Fl2_Pin.o)
 .debug_info    0x000085c5      0x14c .\CortexM0\ARM_GCC_484\Debug\T-50_Project.a(Out_Ge1_Pin.o)
 .debug_info    0x00008711      0x14c .\CortexM0\ARM_GCC_484\Debug\T-50_Project.a(Out_Ge2_Pin.o)
 .debug_info    0x0000885d      0x150 .\CortexM0\ARM_GCC_484\Debug\T-50_Project.a(Out_Ge3_Pin.o)
 .debug_info    0x000089ad      0x14c .\CortexM0\ARM_GCC_484\Debug\T-50_Project.a(Out_Sp1_Pin.o)
 .debug_info    0x00008af9      0x151 .\CortexM0\ARM_GCC_484\Debug\T-50_Project.a(Out_Sp2_Pin.o)
 .debug_info    0x00008c4a      0x2bc .\CortexM0\ARM_GCC_484\Debug\T-50_Project.a(I2CM.o)
 .debug_info    0x00008f06      0x1cd .\CortexM0\ARM_GCC_484\Debug\T-50_Project.a(I2CM_I2C.o)
 .debug_info    0x000090d3      0x673 .\CortexM0\ARM_GCC_484\Debug\T-50_Project.a(I2CM_I2C_MASTER.o)
 .debug_info    0x00009746      0x14c .\CortexM0\ARM_GCC_484\Debug\T-50_Project.a(I2CM_sda.o)
 .debug_info    0x00009892      0x151 .\CortexM0\ARM_GCC_484\Debug\T-50_Project.a(I2CM_scl.o)
 .debug_info    0x000099e3      0x1a3 .\CortexM0\ARM_GCC_484\Debug\T-50_Project.a(Bootloadable_1.o)
 .debug_info    0x00009b86      0x3e9 .\CortexM0\ARM_GCC_484\Debug\T-50_Project.a(CyFlash.o)
 .debug_info    0x00009f6f      0x18a .\CortexM0\ARM_GCC_484\Debug\T-50_Project.a(I2CM_I2C_INT.o)

.debug_abbrev   0x00000000     0x381b
 *(.debug_abbrev)
 .debug_abbrev  0x00000000      0x1f2 .\CortexM0\ARM_GCC_484\Debug\main.o
 .debug_abbrev  0x000001f2      0x187 .\CortexM0\ARM_GCC_484\Debug\IMU.o
 .debug_abbrev  0x00000379       0x77 .\CortexM0\ARM_GCC_484\Debug\cybootloader.o
 .debug_abbrev  0x000003f0       0x5d .\CortexM0\ARM_GCC_484\Debug\cymetadata.o
 .debug_abbrev  0x0000044d      0x1eb .\CortexM0\ARM_GCC_484\Debug\Cm0Start.o
 .debug_abbrev  0x00000638      0x274 .\CortexM0\ARM_GCC_484\Debug\T-50_Project.a(cyfitter_cfg.o)
 .debug_abbrev  0x000008ac       0x14 .\CortexM0\ARM_GCC_484\Debug\T-50_Project.a(CyBootAsmGnu.o)
 .debug_abbrev  0x000008c0      0x3cc .\CortexM0\ARM_GCC_484\Debug\T-50_Project.a(CyLib.o)
 .debug_abbrev  0x00000c8c      0x16b .\CortexM0\ARM_GCC_484\Debug\T-50_Project.a(UART_1.o)
 .debug_abbrev  0x00000df7      0x176 .\CortexM0\ARM_GCC_484\Debug\T-50_Project.a(UART_1_SPI_UART.o)
 .debug_abbrev  0x00000f6d      0x152 .\CortexM0\ARM_GCC_484\Debug\T-50_Project.a(UART_1_UART.o)
 .debug_abbrev  0x000010bf      0x1ba .\CortexM0\ARM_GCC_484\Debug\T-50_Project.a(TaskTimer.o)
 .debug_abbrev  0x00001279      0x237 .\CortexM0\ARM_GCC_484\Debug\T-50_Project.a(TaskISR.o)
 .debug_abbrev  0x000014b0      0x1b1 .\CortexM0\ARM_GCC_484\Debug\T-50_Project.a(NavLightPWM.o)
 .debug_abbrev  0x00001661      0x26f .\CortexM0\ARM_GCC_484\Debug\T-50_Project.a(BootISR.o)
 .debug_abbrev  0x000018d0       0xb7 .\CortexM0\ARM_GCC_484\Debug\T-50_Project.a(SW1.o)
 .debug_abbrev  0x00001987       0xc6 .\CortexM0\ARM_GCC_484\Debug\T-50_Project.a(Strobes.o)
 .debug_abbrev  0x00001a4d      0x1a9 .\CortexM0\ARM_GCC_484\Debug\T-50_Project.a(PPMCounter.o)
 .debug_abbrev  0x00001bf6      0x25c .\CortexM0\ARM_GCC_484\Debug\T-50_Project.a(PPMISR.o)
 .debug_abbrev  0x00001e52      0x248 .\CortexM0\ARM_GCC_484\Debug\T-50_Project.a(PPMRstISR.o)
 .debug_abbrev  0x0000209a      0x1ba .\CortexM0\ARM_GCC_484\Debug\T-50_Project.a(ServoTimer.o)
 .debug_abbrev  0x00002254      0x27c .\CortexM0\ARM_GCC_484\Debug\T-50_Project.a(ServoISR.o)
 .debug_abbrev  0x000024d0       0xc4 .\CortexM0\ARM_GCC_484\Debug\T-50_Project.a(Out_Mot_Pin.o)
 .debug_abbrev  0x00002594       0xc4 .\CortexM0\ARM_GCC_484\Debug\T-50_Project.a(Out_Ail1_Pin.o)
 .debug_abbrev  0x00002658       0xc6 .\CortexM0\ARM_GCC_484\Debug\T-50_Project.a(Out_Ail2_Pin.o)
 .debug_abbrev  0x0000271e       0xc4 .\CortexM0\ARM_GCC_484\Debug\T-50_Project.a(Out_Ele1_Pin.o)
 .debug_abbrev  0x000027e2       0xc4 .\CortexM0\ARM_GCC_484\Debug\T-50_Project.a(Out_Ele2_Pin.o)
 .debug_abbrev  0x000028a6       0xc4 .\CortexM0\ARM_GCC_484\Debug\T-50_Project.a(Out_Rud_Pin.o)
 .debug_abbrev  0x0000296a       0xc4 .\CortexM0\ARM_GCC_484\Debug\T-50_Project.a(Out_Fl1_Pin.o)
 .debug_abbrev  0x00002a2e       0xc4 .\CortexM0\ARM_GCC_484\Debug\T-50_Project.a(Out_Fl2_Pin.o)
 .debug_abbrev  0x00002af2       0xc4 .\CortexM0\ARM_GCC_484\Debug\T-50_Project.a(Out_Ge1_Pin.o)
 .debug_abbrev  0x00002bb6       0xc4 .\CortexM0\ARM_GCC_484\Debug\T-50_Project.a(Out_Ge2_Pin.o)
 .debug_abbrev  0x00002c7a       0xb7 .\CortexM0\ARM_GCC_484\Debug\T-50_Project.a(Out_Ge3_Pin.o)
 .debug_abbrev  0x00002d31       0xc4 .\CortexM0\ARM_GCC_484\Debug\T-50_Project.a(Out_Sp1_Pin.o)
 .debug_abbrev  0x00002df5       0xc6 .\CortexM0\ARM_GCC_484\Debug\T-50_Project.a(Out_Sp2_Pin.o)
 .debug_abbrev  0x00002ebb      0x1b1 .\CortexM0\ARM_GCC_484\Debug\T-50_Project.a(I2CM.o)
 .debug_abbrev  0x0000306c      0x115 .\CortexM0\ARM_GCC_484\Debug\T-50_Project.a(I2CM_I2C.o)
 .debug_abbrev  0x00003181      0x189 .\CortexM0\ARM_GCC_484\Debug\T-50_Project.a(I2CM_I2C_MASTER.o)
 .debug_abbrev  0x0000330a       0xc4 .\CortexM0\ARM_GCC_484\Debug\T-50_Project.a(I2CM_sda.o)
 .debug_abbrev  0x000033ce       0xc6 .\CortexM0\ARM_GCC_484\Debug\T-50_Project.a(I2CM_scl.o)
 .debug_abbrev  0x00003494      0x116 .\CortexM0\ARM_GCC_484\Debug\T-50_Project.a(Bootloadable_1.o)
 .debug_abbrev  0x000035aa      0x1dc .\CortexM0\ARM_GCC_484\Debug\T-50_Project.a(CyFlash.o)
 .debug_abbrev  0x00003786       0x95 .\CortexM0\ARM_GCC_484\Debug\T-50_Project.a(I2CM_I2C_INT.o)

.debug_line     0x00000000     0x489e
 *(.debug_line)
 .debug_line    0x00000000      0x322 .\CortexM0\ARM_GCC_484\Debug\main.o
 .debug_line    0x00000322      0x447 .\CortexM0\ARM_GCC_484\Debug\IMU.o
 .debug_line    0x00000769       0x55 .\CortexM0\ARM_GCC_484\Debug\cybootloader.o
 .debug_line    0x000007be       0x53 .\CortexM0\ARM_GCC_484\Debug\cymetadata.o
 .debug_line    0x00000811      0x204 .\CortexM0\ARM_GCC_484\Debug\Cm0Start.o
 .debug_line    0x00000a15      0x186 .\CortexM0\ARM_GCC_484\Debug\T-50_Project.a(cyfitter_cfg.o)
 .debug_line    0x00000b9b       0x69 .\CortexM0\ARM_GCC_484\Debug\T-50_Project.a(CyBootAsmGnu.o)
 .debug_line    0x00000c04      0x749 .\CortexM0\ARM_GCC_484\Debug\T-50_Project.a(CyLib.o)
 .debug_line    0x0000134d      0x126 .\CortexM0\ARM_GCC_484\Debug\T-50_Project.a(UART_1.o)
 .debug_line    0x00001473      0x128 .\CortexM0\ARM_GCC_484\Debug\T-50_Project.a(UART_1_SPI_UART.o)
 .debug_line    0x0000159b      0x140 .\CortexM0\ARM_GCC_484\Debug\T-50_Project.a(UART_1_UART.o)
 .debug_line    0x000016db      0x3ed .\CortexM0\ARM_GCC_484\Debug\T-50_Project.a(TaskTimer.o)
 .debug_line    0x00001ac8      0x299 .\CortexM0\ARM_GCC_484\Debug\T-50_Project.a(TaskISR.o)
 .debug_line    0x00001d61      0x3fe .\CortexM0\ARM_GCC_484\Debug\T-50_Project.a(NavLightPWM.o)
 .debug_line    0x0000215f      0x1e3 .\CortexM0\ARM_GCC_484\Debug\T-50_Project.a(BootISR.o)
 .debug_line    0x00002342       0xb3 .\CortexM0\ARM_GCC_484\Debug\T-50_Project.a(SW1.o)
 .debug_line    0x000023f5       0xb6 .\CortexM0\ARM_GCC_484\Debug\T-50_Project.a(Strobes.o)
 .debug_line    0x000024ab      0x3e2 .\CortexM0\ARM_GCC_484\Debug\T-50_Project.a(PPMCounter.o)
 .debug_line    0x0000288d      0x2a2 .\CortexM0\ARM_GCC_484\Debug\T-50_Project.a(PPMISR.o)
 .debug_line    0x00002b2f      0x2b3 .\CortexM0\ARM_GCC_484\Debug\T-50_Project.a(PPMRstISR.o)
 .debug_line    0x00002de2      0x3ee .\CortexM0\ARM_GCC_484\Debug\T-50_Project.a(ServoTimer.o)
 .debug_line    0x000031d0      0x3a6 .\CortexM0\ARM_GCC_484\Debug\T-50_Project.a(ServoISR.o)
 .debug_line    0x00003576       0xbb .\CortexM0\ARM_GCC_484\Debug\T-50_Project.a(Out_Mot_Pin.o)
 .debug_line    0x00003631       0xbc .\CortexM0\ARM_GCC_484\Debug\T-50_Project.a(Out_Ail1_Pin.o)
 .debug_line    0x000036ed       0xbb .\CortexM0\ARM_GCC_484\Debug\T-50_Project.a(Out_Ail2_Pin.o)
 .debug_line    0x000037a8       0xba .\CortexM0\ARM_GCC_484\Debug\T-50_Project.a(Out_Ele1_Pin.o)
 .debug_line    0x00003862       0xbc .\CortexM0\ARM_GCC_484\Debug\T-50_Project.a(Out_Ele2_Pin.o)
 .debug_line    0x0000391e       0xbb .\CortexM0\ARM_GCC_484\Debug\T-50_Project.a(Out_Rud_Pin.o)
 .debug_line    0x000039d9       0xbb .\CortexM0\ARM_GCC_484\Debug\T-50_Project.a(Out_Fl1_Pin.o)
 .debug_line    0x00003a94       0xbb .\CortexM0\ARM_GCC_484\Debug\T-50_Project.a(Out_Fl2_Pin.o)
 .debug_line    0x00003b4f       0xbb .\CortexM0\ARM_GCC_484\Debug\T-50_Project.a(Out_Ge1_Pin.o)
 .debug_line    0x00003c0a       0xbb .\CortexM0\ARM_GCC_484\Debug\T-50_Project.a(Out_Ge2_Pin.o)
 .debug_line    0x00003cc5       0xbb .\CortexM0\ARM_GCC_484\Debug\T-50_Project.a(Out_Ge3_Pin.o)
 .debug_line    0x00003d80       0xbb .\CortexM0\ARM_GCC_484\Debug\T-50_Project.a(Out_Sp1_Pin.o)
 .debug_line    0x00003e3b       0xba .\CortexM0\ARM_GCC_484\Debug\T-50_Project.a(Out_Sp2_Pin.o)
 .debug_line    0x00003ef5      0x13c .\CortexM0\ARM_GCC_484\Debug\T-50_Project.a(I2CM.o)
 .debug_line    0x00004031       0xbe .\CortexM0\ARM_GCC_484\Debug\T-50_Project.a(I2CM_I2C.o)
 .debug_line    0x000040ef      0x2df .\CortexM0\ARM_GCC_484\Debug\T-50_Project.a(I2CM_I2C_MASTER.o)
 .debug_line    0x000043ce       0xb6 .\CortexM0\ARM_GCC_484\Debug\T-50_Project.a(I2CM_sda.o)
 .debug_line    0x00004484       0xb7 .\CortexM0\ARM_GCC_484\Debug\T-50_Project.a(I2CM_scl.o)
 .debug_line    0x0000453b       0xbe .\CortexM0\ARM_GCC_484\Debug\T-50_Project.a(Bootloadable_1.o)
 .debug_line    0x000045f9      0x15c .\CortexM0\ARM_GCC_484\Debug\T-50_Project.a(CyFlash.o)
 .debug_line    0x00004755      0x149 .\CortexM0\ARM_GCC_484\Debug\T-50_Project.a(I2CM_I2C_INT.o)

.debug_frame    0x00000000     0x2f34
 *(.debug_frame)
 .debug_frame   0x00000000       0x74 .\CortexM0\ARM_GCC_484\Debug\main.o
 .debug_frame   0x00000074      0x198 .\CortexM0\ARM_GCC_484\Debug\IMU.o
 .debug_frame   0x0000020c       0xa4 .\CortexM0\ARM_GCC_484\Debug\Cm0Start.o
 .debug_frame   0x000002b0       0x3c .\CortexM0\ARM_GCC_484\Debug\T-50_Project.a(cyfitter_cfg.o)
 .debug_frame   0x000002ec      0x528 .\CortexM0\ARM_GCC_484\Debug\T-50_Project.a(CyLib.o)
 .debug_frame   0x00000814       0xa8 .\CortexM0\ARM_GCC_484\Debug\T-50_Project.a(UART_1.o)
 .debug_frame   0x000008bc       0xb0 .\CortexM0\ARM_GCC_484\Debug\T-50_Project.a(UART_1_SPI_UART.o)
 .debug_frame   0x0000096c       0xbc .\CortexM0\ARM_GCC_484\Debug\T-50_Project.a(UART_1_UART.o)
 .debug_frame   0x00000a28      0x384 .\CortexM0\ARM_GCC_484\Debug\T-50_Project.a(TaskTimer.o)
 .debug_frame   0x00000dac      0x110 .\CortexM0\ARM_GCC_484\Debug\T-50_Project.a(TaskISR.o)
 .debug_frame   0x00000ebc      0x384 .\CortexM0\ARM_GCC_484\Debug\T-50_Project.a(NavLightPWM.o)
 .debug_frame   0x00001240      0x110 .\CortexM0\ARM_GCC_484\Debug\T-50_Project.a(BootISR.o)
 .debug_frame   0x00001350       0x6c .\CortexM0\ARM_GCC_484\Debug\T-50_Project.a(SW1.o)
 .debug_frame   0x000013bc       0x60 .\CortexM0\ARM_GCC_484\Debug\T-50_Project.a(Strobes.o)
 .debug_frame   0x0000141c      0x384 .\CortexM0\ARM_GCC_484\Debug\T-50_Project.a(PPMCounter.o)
 .debug_frame   0x000017a0      0x114 .\CortexM0\ARM_GCC_484\Debug\T-50_Project.a(PPMISR.o)
 .debug_frame   0x000018b4      0x114 .\CortexM0\ARM_GCC_484\Debug\T-50_Project.a(PPMRstISR.o)
 .debug_frame   0x000019c8      0x384 .\CortexM0\ARM_GCC_484\Debug\T-50_Project.a(ServoTimer.o)
 .debug_frame   0x00001d4c      0x118 .\CortexM0\ARM_GCC_484\Debug\T-50_Project.a(ServoISR.o)
 .debug_frame   0x00001e64       0x6c .\CortexM0\ARM_GCC_484\Debug\T-50_Project.a(Out_Mot_Pin.o)
 .debug_frame   0x00001ed0       0x6c .\CortexM0\ARM_GCC_484\Debug\T-50_Project.a(Out_Ail1_Pin.o)
 .debug_frame   0x00001f3c       0x60 .\CortexM0\ARM_GCC_484\Debug\T-50_Project.a(Out_Ail2_Pin.o)
 .debug_frame   0x00001f9c       0x60 .\CortexM0\ARM_GCC_484\Debug\T-50_Project.a(Out_Ele1_Pin.o)
 .debug_frame   0x00001ffc       0x6c .\CortexM0\ARM_GCC_484\Debug\T-50_Project.a(Out_Ele2_Pin.o)
 .debug_frame   0x00002068       0x6c .\CortexM0\ARM_GCC_484\Debug\T-50_Project.a(Out_Rud_Pin.o)
 .debug_frame   0x000020d4       0x6c .\CortexM0\ARM_GCC_484\Debug\T-50_Project.a(Out_Fl1_Pin.o)
 .debug_frame   0x00002140       0x6c .\CortexM0\ARM_GCC_484\Debug\T-50_Project.a(Out_Fl2_Pin.o)
 .debug_frame   0x000021ac       0x6c .\CortexM0\ARM_GCC_484\Debug\T-50_Project.a(Out_Ge1_Pin.o)
 .debug_frame   0x00002218       0x6c .\CortexM0\ARM_GCC_484\Debug\T-50_Project.a(Out_Ge2_Pin.o)
 .debug_frame   0x00002284       0x6c .\CortexM0\ARM_GCC_484\Debug\T-50_Project.a(Out_Ge3_Pin.o)
 .debug_frame   0x000022f0       0x6c .\CortexM0\ARM_GCC_484\Debug\T-50_Project.a(Out_Sp1_Pin.o)
 .debug_frame   0x0000235c       0x60 .\CortexM0\ARM_GCC_484\Debug\T-50_Project.a(Out_Sp2_Pin.o)
 .debug_frame   0x000023bc       0xc0 .\CortexM0\ARM_GCC_484\Debug\T-50_Project.a(I2CM.o)
 .debug_frame   0x0000247c       0x48 .\CortexM0\ARM_GCC_484\Debug\T-50_Project.a(I2CM_I2C.o)
 .debug_frame   0x000024c4      0x1ac .\CortexM0\ARM_GCC_484\Debug\T-50_Project.a(I2CM_I2C_MASTER.o)
 .debug_frame   0x00002670       0x60 .\CortexM0\ARM_GCC_484\Debug\T-50_Project.a(I2CM_sda.o)
 .debug_frame   0x000026d0       0x60 .\CortexM0\ARM_GCC_484\Debug\T-50_Project.a(I2CM_scl.o)
 .debug_frame   0x00002730       0x50 .\CortexM0\ARM_GCC_484\Debug\T-50_Project.a(Bootloadable_1.o)
 .debug_frame   0x00002780       0x54 .\CortexM0\ARM_GCC_484\Debug\T-50_Project.a(CyFlash.o)
 .debug_frame   0x000027d4       0x38 .\CortexM0\ARM_GCC_484\Debug\T-50_Project.a(I2CM_I2C_INT.o)
 .debug_frame   0x0000280c       0x28 c:/program files/cypress/psoc creator/3.1/psoc creator/import/gnu_cs/arm/4.8.4/bin/../lib/gcc/arm-none-eabi/4.8.4/../../../../arm-none-eabi/lib/armv6-m\libm.a(lib_a-w_atan2.o)
 .debug_frame   0x00002834       0x3c c:/program files/cypress/psoc creator/3.1/psoc creator/import/gnu_cs/arm/4.8.4/bin/../lib/gcc/arm-none-eabi/4.8.4/../../../../arm-none-eabi/lib/armv6-m\libm.a(lib_a-e_atan2.o)
 .debug_frame   0x00002870       0x3c c:/program files/cypress/psoc creator/3.1/psoc creator/import/gnu_cs/arm/4.8.4/bin/../lib/gcc/arm-none-eabi/4.8.4/../../../../arm-none-eabi/lib/armv6-m\libm.a(lib_a-s_atan.o)
 .debug_frame   0x000028ac       0x20 c:/program files/cypress/psoc creator/3.1/psoc creator/import/gnu_cs/arm/4.8.4/bin/../lib/gcc/arm-none-eabi/4.8.4/../../../../arm-none-eabi/lib/armv6-m\libm.a(lib_a-s_fabs.o)
 .debug_frame   0x000028cc       0x20 c:/program files/cypress/psoc creator/3.1/psoc creator/import/gnu_cs/arm/4.8.4/bin/../lib/gcc/arm-none-eabi/4.8.4/armv6-m\libgcc.a(_udivsi3.o)
 .debug_frame   0x000028ec       0x30 c:/program files/cypress/psoc creator/3.1/psoc creator/import/gnu_cs/arm/4.8.4/bin/../lib/gcc/arm-none-eabi/4.8.4/armv6-m\libgcc.a(addsf3.o)
 .debug_frame   0x0000291c       0x3c c:/program files/cypress/psoc creator/3.1/psoc creator/import/gnu_cs/arm/4.8.4/bin/../lib/gcc/arm-none-eabi/4.8.4/armv6-m\libgcc.a(mulsf3.o)
 .debug_frame   0x00002958       0x2c c:/program files/cypress/psoc creator/3.1/psoc creator/import/gnu_cs/arm/4.8.4/bin/../lib/gcc/arm-none-eabi/4.8.4/armv6-m\libgcc.a(floatsisf.o)
 .debug_frame   0x00002984       0x3c c:/program files/cypress/psoc creator/3.1/psoc creator/import/gnu_cs/arm/4.8.4/bin/../lib/gcc/arm-none-eabi/4.8.4/armv6-m\libgcc.a(adddf3.o)
 .debug_frame   0x000029c0       0x3c c:/program files/cypress/psoc creator/3.1/psoc creator/import/gnu_cs/arm/4.8.4/bin/../lib/gcc/arm-none-eabi/4.8.4/armv6-m\libgcc.a(divdf3.o)
 .debug_frame   0x000029fc       0x3c c:/program files/cypress/psoc creator/3.1/psoc creator/import/gnu_cs/arm/4.8.4/bin/../lib/gcc/arm-none-eabi/4.8.4/armv6-m\libgcc.a(eqdf2.o)
 .debug_frame   0x00002a38       0x38 c:/program files/cypress/psoc creator/3.1/psoc creator/import/gnu_cs/arm/4.8.4/bin/../lib/gcc/arm-none-eabi/4.8.4/armv6-m\libgcc.a(gedf2.o)
 .debug_frame   0x00002a70       0x3c c:/program files/cypress/psoc creator/3.1/psoc creator/import/gnu_cs/arm/4.8.4/bin/../lib/gcc/arm-none-eabi/4.8.4/armv6-m\libgcc.a(ledf2.o)
 .debug_frame   0x00002aac       0x3c c:/program files/cypress/psoc creator/3.1/psoc creator/import/gnu_cs/arm/4.8.4/bin/../lib/gcc/arm-none-eabi/4.8.4/armv6-m\libgcc.a(muldf3.o)
 .debug_frame   0x00002ae8       0x3c c:/program files/cypress/psoc creator/3.1/psoc creator/import/gnu_cs/arm/4.8.4/bin/../lib/gcc/arm-none-eabi/4.8.4/armv6-m\libgcc.a(subdf3.o)
 .debug_frame   0x00002b24       0x2c c:/program files/cypress/psoc creator/3.1/psoc creator/import/gnu_cs/arm/4.8.4/bin/../lib/gcc/arm-none-eabi/4.8.4/armv6-m\libgcc.a(fixdfsi.o)
 .debug_frame   0x00002b50       0x30 c:/program files/cypress/psoc creator/3.1/psoc creator/import/gnu_cs/arm/4.8.4/bin/../lib/gcc/arm-none-eabi/4.8.4/armv6-m\libgcc.a(floatsidf.o)
 .debug_frame   0x00002b80       0x2c c:/program files/cypress/psoc creator/3.1/psoc creator/import/gnu_cs/arm/4.8.4/bin/../lib/gcc/arm-none-eabi/4.8.4/armv6-m\libgcc.a(extendsfdf2.o)
 .debug_frame   0x00002bac       0x30 c:/program files/cypress/psoc creator/3.1/psoc creator/import/gnu_cs/arm/4.8.4/bin/../lib/gcc/arm-none-eabi/4.8.4/armv6-m\libgcc.a(truncdfsf2.o)
 .debug_frame   0x00002bdc       0x20 c:/program files/cypress/psoc creator/3.1/psoc creator/import/gnu_cs/arm/4.8.4/bin/../lib/gcc/arm-none-eabi/4.8.4/../../../../arm-none-eabi/lib/armv6-m\libg_s.a(lib_a-errno.o)
 .debug_frame   0x00002bfc       0x28 c:/program files/cypress/psoc creator/3.1/psoc creator/import/gnu_cs/arm/4.8.4/bin/../lib/gcc/arm-none-eabi/4.8.4/../../../../arm-none-eabi/lib/armv6-m\libg_s.a(lib_a-exit.o)
 .debug_frame   0x00002c24       0x2c c:/program files/cypress/psoc creator/3.1/psoc creator/import/gnu_cs/arm/4.8.4/bin/../lib/gcc/arm-none-eabi/4.8.4/../../../../arm-none-eabi/lib/armv6-m\libg_s.a(lib_a-init.o)
 .debug_frame   0x00002c50       0x28 c:/program files/cypress/psoc creator/3.1/psoc creator/import/gnu_cs/arm/4.8.4/bin/../lib/gcc/arm-none-eabi/4.8.4/../../../../arm-none-eabi/lib/armv6-m\libg_s.a(lib_a-memcpy-stub.o)
 .debug_frame   0x00002c78       0x20 c:/program files/cypress/psoc creator/3.1/psoc creator/import/gnu_cs/arm/4.8.4/bin/../lib/gcc/arm-none-eabi/4.8.4/../../../../arm-none-eabi/lib/armv6-m\libg_s.a(lib_a-memset.o)
 .debug_frame   0x00002c98       0x4c c:/program files/cypress/psoc creator/3.1/psoc creator/import/gnu_cs/arm/4.8.4/bin/../lib/gcc/arm-none-eabi/4.8.4/../../../../arm-none-eabi/lib/armv6-m\libg_s.a(lib_a-sprintf.o)
 .debug_frame   0x00002ce4       0x74 c:/program files/cypress/psoc creator/3.1/psoc creator/import/gnu_cs/arm/4.8.4/bin/../lib/gcc/arm-none-eabi/4.8.4/../../../../arm-none-eabi/lib/armv6-m\libg_s.a(lib_a-svfprintf.o)
 .debug_frame   0x00002d58       0x54 c:/program files/cypress/psoc creator/3.1/psoc creator/import/gnu_cs/arm/4.8.4/bin/../lib/gcc/arm-none-eabi/4.8.4/../../../../arm-none-eabi/lib/armv6-m\libg_s.a(lib_a-vfprintf_i.o)
 .debug_frame   0x00002dac       0x20 c:/program files/cypress/psoc creator/3.1/psoc creator/import/gnu_cs/arm/4.8.4/bin/../lib/gcc/arm-none-eabi/4.8.4/../../../../arm-none-eabi/lib/armv6-m\libg_s.a(lib_a-memchr-stub.o)
 .debug_frame   0x00002dcc       0x2c c:/program files/cypress/psoc creator/3.1/psoc creator/import/gnu_cs/arm/4.8.4/bin/../lib/gcc/arm-none-eabi/4.8.4/../../../../arm-none-eabi/lib/armv6-m\libg_s.a(lib_a-memmove.o)
 .debug_frame   0x00002df8       0x2c c:/program files/cypress/psoc creator/3.1/psoc creator/import/gnu_cs/arm/4.8.4/bin/../lib/gcc/arm-none-eabi/4.8.4/../../../../arm-none-eabi/lib/armv6-m\libg_s.a(lib_a-nano-freer.o)
 .debug_frame   0x00002e24       0x2c c:/program files/cypress/psoc creator/3.1/psoc creator/import/gnu_cs/arm/4.8.4/bin/../lib/gcc/arm-none-eabi/4.8.4/../../../../arm-none-eabi/lib/armv6-m\libg_s.a(lib_a-nano-mallocr.o)
 .debug_frame   0x00002e50       0x30 c:/program files/cypress/psoc creator/3.1/psoc creator/import/gnu_cs/arm/4.8.4/bin/../lib/gcc/arm-none-eabi/4.8.4/../../../../arm-none-eabi/lib/armv6-m\libg_s.a(lib_a-nano-reallocr.o)
 .debug_frame   0x00002e80       0x2c c:/program files/cypress/psoc creator/3.1/psoc creator/import/gnu_cs/arm/4.8.4/bin/../lib/gcc/arm-none-eabi/4.8.4/../../../../arm-none-eabi/lib/armv6-m\libg_s.a(lib_a-sbrkr.o)
 .debug_frame   0x00002eac       0x20 c:/program files/cypress/psoc creator/3.1/psoc creator/import/gnu_cs/arm/4.8.4/bin/../lib/gcc/arm-none-eabi/4.8.4/../../../../arm-none-eabi/lib/armv6-m\libg_s.a(lib_a-strlen.o)
 .debug_frame   0x00002ecc       0x20 c:/program files/cypress/psoc creator/3.1/psoc creator/import/gnu_cs/arm/4.8.4/bin/../lib/gcc/arm-none-eabi/4.8.4/../../../../arm-none-eabi/lib/armv6-m\libg_s.a(lib_a-nano-msizer.o)
 .debug_frame   0x00002eec       0x48 c:/program files/cypress/psoc creator/3.1/psoc creator/import/gnu_cs/arm/4.8.4/bin/../lib/gcc/arm-none-eabi/4.8.4/../../../../arm-none-eabi/lib/armv6-m\libg_s.a(lib_a-reent.o)

.debug_str      0x00000000     0x40fe
 *(.debug_str)
 .debug_str     0x00000000      0xc78 .\CortexM0\ARM_GCC_484\Debug\main.o
                                0xd00 (size before relaxing)
 .debug_str     0x00000c78      0x22a .\CortexM0\ARM_GCC_484\Debug\IMU.o
                                0x4c7 (size before relaxing)
 .debug_str     0x00000ea2       0x7a .\CortexM0\ARM_GCC_484\Debug\cybootloader.o
                                0x200 (size before relaxing)
 .debug_str     0x00000f1c       0x37 .\CortexM0\ARM_GCC_484\Debug\cymetadata.o
                                0x1bd (size before relaxing)
 .debug_str     0x00000f53      0x15e .\CortexM0\ARM_GCC_484\Debug\Cm0Start.o
                                0x30a (size before relaxing)
 .debug_str     0x000010b1      0x190 .\CortexM0\ARM_GCC_484\Debug\T-50_Project.a(cyfitter_cfg.o)
                                0x36d (size before relaxing)
 .debug_str     0x00001241      0x738 .\CortexM0\ARM_GCC_484\Debug\T-50_Project.a(CyLib.o)
                                0x923 (size before relaxing)
 .debug_str     0x00001979      0x134 .\CortexM0\ARM_GCC_484\Debug\T-50_Project.a(UART_1.o)
                                0x2e1 (size before relaxing)
 .debug_str     0x00001aad      0x131 .\CortexM0\ARM_GCC_484\Debug\T-50_Project.a(UART_1_SPI_UART.o)
                                0x2e9 (size before relaxing)
 .debug_str     0x00001bde       0xce .\CortexM0\ARM_GCC_484\Debug\T-50_Project.a(UART_1_UART.o)
                                0x30f (size before relaxing)
 .debug_str     0x00001cac      0x480 .\CortexM0\ARM_GCC_484\Debug\T-50_Project.a(TaskTimer.o)
                                0x660 (size before relaxing)
 .debug_str     0x0000212c      0x105 .\CortexM0\ARM_GCC_484\Debug\T-50_Project.a(TaskISR.o)
                                0x342 (size before relaxing)
 .debug_str     0x00002231      0x3fa .\CortexM0\ARM_GCC_484\Debug\T-50_Project.a(NavLightPWM.o)
                                0x6b4 (size before relaxing)
 .debug_str     0x0000262b      0x11d .\CortexM0\ARM_GCC_484\Debug\T-50_Project.a(BootISR.o)
                                0x357 (size before relaxing)
 .debug_str     0x00002748       0x66 .\CortexM0\ARM_GCC_484\Debug\T-50_Project.a(SW1.o)
                                0x20e (size before relaxing)
 .debug_str     0x000027ae       0x70 .\CortexM0\ARM_GCC_484\Debug\T-50_Project.a(Strobes.o)
                                0x226 (size before relaxing)
 .debug_str     0x0000281e      0x3ea .\CortexM0\ARM_GCC_484\Debug\T-50_Project.a(PPMCounter.o)
                                0x68a (size before relaxing)
 .debug_str     0x00002c08       0xf2 .\CortexM0\ARM_GCC_484\Debug\T-50_Project.a(PPMISR.o)
                                0x38b (size before relaxing)
 .debug_str     0x00002cfa      0x110 .\CortexM0\ARM_GCC_484\Debug\T-50_Project.a(PPMRstISR.o)
                                0x36a (size before relaxing)
 .debug_str     0x00002e0a      0x3ea .\CortexM0\ARM_GCC_484\Debug\T-50_Project.a(ServoTimer.o)
                                0x68a (size before relaxing)
 .debug_str     0x000031f4      0x1fd .\CortexM0\ARM_GCC_484\Debug\T-50_Project.a(ServoISR.o)
                                0x48d (size before relaxing)
 .debug_str     0x000033f1       0x84 .\CortexM0\ARM_GCC_484\Debug\T-50_Project.a(Out_Mot_Pin.o)
                                0x23e (size before relaxing)
 .debug_str     0x00003475       0x89 .\CortexM0\ARM_GCC_484\Debug\T-50_Project.a(Out_Ail1_Pin.o)
                                0x244 (size before relaxing)
 .debug_str     0x000034fe       0x89 .\CortexM0\ARM_GCC_484\Debug\T-50_Project.a(Out_Ail2_Pin.o)
                                0x244 (size before relaxing)
 .debug_str     0x00003587       0x89 .\CortexM0\ARM_GCC_484\Debug\T-50_Project.a(Out_Ele1_Pin.o)
                                0x244 (size before relaxing)
 .debug_str     0x00003610       0x89 .\CortexM0\ARM_GCC_484\Debug\T-50_Project.a(Out_Ele2_Pin.o)
                                0x244 (size before relaxing)
 .debug_str     0x00003699       0x84 .\CortexM0\ARM_GCC_484\Debug\T-50_Project.a(Out_Rud_Pin.o)
                                0x23e (size before relaxing)
 .debug_str     0x0000371d       0x84 .\CortexM0\ARM_GCC_484\Debug\T-50_Project.a(Out_Fl1_Pin.o)
                                0x23e (size before relaxing)
 .debug_str     0x000037a1       0x84 .\CortexM0\ARM_GCC_484\Debug\T-50_Project.a(Out_Fl2_Pin.o)
                                0x23e (size before relaxing)
 .debug_str     0x00003825       0x84 .\CortexM0\ARM_GCC_484\Debug\T-50_Project.a(Out_Ge1_Pin.o)
                                0x23e (size before relaxing)
 .debug_str     0x000038a9       0x84 .\CortexM0\ARM_GCC_484\Debug\T-50_Project.a(Out_Ge2_Pin.o)
                                0x23e (size before relaxing)
 .debug_str     0x0000392d       0x84 .\CortexM0\ARM_GCC_484\Debug\T-50_Project.a(Out_Ge3_Pin.o)
                                0x23e (size before relaxing)
 .debug_str     0x000039b1       0x84 .\CortexM0\ARM_GCC_484\Debug\T-50_Project.a(Out_Sp1_Pin.o)
                                0x23e (size before relaxing)
 .debug_str     0x00003a35       0x84 .\CortexM0\ARM_GCC_484\Debug\T-50_Project.a(Out_Sp2_Pin.o)
                                0x23e (size before relaxing)
 .debug_str     0x00003ab9      0x105 .\CortexM0\ARM_GCC_484\Debug\T-50_Project.a(I2CM.o)
                                0x2fc (size before relaxing)
 .debug_str     0x00003bbe       0x67 .\CortexM0\ARM_GCC_484\Debug\T-50_Project.a(I2CM_I2C.o)
                                0x267 (size before relaxing)
 .debug_str     0x00003c25      0x20b .\CortexM0\ARM_GCC_484\Debug\T-50_Project.a(I2CM_I2C_MASTER.o)
                                0x478 (size before relaxing)
 .debug_str     0x00003e30       0x76 .\CortexM0\ARM_GCC_484\Debug\T-50_Project.a(I2CM_sda.o)
                                0x22c (size before relaxing)
 .debug_str     0x00003ea6       0x67 .\CortexM0\ARM_GCC_484\Debug\T-50_Project.a(I2CM_scl.o)
                                0x22c (size before relaxing)
 .debug_str     0x00003f0d       0x78 .\CortexM0\ARM_GCC_484\Debug\T-50_Project.a(Bootloadable_1.o)
                                0x250 (size before relaxing)
 .debug_str     0x00003f85      0x12e .\CortexM0\ARM_GCC_484\Debug\T-50_Project.a(CyFlash.o)
                                0x340 (size before relaxing)
 .debug_str     0x000040b3       0x4b .\CortexM0\ARM_GCC_484\Debug\T-50_Project.a(I2CM_I2C_INT.o)
                                0x2be (size before relaxing)

.debug_loc      0x00000000     0x3d59
 *(.debug_loc)
 .debug_loc     0x00000000       0xb0 .\CortexM0\ARM_GCC_484\Debug\main.o
 .debug_loc     0x000000b0      0x13c .\CortexM0\ARM_GCC_484\Debug\IMU.o
 .debug_loc     0x000001ec      0x1ca .\CortexM0\ARM_GCC_484\Debug\Cm0Start.o
 .debug_loc     0x000003b6      0x1be .\CortexM0\ARM_GCC_484\Debug\T-50_Project.a(cyfitter_cfg.o)
 .debug_loc     0x00000574      0xc0b .\CortexM0\ARM_GCC_484\Debug\T-50_Project.a(CyLib.o)
 .debug_loc     0x0000117f       0x3c .\CortexM0\ARM_GCC_484\Debug\T-50_Project.a(UART_1.o)
 .debug_loc     0x000011bb       0xee .\CortexM0\ARM_GCC_484\Debug\T-50_Project.a(UART_1_SPI_UART.o)
 .debug_loc     0x000012a9      0x191 .\CortexM0\ARM_GCC_484\Debug\T-50_Project.a(UART_1_UART.o)
 .debug_loc     0x0000143a      0x547 .\CortexM0\ARM_GCC_484\Debug\T-50_Project.a(TaskTimer.o)
 .debug_loc     0x00001981       0xaa .\CortexM0\ARM_GCC_484\Debug\T-50_Project.a(TaskISR.o)
 .debug_loc     0x00001a2b      0x547 .\CortexM0\ARM_GCC_484\Debug\T-50_Project.a(NavLightPWM.o)
 .debug_loc     0x00001f72       0xaa .\CortexM0\ARM_GCC_484\Debug\T-50_Project.a(BootISR.o)
 .debug_loc     0x0000201c       0x7d .\CortexM0\ARM_GCC_484\Debug\T-50_Project.a(SW1.o)
 .debug_loc     0x00002099       0x21 .\CortexM0\ARM_GCC_484\Debug\T-50_Project.a(Strobes.o)
 .debug_loc     0x000020ba      0x547 .\CortexM0\ARM_GCC_484\Debug\T-50_Project.a(PPMCounter.o)
 .debug_loc     0x00002601       0xaa .\CortexM0\ARM_GCC_484\Debug\T-50_Project.a(PPMISR.o)
 .debug_loc     0x000026ab       0xab .\CortexM0\ARM_GCC_484\Debug\T-50_Project.a(PPMRstISR.o)
 .debug_loc     0x00002756      0x547 .\CortexM0\ARM_GCC_484\Debug\T-50_Project.a(ServoTimer.o)
 .debug_loc     0x00002c9d       0xab .\CortexM0\ARM_GCC_484\Debug\T-50_Project.a(ServoISR.o)
 .debug_loc     0x00002d48       0x63 .\CortexM0\ARM_GCC_484\Debug\T-50_Project.a(Out_Mot_Pin.o)
 .debug_loc     0x00002dab       0x63 .\CortexM0\ARM_GCC_484\Debug\T-50_Project.a(Out_Ail1_Pin.o)
 .debug_loc     0x00002e0e       0x21 .\CortexM0\ARM_GCC_484\Debug\T-50_Project.a(Out_Ail2_Pin.o)
 .debug_loc     0x00002e2f       0x63 .\CortexM0\ARM_GCC_484\Debug\T-50_Project.a(Out_Ele1_Pin.o)
 .debug_loc     0x00002e92       0x63 .\CortexM0\ARM_GCC_484\Debug\T-50_Project.a(Out_Ele2_Pin.o)
 .debug_loc     0x00002ef5       0x63 .\CortexM0\ARM_GCC_484\Debug\T-50_Project.a(Out_Rud_Pin.o)
 .debug_loc     0x00002f58       0x63 .\CortexM0\ARM_GCC_484\Debug\T-50_Project.a(Out_Fl1_Pin.o)
 .debug_loc     0x00002fbb       0x63 .\CortexM0\ARM_GCC_484\Debug\T-50_Project.a(Out_Fl2_Pin.o)
 .debug_loc     0x0000301e       0x63 .\CortexM0\ARM_GCC_484\Debug\T-50_Project.a(Out_Ge1_Pin.o)
 .debug_loc     0x00003081       0x63 .\CortexM0\ARM_GCC_484\Debug\T-50_Project.a(Out_Ge2_Pin.o)
 .debug_loc     0x000030e4       0x7d .\CortexM0\ARM_GCC_484\Debug\T-50_Project.a(Out_Ge3_Pin.o)
 .debug_loc     0x00003161       0x63 .\CortexM0\ARM_GCC_484\Debug\T-50_Project.a(Out_Sp1_Pin.o)
 .debug_loc     0x000031c4       0x21 .\CortexM0\ARM_GCC_484\Debug\T-50_Project.a(Out_Sp2_Pin.o)
 .debug_loc     0x000031e5       0x3c .\CortexM0\ARM_GCC_484\Debug\T-50_Project.a(I2CM.o)
 .debug_loc     0x00003221      0x66f .\CortexM0\ARM_GCC_484\Debug\T-50_Project.a(I2CM_I2C_MASTER.o)
 .debug_loc     0x00003890       0x63 .\CortexM0\ARM_GCC_484\Debug\T-50_Project.a(I2CM_sda.o)
 .debug_loc     0x000038f3       0x21 .\CortexM0\ARM_GCC_484\Debug\T-50_Project.a(I2CM_scl.o)
 .debug_loc     0x00003914       0xd5 .\CortexM0\ARM_GCC_484\Debug\T-50_Project.a(Bootloadable_1.o)
 .debug_loc     0x000039e9      0x275 .\CortexM0\ARM_GCC_484\Debug\T-50_Project.a(CyFlash.o)
 .debug_loc     0x00003c5e       0xfb .\CortexM0\ARM_GCC_484\Debug\T-50_Project.a(I2CM_I2C_INT.o)

.debug_macinfo
 *(.debug_macinfo)

.debug_ranges   0x00000000     0x1300
 *(.debug_ranges)
 .debug_ranges  0x00000000       0x20 .\CortexM0\ARM_GCC_484\Debug\main.o
 .debug_ranges  0x00000020       0x70 .\CortexM0\ARM_GCC_484\Debug\IMU.o
 .debug_ranges  0x00000090       0x38 .\CortexM0\ARM_GCC_484\Debug\Cm0Start.o
 .debug_ranges  0x000000c8       0x48 .\CortexM0\ARM_GCC_484\Debug\T-50_Project.a(cyfitter_cfg.o)
 .debug_ranges  0x00000110      0x328 .\CortexM0\ARM_GCC_484\Debug\T-50_Project.a(CyLib.o)
 .debug_ranges  0x00000438       0x48 .\CortexM0\ARM_GCC_484\Debug\T-50_Project.a(UART_1.o)
 .debug_ranges  0x00000480       0x50 .\CortexM0\ARM_GCC_484\Debug\T-50_Project.a(UART_1_SPI_UART.o)
 .debug_ranges  0x000004d0       0x40 .\CortexM0\ARM_GCC_484\Debug\T-50_Project.a(UART_1_UART.o)
 .debug_ranges  0x00000510      0x160 .\CortexM0\ARM_GCC_484\Debug\T-50_Project.a(TaskTimer.o)
 .debug_ranges  0x00000670       0xb8 .\CortexM0\ARM_GCC_484\Debug\T-50_Project.a(TaskISR.o)
 .debug_ranges  0x00000728      0x160 .\CortexM0\ARM_GCC_484\Debug\T-50_Project.a(NavLightPWM.o)
 .debug_ranges  0x00000888      0x100 .\CortexM0\ARM_GCC_484\Debug\T-50_Project.a(BootISR.o)
 .debug_ranges  0x00000988       0x30 .\CortexM0\ARM_GCC_484\Debug\T-50_Project.a(SW1.o)
 .debug_ranges  0x000009b8       0x30 .\CortexM0\ARM_GCC_484\Debug\T-50_Project.a(Strobes.o)
 .debug_ranges  0x000009e8      0x148 .\CortexM0\ARM_GCC_484\Debug\T-50_Project.a(PPMCounter.o)
 .debug_ranges  0x00000b30       0xb8 .\CortexM0\ARM_GCC_484\Debug\T-50_Project.a(PPMISR.o)
 .debug_ranges  0x00000be8      0x100 .\CortexM0\ARM_GCC_484\Debug\T-50_Project.a(PPMRstISR.o)
 .debug_ranges  0x00000ce8      0x160 .\CortexM0\ARM_GCC_484\Debug\T-50_Project.a(ServoTimer.o)
 .debug_ranges  0x00000e48       0xb8 .\CortexM0\ARM_GCC_484\Debug\T-50_Project.a(ServoISR.o)
 .debug_ranges  0x00000f00       0x30 .\CortexM0\ARM_GCC_484\Debug\T-50_Project.a(Out_Mot_Pin.o)
 .debug_ranges  0x00000f30       0x30 .\CortexM0\ARM_GCC_484\Debug\T-50_Project.a(Out_Ail1_Pin.o)
 .debug_ranges  0x00000f60       0x30 .\CortexM0\ARM_GCC_484\Debug\T-50_Project.a(Out_Ail2_Pin.o)
 .debug_ranges  0x00000f90       0x30 .\CortexM0\ARM_GCC_484\Debug\T-50_Project.a(Out_Ele1_Pin.o)