Archive member included because of file (symbol)

.\CortexM0\ARM_GCC_484\Debug\T-50_Project.a(cyfitter_cfg.o)
                              .\CortexM0\ARM_GCC_484\Debug\Cm0Start.o (cyfitter_cfg)
.\CortexM0\ARM_GCC_484\Debug\T-50_Project.a(CyBootAsmGnu.o)
                              .\CortexM0\ARM_GCC_484\Debug\T-50_Project.a(cyfitter_cfg.o) (CyDelayCycles)
.\CortexM0\ARM_GCC_484\Debug\T-50_Project.a(CyLib.o)
                              .\CortexM0\ARM_GCC_484\Debug\main.o (CyDelay)
.\CortexM0\ARM_GCC_484\Debug\T-50_Project.a(UART_1.o)
                              .\CortexM0\ARM_GCC_484\Debug\main.o (UART_1_Start)
.\CortexM0\ARM_GCC_484\Debug\T-50_Project.a(UART_1_SPI_UART.o)
                              .\CortexM0\ARM_GCC_484\Debug\main.o (UART_1_SpiUartWriteTxData)
.\CortexM0\ARM_GCC_484\Debug\T-50_Project.a(UART_1_UART.o)
                              .\CortexM0\ARM_GCC_484\Debug\T-50_Project.a(UART_1.o) (UART_1_UartInit)
.\CortexM0\ARM_GCC_484\Debug\T-50_Project.a(TaskTimer.o)
                              .\CortexM0\ARM_GCC_484\Debug\main.o (TaskTimer_Start)
.\CortexM0\ARM_GCC_484\Debug\T-50_Project.a(TaskISR.o)
                              .\CortexM0\ARM_GCC_484\Debug\main.o (TaskISR_Start)
.\CortexM0\ARM_GCC_484\Debug\T-50_Project.a(NavLightPWM.o)
                              .\CortexM0\ARM_GCC_484\Debug\main.o (NavLightPWM_WriteCompare)
.\CortexM0\ARM_GCC_484\Debug\T-50_Project.a(BootISR.o)
                              .\CortexM0\ARM_GCC_484\Debug\main.o (BootISR_Start)
.\CortexM0\ARM_GCC_484\Debug\T-50_Project.a(SW1.o)
                              .\CortexM0\ARM_GCC_484\Debug\T-50_Project.a(BootISR.o) (SW1_ClearInterrupt)
.\CortexM0\ARM_GCC_484\Debug\T-50_Project.a(Strobes.o)
                              .\CortexM0\ARM_GCC_484\Debug\main.o (Strobes_Write)
.\CortexM0\ARM_GCC_484\Debug\T-50_Project.a(Ldg.o)
                              .\CortexM0\ARM_GCC_484\Debug\main.o (Ldg_Write)
.\CortexM0\ARM_GCC_484\Debug\T-50_Project.a(PPMCounter.o)
                              .\CortexM0\ARM_GCC_484\Debug\main.o (PPMCounter_Start)
.\CortexM0\ARM_GCC_484\Debug\T-50_Project.a(PPMISR.o)
                              .\CortexM0\ARM_GCC_484\Debug\main.o (PPMISR_Start)
.\CortexM0\ARM_GCC_484\Debug\T-50_Project.a(PPMRstISR.o)
                              .\CortexM0\ARM_GCC_484\Debug\main.o (PPMRstISR_Start)
.\CortexM0\ARM_GCC_484\Debug\T-50_Project.a(ServoTimer.o)
                              .\CortexM0\ARM_GCC_484\Debug\main.o (ServoTimer_Start)
.\CortexM0\ARM_GCC_484\Debug\T-50_Project.a(ServoISR.o)
                              .\CortexM0\ARM_GCC_484\Debug\main.o (ServoISR_Start)
.\CortexM0\ARM_GCC_484\Debug\T-50_Project.a(Out_Mot_Pin.o)
                              .\CortexM0\ARM_GCC_484\Debug\T-50_Project.a(ServoISR.o) (Out_Mot_Pin_Write)
.\CortexM0\ARM_GCC_484\Debug\T-50_Project.a(Out_Ail1_Pin.o)
                              .\CortexM0\ARM_GCC_484\Debug\T-50_Project.a(ServoISR.o) (Out_Ail1_Pin_Write)
.\CortexM0\ARM_GCC_484\Debug\T-50_Project.a(Out_Ail2_Pin.o)
                              .\CortexM0\ARM_GCC_484\Debug\T-50_Project.a(ServoISR.o) (Out_Ail2_Pin_Write)
.\CortexM0\ARM_GCC_484\Debug\T-50_Project.a(Out_Ele1_Pin.o)
                              .\CortexM0\ARM_GCC_484\Debug\T-50_Project.a(ServoISR.o) (Out_Ele1_Pin_Write)
.\CortexM0\ARM_GCC_484\Debug\T-50_Project.a(Out_Ele2_Pin.o)
                              .\CortexM0\ARM_GCC_484\Debug\T-50_Project.a(ServoISR.o) (Out_Ele2_Pin_Write)
.\CortexM0\ARM_GCC_484\Debug\T-50_Project.a(Out_Rud_Pin.o)
                              .\CortexM0\ARM_GCC_484\Debug\T-50_Project.a(ServoISR.o) (Out_Rud_Pin_Write)
.\CortexM0\ARM_GCC_484\Debug\T-50_Project.a(Out_Fl1_Pin.o)
                              .\CortexM0\ARM_GCC_484\Debug\T-50_Project.a(ServoISR.o) (Out_Fl1_Pin_Write)
.\CortexM0\ARM_GCC_484\Debug\T-50_Project.a(Out_Fl2_Pin.o)
                              .\CortexM0\ARM_GCC_484\Debug\T-50_Project.a(ServoISR.o) (Out_Fl2_Pin_Write)
.\CortexM0\ARM_GCC_484\Debug\T-50_Project.a(Out_Ge1_Pin.o)
                              .\CortexM0\ARM_GCC_484\Debug\T-50_Project.a(ServoISR.o) (Out_Ge1_Pin_Write)
.\CortexM0\ARM_GCC_484\Debug\T-50_Project.a(Out_Ge2_Pin.o)
                              .\CortexM0\ARM_GCC_484\Debug\T-50_Project.a(ServoISR.o) (Out_Ge2_Pin_Write)
.\CortexM0\ARM_GCC_484\Debug\T-50_Project.a(Out_Ge3_Pin.o)
                              .\CortexM0\ARM_GCC_484\Debug\T-50_Project.a(ServoISR.o) (Out_Ge3_Pin_Write)
.\CortexM0\ARM_GCC_484\Debug\T-50_Project.a(Out_Sp1_Pin.o)
                              .\CortexM0\ARM_GCC_484\Debug\T-50_Project.a(ServoISR.o) (Out_Sp1_Pin_Write)
.\CortexM0\ARM_GCC_484\Debug\T-50_Project.a(Out_Sp2_Pin.o)
                              .\CortexM0\ARM_GCC_484\Debug\T-50_Project.a(ServoISR.o) (Out_Sp2_Pin_Write)
.\CortexM0\ARM_GCC_484\Debug\T-50_Project.a(I2CM.o)
                              .\CortexM0\ARM_GCC_484\Debug\main.o (I2CM_Start)
.\CortexM0\ARM_GCC_484\Debug\T-50_Project.a(I2CM_I2C.o)
[...]
Memory Configuration

Name             Origin             Length             Attributes
rom              0x00000000         0x00008000         xr
ram              0x20000000         0x00001000         xrw
*default*        0x00000000         0xffffffff

Linker script and memory map

LOAD c:/program files/cypress/psoc creator/3.1/psoc creator/import/gnu_cs/arm/4.8.4/bin/../lib/gcc/arm-none-eabi/4.8.4/armv6-m/crti.o
LOAD c:/program files/cypress/psoc creator/3.1/psoc creator/import/gnu_cs/arm/4.8.4/bin/../lib/gcc/arm-none-eabi/4.8.4/armv6-m/crtbegin.o
LOAD c:/program files/cypress/psoc creator/3.1/psoc creator/import/gnu_cs/arm/4.8.4/bin/../lib/gcc/arm-none-eabi/4.8.4/../../../../arm-none-eabi/lib/armv6-m/crt0.o
START GROUP
LOAD .\CortexM0\ARM_GCC_484\Debug\main.o
LOAD .\CortexM0\ARM_GCC_484\Debug\IMU.o
LOAD .\CortexM0\ARM_GCC_484\Debug\cybootloader.o
LOAD .\CortexM0\ARM_GCC_484\Debug\cymetadata.o
LOAD .\CortexM0\ARM_GCC_484\Debug\Cm0Start.o
LOAD .\CortexM0\ARM_GCC_484\Debug\T-50_Project.a
LOAD C:\Program Files\Cypress\PSoC Creator\3.1\PSoC Creator\psoc\content\cycomponentlibrary\CyComponentLibrary.cylib\CortexM0\ARM_GCC_484\Debug\CyComponentLibrary.a
LOAD c:/program files/cypress/psoc creator/3.1/psoc creator/import/gnu_cs/arm/4.8.4/bin/../lib/gcc/arm-none-eabi/4.8.4/../../../../arm-none-eabi/lib/armv6-m\libm.a
END GROUP
START GROUP
LOAD c:/program files/cypress/psoc creator/3.1/psoc creator/import/gnu_cs/arm/4.8.4/bin/../lib/gcc/arm-none-eabi/4.8.4/armv6-m\libgcc.a
LOAD c:/program files/cypress/psoc creator/3.1/psoc creator/import/gnu_cs/arm/4.8.4/bin/../lib/gcc/arm-none-eabi/4.8.4/../../../../arm-none-eabi/lib/armv6-m\libg_s.a
LOAD c:/program files/cypress/psoc creator/3.1/psoc creator/import/gnu_cs/arm/4.8.4/bin/../lib/gcc/arm-none-eabi/4.8.4/../../../../arm-none-eabi/lib/armv6-m\libc_s.a
END GROUP
START GROUP
LOAD c:/program files/cypress/psoc creator/3.1/psoc creator/import/gnu_cs/arm/4.8.4/bin/../lib/gcc/arm-none-eabi/4.8.4/armv6-m\libgcc.a
LOAD c:/program files/cypress/psoc creator/3.1/psoc creator/import/gnu_cs/arm/4.8.4/bin/../lib/gcc/arm-none-eabi/4.8.4/../../../../arm-none-eabi/lib/armv6-m\libc_s.a
END GROUP
LOAD c:/program files/cypress/psoc creator/3.1/psoc creator/import/gnu_cs/arm/4.8.4/bin/../lib/gcc/arm-none-eabi/4.8.4/armv6-m/crtend.o
LOAD c:/program files/cypress/psoc creator/3.1/psoc creator/import/gnu_cs/arm/4.8.4/bin/../lib/gcc/arm-none-eabi/4.8.4/armv6-m/crtn.o
START GROUP
LOAD c:/program files/cypress/psoc creator/3.1/psoc creator/import/gnu_cs/arm/4.8.4/bin/../lib/gcc/arm-none-eabi/4.8.4/armv6-m\libgcc.a
LOAD c:/program files/cypress/psoc creator/3.1/psoc creator/import/gnu_cs/arm/4.8.4/bin/../lib/gcc/arm-none-eabi/4.8.4/../../../../arm-none-eabi/lib/armv6-m\libc.a
LOAD c:/program files/cypress/psoc creator/3.1/psoc creator/import/gnu_cs/arm/4.8.4/bin/../lib/gcc/arm-none-eabi/4.8.4/../../../../arm-none-eabi/lib/armv6-m\libnosys.a
END GROUP
                0x00000000                CY_APPL_ORIGIN = 0x0
                0x00000080                CY_FLASH_ROW_SIZE = 0x80
                0x00000001                CY_APPL_NUM = 0x1
                0x00000040                CY_METADATA_SIZE = 0x40
                0x200004f8                PROVIDE (__cy_heap_start, _end)
                0x00000001                PROVIDE (__cy_region_num, ((__cy_regions_end - __cy_regions) / 0x10))
                0x20001000                PROVIDE (__cy_stack, (ORIGIN (ram) + 0x1000))
                0x20000c00                PROVIDE (__cy_heap_end, (__cy_stack - 0x400))

.cybootloader   0x00000000     0x1080
 *(.cybootloader)
 .cybootloader  0x00000000     0x1080 .\CortexM0\ARM_GCC_484\Debug\cybootloader.o
                0x00000000                cy_bootloader
                0x00001080                appl1_start = CY_APPL_ORIGIN?CY_APPL_ORIGIN:ALIGN (CY_FLASH_ROW_SIZE)
                0x00004800                appl2_start = (appl1_start + ALIGN ((((0x8000 - appl1_start) - (0x2 * CY_FLASH_ROW_SIZE)) / 0x2), CY_FLASH_ROW_SIZE))
                0x00001080                appl_start = (CY_APPL_NUM == 0x1)?appl1_start:appl2_start

.text           0x00001080     0x51d4
 CREATE_OBJECT_SYMBOLS
                0x00001080                PROVIDE (__cy_interrupt_vector, RomVectors)
 *(.romvectors)
 .romvectors    0x00001080       0x10 .\CortexM0\ARM_GCC_484\Debug\Cm0Start.o
                0x00001080                RomVectors
                0x00000001                ASSERT ((. != __cy_interrupt_vector), No interrupt vector)
                0x00000001                ASSERT (CY_APPL_ORIGIN?(SIZEOF (.cybootloader) <= CY_APPL_ORIGIN):0x1, Wrong image location)
                0x00001090                PROVIDE (__cy_reset, Reset)
 *(.text.Reset)
 .text.Reset    0x00001090       0x10 .\CortexM0\ARM_GCC_484\Debug\Cm0Start.o
                0x00001090                Reset
                0x00000001                ASSERT ((. != __cy_reset), No reset code)
 *(.psocinit)
 .psocinit      0x000010a0      0x32c .\CortexM0\ARM_GCC_484\Debug\T-50_Project.a(cyfitter_cfg.o)
                0x000010a0                cyfitter_cfg
                0x000013cc                . = MAX (., 0x100)
 *(.text .text.* .gnu.linkonce.t.*)
 .text          0x000013cc       0x60 c:/program files/cypress/psoc creator/3.1/psoc creator/import/gnu_cs/arm/4.8.4/bin/../lib/gcc/arm-none-eabi/4.8.4/armv6-m/crtbegin.o
 .text.UART_1_UartPutNum
                0x0000142c       0x1c .\CortexM0\ARM_GCC_484\Debug\main.o
                0x0000142c                UART_1_UartPutNum
 .text.ADC_read_speed
                0x00001448       0x16 .\CortexM0\ARM_GCC_484\Debug\main.o
                0x00001448                ADC_read_speed
 *fill*         0x0000145e        0x2 
 .text.startup.main
                0x00001460      0x340 .\CortexM0\ARM_GCC_484\Debug\main.o
                0x00001460                main
 .text.write_gyro_registry
                0x000017a0       0x5c .\CortexM0\ARM_GCC_484\Debug\IMU.o
                0x000017a0                write_gyro_registry
 .text.gyro_start
                0x000017fc       0x28 .\CortexM0\ARM_GCC_484\Debug\IMU.o
                0x000017fc                gyro_start
 *fill*         0x00001824        0x4 
 .text.gyro_read
                0x00001828       0xf0 .\CortexM0\ARM_GCC_484\Debug\IMU.o
                0x00001828                gyro_read
 .text.write_acc_registry
                0x00001918       0x5c .\CortexM0\ARM_GCC_484\Debug\IMU.o
                0x00001918                write_acc_registry
 .text.acc_start
                0x00001974       0x18 .\CortexM0\ARM_GCC_484\Debug\IMU.o
                0x00001974                acc_start
 *fill*         0x0000198c        0x4 
 .text.acc_read
                0x00001990       0xf0 .\CortexM0\ARM_GCC_484\Debug\IMU.o
                0x00001990                acc_read
 .text.write_mag_registry
                0x00001a80       0x5c .\CortexM0\ARM_GCC_484\Debug\IMU.o
                0x00001a80                write_mag_registry
 .text.mag_start
                0x00001adc       0x20 .\CortexM0\ARM_GCC_484\Debug\IMU.o
                0x00001adc                mag_start
 *fill*         0x00001afc        0x4 
 .text.mag_read
                0x00001b00       0xf0 .\CortexM0\ARM_GCC_484\Debug\IMU.o
                0x00001b00                mag_read
 .text.write_baro_registry
                0x00001bf0       0x34 .\CortexM0\ARM_GCC_484\Debug\IMU.o
                0x00001bf0                write_baro_registry
 .text.baro_start
                0x00001c24       0x18 .\CortexM0\ARM_GCC_484\Debug\IMU.o
                0x00001c24                baro_start
 .text.baro_read
                0x00001c3c       0x48 .\CortexM0\ARM_GCC_484\Debug\IMU.o
                0x00001c3c                baro_read
 .text.IntDefaultHandler
                0x00001c84        0x2 .\CortexM0\ARM_GCC_484\Debug\Cm0Start.o
                0x00001c84                IntDefaultHandler
 *fill*         0x00001c86        0x2 
 .text._sbrk    0x00001c88       0x30 .\CortexM0\ARM_GCC_484\Debug\Cm0Start.o
                0x00001c88                _sbrk
 .text.Start_c  0x00001cb8       0x4c .\CortexM0\ARM_GCC_484\Debug\Cm0Start.o
                0x00001cb8                Start_c
 .text.startup.initialize_psoc
                0x00001d04       0x54 .\CortexM0\ARM_GCC_484\Debug\Cm0Start.o
                0x00001d04                initialize_psoc
 .text.SetAnalogRoutingPumps
                0x00001d58       0x20 .\CortexM0\ARM_GCC_484\Debug\T-50_Project.a(cyfitter_cfg.o)
                0x00001d58                SetAnalogRoutingPumps
 .text          0x00001d78       0x28 .\CortexM0\ARM_GCC_484\Debug\T-50_Project.a(CyBootAsmGnu.o)
                0x00001d78                CyDelayCycles
                0x00001d8c                CyEnterCriticalSection
                0x00001d94                CyExitCriticalSection
 .text.CyIntSetVector
                0x00001da0       0x18 .\CortexM0\ARM_GCC_484\Debug\T-50_Project.a(CyLib.o)
                0x00001da0                CyIntSetVector
 .text.CyIntSetPriority
                0x00001db8       0x40 .\CortexM0\ARM_GCC_484\Debug\T-50_Project.a(CyLib.o)
                0x00001db8                CyIntSetPriority
 .text.CyIntEnable
                0x00001df8       0x14 .\CortexM0\ARM_GCC_484\Debug\T-50_Project.a(CyLib.o)
                0x00001df8                CyIntEnable
 .text.CyIntDisable
                0x00001e0c       0x14 .\CortexM0\ARM_GCC_484\Debug\T-50_Project.a(CyLib.o)
                0x00001e0c                CyIntDisable
 .text.CyHalt   0x00001e20        0x4 .\CortexM0\ARM_GCC_484\Debug\T-50_Project.a(CyLib.o)
                0x00001e20                CyHalt
 .text.CySoftwareReset
                0x00001e24       0x18 .\CortexM0\ARM_GCC_484\Debug\T-50_Project.a(CyLib.o)
                0x00001e24                CySoftwareReset
 .text.CyDelay  0x00001e3c       0x2c .\CortexM0\ARM_GCC_484\Debug\T-50_Project.a(CyLib.o)
                0x00001e3c                CyDelay
 .text.CyDelayUs
                0x00001e68       0x14 .\CortexM0\ARM_GCC_484\Debug\T-50_Project.a(CyLib.o)
                0x00001e68                CyDelayUs
 .text.UART_1_Enable
                0x00001e7c       0x14 .\CortexM0\ARM_GCC_484\Debug\T-50_Project.a(UART_1.o)
                0x00001e7c                UART_1_Enable
 .text.UART_1_Start
                0x00001e90       0x1c .\CortexM0\ARM_GCC_484\Debug\T-50_Project.a(UART_1.o)
                0x00001e90                UART_1_Start
 .text.UART_1_SpiUartWriteTxData
                0x00001eac       0x1c .\CortexM0\ARM_GCC_484\Debug\T-50_Project.a(UART_1_SPI_UART.o)
                0x00001eac                UART_1_SpiUartWriteTxData
 .text.UART_1_UartInit
                0x00001ec8       0x90 .\CortexM0\ARM_GCC_484\Debug\T-50_Project.a(UART_1_UART.o)
                0x00001ec8                UART_1_UartInit
 .text.UART_1_UartPutString
                0x00001f58       0x16 .\CortexM0\ARM_GCC_484\Debug\T-50_Project.a(UART_1_UART.o)
                0x00001f58                UART_1_UartPutString
 *fill*         0x00001f6e        0x2 
 .text.TaskTimer_Init
                0x00001f70       0x40 .\CortexM0\ARM_GCC_484\Debug\T-50_Project.a(TaskTimer.o)
                0x00001f70                TaskTimer_Init
 .text.TaskTimer_TriggerCommand
                0x00001fb0       0x1c .\CortexM0\ARM_GCC_484\Debug\T-50_Project.a(TaskTimer.o)
                0x00001fb0                TaskTimer_TriggerCommand
 .text.TaskTimer_Enable
                0x00001fcc       0x24 .\CortexM0\ARM_GCC_484\Debug\T-50_Project.a(TaskTimer.o)
                0x00001fcc                TaskTimer_Enable
 .text.TaskTimer_Start
                0x00001ff0       0x1c .\CortexM0\ARM_GCC_484\Debug\T-50_Project.a(TaskTimer.o)
                0x00001ff0                TaskTimer_Start
 .text.TaskTimer_ClearInterrupt
                0x0000200c        0xc .\CortexM0\ARM_GCC_484\Debug\T-50_Project.a(TaskTimer.o)
                0x0000200c                TaskTimer_ClearInterrupt
 .text.TaskISR_Interrupt
                0x00002018       0x14 .\CortexM0\ARM_GCC_484\Debug\T-50_Project.a(TaskISR.o)
                0x00002018                TaskISR_Interrupt
 .text.TaskISR_SetPriority
                0x0000202c       0x24 .\CortexM0\ARM_GCC_484\Debug\T-50_Project.a(TaskISR.o)
                0x0000202c                TaskISR_SetPriority
 .text.TaskISR_Start
                0x00002050       0x30 .\CortexM0\ARM_GCC_484\Debug\T-50_Project.a(TaskISR.o)
                0x00002050                TaskISR_Start
 .text.NavLightPWM_Init
                0x00002080       0x50 .\CortexM0\ARM_GCC_484\Debug\T-50_Project.a(NavLightPWM.o)
                0x00002080                NavLightPWM_Init
 .text.NavLightPWM_WriteCompare
                0x000020d0        0xc .\CortexM0\ARM_GCC_484\Debug\T-50_Project.a(NavLightPWM.o)
                0x000020d0                NavLightPWM_WriteCompare
 .text.NavLightPWM_TriggerCommand
                0x000020dc       0x1c .\CortexM0\ARM_GCC_484\Debug\T-50_Project.a(NavLightPWM.o)
                0x000020dc                NavLightPWM_TriggerCommand
 .text.NavLightPWM_Enable
                0x000020f8       0x24 .\CortexM0\ARM_GCC_484\Debug\T-50_Project.a(NavLightPWM.o)
                0x000020f8                NavLightPWM_Enable
 .text.NavLightPWM_Start
                0x0000211c       0x1c .\CortexM0\ARM_GCC_484\Debug\T-50_Project.a(NavLightPWM.o)
                0x0000211c                NavLightPWM_Start
 .text.BootISR_Interrupt
                0x00002138       0x1c .\CortexM0\ARM_GCC_484\Debug\T-50_Project.a(BootISR.o)
                0x00002138                BootISR_Interrupt
 .text.BootISR_SetPriority
                0x00002154       0x24 .\CortexM0\ARM_GCC_484\Debug\T-50_Project.a(BootISR.o)
                0x00002154                BootISR_SetPriority
 .text.BootISR_Start
                0x00002178       0x2c .\CortexM0\ARM_GCC_484\Debug\T-50_Project.a(BootISR.o)
                0x00002178                BootISR_Start
 .text.SW1_ClearInterrupt
                0x000021a4       0x14 .\CortexM0\ARM_GCC_484\Debug\T-50_Project.a(SW1.o)
                0x000021a4                SW1_ClearInterrupt
 .text.Strobes_Write
                0x000021b8       0x18 .\CortexM0\ARM_GCC_484\Debug\T-50_Project.a(Strobes.o)
                0x000021b8                Strobes_Write
 .text.Ldg_Write
                0x000021d0       0x18 .\CortexM0\ARM_GCC_484\Debug\T-50_Project.a(Ldg.o)
                0x000021d0                Ldg_Write
 .text.PPMCounter_Init
                0x000021e8       0x38 .\CortexM0\ARM_GCC_484\Debug\T-50_Project.a(PPMCounter.o)
                0x000021e8                PPMCounter_Init
 .text.PPMCounter_WriteCounter
                0x00002220        0xc .\CortexM0\ARM_GCC_484\Debug\T-50_Project.a(PPMCounter.o)
                0x00002220                PPMCounter_WriteCounter
 .text.PPMCounter_ReadCounter
                0x0000222c        0xc .\CortexM0\ARM_GCC_484\Debug\T-50_Project.a(PPMCounter.o)
                0x0000222c                PPMCounter_ReadCounter
 .text.PPMCounter_TriggerCommand
                0x00002238       0x1c .\CortexM0\ARM_GCC_484\Debug\T-50_Project.a(PPMCounter.o)
                0x00002238                PPMCounter_TriggerCommand
 .text.PPMCounter_Enable
                0x00002254       0x24 .\CortexM0\ARM_GCC_484\Debug\T-50_Project.a(PPMCounter.o)
                0x00002254                PPMCounter_Enable
 .text.PPMCounter_Start
                0x00002278       0x1c .\CortexM0\ARM_GCC_484\Debug\T-50_Project.a(PPMCounter.o)
                0x00002278                PPMCounter_Start
 .text.PPMCounter_ClearInterrupt
                0x00002294        0xc .\CortexM0\ARM_GCC_484\Debug\T-50_Project.a(PPMCounter.o)
                0x00002294                PPMCounter_ClearInterrupt
 .text.PPMISR_Interrupt
                0x000022a0       0x40 .\CortexM0\ARM_GCC_484\Debug\T-50_Project.a(PPMISR.o)
                0x000022a0                PPMISR_Interrupt
 .text.PPMISR_SetPriority
                0x000022e0       0x20 .\CortexM0\ARM_GCC_484\Debug\T-50_Project.a(PPMISR.o)
                0x000022e0                PPMISR_SetPriority
 .text.PPMISR_Start
                0x00002300       0x30 .\CortexM0\ARM_GCC_484\Debug\T-50_Project.a(PPMISR.o)
                0x00002300                PPMISR_Start
 .text.PPMRstISR_Interrupt
                0x00002330       0x20 .\CortexM0\ARM_GCC_484\Debug\T-50_Project.a(PPMRstISR.o)
                0x00002330                PPMRstISR_Interrupt
 .text.PPMRstISR_SetPriority
                0x00002350       0x28 .\CortexM0\ARM_GCC_484\Debug\T-50_Project.a(PPMRstISR.o)
                0x00002350                PPMRstISR_SetPriority
 .text.PPMRstISR_Start
                0x00002378       0x2c .\CortexM0\ARM_GCC_484\Debug\T-50_Project.a(PPMRstISR.o)
                0x00002378                PPMRstISR_Start
 .text.ServoTimer_Init
                0x000023a4       0x40 .\CortexM0\ARM_GCC_484\Debug\T-50_Project.a(ServoTimer.o)
                0x000023a4                ServoTimer_Init
 .text.ServoTimer_WriteCounter
                0x000023e4        0xc .\CortexM0\ARM_GCC_484\Debug\T-50_Project.a(ServoTimer.o)
                0x000023e4                ServoTimer_WriteCounter
 .text.ServoTimer_WritePeriod
                0x000023f0        0xc .\CortexM0\ARM_GCC_484\Debug\T-50_Project.a(ServoTimer.o)
                0x000023f0                ServoTimer_WritePeriod
 .text.ServoTimer_TriggerCommand
                0x000023fc       0x1c .\CortexM0\ARM_GCC_484\Debug\T-50_Project.a(ServoTimer.o)
                0x000023fc                ServoTimer_TriggerCommand
 .text.ServoTimer_Enable
                0x00002418       0x24 .\CortexM0\ARM_GCC_484\Debug\T-50_Project.a(ServoTimer.o)
                0x00002418                ServoTimer_Enable
 .text.ServoTimer_Start
                0x0000243c       0x1c .\CortexM0\ARM_GCC_484\Debug\T-50_Project.a(ServoTimer.o)
                0x0000243c                ServoTimer_Start
 .text.ServoTimer_ClearInterrupt
                0x00002458        0xc .\CortexM0\ARM_GCC_484\Debug\T-50_Project.a(ServoTimer.o)
                0x00002458                ServoTimer_ClearInterrupt
 .text.ServoISR_Interrupt
                0x00002464      0x100 .\CortexM0\ARM_GCC_484\Debug\T-50_Project.a(ServoISR.o)
                0x00002464                ServoISR_Interrupt
 .text.ServoISR_SetPriority
                0x00002564       0x28 .\CortexM0\ARM_GCC_484\Debug\T-50_Project.a(ServoISR.o)
                0x00002564                ServoISR_SetPriority
 .text.ServoISR_Start
                0x0000258c       0x30 .\CortexM0\ARM_GCC_484\Debug\T-50_Project.a(ServoISR.o)
                0x0000258c                ServoISR_Start
 .text.Out_Mot_Pin_Write
                0x000025bc       0x18 .\CortexM0\ARM_GCC_484\Debug\T-50_Project.a(Out_Mot_Pin.o)
                0x000025bc                Out_Mot_Pin_Write
 .text.Out_Ail1_Pin_Write
                0x000025d4       0x18 .\CortexM0\ARM_GCC_484\Debug\T-50_Project.a(Out_Ail1_Pin.o)
                0x000025d4                Out_Ail1_Pin_Write
 .text.Out_Ail2_Pin_Write
                0x000025ec       0x18 .\CortexM0\ARM_GCC_484\Debug\T-50_Project.a(Out_Ail2_Pin.o)
                0x000025ec                Out_Ail2_Pin_Write
 .text.Out_Ele1_Pin_Write
                0x00002604       0x18 .\CortexM0\ARM_GCC_484\Debug\T-50_Project.a(Out_Ele1_Pin.o)
                0x00002604                Out_Ele1_Pin_Write
 .text.Out_Ele2_Pin_Write
                0x0000261c       0x18 .\CortexM0\ARM_GCC_484\Debug\T-50_Project.a(Out_Ele2_Pin.o)
                0x0000261c                Out_Ele2_Pin_Write
 .text.Out_Rud_Pin_Write
                0x00002634       0x18 .\CortexM0\ARM_GCC_484\Debug\T-50_Project.a(Out_Rud_Pin.o)
                0x00002634                Out_Rud_Pin_Write
 .text.Out_Fl1_Pin_Write
                0x0000264c       0x18 .\CortexM0\ARM_GCC_484\Debug\T-50_Project.a(Out_Fl1_Pin.o)
                0x0000264c                Out_Fl1_Pin_Write
 .text.Out_Fl2_Pin_Write
                0x00002664       0x18 .\CortexM0\ARM_GCC_484\Debug\T-50_Project.a(Out_Fl2_Pin.o)
                0x00002664                Out_Fl2_Pin_Write
 .text.Out_Ge1_Pin_Write
                0x0000267c       0x18 .\CortexM0\ARM_GCC_484\Debug\T-50_Project.a(Out_Ge1_Pin.o)
                0x0000267c                Out_Ge1_Pin_Write
 .text.Out_Ge2_Pin_Write
                0x00002694       0x18 .\CortexM0\ARM_GCC_484\Debug\T-50_Project.a(Out_Ge2_Pin.o)
                0x00002694                Out_Ge2_Pin_Write
 .text.Out_Ge3_Pin_Write
                0x000026ac       0x18 .\CortexM0\ARM_GCC_484\Debug\T-50_Project.a(Out_Ge3_Pin.o)
                0x000026ac                Out_Ge3_Pin_Write
 .text.Out_Sp1_Pin_Write
                0x000026c4       0x18 .\CortexM0\ARM_GCC_484\Debug\T-50_Project.a(Out_Sp1_Pin.o)
                0x000026c4                Out_Sp1_Pin_Write
 .text.Out_Sp2_Pin_Write
                0x000026dc       0x18 .\CortexM0\ARM_GCC_484\Debug\T-50_Project.a(Out_Sp2_Pin.o)
                0x000026dc                Out_Sp2_Pin_Write
 .text.I2CM_Enable
                0x000026f4       0x1c .\CortexM0\ARM_GCC_484\Debug\T-50_Project.a(I2CM.o)
                0x000026f4                I2CM_Enable
 .text.I2CM_Start
                0x00002710       0x1c .\CortexM0\ARM_GCC_484\Debug\T-50_Project.a(I2CM.o)
                0x00002710                I2CM_Start
 .text.I2CM_I2CInit
                0x0000272c       0xc8 .\CortexM0\ARM_GCC_484\Debug\T-50_Project.a(I2CM_I2C.o)
                0x0000272c                I2CM_I2CInit
 .text.I2CM_I2CMasterSendStart
                0x000027f4       0xb0 .\CortexM0\ARM_GCC_484\Debug\T-50_Project.a(I2CM_I2C_MASTER.o)
                0x000027f4                I2CM_I2CMasterSendStart
 .text.I2CM_I2CMasterWriteByte
                0x000028a4       0x7c .\CortexM0\ARM_GCC_484\Debug\T-50_Project.a(I2CM_I2C_MASTER.o)
                0x000028a4                I2CM_I2CMasterWriteByte
 .text.I2CM_I2CMasterReadByte
                0x00002920       0x80 .\CortexM0\ARM_GCC_484\Debug\T-50_Project.a(I2CM_I2C_MASTER.o)
                0x00002920                I2CM_I2CMasterReadByte
 .text.I2CM_I2CReStartGeneration
                0x000029a0       0x90 .\CortexM0\ARM_GCC_484\Debug\T-50_Project.a(I2CM_I2C_MASTER.o)
                0x000029a0                I2CM_I2CReStartGeneration
 .text.I2CM_I2CMasterSendRestart
                0x00002a30       0xa8 .\CortexM0\ARM_GCC_484\Debug\T-50_Project.a(I2CM_I2C_MASTER.o)
                0x00002a30                I2CM_I2CMasterSendRestart
 .text.I2CM_sda_Read
                0x00002ad8       0x10 .\CortexM0\ARM_GCC_484\Debug\T-50_Project.a(I2CM_sda.o)
                0x00002ad8                I2CM_sda_Read
 .text.I2CM_scl_Write
                0x00002ae8       0x18 .\CortexM0\ARM_GCC_484\Debug\T-50_Project.a(I2CM_scl.o)
                0x00002ae8                I2CM_scl_Write
 .text.I2CM_scl_Read
                0x00002b00       0x10 .\CortexM0\ARM_GCC_484\Debug\T-50_Project.a(I2CM_scl.o)
                0x00002b00                I2CM_scl_Read
 .text.ADC_Init
                0x00002b10       0xcc .\CortexM0\ARM_GCC_484\Debug\T-50_Project.a(ADC.o)
                0x00002b10                ADC_Init
 .text.ADC_Enable
                0x00002bdc       0x20 .\CortexM0\ARM_GCC_484\Debug\T-50_Project.a(ADC.o)
                0x00002bdc                ADC_Enable
 .text.ADC_Start
                0x00002bfc       0x1c .\CortexM0\ARM_GCC_484\Debug\T-50_Project.a(ADC.o)
                0x00002bfc                ADC_Start
 .text.ADC_StartConvert
                0x00002c18       0x14 .\CortexM0\ARM_GCC_484\Debug\T-50_Project.a(ADC.o)
                0x00002c18                ADC_StartConvert
 .text.ADC_StopConvert
                0x00002c2c       0x14 .\CortexM0\ARM_GCC_484\Debug\T-50_Project.a(ADC.o)
                0x00002c2c                ADC_StopConvert
 .text.ADC_GetResult16
                0x00002c40       0x20 .\CortexM0\ARM_GCC_484\Debug\T-50_Project.a(ADC.o)
                0x00002c40                ADC_GetResult16
 .text.ADC_ISR  0x00002c60        0xc .\CortexM0\ARM_GCC_484\Debug\T-50_Project.a(ADC_INT.o)
                0x00002c60                ADC_ISR
 .text.Bootloadable_1_Load
                0x00002c6c       0x14 .\CortexM0\ARM_GCC_484\Debug\T-50_Project.a(Bootloadable_1.o)
                0x00002c6c                Bootloadable_1_Load
 .text.I2CM_I2C_ISR
                0x00002c80      0x354 .\CortexM0\ARM_GCC_484\Debug\T-50_Project.a(I2CM_I2C_INT.o)
                0x00002c80                I2CM_I2C_ISR
 .text.atan2    0x00002fd4        0x8 c:/program files/cypress/psoc creator/3.1/psoc creator/import/gnu_cs/arm/4.8.4/bin/../lib/gcc/arm-none-eabi/4.8.4/../../../../arm-none-eabi/lib/armv6-m\libm.a(lib_a-w_atan2.o)
                0x00002fd4                atan2
 *fill*         0x00002fdc        0x4 
 .text.__ieee754_atan2
                0x00002fe0      0x208 c:/program files/cypress/psoc creator/3.1/psoc creator/import/gnu_cs/arm/4.8.4/bin/../lib/gcc/arm-none-eabi/4.8.4/../../../../arm-none-eabi/lib/armv6-m\libm.a(lib_a-e_atan2.o)
                0x00002fe0                __ieee754_atan2
 .text.atan     0x000031e8      0x350 c:/program files/cypress/psoc creator/3.1/psoc creator/import/gnu_cs/arm/4.8.4/bin/../lib/gcc/arm-none-eabi/4.8.4/../../../../arm-none-eabi/lib/armv6-m\libm.a(lib_a-s_atan.o)
                0x000031e8                atan
 .text.fabs     0x00003538        0x8 c:/program files/cypress/psoc creator/3.1/psoc creator/import/gnu_cs/arm/4.8.4/bin/../lib/gcc/arm-none-eabi/4.8.4/../../../../arm-none-eabi/lib/armv6-m\libm.a(lib_a-s_fabs.o)
                0x00003538                fabs
 .text          0x00003540       0x14 c:/program files/cypress/psoc creator/3.1/psoc creator/import/gnu_cs/arm/4.8.4/bin/../lib/gcc/arm-none-eabi/4.8.4/armv6-m\libgcc.a(_thumb1_case_uqi.o)
                0x00003540                __gnu_thumb1_case_uqi
 .text          0x00003554       0x9c c:/program files/cypress/psoc creator/3.1/psoc creator/import/gnu_cs/arm/4.8.4/bin/../lib/gcc/arm-none-eabi/4.8.4/armv6-m\libgcc.a(_udivsi3.o)
                0x00003554                __aeabi_uidiv
                0x00003554                __udivsi3
                0x000035dc                __aeabi_uidivmod
 .text          0x000035f0        0x4 c:/program files/cypress/psoc creator/3.1/psoc creator/import/gnu_cs/arm/4.8.4/bin/../lib/gcc/arm-none-eabi/4.8.4/armv6-m\libgcc.a(_dvmd_tls.o)
                0x000035f0                __aeabi_idiv0
                0x000035f0                __aeabi_ldiv0
 .text          0x000035f4       0x7c c:/program files/cypress/psoc creator/3.1/psoc creator/import/gnu_cs/arm/4.8.4/bin/../lib/gcc/arm-none-eabi/4.8.4/armv6-m\libgcc.a(_arm_cmpdf2.o)
                0x000035f4                __aeabi_cdrcmple
                0x00003604                __aeabi_cdcmple
                0x00003604                __aeabi_cdcmpeq
                0x00003614                __aeabi_dcmpeq
                0x00003620                __aeabi_dcmplt
                0x00003634                __aeabi_dcmple
                0x00003648                __aeabi_dcmpgt
                0x0000365c                __aeabi_dcmpge
 .text          0x00003670      0x2d8 c:/program files/cypress/psoc creator/3.1/psoc creator/import/gnu_cs/arm/4.8.4/bin/../lib/gcc/arm-none-eabi/4.8.4/armv6-m\libgcc.a(addsf3.o)
                0x00003670                __aeabi_fadd
 .text          0x00003948      0x254 c:/program files/cypress/psoc creator/3.1/psoc creator/import/gnu_cs/arm/4.8.4/bin/../lib/gcc/arm-none-eabi/4.8.4/armv6-m\libgcc.a(mulsf3.o)
                0x00003948                __aeabi_fmul
 .text          0x00003b9c       0xb8 c:/program files/cypress/psoc creator/3.1/psoc creator/import/gnu_cs/arm/4.8.4/bin/../lib/gcc/arm-none-eabi/4.8.4/armv6-m\libgcc.a(floatsisf.o)
                0x00003b9c                __aeabi_i2f
 .text          0x00003c54      0x644 c:/program files/cypress/psoc creator/3.1/psoc creator/import/gnu_cs/arm/4.8.4/bin/../lib/gcc/arm-none-eabi/4.8.4/armv6-m\libgcc.a(adddf3.o)
                0x00003c54                __aeabi_dadd
 .text          0x00004298      0x648 c:/program files/cypress/psoc creator/3.1/psoc creator/import/gnu_cs/arm/4.8.4/bin/../lib/gcc/arm-none-eabi/4.8.4/armv6-m\libgcc.a(divdf3.o)
                0x00004298                __aeabi_ddiv
 .text          0x000048e0       0x94 c:/program files/cypress/psoc creator/3.1/psoc creator/import/gnu_cs/arm/4.8.4/bin/../lib/gcc/arm-none-eabi/4.8.4/armv6-m\libgcc.a(eqdf2.o)
                0x000048e0                __nedf2
                0x000048e0                __eqdf2
 .text          0x00004974       0xfc c:/program files/cypress/psoc creator/3.1/psoc creator/import/gnu_cs/arm/4.8.4/bin/../lib/gcc/arm-none-eabi/4.8.4/armv6-m\libgcc.a(gedf2.o)
                0x00004974                __gedf2
                0x00004974                __gtdf2
 .text          0x00004a70       0xfc c:/program files/cypress/psoc creator/3.1/psoc creator/import/gnu_cs/arm/4.8.4/bin/../lib/gcc/arm-none-eabi/4.8.4/armv6-m\libgcc.a(ledf2.o)
                0x00004a70                __ledf2
                0x00004a70                __ltdf2
 .text          0x00004b6c      0x520 c:/program files/cypress/psoc creator/3.1/psoc creator/import/gnu_cs/arm/4.8.4/bin/../lib/gcc/arm-none-eabi/4.8.4/armv6-m\libgcc.a(muldf3.o)
                0x00004b6c                __aeabi_dmul
 .text          0x0000508c      0x668 c:/program files/cypress/psoc creator/3.1/psoc creator/import/gnu_cs/arm/4.8.4/bin/../lib/gcc/arm-none-eabi/4.8.4/armv6-m\libgcc.a(subdf3.o)
                0x0000508c                __aeabi_dsub
 .text          0x000056f4       0x68 c:/program files/cypress/psoc creator/3.1/psoc creator/import/gnu_cs/arm/4.8.4/bin/../lib/gcc/arm-none-eabi/4.8.4/armv6-m\libgcc.a(fixdfsi.o)
                0x000056f4                __aeabi_d2iz
 .text          0x0000575c       0x7c c:/program files/cypress/psoc creator/3.1/psoc creator/import/gnu_cs/arm/4.8.4/bin/../lib/gcc/arm-none-eabi/4.8.4/armv6-m\libgcc.a(floatsidf.o)
                0x0000575c                __aeabi_i2d
 .text          0x000057d8       0xa4 c:/program files/cypress/psoc creator/3.1/psoc creator/import/gnu_cs/arm/4.8.4/bin/../lib/gcc/arm-none-eabi/4.8.4/armv6-m\libgcc.a(extendsfdf2.o)
                0x000057d8                __aeabi_f2d
 .text          0x0000587c      0x118 c:/program files/cypress/psoc creator/3.1/psoc creator/import/gnu_cs/arm/4.8.4/bin/../lib/gcc/arm-none-eabi/4.8.4/armv6-m\libgcc.a(truncdfsf2.o)
                0x0000587c                __aeabi_d2f
 .text          0x00005994       0x3c c:/program files/cypress/psoc creator/3.1/psoc creator/import/gnu_cs/arm/4.8.4/bin/../lib/gcc/arm-none-eabi/4.8.4/armv6-m\libgcc.a(_clzsi2.o)
                0x00005994                __clzsi2
 .text.__errno  0x000059d0        0xc c:/program files/cypress/psoc creator/3.1/psoc creator/import/gnu_cs/arm/4.8.4/bin/../lib/gcc/arm-none-eabi/4.8.4/../../../../arm-none-eabi/lib/armv6-m\libg_s.a(lib_a-errno.o)
                0x000059d0                __errno
 .text.__libc_init_array
                0x000059dc       0x4c c:/program files/cypress/psoc creator/3.1/psoc creator/import/gnu_cs/arm/4.8.4/bin/../lib/gcc/arm-none-eabi/4.8.4/../../../../arm-none-eabi/lib/armv6-m\libg_s.a(lib_a-init.o)
                0x000059dc                __libc_init_array
 .text.memcpy   0x00005a28       0x12 c:/program files/cypress/psoc creator/3.1/psoc creator/import/gnu_cs/arm/4.8.4/bin/../lib/gcc/arm-none-eabi/4.8.4/../../../../arm-none-eabi/lib/armv6-m\libg_s.a(lib_a-memcpy-stub.o)
                0x00005a28                memcpy
 .text.memset   0x00005a3a       0x10 c:/program files/cypress/psoc creator/3.1/psoc creator/import/gnu_cs/arm/4.8.4/bin/../lib/gcc/arm-none-eabi/4.8.4/../../../../arm-none-eabi/lib/armv6-m\libg_s.a(lib_a-memset.o)
                0x00005a3a                memset
 *fill*         0x00005a4a        0x2 
 .text.sprintf  0x00005a4c       0x44 c:/program files/cypress/psoc creator/3.1/psoc creator/import/gnu_cs/arm/4.8.4/bin/../lib/gcc/arm-none-eabi/4.8.4/../../../../arm-none-eabi/lib/armv6-m\libg_s.a(lib_a-sprintf.o)
                0x00005a4c                siprintf
                0x00005a4c                sprintf
 .text.__ssputs_r
                0x00005a90       0xc0 c:/program files/cypress/psoc creator/3.1/psoc creator/import/gnu_cs/arm/4.8.4/bin/../lib/gcc/arm-none-eabi/4.8.4/../../../../arm-none-eabi/lib/armv6-m\libg_s.a(lib_a-svfprintf.o)
                0x00005a90                __ssputs_r
 .text._svfprintf_r
                0x00005b50      0x1e0 c:/program files/cypress/psoc creator/3.1/psoc creator/import/gnu_cs/arm/4.8.4/bin/../lib/gcc/arm-none-eabi/4.8.4/../../../../arm-none-eabi/lib/armv6-m\libg_s.a(lib_a-svfprintf.o)
                0x00005b50                _svfiprintf_r
                0x00005b50                _svfprintf_r
 .text._printf_common
                0x00005d30       0xe8 c:/program files/cypress/psoc creator/3.1/psoc creator/import/gnu_cs/arm/4.8.4/bin/../lib/gcc/arm-none-eabi/4.8.4/../../../../arm-none-eabi/lib/armv6-m\libg_s.a(lib_a-vfprintf_i.o)
                0x00005d30                _printf_common
 .text._printf_i
                0x00005e18      0x22c c:/program files/cypress/psoc creator/3.1/psoc creator/import/gnu_cs/arm/4.8.4/bin/../lib/gcc/arm-none-eabi/4.8.4/../../../../arm-none-eabi/lib/armv6-m\libg_s.a(lib_a-vfprintf_i.o)
                0x00005e18                _printf_i
 .text.memchr   0x00006044       0x16 c:/program files/cypress/psoc creator/3.1/psoc creator/import/gnu_cs/arm/4.8.4/bin/../lib/gcc/arm-none-eabi/4.8.4/../../../../arm-none-eabi/lib/armv6-m\libg_s.a(lib_a-memchr-stub.o)
                0x00006044                memchr
 .text.memmove  0x0000605a       0x32 c:/program files/cypress/psoc creator/3.1/psoc creator/import/gnu_cs/arm/4.8.4/bin/../lib/gcc/arm-none-eabi/4.8.4/../../../../arm-none-eabi/lib/armv6-m\libg_s.a(lib_a-memmove.o)
                0x0000605a                memmove
 .text._free_r  0x0000608c       0x90 c:/program files/cypress/psoc creator/3.1/psoc creator/import/gnu_cs/arm/4.8.4/bin/../lib/gcc/arm-none-eabi/4.8.4/../../../../arm-none-eabi/lib/armv6-m\libg_s.a(lib_a-nano-freer.o)
                0x0000608c                _free_r
 .text._malloc_r
                0x0000611c       0xa8 c:/program files/cypress/psoc creator/3.1/psoc creator/import/gnu_cs/arm/4.8.4/bin/../lib/gcc/arm-none-eabi/4.8.4/../../../../arm-none-eabi/lib/armv6-m\libg_s.a(lib_a-nano-mallocr.o)
                0x0000611c                _malloc_r
 .text._realloc_r
                0x000061c4       0x4c c:/program files/cypress/psoc creator/3.1/psoc creator/import/gnu_cs/arm/4.8.4/bin/../lib/gcc/arm-none-eabi/4.8.4/../../../../arm-none-eabi/lib/armv6-m\libg_s.a(lib_a-nano-reallocr.o)
                0x000061c4                _realloc_r
 .text._sbrk_r  0x00006210       0x24 c:/program files/cypress/psoc creator/3.1/psoc creator/import/gnu_cs/arm/4.8.4/bin/../lib/gcc/arm-none-eabi/4.8.4/../../../../arm-none-eabi/lib/armv6-m\libg_s.a(lib_a-sbrkr.o)
                0x00006210                _sbrk_r
 .text.strlen   0x00006234        0xe c:/program files/cypress/psoc creator/3.1/psoc creator/import/gnu_cs/arm/4.8.4/bin/../lib/gcc/arm-none-eabi/4.8.4/../../../../arm-none-eabi/lib/armv6-m\libg_s.a(lib_a-strlen.o)
                0x00006234                strlen
 .text._malloc_usable_size_r
                0x00006242       0x12 c:/program files/cypress/psoc creator/3.1/psoc creator/import/gnu_cs/arm/4.8.4/bin/../lib/gcc/arm-none-eabi/4.8.4/../../../../arm-none-eabi/lib/armv6-m\libg_s.a(lib_a-nano-msizer.o)
                0x00006242                _malloc_usable_size_r
 *(.plt)
 *(.gnu.warning)
 *(.glue_7t)
 .glue_7t       0x00000000        0x0 linker stubs
 *(.glue_7)
 .glue_7        0x00000000        0x0 linker stubs
 *(.vfp11_veneer)
 .vfp11_veneer  0x00000000        0x0 linker stubs
 *(.bootloader)
 *(.ARM.extab* .gnu.linkonce.armextab.*)
 *(.gcc_except_table)

.v4_bx          0x00006254        0x0
 .v4_bx         0x00000000        0x0 linker stubs

.iplt           0x00006254        0x0
 .iplt          0x00000000        0x0 c:/program files/cypress/psoc creator/3.1/psoc creator/import/gnu_cs/arm/4.8.4/bin/../lib/gcc/arm-none-eabi/4.8.4/armv6-m/crtbegin.o

.eh_frame_hdr
 *(.eh_frame_hdr)

.eh_frame       0x00006254        0x4
 *(.eh_frame)
 .eh_frame      0x00006254        0x0 c:/program files/cypress/psoc creator/3.1/psoc creator/import/gnu_cs/arm/4.8.4/bin/../lib/gcc/arm-none-eabi/4.8.4/armv6-m/crtbegin.o
 .eh_frame      0x00006254        0x4 c:/program files/cypress/psoc creator/3.1/psoc creator/import/gnu_cs/arm/4.8.4/bin/../lib/gcc/arm-none-eabi/4.8.4/armv6-m/crtend.o
                0x00006258                PROVIDE (__exidx_start, .)

.ARM.exidx
 *(.ARM.exidx* .gnu.linkonce.armexidx.*)
                0x00006258                __exidx_end = .

.rodata         0x00006258      0x3c0
 *(.rodata .rodata.* .gnu.linkonce.r.*)
 .rodata.str1.1
                0x00006258       0x1c .\CortexM0\ARM_GCC_484\Debug\main.o
                                 0x1f (size before relaxing)
 .rodata.str1.1
                0x00006274       0xaa .\CortexM0\ARM_GCC_484\Debug\IMU.o
                                 0xcf (size before relaxing)
 *fill*         0x0000631e        0x2 
 .rodata        0x00006320      0x180 .\CortexM0\ARM_GCC_484\Debug\T-50_Project.a(cyfitter_cfg.o)
 .rodata.str1.1
                0x000064a0        0x7 .\CortexM0\ARM_GCC_484\Debug\T-50_Project.a(BootISR.o)
 *fill*         0x000064a7        0x1 
 .rodata.atanlo
                0x000064a8       0x20 c:/program files/cypress/psoc creator/3.1/psoc creator/import/gnu_cs/arm/4.8.4/bin/../lib/gcc/arm-none-eabi/4.8.4/../../../../arm-none-eabi/lib/armv6-m\libm.a(lib_a-s_atan.o)
 .rodata.atanhi
                0x000064c8       0x20 c:/program files/cypress/psoc creator/3.1/psoc creator/import/gnu_cs/arm/4.8.4/bin/../lib/gcc/arm-none-eabi/4.8.4/../../../../arm-none-eabi/lib/armv6-m\libm.a(lib_a-s_atan.o)
 .rodata        0x000064e8       0x40 c:/program files/cypress/psoc creator/3.1/psoc creator/import/gnu_cs/arm/4.8.4/bin/../lib/gcc/arm-none-eabi/4.8.4/armv6-m\libgcc.a(mulsf3.o)
 .rodata        0x00006528       0x40 c:/program files/cypress/psoc creator/3.1/psoc creator/import/gnu_cs/arm/4.8.4/bin/../lib/gcc/arm-none-eabi/4.8.4/armv6-m\libgcc.a(divdf3.o)
 .rodata        0x00006568       0x40 c:/program files/cypress/psoc creator/3.1/psoc creator/import/gnu_cs/arm/4.8.4/bin/../lib/gcc/arm-none-eabi/4.8.4/armv6-m\libgcc.a(muldf3.o)
 .rodata.str1.1
                0x000065a8        0x2 c:/program files/cypress/psoc creator/3.1/psoc creator/import/gnu_cs/arm/4.8.4/bin/../lib/gcc/arm-none-eabi/4.8.4/../../../../arm-none-eabi/lib/armv6-m\libg_s.a(lib_a-impure.o)
 .rodata.str1.1
                0x000065aa       0x11 c:/program files/cypress/psoc creator/3.1/psoc creator/import/gnu_cs/arm/4.8.4/bin/../lib/gcc/arm-none-eabi/4.8.4/../../../../arm-none-eabi/lib/armv6-m\libg_s.a(lib_a-svfprintf.o)
 .rodata.str1.1
                0x000065bb       0x22 c:/program files/cypress/psoc creator/3.1/psoc creator/import/gnu_cs/arm/4.8.4/bin/../lib/gcc/arm-none-eabi/4.8.4/../../../../arm-none-eabi/lib/armv6-m\libg_s.a(lib_a-vfprintf_i.o)
                0x000065e0                . = ALIGN (0x4)
 *fill*         0x000065dd        0x3 
 *(.init)
 .init          0x000065e0        0x4 c:/program files/cypress/psoc creator/3.1/psoc creator/import/gnu_cs/arm/4.8.4/bin/../lib/gcc/arm-none-eabi/4.8.4/armv6-m/crti.o
                0x000065e0                _init
 .init          0x000065e4        0x8 c:/program files/cypress/psoc creator/3.1/psoc creator/import/gnu_cs/arm/4.8.4/bin/../lib/gcc/arm-none-eabi/4.8.4/armv6-m/crtn.o
                0x000065ec                . = ALIGN (0x4)
                0x000065ec                __preinit_array_start = .
 *(.preinit_array)
                0x000065ec                __preinit_array_end = .
                0x000065ec                . = ALIGN (0x4)
                0x000065ec                __init_array_start = .
 *(SORT(.init_array.*))
 *(.init_array)
 .init_array    0x000065ec        0x4 c:/program files/cypress/psoc creator/3.1/psoc creator/import/gnu_cs/arm/4.8.4/bin/../lib/gcc/arm-none-eabi/4.8.4/armv6-m/crtbegin.o
 .init_array    0x000065f0        0x4 .\CortexM0\ARM_GCC_484\Debug\Cm0Start.o
                0x000065f4                __init_array_end = .
                0x000065f4                . = ALIGN (0x4)
 *(.fini)
 .fini          0x000065f4        0x4 c:/program files/cypress/psoc creator/3.1/psoc creator/import/gnu_cs/arm/4.8.4/bin/../lib/gcc/arm-none-eabi/4.8.4/armv6-m/crti.o
                0x000065f4                _fini
 .fini          0x000065f8        0x8 c:/program files/cypress/psoc creator/3.1/psoc creator/import/gnu_cs/arm/4.8.4/bin/../lib/gcc/arm-none-eabi/4.8.4/armv6-m/crtn.o
                0x00006600                . = ALIGN (0x4)
                0x00006600                __fini_array_start = .
 *(.fini_array)
 .fini_array    0x00006600        0x4 c:/program files/cypress/psoc creator/3.1/psoc creator/import/gnu_cs/arm/4.8.4/bin/../lib/gcc/arm-none-eabi/4.8.4/armv6-m/crtbegin.o
 *(SORT(.fini_array.*))
                0x00006604                __fini_array_end = .
                0x00006604                . = ALIGN (0x4)
 *crtbegin.o(.ctors)
 *(EXCLUDE_FILE(*crtend.o) .ctors)
 *(SORT(.ctors.*))
 *crtend.o(.ctors)
                0x00006604                . = ALIGN (0x4)
 *crtbegin.o(.dtors)
 *(EXCLUDE_FILE(*crtend.o) .dtors)
 *(SORT(.dtors.*))
 *crtend.o(.dtors)
                0x00006604                . = ALIGN (0x4)
                0x00006604                __cy_regions = .
                0x00006604        0x4 LONG 0x6618 __cy_region_init_ram
                0x00006608        0x4 LONG 0x200000d0 __cy_region_start_data
                0x0000660c        0x4 LONG 0x98 __cy_region_init_size_ram
                0x00006610        0x4 LONG 0x390 __cy_region_zero_size_ram
                0x00006614                __cy_regions_end = .
                0x00006618                . = ALIGN (0x8)
 *fill*         0x00006614        0x4 
                0x00006618                _etext = .

.ramvectors     0x20000000       0xc0
                0x20000000                __cy_region_start_ram = .
 *(.ramvectors)
 .ramvectors    0x20000000       0xc0 .\CortexM0\ARM_GCC_484\Debug\Cm0Start.o
                0x20000000                CyRamVectors

.btldr_run      0x200000c0        0x4
 *(.bootloaderruntype)
 .bootloaderruntype
                0x200000c0        0x4 .\CortexM0\ARM_GCC_484\Debug\Cm0Start.o
                0x200000c0                cyBtldrRunType

.noinit         0x200000c8        0x4
 *(.noinit)
 .noinit        0x200000c8        0x4 .\CortexM0\ARM_GCC_484\Debug\Cm0Start.o

.data           0x200000d0       0x98 load address 0x00006618
                0x200000d0                __cy_region_start_data = .
 *(.jcr)
 .jcr           0x200000d0        0x0 c:/program files/cypress/psoc creator/3.1/psoc creator/import/gnu_cs/arm/4.8.4/bin/../lib/gcc/arm-none-eabi/4.8.4/armv6-m/crtbegin.o
 .jcr           0x200000d0        0x4 c:/program files/cypress/psoc creator/3.1/psoc creator/import/gnu_cs/arm/4.8.4/bin/../lib/gcc/arm-none-eabi/4.8.4/armv6-m/crtend.o
 *(.got.plt)
 *(.got)
 *(.shdata)
 *(.data .data.* .gnu.linkonce.d.*)
 .data          0x200000d4       0x1c .\CortexM0\ARM_GCC_484\Debug\main.o
                0x200000d4                flag_LightsEnabled
                0x200000d6                NavLightBright
                0x200000d8                NavLightStep
                0x200000dc                sample_time
                0x200000e0                system_state
                0x200000e1                system_type
                0x200000e4                R_angle
                0x200000e8                Q_gyro
                0x200000ec                Q_angle
 .data          0x200000f0        0x4 .\CortexM0\ARM_GCC_484\Debug\Cm0Start.o
 .data          0x200000f4       0x10 .\CortexM0\ARM_GCC_484\Debug\T-50_Project.a(CyLib.o)
                0x200000f4                cydelay32kMs
                0x200000f8                cydelayFreqKhz
                0x200000fc                cydelayFreqMhz
                0x20000100                cydelayFreqHz
 .data.impure_data
                0x20000104       0x60 c:/program files/cypress/psoc creator/3.1/psoc creator/import/gnu_cs/arm/4.8.4/bin/../lib/gcc/arm-none-eabi/4.8.4/../../../../arm-none-eabi/lib/armv6-m\libg_s.a(lib_a-impure.o)
 .data._impure_ptr
                0x20000164        0x4 c:/program files/cypress/psoc creator/3.1/psoc creator/import/gnu_cs/arm/4.8.4/bin/../lib/gcc/arm-none-eabi/4.8.4/../../../../arm-none-eabi/lib/armv6-m\libg_s.a(lib_a-impure.o)
                0x20000164                _impure_ptr
                0x20000168                . = ALIGN (0x8)
 *(.ram)
                0x20000168                _edata = .

.igot.plt       0x20000168        0x0 load address 0x000066b0
 .igot.plt      0x00000000        0x0 c:/program files/cypress/psoc creator/3.1/psoc creator/import/gnu_cs/arm/4.8.4/bin/../lib/gcc/arm-none-eabi/4.8.4/armv6-m/crtbegin.o

.bss            0x20000168      0x390 load address 0x000066b0
                0x20000168                PROVIDE (__bss_start__, .)
 *(.shbss)
 *(.bss .bss.* .gnu.linkonce.b.*)
 .bss           0x20000168       0x1c c:/program files/cypress/psoc creator/3.1/psoc creator/import/gnu_cs/arm/4.8.4/bin/../lib/gcc/arm-none-eabi/4.8.4/armv6-m/crtbegin.o
 .bss           0x20000184       0xa4 .\CortexM0\ARM_GCC_484\Debug\main.o
                0x20000184                task_flag
                0x20000186                NavLightCompare
                0x20000188                flag_NavLightPulse
                0x2000018a                NavLightDim
                0x2000018c                cnt_StrobeLight
                0x2000018e                ctrl_in
                0x2000019e                cnt_baro
                0x200001a0                Bar_press
                0x200001a4                speed
                0x200001a6                acc_x_g
                0x200001a8                acc_z_g
                0x200001ac                Theta_acc
                0x200001b0                acc_y_g
                0x200001b4                Phi_acc
                0x200001b8                turn_rate_q
                0x200001ba                turn_rate_p
                0x200001bc                ctrl_out
                0x200001d6                cnt_ML_ATTITUDE_send
                0x200001d7                cnt_ML_HEARTBEAT_send
                0x200001d8                custom_mode
                0x200001dc                system_mode
                0x200001dd                autopilot_type
                0x200001e0                K_1_Phi
                0x200001e4                P_Phi
                0x200001f4                p_bias
                0x200001f8                K_1_Theta
                0x200001fc                P_Theta
                0x2000020c                q_bias
                0x20000210                Mag_y
                0x20000214                Mag_Heading
                0x20000218                Psi_acc
                0x2000021c                mag_z_g
                0x2000021e                mag_y_g
                0x20000220                mag_x_g
                0x20000222                turn_rate_r
                0x20000224                PPM_channel
                0x20000225                blink_cnt
 .bss           0x20000228       0x34 .\CortexM0\ARM_GCC_484\Debug\IMU.o
                0x20000228                gyro_x_l
                0x20000229                gyro_x_h
                0x2000022a                gyro_y_l
                0x2000022b                gyro_y_h
                0x2000022c                gyro_z_l
                0x2000022d                gyro_z_h
                0x2000022e                gyro_x
                0x20000230                gyro_y
                0x20000232                gyro_z
                0x20000234                acc_x_l
                0x20000235                acc_x_h
                0x20000236                acc_y_l
                0x20000237                acc_y_h
                0x20000238                acc_z_l
                0x20000239                acc_z_h
                0x2000023a                acc_x
                0x2000023c                acc_y
                0x2000023e                acc_z
                0x20000240                mag_x_l
                0x20000241                mag_x_h
                0x20000242                mag_y_l
                0x20000243                mag_y_h
                0x20000244                mag_z_l
                0x20000245                mag_z_h
                0x20000246                mag_x
                0x20000248                mag_y
                0x2000024a                mag_z
                0x2000024c                error_stat
                0x2000024e                gyro_r_offset
                0x20000250                gyro_q_offset
                0x20000252                gyro_p_offset
                0x20000254                temperature
                0x20000256                gyro_r
                0x20000258                gyro_q
                0x2000025a                gyro_p
 .bss           0x2000025c        0x8 .\CortexM0\ARM_GCC_484\Debug\T-50_Project.a(UART_1.o)
                0x2000025c                UART_1_initVar
                0x20000260                UART_1_customIntrHandler
 .bss           0x20000264        0x1 .\CortexM0\ARM_GCC_484\Debug\T-50_Project.a(TaskTimer.o)
                0x20000264                TaskTimer_initVar
 .bss           0x20000265        0x1 .\CortexM0\ARM_GCC_484\Debug\T-50_Project.a(NavLightPWM.o)
                0x20000265                NavLightPWM_initVar
 .bss           0x20000266        0x1 .\CortexM0\ARM_GCC_484\Debug\T-50_Project.a(PPMCounter.o)
                0x20000266                PPMCounter_initVar
 .bss           0x20000267        0x1 .\CortexM0\ARM_GCC_484\Debug\T-50_Project.a(PPMRstISR.o)
                0x20000267                overflow
 .bss           0x20000268        0x1 .\CortexM0\ARM_GCC_484\Debug\T-50_Project.a(ServoTimer.o)
                0x20000268                ServoTimer_initVar
 .bss           0x20000269        0x1 .\CortexM0\ARM_GCC_484\Debug\T-50_Project.a(ServoISR.o)
                0x20000269                PWM_channel
 *fill*         0x2000026a        0x2 
 .bss           0x2000026c        0x8 .\CortexM0\ARM_GCC_484\Debug\T-50_Project.a(I2CM.o)
                0x2000026c                I2CM_initVar
                0x20000270                I2CM_customIntrHandler
 .bss           0x20000274        0x1 .\CortexM0\ARM_GCC_484\Debug\T-50_Project.a(ADC.o)
                0x20000274                ADC_initVar
 *fill*         0x20000275        0x3 
 .bss.__malloc_sbrk_start
                0x20000278        0x4 c:/program files/cypress/psoc creator/3.1/psoc creator/import/gnu_cs/arm/4.8.4/bin/../lib/gcc/arm-none-eabi/4.8.4/../../../../arm-none-eabi/lib/armv6-m\libg_s.a(lib_a-nano-mallocr.o)
                0x20000278                __malloc_sbrk_start
 .bss.__malloc_free_list
                0x2000027c        0x4 c:/program files/cypress/psoc creator/3.1/psoc creator/import/gnu_cs/arm/4.8.4/bin/../lib/gcc/arm-none-eabi/4.8.4/../../../../arm-none-eabi/lib/armv6-m\libg_s.a(lib_a-nano-mallocr.o)
                0x2000027c                __malloc_free_list
 *(COMMON)
 COMMON         0x20000280      0x244 .\CortexM0\ARM_GCC_484\Debug\main.o
                0x20000280                Psi
                0x20000284                K_0_Theta
                0x20000288                S_Theta
                0x2000028c                msg
                0x2000039c                Theta_temp
                0x200003a0                Mag_x
                0x200003a4                mavlink_system
                0x200003a8                S_Phi
                0x200003ac                Theta
                0x200003b0                Phi_temp
                0x200003b4                buf
                0x200004bc                K_0_Phi
                0x200004c0                Phi
 COMMON         0x200004c4        0x1 .\CortexM0\ARM_GCC_484\Debug\T-50_Project.a(I2CM_I2C.o)
                0x200004c4                I2CM_state
 *fill*         0x200004c5        0x3 
 COMMON         0x200004c8       0x24 .\CortexM0\ARM_GCC_484\Debug\T-50_Project.a(I2CM_I2C_MASTER.o)
                0x200004c8                I2CM_mstrRdBufPtr
                0x200004cc                I2CM_mstrWrBufPtr
                0x200004d0                I2CM_mstrRdBufIndex
                0x200004d4                I2CM_mstrStatus
                0x200004d8                I2CM_mstrWrBufIndex
                0x200004dc                I2CM_mstrControl
                0x200004e0                I2CM_mstrWrBufIndexTmp
                0x200004e4                I2CM_mstrRdBufSize
                0x200004e8                I2CM_mstrWrBufSize
 COMMON         0x200004ec        0x6 .\CortexM0\ARM_GCC_484\Debug\T-50_Project.a(ADC.o)
                0x200004ec                ADC_countsPer10Volt
                0x200004f0                ADC_offset
 *fill*         0x200004f2        0x2 
 COMMON         0x200004f4        0x4 c:/program files/cypress/psoc creator/3.1/psoc creator/import/gnu_cs/arm/4.8.4/bin/../lib/gcc/arm-none-eabi/4.8.4/../../../../arm-none-eabi/lib/armv6-m\libg_s.a(lib_a-reent.o)
                0x200004f4                errno
                0x200004f8                . = ALIGN (0x8)
 *(.ram.b)
                0x200004f8                _end = .
                0x200004f8                __end = .
                0x200004f8                PROVIDE (end, .)
                0x200004f8                PROVIDE (__bss_end__, .)
                0x00006618                __cy_region_init_ram = LOADADDR (.data)
                0x00000098                __cy_region_init_size_ram = (_edata - ADDR (.data))
                0x00000390                __cy_region_zero_size_ram = (_end - _edata)

.heap           0x200004f8      0x100 load address 0x000066b0
                0x200004f8                . = _end
                0x200005f8                . = (. + 0x100)
 *fill*         0x200004f8      0x100 
                0x200005f8                __cy_heap_limit = .

.stack          0x20000c00      0x400
                0x20000c00                __cy_stack_limit = .
                0x20001000                . = (. + 0x400)
 *fill*         0x20000c00      0x400 
                0x00000001                ASSERT ((__cy_stack_limit >= __cy_heap_limit), region RAM overflowed with stack)

.cyloadermeta   0xf0000000       0x40
 *(.cyloadermeta)
 .cyloadermeta  0xf0000000       0x40 .\CortexM0\ARM_GCC_484\Debug\cybootloader.o
                0xf0000000                cy_meta_loader

.cyloadablemeta
                0x00007fc0       0x40
 *(.cyloadablemeta)
 .cyloadablemeta
                0x00007fc0       0x40 .\CortexM0\ARM_GCC_484\Debug\cymetadata.o
                0x00007fc0                cy_meta_loadable

.cyflashprotect
                0x90400000       0x20
 *(.cyflashprotect)
 .cyflashprotect
                0x90400000       0x20 .\CortexM0\ARM_GCC_484\Debug\cybootloader.o
                0x90400000                cy_meta_flashprotect

.cymeta         0x90500000        0xc
 *(.cymeta)
 .cymeta        0x90500000        0xc .\CortexM0\ARM_GCC_484\Debug\cybootloader.o
                0x90500000                cy_metadata

.cychipprotect  0x90600000        0x1
 *(.cychipprotect)
 .cychipprotect
                0x90600000        0x1 .\CortexM0\ARM_GCC_484\Debug\cybootloader.o
                0x90600000                cy_meta_chipprotect

.rel.dyn        0x00008000        0x0 load address 0x90600004
 .rel.iplt      0x00000000        0x0 c:/program files/cypress/psoc creator/3.1/psoc creator/import/gnu_cs/arm/4.8.4/bin/../lib/gcc/arm-none-eabi/4.8.4/armv6-m/crtbegin.o

.stab
 *(.stab)

.stabstr
 *(.stabstr)

.debug
 *(.debug)

.line
 *(.line)

.debug_srcinfo
 *(.debug_srcinfo)

.debug_sfnames
 *(.debug_sfnames)

.debug_aranges  0x00000000     0x1330
 *(.debug_aranges)
 .debug_aranges
                0x00000000       0x38 .\CortexM0\ARM_GCC_484\Debug\main.o
 .debug_aranges
                0x00000038       0x80 .\CortexM0\ARM_GCC_484\Debug\IMU.o
 .debug_aranges
                0x000000b8       0x18 .\CortexM0\ARM_GCC_484\Debug\cybootloader.o
 .debug_aranges
                0x000000d0       0x18 .\CortexM0\ARM_GCC_484\Debug\cymetadata.o
 .debug_aranges
                0x000000e8       0x48 .\CortexM0\ARM_GCC_484\Debug\Cm0Start.o
 .debug_aranges
                0x00000130       0x28 .\CortexM0\ARM_GCC_484\Debug\T-50_Project.a(cyfitter_cfg.o)
 .debug_aranges
                0x00000158       0x20 .\CortexM0\ARM_GCC_484\Debug\T-50_Project.a(CyBootAsmGnu.o)
 .debug_aranges
                0x00000178      0x210 .\CortexM0\ARM_GCC_484\Debug\T-50_Project.a(CyLib.o)
 .debug_aranges
                0x00000388       0x58 .\CortexM0\ARM_GCC_484\Debug\T-50_Project.a(UART_1.o)
 .debug_aranges
                0x000003e0       0x60 .\CortexM0\ARM_GCC_484\Debug\T-50_Project.a(UART_1_SPI_UART.o)
 .debug_aranges
                0x00000440       0x50 .\CortexM0\ARM_GCC_484\Debug\T-50_Project.a(UART_1_UART.o)
 .debug_aranges
                0x00000490      0x158 .\CortexM0\ARM_GCC_484\Debug\T-50_Project.a(TaskTimer.o)
 .debug_aranges
                0x000005e8       0x80 .\CortexM0\ARM_GCC_484\Debug\T-50_Project.a(TaskISR.o)
 .debug_aranges
                0x00000668      0x158 .\CortexM0\ARM_GCC_484\Debug\T-50_Project.a(NavLightPWM.o)
 .debug_aranges
                0x000007c0       0x80 .\CortexM0\ARM_GCC_484\Debug\T-50_Project.a(BootISR.o)
 .debug_aranges
                0x00000840       0x40 .\CortexM0\ARM_GCC_484\Debug\T-50_Project.a(SW1.o)
 .debug_aranges
                0x00000880       0x40 .\CortexM0\ARM_GCC_484\Debug\T-50_Project.a(Strobes.o)
 .debug_aranges
                0x000008c0       0x40 .\CortexM0\ARM_GCC_484\Debug\T-50_Project.a(Ldg.o)
 .debug_aranges
                0x00000900      0x158 .\CortexM0\ARM_GCC_484\Debug\T-50_Project.a(PPMCounter.o)
 .debug_aranges
                0x00000a58       0x80 .\CortexM0\ARM_GCC_484\Debug\T-50_Project.a(PPMISR.o)
 .debug_aranges
                0x00000ad8       0x80 .\CortexM0\ARM_GCC_484\Debug\T-50_Project.a(PPMRstISR.o)
 .debug_aranges
                0x00000b58      0x158 .\CortexM0\ARM_GCC_484\Debug\T-50_Project.a(ServoTimer.o)
 .debug_aranges
                0x00000cb0       0x80 .\CortexM0\ARM_GCC_484\Debug\T-50_Project.a(ServoISR.o)
 .debug_aranges
                0x00000d30       0x40 .\CortexM0\ARM_GCC_484\Debug\T-50_Project.a(Out_Mot_Pin.o)
 .debug_aranges
                0x00000d70       0x40 .\CortexM0\ARM_GCC_484\Debug\T-50_Project.a(Out_Ail1_Pin.o)
 .debug_aranges
                0x00000db0       0x40 .\CortexM0\ARM_GCC_484\Debug\T-50_Project.a(Out_Ail2_Pin.o)
 .debug_aranges
                0x00000df0       0x40 .\CortexM0\ARM_GCC_484\Debug\T-50_Project.a(Out_Ele1_Pin.o)
 .debug_aranges
                0x00000e30       0x40 .\CortexM0\ARM_GCC_484\Debug\T-50_Project.a(Out_Ele2_Pin.o)
 .debug_aranges
                0x00000e70       0x40 .\CortexM0\ARM_GCC_484\Debug\T-50_Project.a(Out_Rud_Pin.o)
 .debug_aranges
                0x00000eb0       0x40 .\CortexM0\ARM_GCC_484\Debug\T-50_Project.a(Out_Fl1_Pin.o)
 .debug_aranges
                0x00000ef0       0x40 .\CortexM0\ARM_GCC_484\Debug\T-50_Project.a(Out_Fl2_Pin.o)
 .debug_aranges
                0x00000f30       0x40 .\CortexM0\ARM_GCC_484\Debug\T-50_Project.a(Out_Ge1_Pin.o)
 .debug_aranges
                0x00000f70       0x40 .\CortexM0\ARM_GCC_484\Debug\T-50_Project.a(Out_Ge2_Pin.o)
 .debug_aranges
                0x00000fb0       0x40 .\CortexM0\ARM_GCC_484\Debug\T-50_Project.a(Out_Ge3_Pin.o)
 .debug_aranges
                0x00000ff0       0x40 .\CortexM0\ARM_GCC_484\Debug\T-50_Project.a(Out_Sp1_Pin.o)
 .debug_aranges
                0x00001030       0x40 .\CortexM0\ARM_GCC_484\Debug\T-50_Project.a(Out_Sp2_Pin.o)
 .debug_aranges
                0x00001070       0x58 .\CortexM0\ARM_GCC_484\Debug\T-50_Project.a(I2CM.o)
 .debug_aranges
                0x000010c8       0x28 .\CortexM0\ARM_GCC_484\Debug\T-50_Project.a(I2CM_I2C.o)
 .debug_aranges
                0x000010f0       0x88 .\CortexM0\ARM_GCC_484\Debug\T-50_Project.a(I2CM_I2C_MASTER.o)
 .debug_aranges
                0x00001178       0x40 .\CortexM0\ARM_GCC_484\Debug\T-50_Project.a(I2CM_sda.o)
 .debug_aranges
                0x000011b8       0x40 .\CortexM0\ARM_GCC_484\Debug\T-50_Project.a(I2CM_scl.o)
 .debug_aranges
                0x000011f8       0xa8 .\CortexM0\ARM_GCC_484\Debug\T-50_Project.a(ADC.o)
 .debug_aranges
                0x000012a0       0x20 .\CortexM0\ARM_GCC_484\Debug\T-50_Project.a(ADC_INT.o)
 .debug_aranges
                0x000012c0       0x28 .\CortexM0\ARM_GCC_484\Debug\T-50_Project.a(Bootloadable_1.o)
 .debug_aranges
                0x000012e8       0x28 .\CortexM0\ARM_GCC_484\Debug\T-50_Project.a(CyFlash.o)
 .debug_aranges
                0x00001310       0x20 .\CortexM0\ARM_GCC_484\Debug\T-50_Project.a(I2CM_I2C_INT.o)

.debug_pubnames
 *(.debug_pubnames)

.debug_info     0x00000000     0xaa95
 *(.debug_info .gnu.linkonce.wi.*)
 .debug_info    0x00000000      0xdba .\CortexM0\ARM_GCC_484\Debug\main.o
 .debug_info    0x00000dba      0xc40 .\CortexM0\ARM_GCC_484\Debug\IMU.o
 .debug_info    0x000019fa      0x14d .\CortexM0\ARM_GCC_484\Debug\cybootloader.o
 .debug_info    0x00001b47       0xb1 .\CortexM0\ARM_GCC_484\Debug\cymetadata.o
 .debug_info    0x00001bf8      0x375 .\CortexM0\ARM_GCC_484\Debug\Cm0Start.o
 .debug_info    0x00001f6d      0x538 .\CortexM0\ARM_GCC_484\Debug\T-50_Project.a(cyfitter_cfg.o)
 .debug_info    0x000024a5       0xa2 .\CortexM0\ARM_GCC_484\Debug\T-50_Project.a(CyBootAsmGnu.o)
 .debug_info    0x00002547     0x1356 .\CortexM0\ARM_GCC_484\Debug\T-50_Project.a(CyLib.o)
 .debug_info    0x0000389d      0x21e .\CortexM0\ARM_GCC_484\Debug\T-50_Project.a(UART_1.o)
 .debug_info    0x00003abb      0x219 .\CortexM0\ARM_GCC_484\Debug\T-50_Project.a(UART_1_SPI_UART.o)
 .debug_info    0x00003cd4      0x2ad .\CortexM0\ARM_GCC_484\Debug\T-50_Project.a(UART_1_UART.o)
 .debug_info    0x00003f81      0x95d .\CortexM0\ARM_GCC_484\Debug\T-50_Project.a(TaskTimer.o)
 .debug_info    0x000048de      0x392 .\CortexM0\ARM_GCC_484\Debug\T-50_Project.a(TaskISR.o)
 .debug_info    0x00004c70      0x95b .\CortexM0\ARM_GCC_484\Debug\T-50_Project.a(NavLightPWM.o)
 .debug_info    0x000055cb      0x3d8 .\CortexM0\ARM_GCC_484\Debug\T-50_Project.a(BootISR.o)
 .debug_info    0x000059a3      0x150 .\CortexM0\ARM_GCC_484\Debug\T-50_Project.a(SW1.o)
 .debug_info    0x00005af3      0x151 .\CortexM0\ARM_GCC_484\Debug\T-50_Project.a(Strobes.o)
 .debug_info    0x00005c44      0x14c .\CortexM0\ARM_GCC_484\Debug\T-50_Project.a(Ldg.o)
 .debug_info    0x00005d90      0x932 .\CortexM0\ARM_GCC_484\Debug\T-50_Project.a(PPMCounter.o)
 .debug_info    0x000066c2      0x403 .\CortexM0\ARM_GCC_484\Debug\T-50_Project.a(PPMISR.o)
 .debug_info    0x00006ac5      0x3a3 .\CortexM0\ARM_GCC_484\Debug\T-50_Project.a(PPMRstISR.o)
 .debug_info    0x00006e68      0x95d .\CortexM0\ARM_GCC_484\Debug\T-50_Project.a(ServoTimer.o)
 .debug_info    0x000077c5      0x6e6 .\CortexM0\ARM_GCC_484\Debug\T-50_Project.a(ServoISR.o)
 .debug_info    0x00007eab      0x14c .\CortexM0\ARM_GCC_484\Debug\T-50_Project.a(Out_Mot_Pin.o)
 .debug_info    0x00007ff7      0x14c .\CortexM0\ARM_GCC_484\Debug\T-50_Project.a(Out_Ail1_Pin.o)
 .debug_info    0x00008143      0x151 .\CortexM0\ARM_GCC_484\Debug\T-50_Project.a(Out_Ail2_Pin.o)
 .debug_info    0x00008294      0x14c .\CortexM0\ARM_GCC_484\Debug\T-50_Project.a(Out_Ele1_Pin.o)
 .debug_info    0x000083e0      0x14c .\CortexM0\ARM_GCC_484\Debug\T-50_Project.a(Out_Ele2_Pin.o)
 .debug_info    0x0000852c      0x14c .\CortexM0\ARM_GCC_484\Debug\T-50_Project.a(Out_Rud_Pin.o)
 .debug_info    0x00008678      0x14c .\CortexM0\ARM_GCC_484\Debug\T-50_Project.a(Out_Fl1_Pin.o)
 .debug_info    0x000087c4      0x14c .\CortexM0\ARM_GCC_484\Debug\T-50_Project.a(Out_Fl2_Pin.o)
 .debug_info    0x00008910      0x14c .\CortexM0\ARM_GCC_484\Debug\T-50_Project.a(Out_Ge1_Pin.o)
 .debug_info    0x00008a5c      0x14c .\CortexM0\ARM_GCC_484\Debug\T-50_Project.a(Out_Ge2_Pin.o)
 .debug_info    0x00008ba8      0x150 .\CortexM0\ARM_GCC_484\Debug\T-50_Project.a(Out_Ge3_Pin.o)
 .debug_info    0x00008cf8      0x14c .\CortexM0\ARM_GCC_484\Debug\T-50_Project.a(Out_Sp1_Pin.o)
 .debug_info    0x00008e44      0x151 .\CortexM0\ARM_GCC_484\Debug\T-50_Project.a(Out_Sp2_Pin.o)
 .debug_info    0x00008f95      0x2bc .\CortexM0\ARM_GCC_484\Debug\T-50_Project.a(I2CM.o)
 .debug_info    0x00009251      0x1cd .\CortexM0\ARM_GCC_484\Debug\T-50_Project.a(I2CM_I2C.o)
 .debug_info    0x0000941e      0x673 .\CortexM0\ARM_GCC_484\Debug\T-50_Project.a(I2CM_I2C_MASTER.o)
 .debug_info    0x00009a91      0x14c .\CortexM0\ARM_GCC_484\Debug\T-50_Project.a(I2CM_sda.o)
 .debug_info    0x00009bdd      0x151 .\CortexM0\ARM_GCC_484\Debug\T-50_Project.a(I2CM_scl.o)
 .debug_info    0x00009d2e      0x58e .\CortexM0\ARM_GCC_484\Debug\T-50_Project.a(ADC.o)
 .debug_info    0x0000a2bc       0xc3 .\CortexM0\ARM_GCC_484\Debug\T-50_Project.a(ADC_INT.o)
 .debug_info    0x0000a37f      0x1a3 .\CortexM0\ARM_GCC_484\Debug\T-50_Project.a(Bootloadable_1.o)
 .debug_info    0x0000a522      0x3e9 .\CortexM0\ARM_GCC_484\Debug\T-50_Project.a(CyFlash.o)
 .debug_info    0x0000a90b      0x18a .\CortexM0\ARM_GCC_484\Debug\T-50_Project.a(I2CM_I2C_INT.o)

.debug_abbrev   0x00000000     0x3bb7
 *(.debug_abbrev)
 .debug_abbrev  0x00000000      0x230 .\CortexM0\ARM_GCC_484\Debug\main.o
 .debug_abbrev  0x00000230      0x1b2 .\CortexM0\ARM_GCC_484\Debug\IMU.o
 .debug_abbrev  0x000003e2       0x77 .\CortexM0\ARM_GCC_484\Debug\cybootloader.o
 .debug_abbrev  0x00000459       0x5d .\CortexM0\ARM_GCC_484\Debug\cymetadata.o
 .debug_abbrev  0x000004b6      0x1eb .\CortexM0\ARM_GCC_484\Debug\Cm0Start.o
 .debug_abbrev  0x000006a1      0x2a3 .\CortexM0\ARM_GCC_484\Debug\T-50_Project.a(cyfitter_cfg.o)
 .debug_abbrev  0x00000944       0x14 .\CortexM0\ARM_GCC_484\Debug\T-50_Project.a(CyBootAsmGnu.o)
 .debug_abbrev  0x00000958      0x3cc .\CortexM0\ARM_GCC_484\Debug\T-50_Project.a(CyLib.o)
 .debug_abbrev  0x00000d24      0x16b .\CortexM0\ARM_GCC_484\Debug\T-50_Project.a(UART_1.o)
 .debug_abbrev  0x00000e8f      0x176 .\CortexM0\ARM_GCC_484\Debug\T-50_Project.a(UART_1_SPI_UART.o)
 .debug_abbrev  0x00001005      0x152 .\CortexM0\ARM_GCC_484\Debug\T-50_Project.a(UART_1_UART.o)
 .debug_abbrev  0x00001157      0x1ba .\CortexM0\ARM_GCC_484\Debug\T-50_Project.a(TaskTimer.o)
 .debug_abbrev  0x00001311      0x237 .\CortexM0\ARM_GCC_484\Debug\T-50_Project.a(TaskISR.o)
 .debug_abbrev  0x00001548      0x1b1 .\CortexM0\ARM_GCC_484\Debug\T-50_Project.a(NavLightPWM.o)
 .debug_abbrev  0x000016f9      0x26f .\CortexM0\ARM_GCC_484\Debug\T-50_Project.a(BootISR.o)
 .debug_abbrev  0x00001968       0xb7 .\CortexM0\ARM_GCC_484\Debug\T-50_Project.a(SW1.o)
 .debug_abbrev  0x00001a1f       0xc6 .\CortexM0\ARM_GCC_484\Debug\T-50_Project.a(Strobes.o)
 .debug_abbrev  0x00001ae5       0xc4 .\CortexM0\ARM_GCC_484\Debug\T-50_Project.a(Ldg.o)
 .debug_abbrev  0x00001ba9      0x1a9 .\CortexM0\ARM_GCC_484\Debug\T-50_Project.a(PPMCounter.o)
 .debug_abbrev  0x00001d52      0x25c .\CortexM0\ARM_GCC_484\Debug\T-50_Project.a(PPMISR.o)
 .debug_abbrev  0x00001fae      0x248 .\CortexM0\ARM_GCC_484\Debug\T-50_Project.a(PPMRstISR.o)
 .debug_abbrev  0x000021f6      0x1ba .\CortexM0\ARM_GCC_484\Debug\T-50_Project.a(ServoTimer.o)
 .debug_abbrev  0x000023b0      0x27c .\CortexM0\ARM_GCC_484\Debug\T-50_Project.a(ServoISR.o)
 .debug_abbrev  0x0000262c       0xc4 .\CortexM0\ARM_GCC_484\Debug\T-50_Project.a(Out_Mot_Pin.o)
 .debug_abbrev  0x000026f0       0xc4 .\CortexM0\ARM_GCC_484\Debug\T-50_Project.a(Out_Ail1_Pin.o)
 .debug_abbrev  0x000027b4       0xc6 .\CortexM0\ARM_GCC_484\Debug\T-50_Project.a(Out_Ail2_Pin.o)
 .debug_abbrev  0x0000287a       0xc4 .\CortexM0\ARM_GCC_484\Debug\T-50_Project.a(Out_Ele1_Pin.o)
 .debug_abbrev  0x0000293e       0xc4 .\CortexM0\ARM_GCC_484\Debug\T-50_Project.a(Out_Ele2_Pin.o)
 .debug_abbrev  0x00002a02       0xc4 .\CortexM0\ARM_GCC_484\Debug\T-50_Project.a(Out_Rud_Pin.o)
 .debug_abbrev  0x00002ac6       0xc4 .\CortexM0\ARM_GCC_484\Debug\T-50_Project.a(Out_Fl1_Pin.o)
 .debug_abbrev  0x00002b8a       0xc4 .\CortexM0\ARM_GCC_484\Debug\T-50_Project.a(Out_Fl2_Pin.o)
 .debug_abbrev  0x00002c4e       0xc4 .\CortexM0\ARM_GCC_484\Debug\T-50_Project.a(Out_Ge1_Pin.o)
 .debug_abbrev  0x00002d12       0xc4 .\CortexM0\ARM_GCC_484\Debug\T-50_Project.a(Out_Ge2_Pin.o)
 .debug_abbrev  0x00002dd6       0xb7 .\CortexM0\ARM_GCC_484\Debug\T-50_Project.a(Out_Ge3_Pin.o)
 .debug_abbrev  0x00002e8d       0xc4 .\CortexM0\ARM_GCC_484\Debug\T-50_Project.a(Out_Sp1_Pin.o)
 .debug_abbrev  0x00002f51       0xc6 .\CortexM0\ARM_GCC_484\Debug\T-50_Project.a(Out_Sp2_Pin.o)
 .debug_abbrev  0x00003017      0x1b1 .\CortexM0\ARM_GCC_484\Debug\T-50_Project.a(I2CM.o)
 .debug_abbrev  0x000031c8      0x115 .\CortexM0\ARM_GCC_484\Debug\T-50_Project.a(I2CM_I2C.o)
 .debug_abbrev  0x000032dd      0x189 .\CortexM0\ARM_GCC_484\Debug\T-50_Project.a(I2CM_I2C_MASTER.o)
 .debug_abbrev  0x00003466       0xc4 .\CortexM0\ARM_GCC_484\Debug\T-50_Project.a(I2CM_sda.o)
 .debug_abbrev  0x0000352a       0xc6 .\CortexM0\ARM_GCC_484\Debug\T-50_Project.a(I2CM_scl.o)
 .debug_abbrev  0x000035f0      0x1ce .\CortexM0\ARM_GCC_484\Debug\T-50_Project.a(ADC.o)
 .debug_abbrev  0x000037be       0x72 .\CortexM0\ARM_GCC_484\Debug\T-50_Project.a(ADC_INT.o)
 .debug_abbrev  0x00003830      0x116 .\CortexM0\ARM_GCC_484\Debug\T-50_Project.a(Bootloadable_1.o)
 .debug_abbrev  0x00003946      0x1dc .\CortexM0\ARM_GCC_484\Debug\T-50_Project.a(CyFlash.o)
 .debug_abbrev  0x00003b22       0x95 .\CortexM0\ARM_GCC_484\Debug\T-50_Project.a(I2CM_I2C_INT.o)

.debug_line     0x00000000     0x4c5f
 *(.debug_line)
 .debug_line    0x00000000      0x35f .\CortexM0\ARM_GCC_484\Debug\main.o
 .debug_line    0x0000035f      0x438 .\CortexM0\ARM_GCC_484\Debug\IMU.o
 .debug_line    0x00000797       0x55 .\CortexM0\ARM_GCC_484\Debug\cybootloader.o
 .debug_line    0x000007ec       0x53 .\CortexM0\ARM_GCC_484\Debug\cymetadata.o
 .debug_line    0x0000083f      0x204 .\CortexM0\ARM_GCC_484\Debug\Cm0Start.o
 .debug_line    0x00000a43      0x1a9 .\CortexM0\ARM_GCC_484\Debug\T-50_Project.a(cyfitter_cfg.o)
 .debug_line    0x00000bec       0x69 .\CortexM0\ARM_GCC_484\Debug\T-50_Project.a(CyBootAsmGnu.o)
 .debug_line    0x00000c55      0x749 .\CortexM0\ARM_GCC_484\Debug\T-50_Project.a(CyLib.o)
 .debug_line    0x0000139e      0x126 .\CortexM0\ARM_GCC_484\Debug\T-50_Project.a(UART_1.o)
 .debug_line    0x000014c4      0x128 .\CortexM0\ARM_GCC_484\Debug\T-50_Project.a(UART_1_SPI_UART.o)
 .debug_line    0x000015ec      0x140 .\CortexM0\ARM_GCC_484\Debug\T-50_Project.a(UART_1_UART.o)
 .debug_line    0x0000172c      0x3ed .\CortexM0\ARM_GCC_484\Debug\T-50_Project.a(TaskTimer.o)
 .debug_line    0x00001b19      0x299 .\CortexM0\ARM_GCC_484\Debug\T-50_Project.a(TaskISR.o)
 .debug_line    0x00001db2      0x3fe .\CortexM0\ARM_GCC_484\Debug\T-50_Project.a(NavLightPWM.o)
 .debug_line    0x000021b0      0x1e3 .\CortexM0\ARM_GCC_484\Debug\T-50_Project.a(BootISR.o)
 .debug_line    0x00002393       0xb3 .\CortexM0\ARM_GCC_484\Debug\T-50_Project.a(SW1.o)
 .debug_line    0x00002446       0xb6 .\CortexM0\ARM_GCC_484\Debug\T-50_Project.a(Strobes.o)
 .debug_line    0x000024fc       0xb3 .\CortexM0\ARM_GCC_484\Debug\T-50_Project.a(Ldg.o)
 .debug_line    0x000025af      0x3e2 .\CortexM0\ARM_GCC_484\Debug\T-50_Project.a(PPMCounter.o)
 .debug_line    0x00002991      0x2a2 .\CortexM0\ARM_GCC_484\Debug\T-50_Project.a(PPMISR.o)
 .debug_line    0x00002c33      0x2b3 .\CortexM0\ARM_GCC_484\Debug\T-50_Project.a(PPMRstISR.o)
 .debug_line    0x00002ee6      0x3ee .\CortexM0\ARM_GCC_484\Debug\T-50_Project.a(ServoTimer.o)
 .debug_line    0x000032d4      0x3a6 .\CortexM0\ARM_GCC_484\Debug\T-50_Project.a(ServoISR.o)
 .debug_line    0x0000367a       0xbb .\CortexM0\ARM_GCC_484\Debug\T-50_Project.a(Out_Mot_Pin.o)
 .debug_line    0x00003735       0xbc .\CortexM0\ARM_GCC_484\Debug\T-50_Project.a(Out_Ail1_Pin.o)
 .debug_line    0x000037f1       0xbb .\CortexM0\ARM_GCC_484\Debug\T-50_Project.a(Out_Ail2_Pin.o)
 .debug_line    0x000038ac       0xba .\CortexM0\ARM_GCC_484\Debug\T-50_Project.a(Out_Ele1_Pin.o)
 .debug_line    0x00003966       0xbc .\CortexM0\ARM_GCC_484\Debug\T-50_Project.a(Out_Ele2_Pin.o)
 .debug_line    0x00003a22       0xbb .\CortexM0\ARM_GCC_484\Debug\T-50_Project.a(Out_Rud_Pin.o)
 .debug_line    0x00003add       0xbb .\CortexM0\ARM_GCC_484\Debug\T-50_Project.a(Out_Fl1_Pin.o)
 .debug_line    0x00003b98       0xbb .\CortexM0\ARM_GCC_484\Debug\T-50_Project.a(Out_Fl2_Pin.o)
 .debug_line    0x00003c53       0xbb .\CortexM0\ARM_GCC_484\Debug\T-50_Project.a(Out_Ge1_Pin.o)
 .debug_line    0x00003d0e       0xbb .\CortexM0\ARM_GCC_484\Debug\T-50_Project.a(Out_Ge2_Pin.o)
 .debug_line    0x00003dc9       0xbb .\CortexM0\ARM_GCC_484\Debug\T-50_Project.a(Out_Ge3_Pin.o)
 .debug_line    0x00003e84       0xbb .\CortexM0\ARM_GCC_484\Debug\T-50_Project.a(Out_Sp1_Pin.o)
 .debug_line    0x00003f3f       0xba .\CortexM0\ARM_GCC_484\Debug\T-50_Project.a(Out_Sp2_Pin.o)
 .debug_line    0x00003ff9      0x13c .\CortexM0\ARM_GCC_484\Debug\T-50_Project.a(I2CM.o)
 .debug_line    0x00004135       0xbe .\CortexM0\ARM_GCC_484\Debug\T-50_Project.a(I2CM_I2C.o)
 .debug_line    0x000041f3      0x2df .\CortexM0\ARM_GCC_484\Debug\T-50_Project.a(I2CM_I2C_MASTER.o)
 .debug_line    0x000044d2       0xb6 .\CortexM0\ARM_GCC_484\Debug\T-50_Project.a(I2CM_sda.o)
 .debug_line    0x00004588       0xb7 .\CortexM0\ARM_GCC_484\Debug\T-50_Project.a(I2CM_scl.o)
 .debug_line    0x0000463f      0x253 .\CortexM0\ARM_GCC_484\Debug\T-50_Project.a(ADC.o)
 .debug_line    0x00004892       0x6a .\CortexM0\ARM_GCC_484\Debug\T-50_Project.a(ADC_INT.o)
 .debug_line    0x000048fc       0xbe .\CortexM0\ARM_GCC_484\Debug\T-50_Project.a(Bootloadable_1.o)
 .debug_line    0x000049ba      0x15c .\CortexM0\ARM_GCC_484\Debug\T-50_Project.a(CyFlash.o)
 .debug_line    0x00004b16      0x149 .\CortexM0\ARM_GCC_484\Debug\T-50_Project.a(I2CM_I2C_INT.o)

.debug_frame    0x00000000     0x32f0
 *(.debug_frame)
 .debug_frame   0x00000000       0x90 .\CortexM0\ARM_GCC_484\Debug\main.o
 .debug_frame   0x00000090      0x198 .\CortexM0\ARM_GCC_484\Debug\IMU.o
 .debug_frame   0x00000228       0xa4 .\CortexM0\ARM_GCC_484\Debug\Cm0Start.o
 .debug_frame   0x000002cc       0x4c .\CortexM0\ARM_GCC_484\Debug\T-50_Project.a(cyfitter_cfg.o)
 .debug_frame   0x00000318      0x528 .\CortexM0\ARM_GCC_484\Debug\T-50_Project.a(CyLib.o)
 .debug_frame   0x00000840       0xa8 .\CortexM0\ARM_GCC_484\Debug\T-50_Project.a(UART_1.o)
 .debug_frame   0x000008e8       0xb0 .\CortexM0\ARM_GCC_484\Debug\T-50_Project.a(UART_1_SPI_UART.o)
 .debug_frame   0x00000998       0xbc .\CortexM0\ARM_GCC_484\Debug\T-50_Project.a(UART_1_UART.o)
 .debug_frame   0x00000a54      0x384 .\CortexM0\ARM_GCC_484\Debug\T-50_Project.a(TaskTimer.o)
 .debug_frame   0x00000dd8      0x110 .\CortexM0\ARM_GCC_484\Debug\T-50_Project.a(TaskISR.o)
 .debug_frame   0x00000ee8      0x384 .\CortexM0\ARM_GCC_484\Debug\T-50_Project.a(NavLightPWM.o)
 .debug_frame   0x0000126c      0x110 .\CortexM0\ARM_GCC_484\Debug\T-50_Project.a(BootISR.o)
 .debug_frame   0x0000137c       0x6c .\CortexM0\ARM_GCC_484\Debug\T-50_Project.a(SW1.o)
 .debug_frame   0x000013e8       0x60 .\CortexM0\ARM_GCC_484\Debug\T-50_Project.a(Strobes.o)
 .debug_frame   0x00001448       0x6c .\CortexM0\ARM_GCC_484\Debug\T-50_Project.a(Ldg.o)
 .debug_frame   0x000014b4      0x384 .\CortexM0\ARM_GCC_484\Debug\T-50_Project.a(PPMCounter.o)
 .debug_frame   0x00001838      0x114 .\CortexM0\ARM_GCC_484\Debug\T-50_Project.a(PPMISR.o)
 .debug_frame   0x0000194c      0x114 .\CortexM0\ARM_GCC_484\Debug\T-50_Project.a(PPMRstISR.o)
 .debug_frame   0x00001a60      0x384 .\CortexM0\ARM_GCC_484\Debug\T-50_Project.a(ServoTimer.o)
 .debug_frame   0x00001de4      0x118 .\CortexM0\ARM_GCC_484\Debug\T-50_Project.a(ServoISR.o)
 .debug_frame   0x00001efc       0x6c .\CortexM0\ARM_GCC_484\Debug\T-50_Project.a(Out_Mot_Pin.o)
 .debug_frame   0x00001f68       0x6c .\CortexM0\ARM_GCC_484\Debug\T-50_Project.a(Out_Ail1_Pin.o)
 .debug_frame   0x00001fd4       0x60 .\CortexM0\ARM_GCC_484\Debug\T-50_Project.a(Out_Ail2_Pin.o)
 .debug_frame   0x00002034       0x60 .\CortexM0\ARM_GCC_484\Debug\T-50_Project.a(Out_Ele1_Pin.o)
 .debug_frame   0x00002094       0x6c .\CortexM0\ARM_GCC_484\Debug\T-50_Project.a(Out_Ele2_Pin.o)
 .debug_frame   0x00002100       0x6c .\CortexM0\ARM_GCC_484\Debug\T-50_Project.a(Out_Rud_Pin.o)
 .debug_frame   0x0000216c       0x6c .\CortexM0\ARM_GCC_484\Debug\T-50_Project.a(Out_Fl1_Pin.o)
 .debug_frame   0x000021d8       0x6c .\CortexM0\ARM_GCC_484\Debug\T-50_Project.a(Out_Fl2_Pin.o)
 .debug_frame   0x00002244       0x6c .\CortexM0\ARM_GCC_484\Debug\T-50_Project.a(Out_Ge1_Pin.o)
 .debug_frame   0x000022b0       0x6c .\CortexM0\ARM_GCC_484\Debug\T-50_Project.a(Out_Ge2_Pin.o)
 .debug_frame   0x0000231c       0x6c .\CortexM0\ARM_GCC_484\Debug\T-50_Project.a(Out_Ge3_Pin.o)
 .debug_frame   0x00002388       0x6c .\CortexM0\ARM_GCC_484\Debug\T-50_Project.a(Out_Sp1_Pin.o)
 .debug_frame   0x000023f4       0x60 .\CortexM0\ARM_GCC_484\Debug\T-50_Project.a(Out_Sp2_Pin.o)
 .debug_frame   0x00002454       0xc0 .\CortexM0\ARM_GCC_484\Debug\T-50_Project.a(I2CM.o)
 .debug_frame   0x00002514       0x48 .\CortexM0\ARM_GCC_484\Debug\T-50_Project.a(I2CM_I2C.o)
 .debug_frame   0x0000255c      0x1ac .\CortexM0\ARM_GCC_484\Debug\T-50_Project.a(I2CM_I2C_MASTER.o)
 .debug_frame   0x00002708       0x60 .\CortexM0\ARM_GCC_484\Debug\T-50_Project.a(I2CM_sda.o)
 .debug_frame   0x00002768       0x60 .\CortexM0\ARM_GCC_484\Debug\T-50_Project.a(I2CM_scl.o)
 .debug_frame   0x000027c8      0x1b0 .\CortexM0\ARM_GCC_484\Debug\T-50_Project.a(ADC.o)
 .debug_frame   0x00002978       0x20 .\CortexM0\ARM_GCC_484\Debug\T-50_Project.a(ADC_INT.o)
 .debug_frame   0x00002998       0x50 .\CortexM0\ARM_GCC_484\Debug\T-50_Project.a(Bootloadable_1.o)
 .debug_frame   0x000029e8       0x54 .\CortexM0\ARM_GCC_484\Debug\T-50_Project.a(CyFlash.o)
 .debug_frame   0x00002a3c       0x38 .\CortexM0\ARM_GCC_484\Debug\T-50_Project.a(I2CM_I2C_INT.o)
 .debug_frame   0x00002a74       0x28 c:/program files/cypress/psoc creator/3.1/psoc creator/import/gnu_cs/arm/4.8.4/bin/../lib/gcc/arm-none-eabi/4.8.4/../../../../arm-none-eabi/lib/armv6-m\libm.a(lib_a-w_atan2.o)
 .debug_frame   0x00002a9c       0x3c c:/program files/cypress/psoc creator/3.1/psoc creator/import/gnu_cs/arm/4.8.4/bin/../lib/gcc/arm-none-eabi/4.8.4/../../../../arm-none-eabi/lib/armv6-m\libm.a(lib_a-e_atan2.o)
 .debug_frame   0x00002ad8       0x3c c:/program files/cypress/psoc creator/3.1/psoc creator/import/gnu_cs/arm/4.8.4/bin/../lib/gcc/arm-none-eabi/4.8.4/../../../../arm-none-eabi/lib/armv6-m\libm.a(lib_a-s_atan.o)
 .debug_frame   0x00002b14       0x20 c:/program files/cypress/psoc creator/3.1/psoc creator/import/gnu_cs/arm/4.8.4/bin/../lib/gcc/arm-none-eabi/4.8.4/../../../../arm-none-eabi/lib/armv6-m\libm.a(lib_a-s_fabs.o)
 .debug_frame   0x00002b34       0x20 c:/program files/cypress/psoc creator/3.1/psoc creator/import/gnu_cs/arm/4.8.4/bin/../lib/gcc/arm-none-eabi/4.8.4/armv6-m\libgcc.a(_udivsi3.o)
 .debug_frame   0x00002b54       0x20 c:/program files/cypress/psoc creator/3.1/psoc creator/import/gnu_cs/arm/4.8.4/bin/../lib/gcc/arm-none-eabi/4.8.4/armv6-m\libgcc.a(_divsi3.o)
 .debug_frame   0x00002b74       0x30 c:/program files/cypress/psoc creator/3.1/psoc creator/import/gnu_cs/arm/4.8.4/bin/../lib/gcc/arm-none-eabi/4.8.4/armv6-m\libgcc.a(_muldi3.o)
 .debug_frame   0x00002ba4       0x50 c:/program files/cypress/psoc creator/3.1/psoc creator/import/gnu_cs/arm/4.8.4/bin/../lib/gcc/arm-none-eabi/4.8.4/armv6-m\libgcc.a(bpabi.o)
 .debug_frame   0x00002bf4       0x30 c:/program files/cypress/psoc creator/3.1/psoc creator/import/gnu_cs/arm/4.8.4/bin/../lib/gcc/arm-none-eabi/4.8.4/armv6-m\libgcc.a(addsf3.o)
 .debug_frame   0x00002c24       0x3c c:/program files/cypress/psoc creator/3.1/psoc creator/import/gnu_cs/arm/4.8.4/bin/../lib/gcc/arm-none-eabi/4.8.4/armv6-m\libgcc.a(divsf3.o)
 .debug_frame   0x00002c60       0x3c c:/program files/cypress/psoc creator/3.1/psoc creator/import/gnu_cs/arm/4.8.4/bin/../lib/gcc/arm-none-eabi/4.8.4/armv6-m\libgcc.a(mulsf3.o)
 .debug_frame   0x00002c9c       0x2c c:/program files/cypress/psoc creator/3.1/psoc creator/import/gnu_cs/arm/4.8.4/bin/../lib/gcc/arm-none-eabi/4.8.4/armv6-m\libgcc.a(floatsisf.o)
 .debug_frame   0x00002cc8       0x3c c:/program files/cypress/psoc creator/3.1/psoc creator/import/gnu_cs/arm/4.8.4/bin/../lib/gcc/arm-none-eabi/4.8.4/armv6-m\libgcc.a(adddf3.o)
 .debug_frame   0x00002d04       0x3c c:/program files/cypress/psoc creator/3.1/psoc creator/import/gnu_cs/arm/4.8.4/bin/../lib/gcc/arm-none-eabi/4.8.4/armv6-m\libgcc.a(divdf3.o)
 .debug_frame   0x00002d40       0x3c c:/program files/cypress/psoc creator/3.1/psoc creator/import/gnu_cs/arm/4.8.4/bin/../lib/gcc/arm-none-eabi/4.8.4/armv6-m\libgcc.a(eqdf2.o)
 .debug_frame   0x00002d7c       0x38 c:/program files/cypress/psoc creator/3.1/psoc creator/import/gnu_cs/arm/4.8.4/bin/../lib/gcc/arm-none-eabi/4.8.4/armv6-m\libgcc.a(gedf2.o)
 .debug_frame   0x00002db4       0x3c c:/program files/cypress/psoc creator/3.1/psoc creator/import/gnu_cs/arm/4.8.4/bin/../lib/gcc/arm-none-eabi/4.8.4/armv6-m\libgcc.a(ledf2.o)
 .debug_frame   0x00002df0       0x3c c:/program files/cypress/psoc creator/3.1/psoc creator/import/gnu_cs/arm/4.8.4/bin/../lib/gcc/arm-none-eabi/4.8.4/armv6-m\libgcc.a(muldf3.o)
 .debug_frame   0x00002e2c       0x3c c:/program files/cypress/psoc creator/3.1/psoc creator/import/gnu_cs/arm/4.8.4/bin/../lib/gcc/arm-none-eabi/4.8.4/armv6-m\libgcc.a(subdf3.o)
 .debug_frame   0x00002e68       0x2c c:/program files/cypress/psoc creator/3.1/psoc creator/import/gnu_cs/arm/4.8.4/bin/../lib/gcc/arm-none-eabi/4.8.4/armv6-m\libgcc.a(fixdfsi.o)
 .debug_frame   0x00002e94       0x30 c:/program files/cypress/psoc creator/3.1/psoc creator/import/gnu_cs/arm/4.8.4/bin/../lib/gcc/arm-none-eabi/4.8.4/armv6-m\libgcc.a(floatsidf.o)
 .debug_frame   0x00002ec4       0x2c c:/program files/cypress/psoc creator/3.1/psoc creator/import/gnu_cs/arm/4.8.4/bin/../lib/gcc/arm-none-eabi/4.8.4/armv6-m\libgcc.a(extendsfdf2.o)
 .debug_frame   0x00002ef0       0x30 c:/program files/cypress/psoc creator/3.1/psoc creator/import/gnu_cs/arm/4.8.4/bin/../lib/gcc/arm-none-eabi/4.8.4/armv6-m\libgcc.a(truncdfsf2.o)
 .debug_frame   0x00002f20       0x3c c:/program files/cypress/psoc creator/3.1/psoc creator/import/gnu_cs/arm/4.8.4/bin/../lib/gcc/arm-none-eabi/4.8.4/armv6-m\libgcc.a(_divdi3.o)
 .debug_frame   0x00002f5c       0x3c c:/program files/cypress/psoc creator/3.1/psoc creator/import/gnu_cs/arm/4.8.4/bin/../lib/gcc/arm-none-eabi/4.8.4/armv6-m\libgcc.a(_udivdi3.o)
 .debug_frame   0x00002f98       0x20 c:/program files/cypress/psoc creator/3.1/psoc creator/import/gnu_cs/arm/4.8.4/bin/../lib/gcc/arm-none-eabi/4.8.4/../../../../arm-none-eabi/lib/armv6-m\libg_s.a(lib_a-errno.o)
 .debug_frame   0x00002fb8       0x28 c:/program files/cypress/psoc creator/3.1/psoc creator/import/gnu_cs/arm/4.8.4/bin/../lib/gcc/arm-none-eabi/4.8.4/../../../../arm-none-eabi/lib/armv6-m\libg_s.a(lib_a-exit.o)
 .debug_frame   0x00002fe0       0x2c c:/program files/cypress/psoc creator/3.1/psoc creator/import/gnu_cs/arm/4.8.4/bin/../lib/gcc/arm-none-eabi/4.8.4/../../../../arm-none-eabi/lib/armv6-m\libg_s.a(lib_a-init.o)
 .debug_frame   0x0000300c       0x28 c:/program files/cypress/psoc creator/3.1/psoc creator/import/gnu_cs/arm/4.8.4/bin/../lib/gcc/arm-none-eabi/4.8.4/../../../../arm-none-eabi/lib/armv6-m\libg_s.a(lib_a-memcpy-stub.o)
 .debug_frame   0x00003034       0x20 c:/program files/cypress/psoc creator/3.1/psoc creator/import/gnu_cs/arm/4.8.4/bin/../lib/gcc/arm-none-eabi/4.8.4/../../../../arm-none-eabi/lib/armv6-m\libg_s.a(lib_a-memset.o)
 .debug_frame   0x00003054       0x4c c:/program files/cypress/psoc creator/3.1/psoc creator/import/gnu_cs/arm/4.8.4/bin/../lib/gcc/arm-none-eabi/4.8.4/../../../../arm-none-eabi/lib/armv6-m\libg_s.a(lib_a-sprintf.o)
 .debug_frame   0x000030a0       0x74 c:/program files/cypress/psoc creator/3.1/psoc creator/import/gnu_cs/arm/4.8.4/bin/../lib/gcc/arm-none-eabi/4.8.4/../../../../arm-none-eabi/lib/armv6-m\libg_s.a(lib_a-svfprintf.o)
 .debug_frame   0x00003114       0x54 c:/program files/cypress/psoc creator/3.1/psoc creator/import/gnu_cs/arm/4.8.4/bin/../lib/gcc/arm-none-eabi/4.8.4/../../../../arm-none-eabi/lib/armv6-m\libg_s.a(lib_a-vfprintf_i.o)
 .debug_frame   0x00003168       0x20 c:/program files/cypress/psoc creator/3.1/psoc creator/import/gnu_cs/arm/4.8.4/bin/../lib/gcc/arm-none-eabi/4.8.4/../../../../arm-none-eabi/lib/armv6-m\libg_s.a(lib_a-memchr-stub.o)
 .debug_frame   0x00003188       0x2c c:/program files/cypress/psoc creator/3.1/psoc creator/import/gnu_cs/arm/4.8.4/bin/../lib/gcc/arm-none-eabi/4.8.4/../../../../arm-none-eabi/lib/armv6-m\libg_s.a(lib_a-memmove.o)
 .debug_frame   0x000031b4       0x2c c:/program files/cypress/psoc creator/3.1/psoc creator/import/gnu_cs/arm/4.8.4/bin/../lib/gcc/arm-none-eabi/4.8.4/../../../../arm-none-eabi/lib/armv6-m\libg_s.a(lib_a-nano-freer.o)
 .debug_frame   0x000031e0       0x2c c:/program files/cypress/psoc creator/3.1/psoc creator/import/gnu_cs/arm/4.8.4/bin/../lib/gcc/arm-none-eabi/4.8.4/../../../../arm-none-eabi/lib/armv6-m\libg_s.a(lib_a-nano-mallocr.o)
 .debug_frame   0x0000320c       0x30 c:/program files/cypress/psoc creator/3.1/psoc creator/import/gnu_cs/arm/4.8.4/bin/../lib/gcc/arm-none-eabi/4.8.4/../../../../arm-none-eabi/lib/armv6-m\libg_s.a(lib_a-nano-reallocr.o)
 .debug_frame   0x0000323c       0x2c c:/program files/cypress/psoc creator/3.1/psoc creator/import/gnu_cs/arm/4.8.4/bin/../lib/gcc/arm-none-eabi/4.8.4/../../../../arm-none-eabi/lib/armv6-m\libg_s.a(lib_a-sbrkr.o)
 .debug_frame   0x00003268       0x20 c:/program files/cypress/psoc creator/3.1/psoc creator/import/gnu_cs/arm/4.8.4/bin/../lib/gcc/arm-none-eabi/4.8.4/../../../../arm-none-eabi/lib/armv6-m\libg_s.a(lib_a-strlen.o)
 .debug_frame   0x00003288       0x20 c:/program files/cypress/psoc creator/3.1/psoc creator/import/gnu_cs/arm/4.8.4/bin/../lib/gcc/arm-none-eabi/4.8.4/../../../../arm-none-eabi/lib/armv6-m\libg_s.a(lib_a-nano-msizer.o)
 .debug_frame   0x000032a8       0x48 c:/program files/cypress/psoc creator/3.1/psoc creator/import/gnu_cs/arm/4.8.4/bin/../lib/gcc/arm-none-eabi/4.8.4/../../../../arm-none-eabi/lib/armv6-m\libg_s.a(lib_a-reent.o)

.debug_str      0x00000000     0x439e
 *(.debug_str)
 .debug_str     0x00000000      0xccf .\CortexM0\ARM_GCC_484\Debug\main.o
                                0xd63 (size before relaxing)
 .debug_str     0x00000ccf      0x22a .\CortexM0\ARM_GCC_484\Debug\IMU.o
                                0x4cf (size before relaxing)
 .debug_str     0x00000ef9       0x7a .\CortexM0\ARM_GCC_484\Debug\cybootloader.o
                                0x200 (size before relaxing)
 .debug_str     0x00000f73       0x37 .\CortexM0\ARM_GCC_484\Debug\cymetadata.o
                                0x1bd (size before relaxing)
 .debug_str     0x00000faa      0x15e .\CortexM0\ARM_GCC_484\Debug\Cm0Start.o
                                0x30a (size before relaxing)
 .debug_str     0x00001108      0x1b7 .\CortexM0\ARM_GCC_484\Debug\T-50_Project.a(cyfitter_cfg.o)
                                0x394 (size before relaxing)
 .debug_str     0x000012bf      0x72f .\CortexM0\ARM_GCC_484\Debug\T-50_Project.a(CyLib.o)
                                0x923 (size before relaxing)
 .debug_str     0x000019ee      0x134 .\CortexM0\ARM_GCC_484\Debug\T-50_Project.a(UART_1.o)
                                0x2e1 (size before relaxing)
 .debug_str     0x00001b22      0x131 .\CortexM0\ARM_GCC_484\Debug\T-50_Project.a(UART_1_SPI_UART.o)
                                0x2e9 (size before relaxing)
 .debug_str     0x00001c53       0xce .\CortexM0\ARM_GCC_484\Debug\T-50_Project.a(UART_1_UART.o)
                                0x30f (size before relaxing)
 .debug_str     0x00001d21      0x480 .\CortexM0\ARM_GCC_484\Debug\T-50_Project.a(TaskTimer.o)
                                0x660 (size before relaxing)
 .debug_str     0x000021a1      0x105 .\CortexM0\ARM_GCC_484\Debug\T-50_Project.a(TaskISR.o)
                                0x342 (size before relaxing)
 .debug_str     0x000022a6      0x3fa .\CortexM0\ARM_GCC_484\Debug\T-50_Project.a(NavLightPWM.o)
                                0x6b4 (size before relaxing)
 .debug_str     0x000026a0      0x11d .\CortexM0\ARM_GCC_484\Debug\T-50_Project.a(BootISR.o)
                                0x357 (size before relaxing)
 .debug_str     0x000027bd       0x66 .\CortexM0\ARM_GCC_484\Debug\T-50_Project.a(SW1.o)
                                0x20e (size before relaxing)
 .debug_str     0x00002823       0x70 .\CortexM0\ARM_GCC_484\Debug\T-50_Project.a(Strobes.o)
                                0x226 (size before relaxing)
 .debug_str     0x00002893       0x5c .\CortexM0\ARM_GCC_484\Debug\T-50_Project.a(Ldg.o)
                                0x20e (size before relaxing)
 .debug_str     0x000028ef      0x3ea .\CortexM0\ARM_GCC_484\Debug\T-50_Project.a(PPMCounter.o)
                                0x68a (size before relaxing)
 .debug_str     0x00002cd9       0xf2 .\CortexM0\ARM_GCC_484\Debug\T-50_Project.a(PPMISR.o)
                                0x38b (size before relaxing)
 .debug_str     0x00002dcb      0x110 .\CortexM0\ARM_GCC_484\Debug\T-50_Project.a(PPMRstISR.o)
                                0x36a (size before relaxing)
 .debug_str     0x00002edb      0x3ea .\CortexM0\ARM_GCC_484\Debug\T-50_Project.a(ServoTimer.o)
                                0x68a (size before relaxing)
 .debug_str     0x000032c5      0x1fd .\CortexM0\ARM_GCC_484\Debug\T-50_Project.a(ServoISR.o)
                                0x48d (size before relaxing)
 .debug_str     0x000034c2       0x84 .\CortexM0\ARM_GCC_484\Debug\T-50_Project.a(Out_Mot_Pin.o)
                                0x23e (size before relaxing)
 .debug_str     0x00003546       0x89 .\CortexM0\ARM_GCC_484\Debug\T-50_Project.a(Out_Ail1_Pin.o)
                                0x244 (size before relaxing)
 .debug_str     0x000035cf       0x89 .\CortexM0\ARM_GCC_484\Debug\T-50_Project.a(Out_Ail2_Pin.o)
                                0x244 (size before relaxing)
 .debug_str     0x00003658       0x89 .\CortexM0\ARM_GCC_484\Debug\T-50_Project.a(Out_Ele1_Pin.o)
                                0x244 (size before relaxing)
 .debug_str     0x000036e1       0x89 .\CortexM0\ARM_GCC_484\Debug\T-50_Project.a(Out_Ele2_Pin.o)
                                0x244 (size before relaxing)
 .debug_str     0x0000376a       0x84 .\CortexM0\ARM_GCC_484\Debug\T-50_Project.a(Out_Rud_Pin.o)
                                0x23e (size before relaxing)
 .debug_str     0x000037ee       0x84 .\CortexM0\ARM_GCC_484\Debug\T-50_Project.a(Out_Fl1_Pin.o)
                                0x23e (size before relaxing)
 .debug_str     0x00003872       0x84 .\CortexM0\ARM_GCC_484\Debug\T-50_Project.a(Out_Fl2_Pin.o)
                                0x23e (size before relaxing)
 .debug_str     0x000038f6       0x84 .\CortexM0\ARM_GCC_484\Debug\T-50_Project.a(Out_Ge1_Pin.o)
                                0x23e (size before relaxing)
 .debug_str     0x0000397a       0x84 .\CortexM0\ARM_GCC_484\Debug\T-50_Project.a(Out_Ge2_Pin.o)
                                0x23e (size before relaxing)
 .debug_str     0x000039fe       0x84 .\CortexM0\ARM_GCC_484\Debug\T-50_Project.a(Out_Ge3_Pin.o)
                                0x23e (size before relaxing)
 .debug_str     0x00003a82       0x84 .\CortexM0\ARM_GCC_484\Debug\T-50_Project.a(Out_Sp1_Pin.o)
                                0x23e (size before relaxing)
 .debug_str     0x00003b06       0x84 .\CortexM0\ARM_GCC_484\Debug\T-50_Project.a(Out_Sp2_Pin.o)
                                0x23e (size before relaxing)
 .debug_str     0x00003b8a      0x105 .\CortexM0\ARM_GCC_484\Debug\T-50_Project.a(I2CM.o)
                                0x2fc (size before relaxing)
 .debug_str     0x00003c8f       0x67 .\CortexM0\ARM_GCC_484\Debug\T-50_Project.a(I2CM_I2C.o)
                                0x267 (size before relaxing)
 .debug_str     0x00003cf6      0x20b .\CortexM0\ARM_GCC_484\Debug\T-50_Project.a(I2CM_I2C_MASTER.o)
                                0x478 (size before relaxing)
 .debug_str     0x00003f01       0x76 .\CortexM0\ARM_GCC_484\Debug\T-50_Project.a(I2CM_sda.o)
                                0x22c (size before relaxing)
 .debug_str     0x00003f77       0x67 .\CortexM0\ARM_GCC_484\Debug\T-50_Project.a(I2CM_scl.o)
                                0x22c (size before relaxing)
 .debug_str     0x00003fde      0x198 .\CortexM0\ARM_GCC_484\Debug\T-50_Project.a(ADC.o)
                                0x3d8 (size before relaxing)
 .debug_str     0x00004176       0x37 .\CortexM0\ARM_GCC_484\Debug\T-50_Project.a(ADC_INT.o)
                                0x1c4 (size before relaxing)
 .debug_str     0x000041ad       0x78 .\CortexM0\ARM_GCC_484\Debug\T-50_Project.a(Bootloadable_1.o)
                                0x250 (size before relaxing)
 .debug_str     0x00004225      0x12e .\CortexM0\ARM_GCC_484\Debug\T-50_Project.a(CyFlash.o)
                                0x340 (size before relaxing)
 .debug_str     0x00004353       0x4b .\CortexM0\ARM_GCC_484\Debug\T-50_Project.a(I2CM_I2C_INT.o)
                                0x2be (size before relaxing)

.debug_loc      0x00000000     0x41ea
 *(.debug_loc)
 .debug_loc     0x00000000       0xd9 .\CortexM0\ARM_GCC_484\Debug\main.o
 .debug_loc     0x000000d9      0x16d .\CortexM0\ARM_GCC_484\Debug\IMU.o
 .debug_loc     0x00000246      0x1ca .\CortexM0\ARM_GCC_484\Debug\Cm0Start.o
 .debug_loc     0x00000410      0x1f2 .\CortexM0\ARM_GCC_484\Debug\T-50_Project.a(cyfitter_cfg.o)
 .debug_loc     0x00000602      0xc0b .\CortexM0\ARM_GCC_484\Debug\T-50_Project.a(CyLib.o)
 .debug_loc     0x0000120d       0x3c .\CortexM0\ARM_GCC_484\Debug\T-50_Project.a(UART_1.o)
 .debug_loc     0x00001249       0xee .\CortexM0\ARM_GCC_484\Debug\T-50_Project.a(UART_1_SPI_UART.o)
 .debug_loc     0x00001337      0x191 .\CortexM0\ARM_GCC_484\Debug\T-50_Project.a(UART_1_UART.o)
 .debug_loc     0x000014c8      0x547 .\CortexM0\ARM_GCC_484\Debug\T-50_Project.a(TaskTimer.o)
 .debug_loc     0x00001a0f       0xaa .\CortexM0\ARM_GCC_484\Debug\T-50_Project.a(TaskISR.o)