Archive member included because of file (symbol)

.\CortexM0\ARM_GCC_484\Debug\T-50_Project.a(cyfitter_cfg.o)
                              .\CortexM0\ARM_GCC_484\Debug\Cm0Start.o (cyfitter_cfg)
.\CortexM0\ARM_GCC_484\Debug\T-50_Project.a(Bootloadable_1.o)
                              .\CortexM0\ARM_GCC_484\Debug\main.o (Bootloadable_1_Load)
.\CortexM0\ARM_GCC_484\Debug\T-50_Project.a(CyBootAsmGnu.o)
                              .\CortexM0\ARM_GCC_484\Debug\T-50_Project.a(cyfitter_cfg.o) (CyDelayCycles)
.\CortexM0\ARM_GCC_484\Debug\T-50_Project.a(CyFlash.o)
                              .\CortexM0\ARM_GCC_484\Debug\T-50_Project.a(Bootloadable_1.o) (CySysFlashWriteRow)
.\CortexM0\ARM_GCC_484\Debug\T-50_Project.a(CyLib.o)
                              .\CortexM0\ARM_GCC_484\Debug\main.o (CySysWdtWriteMode)
.\CortexM0\ARM_GCC_484\Debug\T-50_Project.a(UART_1.o)
                              .\CortexM0\ARM_GCC_484\Debug\main.o (UART_1_Start)
.\CortexM0\ARM_GCC_484\Debug\T-50_Project.a(UART_1_SPI_UART.o)
                              .\CortexM0\ARM_GCC_484\Debug\main.o (UART_1_SpiUartWriteTxData)
.\CortexM0\ARM_GCC_484\Debug\T-50_Project.a(UART_1_UART.o)
                              .\CortexM0\ARM_GCC_484\Debug\T-50_Project.a(UART_1.o) (UART_1_UartInit)
.\CortexM0\ARM_GCC_484\Debug\T-50_Project.a(TaskTimer.o)
                              .\CortexM0\ARM_GCC_484\Debug\main.o (TaskTimer_Start)
.\CortexM0\ARM_GCC_484\Debug\T-50_Project.a(TaskISR.o)
                              .\CortexM0\ARM_GCC_484\Debug\main.o (TaskISR_Start)
.\CortexM0\ARM_GCC_484\Debug\T-50_Project.a(NavLightPWM.o)
                              .\CortexM0\ARM_GCC_484\Debug\main.o (NavLightPWM_WriteCompare)
.\CortexM0\ARM_GCC_484\Debug\T-50_Project.a(BootISR.o)
                              .\CortexM0\ARM_GCC_484\Debug\main.o (BootISR_Start)
.\CortexM0\ARM_GCC_484\Debug\T-50_Project.a(SW1.o)
                              .\CortexM0\ARM_GCC_484\Debug\T-50_Project.a(BootISR.o) (SW1_ClearInterrupt)
.\CortexM0\ARM_GCC_484\Debug\T-50_Project.a(Strobes.o)
                              .\CortexM0\ARM_GCC_484\Debug\main.o (Strobes_Write)
.\CortexM0\ARM_GCC_484\Debug\T-50_Project.a(Ldg.o)
                              .\CortexM0\ARM_GCC_484\Debug\main.o (Ldg_Write)
.\CortexM0\ARM_GCC_484\Debug\T-50_Project.a(PPMCounter.o)
                              .\CortexM0\ARM_GCC_484\Debug\main.o (PPMCounter_Start)
.\CortexM0\ARM_GCC_484\Debug\T-50_Project.a(PPMISR.o)
                              .\CortexM0\ARM_GCC_484\Debug\main.o (PPMISR_Start)
.\CortexM0\ARM_GCC_484\Debug\T-50_Project.a(PPMRstISR.o)
                              .\CortexM0\ARM_GCC_484\Debug\main.o (PPMRstISR_Start)
.\CortexM0\ARM_GCC_484\Debug\T-50_Project.a(ServoTimer.o)
                              .\CortexM0\ARM_GCC_484\Debug\main.o (ServoTimer_Start)
.\CortexM0\ARM_GCC_484\Debug\T-50_Project.a(ServoISR.o)
                              .\CortexM0\ARM_GCC_484\Debug\main.o (ServoISR_Start)
.\CortexM0\ARM_GCC_484\Debug\T-50_Project.a(Out_Mot_Pin.o)
                              .\CortexM0\ARM_GCC_484\Debug\T-50_Project.a(ServoISR.o) (Out_Mot_Pin_Write)
.\CortexM0\ARM_GCC_484\Debug\T-50_Project.a(Out_Ail1_Pin.o)
                              .\CortexM0\ARM_GCC_484\Debug\T-50_Project.a(ServoISR.o) (Out_Ail1_Pin_Write)
.\CortexM0\ARM_GCC_484\Debug\T-50_Project.a(Out_Ail2_Pin.o)
                              .\CortexM0\ARM_GCC_484\Debug\T-50_Project.a(ServoISR.o) (Out_Ail2_Pin_Write)
.\CortexM0\ARM_GCC_484\Debug\T-50_Project.a(Out_Ele1_Pin.o)
                              .\CortexM0\ARM_GCC_484\Debug\T-50_Project.a(ServoISR.o) (Out_Ele1_Pin_Write)
.\CortexM0\ARM_GCC_484\Debug\T-50_Project.a(Out_Ele2_Pin.o)
                              .\CortexM0\ARM_GCC_484\Debug\T-50_Project.a(ServoISR.o) (Out_Ele2_Pin_Write)
.\CortexM0\ARM_GCC_484\Debug\T-50_Project.a(Out_Rud_Pin.o)
                              .\CortexM0\ARM_GCC_484\Debug\T-50_Project.a(ServoISR.o) (Out_Rud_Pin_Write)
.\CortexM0\ARM_GCC_484\Debug\T-50_Project.a(Out_Fl1_Pin.o)
                              .\CortexM0\ARM_GCC_484\Debug\T-50_Project.a(ServoISR.o) (Out_Fl1_Pin_Write)
.\CortexM0\ARM_GCC_484\Debug\T-50_Project.a(Out_Fl2_Pin.o)
                              .\CortexM0\ARM_GCC_484\Debug\T-50_Project.a(ServoISR.o) (Out_Fl2_Pin_Write)
.\CortexM0\ARM_GCC_484\Debug\T-50_Project.a(Out_Ge1_Pin.o)
                              .\CortexM0\ARM_GCC_484\Debug\T-50_Project.a(ServoISR.o) (Out_Ge1_Pin_Write)
.\CortexM0\ARM_GCC_484\Debug\T-50_Project.a(Out_Ge2_Pin.o)
                              .\CortexM0\ARM_GCC_484\Debug\T-50_Project.a(ServoISR.o) (Out_Ge2_Pin_Write)
.\CortexM0\ARM_GCC_484\Debug\T-50_Project.a(Out_Ge3_Pin.o)
                              .\CortexM0\ARM_GCC_484\Debug\T-50_Project.a(ServoISR.o) (Out_Ge3_Pin_Write)
.\CortexM0\ARM_GCC_484\Debug\T-50_Project.a(Out_Sp1_Pin.o)
                              .\CortexM0\ARM_GCC_484\Debug\T-50_Project.a(ServoISR.o) (Out_Sp1_Pin_Write)
[...]
Memory Configuration

Name             Origin             Length             Attributes
rom              0x00000000         0x00008000         xr
ram              0x20000000         0x00001000         xrw
*default*        0x00000000         0xffffffff

Linker script and memory map

LOAD e:/program files (x86)/cypress/psoc creator/3.1/psoc creator/import/gnu_cs/arm/4.8.4/bin/../lib/gcc/arm-none-eabi/4.8.4/armv6-m/crti.o
LOAD e:/program files (x86)/cypress/psoc creator/3.1/psoc creator/import/gnu_cs/arm/4.8.4/bin/../lib/gcc/arm-none-eabi/4.8.4/armv6-m/crtbegin.o
LOAD e:/program files (x86)/cypress/psoc creator/3.1/psoc creator/import/gnu_cs/arm/4.8.4/bin/../lib/gcc/arm-none-eabi/4.8.4/../../../../arm-none-eabi/lib/armv6-m/crt0.o
START GROUP
LOAD .\CortexM0\ARM_GCC_484\Debug\main.o
LOAD .\CortexM0\ARM_GCC_484\Debug\IMU.o
LOAD .\CortexM0\ARM_GCC_484\Debug\Baro.o
LOAD .\CortexM0\ARM_GCC_484\Debug\cybootloader.o
LOAD .\CortexM0\ARM_GCC_484\Debug\cymetadata.o
LOAD .\CortexM0\ARM_GCC_484\Debug\Cm0Start.o
LOAD .\CortexM0\ARM_GCC_484\Debug\T-50_Project.a
LOAD E:\Program Files (x86)\Cypress\PSoC Creator\3.1\PSoC Creator\psoc\content\cycomponentlibrary\CyComponentLibrary.cylib\CortexM0\ARM_GCC_484\Debug\CyComponentLibrary.a
LOAD e:/program files (x86)/cypress/psoc creator/3.1/psoc creator/import/gnu_cs/arm/4.8.4/bin/../lib/gcc/arm-none-eabi/4.8.4/../../../../arm-none-eabi/lib/armv6-m\libm.a
END GROUP
START GROUP
LOAD e:/program files (x86)/cypress/psoc creator/3.1/psoc creator/import/gnu_cs/arm/4.8.4/bin/../lib/gcc/arm-none-eabi/4.8.4/armv6-m\libgcc.a
LOAD e:/program files (x86)/cypress/psoc creator/3.1/psoc creator/import/gnu_cs/arm/4.8.4/bin/../lib/gcc/arm-none-eabi/4.8.4/../../../../arm-none-eabi/lib/armv6-m\libg_s.a
LOAD e:/program files (x86)/cypress/psoc creator/3.1/psoc creator/import/gnu_cs/arm/4.8.4/bin/../lib/gcc/arm-none-eabi/4.8.4/../../../../arm-none-eabi/lib/armv6-m\libc_s.a
END GROUP
START GROUP
LOAD e:/program files (x86)/cypress/psoc creator/3.1/psoc creator/import/gnu_cs/arm/4.8.4/bin/../lib/gcc/arm-none-eabi/4.8.4/armv6-m\libgcc.a
LOAD e:/program files (x86)/cypress/psoc creator/3.1/psoc creator/import/gnu_cs/arm/4.8.4/bin/../lib/gcc/arm-none-eabi/4.8.4/../../../../arm-none-eabi/lib/armv6-m\libc_s.a
END GROUP
LOAD e:/program files (x86)/cypress/psoc creator/3.1/psoc creator/import/gnu_cs/arm/4.8.4/bin/../lib/gcc/arm-none-eabi/4.8.4/armv6-m/crtend.o
LOAD e:/program files (x86)/cypress/psoc creator/3.1/psoc creator/import/gnu_cs/arm/4.8.4/bin/../lib/gcc/arm-none-eabi/4.8.4/armv6-m/crtn.o
START GROUP
LOAD e:/program files (x86)/cypress/psoc creator/3.1/psoc creator/import/gnu_cs/arm/4.8.4/bin/../lib/gcc/arm-none-eabi/4.8.4/armv6-m\libgcc.a
LOAD e:/program files (x86)/cypress/psoc creator/3.1/psoc creator/import/gnu_cs/arm/4.8.4/bin/../lib/gcc/arm-none-eabi/4.8.4/../../../../arm-none-eabi/lib/armv6-m\libc.a
LOAD e:/program files (x86)/cypress/psoc creator/3.1/psoc creator/import/gnu_cs/arm/4.8.4/bin/../lib/gcc/arm-none-eabi/4.8.4/../../../../arm-none-eabi/lib/armv6-m\libnosys.a
END GROUP
                0x00000000                CY_APPL_ORIGIN = 0x0
                0x00000080                CY_FLASH_ROW_SIZE = 0x80
                0x00000001                CY_APPL_NUM = 0x1
                0x00000040                CY_METADATA_SIZE = 0x40
                0x20000580                PROVIDE (__cy_heap_start, _end)
                0x00000001                PROVIDE (__cy_region_num, ((__cy_regions_end - __cy_regions) / 0x10))
                0x20001000                PROVIDE (__cy_stack, (ORIGIN (ram) + 0x1000))
                0x20000c00                PROVIDE (__cy_heap_end, (__cy_stack - 0x400))

.cybootloader   0x00000000     0x1080
 *(.cybootloader)
 .cybootloader  0x00000000     0x1080 .\CortexM0\ARM_GCC_484\Debug\cybootloader.o
                0x00000000                cy_bootloader
                0x00001080                appl1_start = CY_APPL_ORIGIN?CY_APPL_ORIGIN:ALIGN (CY_FLASH_ROW_SIZE)
                0x00004800                appl2_start = (appl1_start + ALIGN ((((0x8000 - appl1_start) - (0x2 * CY_FLASH_ROW_SIZE)) / 0x2), CY_FLASH_ROW_SIZE))
                0x00001080                appl_start = (CY_APPL_NUM == 0x1)?appl1_start:appl2_start

.text           0x00001080     0x6184
 CREATE_OBJECT_SYMBOLS
                0x00001080                PROVIDE (__cy_interrupt_vector, RomVectors)
 *(.romvectors)
 .romvectors    0x00001080       0x10 .\CortexM0\ARM_GCC_484\Debug\Cm0Start.o
                0x00001080                RomVectors
                0x00000001                ASSERT ((. != __cy_interrupt_vector), No interrupt vector)
                0x00000001                ASSERT (CY_APPL_ORIGIN?(SIZEOF (.cybootloader) <= CY_APPL_ORIGIN):0x1, Wrong image location)
                0x00001090                PROVIDE (__cy_reset, Reset)
 *(.text.Reset)
 .text.Reset    0x00001090       0x10 .\CortexM0\ARM_GCC_484\Debug\Cm0Start.o
                0x00001090                Reset
                0x00000001                ASSERT ((. != __cy_reset), No reset code)
 *(.psocinit)
 .psocinit      0x000010a0      0x32c .\CortexM0\ARM_GCC_484\Debug\T-50_Project.a(cyfitter_cfg.o)
                0x000010a0                cyfitter_cfg
                0x000013cc                . = MAX (., 0x100)
 *(.text .text.* .gnu.linkonce.t.*)
 .text          0x000013cc       0x60 e:/program files (x86)/cypress/psoc creator/3.1/psoc creator/import/gnu_cs/arm/4.8.4/bin/../lib/gcc/arm-none-eabi/4.8.4/armv6-m/crtbegin.o
 .text.UART_1_UartPutNum
                0x0000142c       0x1c .\CortexM0\ARM_GCC_484\Debug\main.o
                0x0000142c                UART_1_UartPutNum
 .text.ADC_read_speed
                0x00001448       0x16 .\CortexM0\ARM_GCC_484\Debug\main.o
                0x00001448                ADC_read_speed
 *fill*         0x0000145e        0x2 
 .text.ADC_calibrate_speed
                0x00001460       0x44 .\CortexM0\ARM_GCC_484\Debug\main.o
                0x00001460                ADC_calibrate_speed
 *fill*         0x000014a4        0x4 
 .text.startup.main
                0x000014a8      0x940 .\CortexM0\ARM_GCC_484\Debug\main.o
                0x000014a8                main
 .text.write_mpu6050_registry
                0x00001de8       0x5c .\CortexM0\ARM_GCC_484\Debug\IMU.o
                0x00001de8                write_mpu6050_registry
 .text.MPU6050_Init
                0x00001e44       0x28 .\CortexM0\ARM_GCC_484\Debug\IMU.o
                0x00001e44                MPU6050_Init
 .text.MPU6050_data_read
                0x00001e6c      0x13c .\CortexM0\ARM_GCC_484\Debug\IMU.o
                0x00001e6c                MPU6050_data_read
 .text.read_BMP180_registry
                0x00001fa8       0x50 .\CortexM0\ARM_GCC_484\Debug\Baro.o
                0x00001fa8                read_BMP180_registry
 .text.write_BMP180_registry
                0x00001ff8       0x3c .\CortexM0\ARM_GCC_484\Debug\Baro.o
                0x00001ff8                write_BMP180_registry
 .text.BMP180_baro_init
                0x00002034      0x174 .\CortexM0\ARM_GCC_484\Debug\Baro.o
                0x00002034                BMP180_baro_init
 .text.BMP180_baro_trigger_temp
                0x000021a8        0xc .\CortexM0\ARM_GCC_484\Debug\Baro.o
                0x000021a8                BMP180_baro_trigger_temp
 .text.BMP180_baro_read_temp
                0x000021b4       0x58 .\CortexM0\ARM_GCC_484\Debug\Baro.o
                0x000021b4                BMP180_baro_read_temp
 .text.BMP180_baro_trigger_pressure
                0x0000220c        0xc .\CortexM0\ARM_GCC_484\Debug\Baro.o
                0x0000220c                BMP180_baro_trigger_pressure
 .text.BMP180_baro_read_pressure
                0x00002218      0x10c .\CortexM0\ARM_GCC_484\Debug\Baro.o
                0x00002218                BMP180_baro_read_pressure
 .text.IntDefaultHandler
                0x00002324        0x2 .\CortexM0\ARM_GCC_484\Debug\Cm0Start.o
                0x00002324                IntDefaultHandler
 *fill*         0x00002326        0x2 
 .text._sbrk    0x00002328       0x30 .\CortexM0\ARM_GCC_484\Debug\Cm0Start.o
                0x00002328                _sbrk
 .text.Start_c  0x00002358       0x4c .\CortexM0\ARM_GCC_484\Debug\Cm0Start.o
                0x00002358                Start_c
 .text.startup.initialize_psoc
                0x000023a4       0x54 .\CortexM0\ARM_GCC_484\Debug\Cm0Start.o
                0x000023a4                initialize_psoc
 .text.SetAnalogRoutingPumps
                0x000023f8       0x20 .\CortexM0\ARM_GCC_484\Debug\T-50_Project.a(cyfitter_cfg.o)
                0x000023f8                SetAnalogRoutingPumps
 .text.Bootloadable_1_Load
                0x00002418       0x14 .\CortexM0\ARM_GCC_484\Debug\T-50_Project.a(Bootloadable_1.o)
                0x00002418                Bootloadable_1_Load
 *fill*         0x0000242c        0x4 
 .text          0x00002430       0x28 .\CortexM0\ARM_GCC_484\Debug\T-50_Project.a(CyBootAsmGnu.o)
                0x00002430                CyDelayCycles
                0x00002444                CyEnterCriticalSection
                0x0000244c                CyExitCriticalSection
 .text.CySysClkIloStart
                0x00002458       0x14 .\CortexM0\ARM_GCC_484\Debug\T-50_Project.a(CyLib.o)
                0x00002458                CySysClkIloStart
 .text.CySysWdtReadEnabledStatus
                0x0000246c       0x1c .\CortexM0\ARM_GCC_484\Debug\T-50_Project.a(CyLib.o)
                0x0000246c                CySysWdtReadEnabledStatus
 .text.CySysWdtWriteMode
                0x00002488       0x34 .\CortexM0\ARM_GCC_484\Debug\T-50_Project.a(CyLib.o)
                0x00002488                CySysWdtWriteMode
 .text.CySysWdtEnable
                0x000024bc       0x34 .\CortexM0\ARM_GCC_484\Debug\T-50_Project.a(CyLib.o)
                0x000024bc                CySysWdtEnable
 .text.CySysWdtResetCounters
                0x000024f0       0x18 .\CortexM0\ARM_GCC_484\Debug\T-50_Project.a(CyLib.o)
                0x000024f0                CySysWdtResetCounters
 .text.CySysGetResetReason
                0x00002508       0x14 .\CortexM0\ARM_GCC_484\Debug\T-50_Project.a(CyLib.o)
                0x00002508                CySysGetResetReason
 .text.CyIntSetVector
                0x0000251c       0x18 .\CortexM0\ARM_GCC_484\Debug\T-50_Project.a(CyLib.o)
                0x0000251c                CyIntSetVector
 .text.CyIntSetPriority
                0x00002534       0x40 .\CortexM0\ARM_GCC_484\Debug\T-50_Project.a(CyLib.o)
                0x00002534                CyIntSetPriority
 .text.CyIntEnable
                0x00002574       0x14 .\CortexM0\ARM_GCC_484\Debug\T-50_Project.a(CyLib.o)
                0x00002574                CyIntEnable
 .text.CyIntDisable
                0x00002588       0x14 .\CortexM0\ARM_GCC_484\Debug\T-50_Project.a(CyLib.o)
                0x00002588                CyIntDisable
 .text.CyHalt   0x0000259c        0x4 .\CortexM0\ARM_GCC_484\Debug\T-50_Project.a(CyLib.o)
                0x0000259c                CyHalt
 .text.CySoftwareReset
                0x000025a0       0x18 .\CortexM0\ARM_GCC_484\Debug\T-50_Project.a(CyLib.o)
                0x000025a0                CySoftwareReset
 .text.CyDelay  0x000025b8       0x2c .\CortexM0\ARM_GCC_484\Debug\T-50_Project.a(CyLib.o)
                0x000025b8                CyDelay
 .text.CyDelayUs
                0x000025e4       0x14 .\CortexM0\ARM_GCC_484\Debug\T-50_Project.a(CyLib.o)
                0x000025e4                CyDelayUs
 .text.CySysWdtWriteMatch
                0x000025f8       0x38 .\CortexM0\ARM_GCC_484\Debug\T-50_Project.a(CyLib.o)
                0x000025f8                CySysWdtWriteMatch
 .text.UART_1_Enable
                0x00002630       0x14 .\CortexM0\ARM_GCC_484\Debug\T-50_Project.a(UART_1.o)
                0x00002630                UART_1_Enable
 .text.UART_1_Start
                0x00002644       0x1c .\CortexM0\ARM_GCC_484\Debug\T-50_Project.a(UART_1.o)
                0x00002644                UART_1_Start
 .text.UART_1_SpiUartReadRxData
                0x00002660        0xc .\CortexM0\ARM_GCC_484\Debug\T-50_Project.a(UART_1_SPI_UART.o)
                0x00002660                UART_1_SpiUartReadRxData
 .text.UART_1_SpiUartGetRxBufferSize
                0x0000266c       0x10 .\CortexM0\ARM_GCC_484\Debug\T-50_Project.a(UART_1_SPI_UART.o)
                0x0000266c                UART_1_SpiUartGetRxBufferSize
 .text.UART_1_SpiUartWriteTxData
                0x0000267c       0x1c .\CortexM0\ARM_GCC_484\Debug\T-50_Project.a(UART_1_SPI_UART.o)
                0x0000267c                UART_1_SpiUartWriteTxData
 .text.UART_1_UartInit
                0x00002698       0x90 .\CortexM0\ARM_GCC_484\Debug\T-50_Project.a(UART_1_UART.o)
                0x00002698                UART_1_UartInit
 .text.UART_1_UartGetChar
                0x00002728       0x28 .\CortexM0\ARM_GCC_484\Debug\T-50_Project.a(UART_1_UART.o)
                0x00002728                UART_1_UartGetChar
 .text.UART_1_UartPutString
                0x00002750       0x16 .\CortexM0\ARM_GCC_484\Debug\T-50_Project.a(UART_1_UART.o)
                0x00002750                UART_1_UartPutString
 *fill*         0x00002766        0x2 
 .text.TaskTimer_Init
                0x00002768       0x40 .\CortexM0\ARM_GCC_484\Debug\T-50_Project.a(TaskTimer.o)
                0x00002768                TaskTimer_Init
 .text.TaskTimer_TriggerCommand
                0x000027a8       0x1c .\CortexM0\ARM_GCC_484\Debug\T-50_Project.a(TaskTimer.o)
                0x000027a8                TaskTimer_TriggerCommand
 .text.TaskTimer_Enable
                0x000027c4       0x24 .\CortexM0\ARM_GCC_484\Debug\T-50_Project.a(TaskTimer.o)
                0x000027c4                TaskTimer_Enable
 .text.TaskTimer_Start
                0x000027e8       0x1c .\CortexM0\ARM_GCC_484\Debug\T-50_Project.a(TaskTimer.o)
                0x000027e8                TaskTimer_Start
 .text.TaskTimer_ClearInterrupt
                0x00002804        0xc .\CortexM0\ARM_GCC_484\Debug\T-50_Project.a(TaskTimer.o)
                0x00002804                TaskTimer_ClearInterrupt
 .text.TaskISR_Interrupt
                0x00002810       0x14 .\CortexM0\ARM_GCC_484\Debug\T-50_Project.a(TaskISR.o)
                0x00002810                TaskISR_Interrupt
 .text.TaskISR_SetPriority
                0x00002824       0x24 .\CortexM0\ARM_GCC_484\Debug\T-50_Project.a(TaskISR.o)
                0x00002824                TaskISR_SetPriority
 .text.TaskISR_Start
                0x00002848       0x30 .\CortexM0\ARM_GCC_484\Debug\T-50_Project.a(TaskISR.o)
                0x00002848                TaskISR_Start
 .text.NavLightPWM_Init
                0x00002878       0x50 .\CortexM0\ARM_GCC_484\Debug\T-50_Project.a(NavLightPWM.o)
                0x00002878                NavLightPWM_Init
 .text.NavLightPWM_WriteCompare
                0x000028c8        0xc .\CortexM0\ARM_GCC_484\Debug\T-50_Project.a(NavLightPWM.o)
                0x000028c8                NavLightPWM_WriteCompare
 .text.NavLightPWM_TriggerCommand
                0x000028d4       0x1c .\CortexM0\ARM_GCC_484\Debug\T-50_Project.a(NavLightPWM.o)
                0x000028d4                NavLightPWM_TriggerCommand
 .text.NavLightPWM_Enable
                0x000028f0       0x24 .\CortexM0\ARM_GCC_484\Debug\T-50_Project.a(NavLightPWM.o)
                0x000028f0                NavLightPWM_Enable
 .text.NavLightPWM_Start
                0x00002914       0x1c .\CortexM0\ARM_GCC_484\Debug\T-50_Project.a(NavLightPWM.o)
                0x00002914                NavLightPWM_Start
 .text.BootISR_Interrupt
                0x00002930       0x1c .\CortexM0\ARM_GCC_484\Debug\T-50_Project.a(BootISR.o)
                0x00002930                BootISR_Interrupt
 .text.BootISR_SetPriority
                0x0000294c       0x24 .\CortexM0\ARM_GCC_484\Debug\T-50_Project.a(BootISR.o)
                0x0000294c                BootISR_SetPriority
 .text.BootISR_Start
                0x00002970       0x2c .\CortexM0\ARM_GCC_484\Debug\T-50_Project.a(BootISR.o)
                0x00002970                BootISR_Start
 .text.SW1_ClearInterrupt
                0x0000299c       0x14 .\CortexM0\ARM_GCC_484\Debug\T-50_Project.a(SW1.o)
                0x0000299c                SW1_ClearInterrupt
 .text.Strobes_Write
                0x000029b0       0x18 .\CortexM0\ARM_GCC_484\Debug\T-50_Project.a(Strobes.o)
                0x000029b0                Strobes_Write
 .text.Ldg_Write
                0x000029c8       0x18 .\CortexM0\ARM_GCC_484\Debug\T-50_Project.a(Ldg.o)
                0x000029c8                Ldg_Write
 .text.PPMCounter_Init
                0x000029e0       0x38 .\CortexM0\ARM_GCC_484\Debug\T-50_Project.a(PPMCounter.o)
                0x000029e0                PPMCounter_Init
 .text.PPMCounter_WriteCounter
                0x00002a18        0xc .\CortexM0\ARM_GCC_484\Debug\T-50_Project.a(PPMCounter.o)
                0x00002a18                PPMCounter_WriteCounter
 .text.PPMCounter_ReadCounter
                0x00002a24        0xc .\CortexM0\ARM_GCC_484\Debug\T-50_Project.a(PPMCounter.o)
                0x00002a24                PPMCounter_ReadCounter
 .text.PPMCounter_TriggerCommand
                0x00002a30       0x1c .\CortexM0\ARM_GCC_484\Debug\T-50_Project.a(PPMCounter.o)
                0x00002a30                PPMCounter_TriggerCommand
 .text.PPMCounter_Enable
                0x00002a4c       0x24 .\CortexM0\ARM_GCC_484\Debug\T-50_Project.a(PPMCounter.o)
                0x00002a4c                PPMCounter_Enable
 .text.PPMCounter_Start
                0x00002a70       0x1c .\CortexM0\ARM_GCC_484\Debug\T-50_Project.a(PPMCounter.o)
                0x00002a70                PPMCounter_Start
 .text.PPMCounter_ClearInterrupt
                0x00002a8c        0xc .\CortexM0\ARM_GCC_484\Debug\T-50_Project.a(PPMCounter.o)
                0x00002a8c                PPMCounter_ClearInterrupt
 .text.PPMISR_Interrupt
                0x00002a98       0x48 .\CortexM0\ARM_GCC_484\Debug\T-50_Project.a(PPMISR.o)
                0x00002a98                PPMISR_Interrupt
 .text.PPMISR_SetPriority
                0x00002ae0       0x20 .\CortexM0\ARM_GCC_484\Debug\T-50_Project.a(PPMISR.o)
                0x00002ae0                PPMISR_SetPriority
 .text.PPMISR_Start
                0x00002b00       0x30 .\CortexM0\ARM_GCC_484\Debug\T-50_Project.a(PPMISR.o)
                0x00002b00                PPMISR_Start
 .text.PPMRstISR_Interrupt
                0x00002b30       0x20 .\CortexM0\ARM_GCC_484\Debug\T-50_Project.a(PPMRstISR.o)
                0x00002b30                PPMRstISR_Interrupt
 .text.PPMRstISR_SetPriority
                0x00002b50       0x28 .\CortexM0\ARM_GCC_484\Debug\T-50_Project.a(PPMRstISR.o)
                0x00002b50                PPMRstISR_SetPriority
 .text.PPMRstISR_Start
                0x00002b78       0x2c .\CortexM0\ARM_GCC_484\Debug\T-50_Project.a(PPMRstISR.o)
                0x00002b78                PPMRstISR_Start
 .text.ServoTimer_Init
                0x00002ba4       0x40 .\CortexM0\ARM_GCC_484\Debug\T-50_Project.a(ServoTimer.o)
                0x00002ba4                ServoTimer_Init
 .text.ServoTimer_WriteCounter
                0x00002be4        0xc .\CortexM0\ARM_GCC_484\Debug\T-50_Project.a(ServoTimer.o)
                0x00002be4                ServoTimer_WriteCounter
 .text.ServoTimer_WritePeriod
                0x00002bf0        0xc .\CortexM0\ARM_GCC_484\Debug\T-50_Project.a(ServoTimer.o)
                0x00002bf0                ServoTimer_WritePeriod
 .text.ServoTimer_TriggerCommand
                0x00002bfc       0x1c .\CortexM0\ARM_GCC_484\Debug\T-50_Project.a(ServoTimer.o)
                0x00002bfc                ServoTimer_TriggerCommand
 .text.ServoTimer_Enable
                0x00002c18       0x24 .\CortexM0\ARM_GCC_484\Debug\T-50_Project.a(ServoTimer.o)
                0x00002c18                ServoTimer_Enable
 .text.ServoTimer_Start
                0x00002c3c       0x1c .\CortexM0\ARM_GCC_484\Debug\T-50_Project.a(ServoTimer.o)
                0x00002c3c                ServoTimer_Start
 .text.ServoTimer_ClearInterrupt
                0x00002c58        0xc .\CortexM0\ARM_GCC_484\Debug\T-50_Project.a(ServoTimer.o)
                0x00002c58                ServoTimer_ClearInterrupt
 .text.ServoISR_Interrupt
                0x00002c64      0x100 .\CortexM0\ARM_GCC_484\Debug\T-50_Project.a(ServoISR.o)
                0x00002c64                ServoISR_Interrupt
 .text.ServoISR_SetPriority
                0x00002d64       0x28 .\CortexM0\ARM_GCC_484\Debug\T-50_Project.a(ServoISR.o)
                0x00002d64                ServoISR_SetPriority
 .text.ServoISR_Start
                0x00002d8c       0x30 .\CortexM0\ARM_GCC_484\Debug\T-50_Project.a(ServoISR.o)
                0x00002d8c                ServoISR_Start
 .text.Out_Mot_Pin_Write
                0x00002dbc       0x18 .\CortexM0\ARM_GCC_484\Debug\T-50_Project.a(Out_Mot_Pin.o)
                0x00002dbc                Out_Mot_Pin_Write
 .text.Out_Ail1_Pin_Write
                0x00002dd4       0x18 .\CortexM0\ARM_GCC_484\Debug\T-50_Project.a(Out_Ail1_Pin.o)
                0x00002dd4                Out_Ail1_Pin_Write
 .text.Out_Ail2_Pin_Write
                0x00002dec       0x18 .\CortexM0\ARM_GCC_484\Debug\T-50_Project.a(Out_Ail2_Pin.o)
                0x00002dec                Out_Ail2_Pin_Write
 .text.Out_Ele1_Pin_Write
                0x00002e04       0x18 .\CortexM0\ARM_GCC_484\Debug\T-50_Project.a(Out_Ele1_Pin.o)
                0x00002e04                Out_Ele1_Pin_Write
 .text.Out_Ele2_Pin_Write
                0x00002e1c       0x18 .\CortexM0\ARM_GCC_484\Debug\T-50_Project.a(Out_Ele2_Pin.o)
                0x00002e1c                Out_Ele2_Pin_Write
 .text.Out_Rud_Pin_Write
                0x00002e34       0x18 .\CortexM0\ARM_GCC_484\Debug\T-50_Project.a(Out_Rud_Pin.o)
                0x00002e34                Out_Rud_Pin_Write
 .text.Out_Fl1_Pin_Write
                0x00002e4c       0x18 .\CortexM0\ARM_GCC_484\Debug\T-50_Project.a(Out_Fl1_Pin.o)
                0x00002e4c                Out_Fl1_Pin_Write
 .text.Out_Fl2_Pin_Write
                0x00002e64       0x18 .\CortexM0\ARM_GCC_484\Debug\T-50_Project.a(Out_Fl2_Pin.o)
                0x00002e64                Out_Fl2_Pin_Write
 .text.Out_Ge1_Pin_Write
                0x00002e7c       0x18 .\CortexM0\ARM_GCC_484\Debug\T-50_Project.a(Out_Ge1_Pin.o)
                0x00002e7c                Out_Ge1_Pin_Write
 .text.Out_Ge2_Pin_Write
                0x00002e94       0x18 .\CortexM0\ARM_GCC_484\Debug\T-50_Project.a(Out_Ge2_Pin.o)
                0x00002e94                Out_Ge2_Pin_Write
 .text.Out_Ge3_Pin_Write
                0x00002eac       0x18 .\CortexM0\ARM_GCC_484\Debug\T-50_Project.a(Out_Ge3_Pin.o)
                0x00002eac                Out_Ge3_Pin_Write
 .text.Out_Sp1_Pin_Write
                0x00002ec4       0x18 .\CortexM0\ARM_GCC_484\Debug\T-50_Project.a(Out_Sp1_Pin.o)
                0x00002ec4                Out_Sp1_Pin_Write
 .text.Out_Sp2_Pin_Write
                0x00002edc       0x18 .\CortexM0\ARM_GCC_484\Debug\T-50_Project.a(Out_Sp2_Pin.o)
                0x00002edc                Out_Sp2_Pin_Write
 .text.I2CM_Enable
                0x00002ef4       0x1c .\CortexM0\ARM_GCC_484\Debug\T-50_Project.a(I2CM.o)
                0x00002ef4                I2CM_Enable
 .text.I2CM_Start
                0x00002f10       0x1c .\CortexM0\ARM_GCC_484\Debug\T-50_Project.a(I2CM.o)
                0x00002f10                I2CM_Start
 .text.I2CM_I2CInit
                0x00002f2c       0xc8 .\CortexM0\ARM_GCC_484\Debug\T-50_Project.a(I2CM_I2C.o)
                0x00002f2c                I2CM_I2CInit
 .text.I2CM_I2CMasterSendStart
                0x00002ff4       0xb0 .\CortexM0\ARM_GCC_484\Debug\T-50_Project.a(I2CM_I2C_MASTER.o)
                0x00002ff4                I2CM_I2CMasterSendStart
 .text.I2CM_I2CMasterWriteByte
                0x000030a4       0x7c .\CortexM0\ARM_GCC_484\Debug\T-50_Project.a(I2CM_I2C_MASTER.o)
                0x000030a4                I2CM_I2CMasterWriteByte
 .text.I2CM_I2CMasterReadByte
                0x00003120       0x80 .\CortexM0\ARM_GCC_484\Debug\T-50_Project.a(I2CM_I2C_MASTER.o)
                0x00003120                I2CM_I2CMasterReadByte
 .text.I2CM_I2CReStartGeneration
                0x000031a0       0x90 .\CortexM0\ARM_GCC_484\Debug\T-50_Project.a(I2CM_I2C_MASTER.o)
                0x000031a0                I2CM_I2CReStartGeneration
 .text.I2CM_I2CMasterSendRestart
                0x00003230       0xa8 .\CortexM0\ARM_GCC_484\Debug\T-50_Project.a(I2CM_I2C_MASTER.o)
                0x00003230                I2CM_I2CMasterSendRestart
 .text.I2CM_sda_Read
                0x000032d8       0x10 .\CortexM0\ARM_GCC_484\Debug\T-50_Project.a(I2CM_sda.o)
                0x000032d8                I2CM_sda_Read
 .text.I2CM_scl_Write
                0x000032e8       0x18 .\CortexM0\ARM_GCC_484\Debug\T-50_Project.a(I2CM_scl.o)
                0x000032e8                I2CM_scl_Write
 .text.I2CM_scl_Read
                0x00003300       0x10 .\CortexM0\ARM_GCC_484\Debug\T-50_Project.a(I2CM_scl.o)
                0x00003300                I2CM_scl_Read
 .text.ADC_Init
                0x00003310       0xcc .\CortexM0\ARM_GCC_484\Debug\T-50_Project.a(ADC.o)
                0x00003310                ADC_Init
 .text.ADC_Enable
                0x000033dc       0x20 .\CortexM0\ARM_GCC_484\Debug\T-50_Project.a(ADC.o)
                0x000033dc                ADC_Enable
 .text.ADC_Start
                0x000033fc       0x1c .\CortexM0\ARM_GCC_484\Debug\T-50_Project.a(ADC.o)
                0x000033fc                ADC_Start
 .text.ADC_StartConvert
                0x00003418       0x14 .\CortexM0\ARM_GCC_484\Debug\T-50_Project.a(ADC.o)
                0x00003418                ADC_StartConvert
 .text.ADC_StopConvert
                0x0000342c       0x14 .\CortexM0\ARM_GCC_484\Debug\T-50_Project.a(ADC.o)
                0x0000342c                ADC_StopConvert
 .text.ADC_GetResult16
                0x00003440       0x20 .\CortexM0\ARM_GCC_484\Debug\T-50_Project.a(ADC.o)
                0x00003440                ADC_GetResult16
 .text.ADC_ISR  0x00003460        0xc .\CortexM0\ARM_GCC_484\Debug\T-50_Project.a(ADC_INT.o)
                0x00003460                ADC_ISR
 .text.I2CM_I2C_ISR
                0x0000346c      0x354 .\CortexM0\ARM_GCC_484\Debug\T-50_Project.a(I2CM_I2C_INT.o)
                0x0000346c                I2CM_I2C_ISR
 .text.atan2    0x000037c0        0x8 e:/program files (x86)/cypress/psoc creator/3.1/psoc creator/import/gnu_cs/arm/4.8.4/bin/../lib/gcc/arm-none-eabi/4.8.4/../../../../arm-none-eabi/lib/armv6-m\libm.a(lib_a-w_atan2.o)
                0x000037c0                atan2
 .text.__ieee754_atan2
                0x000037c8      0x208 e:/program files (x86)/cypress/psoc creator/3.1/psoc creator/import/gnu_cs/arm/4.8.4/bin/../lib/gcc/arm-none-eabi/4.8.4/../../../../arm-none-eabi/lib/armv6-m\libm.a(lib_a-e_atan2.o)
                0x000037c8                __ieee754_atan2
 .text.atan     0x000039d0      0x350 e:/program files (x86)/cypress/psoc creator/3.1/psoc creator/import/gnu_cs/arm/4.8.4/bin/../lib/gcc/arm-none-eabi/4.8.4/../../../../arm-none-eabi/lib/armv6-m\libm.a(lib_a-s_atan.o)
                0x000039d0                atan
 .text.fabs     0x00003d20        0x8 e:/program files (x86)/cypress/psoc creator/3.1/psoc creator/import/gnu_cs/arm/4.8.4/bin/../lib/gcc/arm-none-eabi/4.8.4/../../../../arm-none-eabi/lib/armv6-m\libm.a(lib_a-s_fabs.o)
                0x00003d20                fabs
 .text          0x00003d28       0x14 e:/program files (x86)/cypress/psoc creator/3.1/psoc creator/import/gnu_cs/arm/4.8.4/bin/../lib/gcc/arm-none-eabi/4.8.4/armv6-m\libgcc.a(_thumb1_case_uqi.o)
                0x00003d28                __gnu_thumb1_case_uqi
 .text          0x00003d3c       0x9c e:/program files (x86)/cypress/psoc creator/3.1/psoc creator/import/gnu_cs/arm/4.8.4/bin/../lib/gcc/arm-none-eabi/4.8.4/armv6-m\libgcc.a(_udivsi3.o)
                0x00003d3c                __aeabi_uidiv
                0x00003d3c                __udivsi3
                0x00003dc4                __aeabi_uidivmod
 .text          0x00003dd8       0xc0 e:/program files (x86)/cypress/psoc creator/3.1/psoc creator/import/gnu_cs/arm/4.8.4/bin/../lib/gcc/arm-none-eabi/4.8.4/armv6-m\libgcc.a(_divsi3.o)
                0x00003dd8                __divsi3
                0x00003dd8                __aeabi_idiv
                0x00003e84                __aeabi_idivmod
 .text          0x00003e98        0x4 e:/program files (x86)/cypress/psoc creator/3.1/psoc creator/import/gnu_cs/arm/4.8.4/bin/../lib/gcc/arm-none-eabi/4.8.4/armv6-m\libgcc.a(_dvmd_tls.o)
                0x00003e98                __aeabi_idiv0
                0x00003e98                __aeabi_ldiv0
 .text          0x00003e9c       0x7c e:/program files (x86)/cypress/psoc creator/3.1/psoc creator/import/gnu_cs/arm/4.8.4/bin/../lib/gcc/arm-none-eabi/4.8.4/armv6-m\libgcc.a(_arm_cmpdf2.o)
                0x00003e9c                __aeabi_cdrcmple
                0x00003eac                __aeabi_cdcmple
                0x00003eac                __aeabi_cdcmpeq
                0x00003ebc                __aeabi_dcmpeq
                0x00003ec8                __aeabi_dcmplt
                0x00003edc                __aeabi_dcmple
                0x00003ef0                __aeabi_dcmpgt
                0x00003f04                __aeabi_dcmpge
 .text          0x00003f18       0x30 e:/program files (x86)/cypress/psoc creator/3.1/psoc creator/import/gnu_cs/arm/4.8.4/bin/../lib/gcc/arm-none-eabi/4.8.4/armv6-m\libgcc.a(_fixunssfsi.o)
                0x00003f18                __fixunssfsi
                0x00003f18                __aeabi_f2uiz
 .text          0x00003f48      0x2d8 e:/program files (x86)/cypress/psoc creator/3.1/psoc creator/import/gnu_cs/arm/4.8.4/bin/../lib/gcc/arm-none-eabi/4.8.4/armv6-m\libgcc.a(addsf3.o)
                0x00003f48                __aeabi_fadd
 .text          0x00004220      0x24c e:/program files (x86)/cypress/psoc creator/3.1/psoc creator/import/gnu_cs/arm/4.8.4/bin/../lib/gcc/arm-none-eabi/4.8.4/armv6-m\libgcc.a(divsf3.o)
                0x00004220                __aeabi_fdiv
 .text          0x0000446c      0x254 e:/program files (x86)/cypress/psoc creator/3.1/psoc creator/import/gnu_cs/arm/4.8.4/bin/../lib/gcc/arm-none-eabi/4.8.4/armv6-m\libgcc.a(mulsf3.o)
                0x0000446c                __aeabi_fmul
 .text          0x000046c0      0x2ec e:/program files (x86)/cypress/psoc creator/3.1/psoc creator/import/gnu_cs/arm/4.8.4/bin/../lib/gcc/arm-none-eabi/4.8.4/armv6-m\libgcc.a(subsf3.o)
                0x000046c0                __aeabi_fsub
 .text          0x000049ac       0x40 e:/program files (x86)/cypress/psoc creator/3.1/psoc creator/import/gnu_cs/arm/4.8.4/bin/../lib/gcc/arm-none-eabi/4.8.4/armv6-m\libgcc.a(fixsfsi.o)
                0x000049ac                __aeabi_f2iz
 .text          0x000049ec       0xb8 e:/program files (x86)/cypress/psoc creator/3.1/psoc creator/import/gnu_cs/arm/4.8.4/bin/../lib/gcc/arm-none-eabi/4.8.4/armv6-m\libgcc.a(floatsisf.o)
                0x000049ec                __aeabi_i2f
 .text          0x00004aa4      0x644 e:/program files (x86)/cypress/psoc creator/3.1/psoc creator/import/gnu_cs/arm/4.8.4/bin/../lib/gcc/arm-none-eabi/4.8.4/armv6-m\libgcc.a(adddf3.o)
                0x00004aa4                __aeabi_dadd
 .text          0x000050e8      0x648 e:/program files (x86)/cypress/psoc creator/3.1/psoc creator/import/gnu_cs/arm/4.8.4/bin/../lib/gcc/arm-none-eabi/4.8.4/armv6-m\libgcc.a(divdf3.o)
                0x000050e8                __aeabi_ddiv
 .text          0x00005730       0x94 e:/program files (x86)/cypress/psoc creator/3.1/psoc creator/import/gnu_cs/arm/4.8.4/bin/../lib/gcc/arm-none-eabi/4.8.4/armv6-m\libgcc.a(eqdf2.o)
                0x00005730                __nedf2
                0x00005730                __eqdf2
 .text          0x000057c4       0xfc e:/program files (x86)/cypress/psoc creator/3.1/psoc creator/import/gnu_cs/arm/4.8.4/bin/../lib/gcc/arm-none-eabi/4.8.4/armv6-m\libgcc.a(gedf2.o)
                0x000057c4                __gedf2
                0x000057c4                __gtdf2
 .text          0x000058c0       0xfc e:/program files (x86)/cypress/psoc creator/3.1/psoc creator/import/gnu_cs/arm/4.8.4/bin/../lib/gcc/arm-none-eabi/4.8.4/armv6-m\libgcc.a(ledf2.o)
                0x000058c0                __ledf2
                0x000058c0                __ltdf2
 .text          0x000059bc      0x520 e:/program files (x86)/cypress/psoc creator/3.1/psoc creator/import/gnu_cs/arm/4.8.4/bin/../lib/gcc/arm-none-eabi/4.8.4/armv6-m\libgcc.a(muldf3.o)
                0x000059bc                __aeabi_dmul
 .text          0x00005edc      0x668 e:/program files (x86)/cypress/psoc creator/3.1/psoc creator/import/gnu_cs/arm/4.8.4/bin/../lib/gcc/arm-none-eabi/4.8.4/armv6-m\libgcc.a(subdf3.o)
                0x00005edc                __aeabi_dsub
 .text          0x00006544       0x68 e:/program files (x86)/cypress/psoc creator/3.1/psoc creator/import/gnu_cs/arm/4.8.4/bin/../lib/gcc/arm-none-eabi/4.8.4/armv6-m\libgcc.a(fixdfsi.o)
                0x00006544                __aeabi_d2iz
 .text          0x000065ac       0x7c e:/program files (x86)/cypress/psoc creator/3.1/psoc creator/import/gnu_cs/arm/4.8.4/bin/../lib/gcc/arm-none-eabi/4.8.4/armv6-m\libgcc.a(floatsidf.o)
                0x000065ac                __aeabi_i2d
 .text          0x00006628      0x118 e:/program files (x86)/cypress/psoc creator/3.1/psoc creator/import/gnu_cs/arm/4.8.4/bin/../lib/gcc/arm-none-eabi/4.8.4/armv6-m\libgcc.a(truncdfsf2.o)
                0x00006628                __aeabi_d2f
 .text          0x00006740       0x74 e:/program files (x86)/cypress/psoc creator/3.1/psoc creator/import/gnu_cs/arm/4.8.4/bin/../lib/gcc/arm-none-eabi/4.8.4/armv6-m\libgcc.a(_arm_cmpsf2.o)
                0x00006740                __aeabi_cfrcmple
                0x00006748                __aeabi_cfcmpeq
                0x00006748                __aeabi_cfcmple
                0x00006758                __aeabi_fcmpeq
                0x00006764                __aeabi_fcmplt
                0x00006778                __aeabi_fcmple
                0x0000678c                __aeabi_fcmpgt
                0x000067a0                __aeabi_fcmpge
 .text          0x000067b4       0x3c e:/program files (x86)/cypress/psoc creator/3.1/psoc creator/import/gnu_cs/arm/4.8.4/bin/../lib/gcc/arm-none-eabi/4.8.4/armv6-m\libgcc.a(_clzsi2.o)
                0x000067b4                __clzsi2
 .text          0x000067f0       0x54 e:/program files (x86)/cypress/psoc creator/3.1/psoc creator/import/gnu_cs/arm/4.8.4/bin/../lib/gcc/arm-none-eabi/4.8.4/armv6-m\libgcc.a(eqsf2.o)
                0x000067f0                __eqsf2
                0x000067f0                __nesf2
 .text          0x00006844       0x90 e:/program files (x86)/cypress/psoc creator/3.1/psoc creator/import/gnu_cs/arm/4.8.4/bin/../lib/gcc/arm-none-eabi/4.8.4/armv6-m\libgcc.a(gesf2.o)
                0x00006844                __gesf2
                0x00006844                __gtsf2
 .text          0x000068d4       0x98 e:/program files (x86)/cypress/psoc creator/3.1/psoc creator/import/gnu_cs/arm/4.8.4/bin/../lib/gcc/arm-none-eabi/4.8.4/armv6-m\libgcc.a(lesf2.o)
                0x000068d4                __ltsf2
                0x000068d4                __lesf2
 .text.__errno  0x0000696c        0xc e:/program files (x86)/cypress/psoc creator/3.1/psoc creator/import/gnu_cs/arm/4.8.4/bin/../lib/gcc/arm-none-eabi/4.8.4/../../../../arm-none-eabi/lib/armv6-m\libg_s.a(lib_a-errno.o)
                0x0000696c                __errno
 .text.__libc_init_array
                0x00006978       0x4c e:/program files (x86)/cypress/psoc creator/3.1/psoc creator/import/gnu_cs/arm/4.8.4/bin/../lib/gcc/arm-none-eabi/4.8.4/../../../../arm-none-eabi/lib/armv6-m\libg_s.a(lib_a-init.o)
                0x00006978                __libc_init_array
 .text.memcpy   0x000069c4       0x12 e:/program files (x86)/cypress/psoc creator/3.1/psoc creator/import/gnu_cs/arm/4.8.4/bin/../lib/gcc/arm-none-eabi/4.8.4/../../../../arm-none-eabi/lib/armv6-m\libg_s.a(lib_a-memcpy-stub.o)
                0x000069c4                memcpy
 .text.memset   0x000069d6       0x10 e:/program files (x86)/cypress/psoc creator/3.1/psoc creator/import/gnu_cs/arm/4.8.4/bin/../lib/gcc/arm-none-eabi/4.8.4/../../../../arm-none-eabi/lib/armv6-m\libg_s.a(lib_a-memset.o)
                0x000069d6                memset
 *fill*         0x000069e6        0x2 
 .text.sprintf  0x000069e8       0x44 e:/program files (x86)/cypress/psoc creator/3.1/psoc creator/import/gnu_cs/arm/4.8.4/bin/../lib/gcc/arm-none-eabi/4.8.4/../../../../arm-none-eabi/lib/armv6-m\libg_s.a(lib_a-sprintf.o)
                0x000069e8                siprintf
                0x000069e8                sprintf
 .text          0x00006a2c       0x14 e:/program files (x86)/cypress/psoc creator/3.1/psoc creator/import/gnu_cs/arm/4.8.4/bin/../lib/gcc/arm-none-eabi/4.8.4/../../../../arm-none-eabi/lib/armv6-m\libg_s.a(lib_a-strcmp.o)
                0x00006a2c                strcmp
 .text.__ssputs_r
                0x00006a40       0xc0 e:/program files (x86)/cypress/psoc creator/3.1/psoc creator/import/gnu_cs/arm/4.8.4/bin/../lib/gcc/arm-none-eabi/4.8.4/../../../../arm-none-eabi/lib/armv6-m\libg_s.a(lib_a-svfprintf.o)
                0x00006a40                __ssputs_r
 .text._svfprintf_r
                0x00006b00      0x1e0 e:/program files (x86)/cypress/psoc creator/3.1/psoc creator/import/gnu_cs/arm/4.8.4/bin/../lib/gcc/arm-none-eabi/4.8.4/../../../../arm-none-eabi/lib/armv6-m\libg_s.a(lib_a-svfprintf.o)
                0x00006b00                _svfiprintf_r
                0x00006b00                _svfprintf_r
 .text._printf_common
                0x00006ce0       0xe8 e:/program files (x86)/cypress/psoc creator/3.1/psoc creator/import/gnu_cs/arm/4.8.4/bin/../lib/gcc/arm-none-eabi/4.8.4/../../../../arm-none-eabi/lib/armv6-m\libg_s.a(lib_a-vfprintf_i.o)
                0x00006ce0                _printf_common
 .text._printf_i
                0x00006dc8      0x22c e:/program files (x86)/cypress/psoc creator/3.1/psoc creator/import/gnu_cs/arm/4.8.4/bin/../lib/gcc/arm-none-eabi/4.8.4/../../../../arm-none-eabi/lib/armv6-m\libg_s.a(lib_a-vfprintf_i.o)
                0x00006dc8                _printf_i
 .text.memchr   0x00006ff4       0x16 e:/program files (x86)/cypress/psoc creator/3.1/psoc creator/import/gnu_cs/arm/4.8.4/bin/../lib/gcc/arm-none-eabi/4.8.4/../../../../arm-none-eabi/lib/armv6-m\libg_s.a(lib_a-memchr-stub.o)
                0x00006ff4                memchr
 .text.memmove  0x0000700a       0x32 e:/program files (x86)/cypress/psoc creator/3.1/psoc creator/import/gnu_cs/arm/4.8.4/bin/../lib/gcc/arm-none-eabi/4.8.4/../../../../arm-none-eabi/lib/armv6-m\libg_s.a(lib_a-memmove.o)
                0x0000700a                memmove
 .text._free_r  0x0000703c       0x90 e:/program files (x86)/cypress/psoc creator/3.1/psoc creator/import/gnu_cs/arm/4.8.4/bin/../lib/gcc/arm-none-eabi/4.8.4/../../../../arm-none-eabi/lib/armv6-m\libg_s.a(lib_a-nano-freer.o)
                0x0000703c                _free_r
 .text._malloc_r
                0x000070cc       0xa8 e:/program files (x86)/cypress/psoc creator/3.1/psoc creator/import/gnu_cs/arm/4.8.4/bin/../lib/gcc/arm-none-eabi/4.8.4/../../../../arm-none-eabi/lib/armv6-m\libg_s.a(lib_a-nano-mallocr.o)
                0x000070cc                _malloc_r
 .text._realloc_r
                0x00007174       0x4c e:/program files (x86)/cypress/psoc creator/3.1/psoc creator/import/gnu_cs/arm/4.8.4/bin/../lib/gcc/arm-none-eabi/4.8.4/../../../../arm-none-eabi/lib/armv6-m\libg_s.a(lib_a-nano-reallocr.o)
                0x00007174                _realloc_r
 .text._sbrk_r  0x000071c0       0x24 e:/program files (x86)/cypress/psoc creator/3.1/psoc creator/import/gnu_cs/arm/4.8.4/bin/../lib/gcc/arm-none-eabi/4.8.4/../../../../arm-none-eabi/lib/armv6-m\libg_s.a(lib_a-sbrkr.o)
                0x000071c0                _sbrk_r
 .text.strlen   0x000071e4        0xe e:/program files (x86)/cypress/psoc creator/3.1/psoc creator/import/gnu_cs/arm/4.8.4/bin/../lib/gcc/arm-none-eabi/4.8.4/../../../../arm-none-eabi/lib/armv6-m\libg_s.a(lib_a-strlen.o)
                0x000071e4                strlen
 .text._malloc_usable_size_r
                0x000071f2       0x12 e:/program files (x86)/cypress/psoc creator/3.1/psoc creator/import/gnu_cs/arm/4.8.4/bin/../lib/gcc/arm-none-eabi/4.8.4/../../../../arm-none-eabi/lib/armv6-m\libg_s.a(lib_a-nano-msizer.o)
                0x000071f2                _malloc_usable_size_r
 *(.plt)
 *(.gnu.warning)
 *(.glue_7t)
 .glue_7t       0x00000000        0x0 linker stubs
 *(.glue_7)
 .glue_7        0x00000000        0x0 linker stubs
 *(.vfp11_veneer)
 .vfp11_veneer  0x00000000        0x0 linker stubs
 *(.bootloader)
 *(.ARM.extab* .gnu.linkonce.armextab.*)
 *(.gcc_except_table)

.v4_bx          0x00007204        0x0
 .v4_bx         0x00000000        0x0 linker stubs

.iplt           0x00007204        0x0
 .iplt          0x00000000        0x0 e:/program files (x86)/cypress/psoc creator/3.1/psoc creator/import/gnu_cs/arm/4.8.4/bin/../lib/gcc/arm-none-eabi/4.8.4/armv6-m/crtbegin.o

.eh_frame_hdr
 *(.eh_frame_hdr)

.eh_frame       0x00007204        0x4
 *(.eh_frame)
 .eh_frame      0x00007204        0x0 e:/program files (x86)/cypress/psoc creator/3.1/psoc creator/import/gnu_cs/arm/4.8.4/bin/../lib/gcc/arm-none-eabi/4.8.4/armv6-m/crtbegin.o
 .eh_frame      0x00007204        0x4 e:/program files (x86)/cypress/psoc creator/3.1/psoc creator/import/gnu_cs/arm/4.8.4/bin/../lib/gcc/arm-none-eabi/4.8.4/armv6-m/crtend.o
                0x00007208                PROVIDE (__exidx_start, .)

.ARM.exidx
 *(.ARM.exidx* .gnu.linkonce.armexidx.*)
                0x00007208                __exidx_end = .

.rodata         0x00007208      0x408
 *(.rodata .rodata.* .gnu.linkonce.r.*)
 .rodata.str1.1
                0x00007208       0x45 .\CortexM0\ARM_GCC_484\Debug\main.o
                                 0x58 (size before relaxing)
 .rodata.str1.1
                0x0000724d       0x73 .\CortexM0\ARM_GCC_484\Debug\IMU.o
                                 0x79 (size before relaxing)
 .rodata.str1.1
                0x000072c0       0x15 .\CortexM0\ARM_GCC_484\Debug\Baro.o
                                 0x18 (size before relaxing)
 *fill*         0x000072d5        0x3 
 .rodata        0x000072d8      0x180 .\CortexM0\ARM_GCC_484\Debug\T-50_Project.a(cyfitter_cfg.o)
 .rodata.str1.1
                0x00007458        0x7 .\CortexM0\ARM_GCC_484\Debug\T-50_Project.a(BootISR.o)
 *fill*         0x0000745f        0x1 
 .rodata.atanlo
                0x00007460       0x20 e:/program files (x86)/cypress/psoc creator/3.1/psoc creator/import/gnu_cs/arm/4.8.4/bin/../lib/gcc/arm-none-eabi/4.8.4/../../../../arm-none-eabi/lib/armv6-m\libm.a(lib_a-s_atan.o)
 .rodata.atanhi
                0x00007480       0x20 e:/program files (x86)/cypress/psoc creator/3.1/psoc creator/import/gnu_cs/arm/4.8.4/bin/../lib/gcc/arm-none-eabi/4.8.4/../../../../arm-none-eabi/lib/armv6-m\libm.a(lib_a-s_atan.o)
 .rodata        0x000074a0       0x40 e:/program files (x86)/cypress/psoc creator/3.1/psoc creator/import/gnu_cs/arm/4.8.4/bin/../lib/gcc/arm-none-eabi/4.8.4/armv6-m\libgcc.a(divsf3.o)
 .rodata        0x000074e0       0x40 e:/program files (x86)/cypress/psoc creator/3.1/psoc creator/import/gnu_cs/arm/4.8.4/bin/../lib/gcc/arm-none-eabi/4.8.4/armv6-m\libgcc.a(mulsf3.o)
 .rodata        0x00007520       0x40 e:/program files (x86)/cypress/psoc creator/3.1/psoc creator/import/gnu_cs/arm/4.8.4/bin/../lib/gcc/arm-none-eabi/4.8.4/armv6-m\libgcc.a(divdf3.o)
 .rodata        0x00007560       0x40 e:/program files (x86)/cypress/psoc creator/3.1/psoc creator/import/gnu_cs/arm/4.8.4/bin/../lib/gcc/arm-none-eabi/4.8.4/armv6-m\libgcc.a(muldf3.o)
 .rodata.str1.1
                0x000075a0        0x2 e:/program files (x86)/cypress/psoc creator/3.1/psoc creator/import/gnu_cs/arm/4.8.4/bin/../lib/gcc/arm-none-eabi/4.8.4/../../../../arm-none-eabi/lib/armv6-m\libg_s.a(lib_a-impure.o)
 .rodata.str1.1
                0x000075a2       0x11 e:/program files (x86)/cypress/psoc creator/3.1/psoc creator/import/gnu_cs/arm/4.8.4/bin/../lib/gcc/arm-none-eabi/4.8.4/../../../../arm-none-eabi/lib/armv6-m\libg_s.a(lib_a-svfprintf.o)
 .rodata.str1.1
                0x000075b3       0x22 e:/program files (x86)/cypress/psoc creator/3.1/psoc creator/import/gnu_cs/arm/4.8.4/bin/../lib/gcc/arm-none-eabi/4.8.4/../../../../arm-none-eabi/lib/armv6-m\libg_s.a(lib_a-vfprintf_i.o)
                0x000075d8                . = ALIGN (0x4)
 *fill*         0x000075d5        0x3 
 *(.init)
 .init          0x000075d8        0x4 e:/program files (x86)/cypress/psoc creator/3.1/psoc creator/import/gnu_cs/arm/4.8.4/bin/../lib/gcc/arm-none-eabi/4.8.4/armv6-m/crti.o
                0x000075d8                _init
 .init          0x000075dc        0x8 e:/program files (x86)/cypress/psoc creator/3.1/psoc creator/import/gnu_cs/arm/4.8.4/bin/../lib/gcc/arm-none-eabi/4.8.4/armv6-m/crtn.o
                0x000075e4                . = ALIGN (0x4)
                0x000075e4                __preinit_array_start = .
 *(.preinit_array)
                0x000075e4                __preinit_array_end = .
                0x000075e4                . = ALIGN (0x4)
                0x000075e4                __init_array_start = .
 *(SORT(.init_array.*))
 *(.init_array)
 .init_array    0x000075e4        0x4 e:/program files (x86)/cypress/psoc creator/3.1/psoc creator/import/gnu_cs/arm/4.8.4/bin/../lib/gcc/arm-none-eabi/4.8.4/armv6-m/crtbegin.o
 .init_array    0x000075e8        0x4 .\CortexM0\ARM_GCC_484\Debug\Cm0Start.o
                0x000075ec                __init_array_end = .
                0x000075ec                . = ALIGN (0x4)
 *(.fini)
 .fini          0x000075ec        0x4 e:/program files (x86)/cypress/psoc creator/3.1/psoc creator/import/gnu_cs/arm/4.8.4/bin/../lib/gcc/arm-none-eabi/4.8.4/armv6-m/crti.o
                0x000075ec                _fini
 .fini          0x000075f0        0x8 e:/program files (x86)/cypress/psoc creator/3.1/psoc creator/import/gnu_cs/arm/4.8.4/bin/../lib/gcc/arm-none-eabi/4.8.4/armv6-m/crtn.o
                0x000075f8                . = ALIGN (0x4)
                0x000075f8                __fini_array_start = .
 *(.fini_array)
 .fini_array    0x000075f8        0x4 e:/program files (x86)/cypress/psoc creator/3.1/psoc creator/import/gnu_cs/arm/4.8.4/bin/../lib/gcc/arm-none-eabi/4.8.4/armv6-m/crtbegin.o
 *(SORT(.fini_array.*))
                0x000075fc                __fini_array_end = .
                0x000075fc                . = ALIGN (0x4)
 *crtbegin.o(.ctors)
 *(EXCLUDE_FILE(*crtend.o) .ctors)
 *(SORT(.ctors.*))
 *crtend.o(.ctors)
                0x000075fc                . = ALIGN (0x4)
 *crtbegin.o(.dtors)
 *(EXCLUDE_FILE(*crtend.o) .dtors)
 *(SORT(.dtors.*))
 *crtend.o(.dtors)
                0x000075fc                . = ALIGN (0x4)
                0x000075fc                __cy_regions = .
                0x000075fc        0x4 LONG 0x7610 __cy_region_init_ram
                0x00007600        0x4 LONG 0x200000d0 __cy_region_start_data
                0x00007604        0x4 LONG 0xc0 __cy_region_init_size_ram
                0x00007608        0x4 LONG 0x3f0 __cy_region_zero_size_ram
                0x0000760c                __cy_regions_end = .
                0x00007610                . = ALIGN (0x8)
 *fill*         0x0000760c        0x4 
                0x00007610                _etext = .

.ramvectors     0x20000000       0xc0
                0x20000000                __cy_region_start_ram = .
 *(.ramvectors)
 .ramvectors    0x20000000       0xc0 .\CortexM0\ARM_GCC_484\Debug\Cm0Start.o
                0x20000000                CyRamVectors

.btldr_run      0x200000c0        0x4
 *(.bootloaderruntype)
 .bootloaderruntype
                0x200000c0        0x4 .\CortexM0\ARM_GCC_484\Debug\Cm0Start.o
                0x200000c0                cyBtldrRunType

.noinit         0x200000c8        0x4
 *(.noinit)
 .noinit        0x200000c8        0x4 .\CortexM0\ARM_GCC_484\Debug\Cm0Start.o

.data           0x200000d0       0xc0 load address 0x00007610
                0x200000d0                __cy_region_start_data = .
 *(.jcr)
 .jcr           0x200000d0        0x0 e:/program files (x86)/cypress/psoc creator/3.1/psoc creator/import/gnu_cs/arm/4.8.4/bin/../lib/gcc/arm-none-eabi/4.8.4/armv6-m/crtbegin.o
 .jcr           0x200000d0        0x4 e:/program files (x86)/cypress/psoc creator/3.1/psoc creator/import/gnu_cs/arm/4.8.4/bin/../lib/gcc/arm-none-eabi/4.8.4/armv6-m/crtend.o
 *(.got.plt)
 *(.got)
 *(.shdata)
 *(.data .data.* .gnu.linkonce.d.*)
 .data          0x200000d4       0x44 .\CortexM0\ARM_GCC_484\Debug\main.o
                0x200000d4                speed_offset
                0x200000d6                flag_LightsEnabled
                0x200000d8                NavLightBright
                0x200000da                NavLightStep
                0x200000dc                sample_time
                0x200000e0                ctrl_out
                0x200000fa                K_d_p
                0x200000fb                K_d_q
                0x200000fc                K_d_r
                0x200000fe                ctrl_in_trim
                0x20000108                system_state
                0x20000109                system_type
                0x2000010c                R_angle
                0x20000110                Q_gyro
                0x20000114                Q_angle
 .data          0x20000118        0x4 .\CortexM0\ARM_GCC_484\Debug\Cm0Start.o
 .data          0x2000011c       0x10 .\CortexM0\ARM_GCC_484\Debug\T-50_Project.a(CyLib.o)
                0x2000011c                cydelay32kMs
                0x20000120                cydelayFreqKhz
                0x20000124                cydelayFreqMhz
                0x20000128                cydelayFreqHz
 .data.impure_data
                0x2000012c       0x60 e:/program files (x86)/cypress/psoc creator/3.1/psoc creator/import/gnu_cs/arm/4.8.4/bin/../lib/gcc/arm-none-eabi/4.8.4/../../../../arm-none-eabi/lib/armv6-m\libg_s.a(lib_a-impure.o)
 .data._impure_ptr
                0x2000018c        0x4 e:/program files (x86)/cypress/psoc creator/3.1/psoc creator/import/gnu_cs/arm/4.8.4/bin/../lib/gcc/arm-none-eabi/4.8.4/../../../../arm-none-eabi/lib/armv6-m\libg_s.a(lib_a-impure.o)
                0x2000018c                _impure_ptr
                0x20000190                . = ALIGN (0x8)
 *(.ram)
                0x20000190                _edata = .

.igot.plt       0x20000190        0x0 load address 0x000076d0
 .igot.plt      0x00000000        0x0 e:/program files (x86)/cypress/psoc creator/3.1/psoc creator/import/gnu_cs/arm/4.8.4/bin/../lib/gcc/arm-none-eabi/4.8.4/armv6-m/crtbegin.o

.bss            0x20000190      0x3f0 load address 0x000076d0
                0x20000190                PROVIDE (__bss_start__, .)
 *(.shbss)
 *(.bss .bss.* .gnu.linkonce.b.*)
 .bss           0x20000190       0x1c e:/program files (x86)/cypress/psoc creator/3.1/psoc creator/import/gnu_cs/arm/4.8.4/bin/../lib/gcc/arm-none-eabi/4.8.4/armv6-m/crtbegin.o
 .bss           0x200001ac       0xdc .\CortexM0\ARM_GCC_484\Debug\main.o
                0x200001ac                cal_cnt
                0x200001ae                speed
                0x200001b0                temp
                0x200001b4                QFE
                0x200001b8                task_flag
                0x200001ba                NavLightCompare
                0x200001bc                flag_NavLightPulse
                0x200001be                NavLightDim
                0x200001c0                cnt_StrobeLight
                0x200001c2                ctrl_in
                0x200001d2                cnt_baro
                0x200001d4                press
                0x200001d8                alt
                0x200001dc                speed_cal_compl
                0x200001e2                acc_x_g
                0x200001e4                acc_z_g
                0x200001e6                acc_y_g
                0x200001e8                turn_rate_p
                0x200001ea                turn_rate_q
                0x200001ec                Theta_meas
                0x200001f0                Phi_meas
                0x200001fc                receiver_connected
                0x200001fd                Ctrl_Mode
                0x20000200                tune_cnt
                0x20000202                turn_rate_r
                0x20000204                Theta_Error_sum
                0x20000208                Theta_Target
                0x20000209                Phi_Error
                0x2000020c                Phi_Error_sum
                0x20000210                Phi_Target
                0x20000211                Theta_Error
                0x20000212                ctrl_out_PID
                0x2000021c                Theta_Error_prev
                0x2000021e                ctrl_out_DAMP
                0x20000228                Phi_Error_prev
                0x20000229                Rx_flag
                0x2000022a                Rx_String
                0x20000234                Rx_char
                0x20000235                Rx_index
                0x20000236                cnt_ML_ATTITUDE_send
                0x20000237                cnt_ML_HEARTBEAT_send
                0x20000238                custom_mode
                0x2000023c                system_mode
                0x2000023d                autopilot_type
                0x20000240                K_1_Phi
                0x20000244                P_Phi
                0x20000254                p_bias
                0x20000258                K_1_Theta
                0x2000025c                P_Theta
                0x2000026c                q_bias
                0x20000270                Bar_press
                0x20000274                Mag_y
                0x20000278                Mag_Heading
                0x2000027c                Psi_acc
                0x20000280                mag_z_g
                0x20000282                mag_y_g
                0x20000284                mag_x_g
                0x20000286                PPM_channel
                0x20000287                blink_cnt
 .bss           0x20000288       0x34 .\CortexM0\ARM_GCC_484\Debug\IMU.o
                0x20000288                acc_x_h
                0x20000289                acc_x_l
                0x2000028a                acc_y_h
                0x2000028b                acc_y_l
                0x2000028c                acc_z_h
                0x2000028d                acc_z_l
                0x2000028e                gyro_x_h
                0x2000028f                gyro_x_l
                0x20000290                gyro_y_h
                0x20000291                gyro_y_l
                0x20000292                gyro_z_h
                0x20000293                gyro_z_l
                0x20000294                gyro_x
                0x20000296                gyro_y
                0x20000298                gyro_z
                0x2000029a                mag_x_h
                0x2000029b                mag_x_l
                0x2000029c                mag_z_h
                0x2000029d                mag_z_l
                0x2000029e                mag_y_h
                0x2000029f                mag_y_l
                0x200002a0                mag_z
                0x200002a2                mag_y
                0x200002a4                mag_x
                0x200002a6                acc_z
                0x200002a8                acc_y
                0x200002aa                acc_x
                0x200002ac                error_stat
                0x200002ae                gyro_r_offset
                0x200002b0                gyro_q_offset
                0x200002b2                gyro_p_offset
                0x200002b4                temperature
                0x200002b6                gyro_r
                0x200002b8                gyro_q
                0x200002ba                gyro_p
 .bss           0x200002bc        0x6 .\CortexM0\ARM_GCC_484\Debug\Baro.o
                0x200002bc                AC3
                0x200002be                AC6
                0x200002c0                MD
 *fill*         0x200002c2        0x2 
 .bss           0x200002c4        0x8 .\CortexM0\ARM_GCC_484\Debug\T-50_Project.a(UART_1.o)
                0x200002c4                UART_1_initVar
                0x200002c8                UART_1_customIntrHandler
 .bss           0x200002cc        0x1 .\CortexM0\ARM_GCC_484\Debug\T-50_Project.a(TaskTimer.o)
                0x200002cc                TaskTimer_initVar
 .bss           0x200002cd        0x1 .\CortexM0\ARM_GCC_484\Debug\T-50_Project.a(NavLightPWM.o)
                0x200002cd                NavLightPWM_initVar
 .bss           0x200002ce        0x1 .\CortexM0\ARM_GCC_484\Debug\T-50_Project.a(PPMCounter.o)
                0x200002ce                PPMCounter_initVar
 .bss           0x200002cf        0x1 .\CortexM0\ARM_GCC_484\Debug\T-50_Project.a(PPMRstISR.o)
                0x200002cf                overflow
 .bss           0x200002d0        0x1 .\CortexM0\ARM_GCC_484\Debug\T-50_Project.a(ServoTimer.o)
                0x200002d0                ServoTimer_initVar
 .bss           0x200002d1        0x1 .\CortexM0\ARM_GCC_484\Debug\T-50_Project.a(ServoISR.o)
                0x200002d1                PWM_channel
 *fill*         0x200002d2        0x2 
 .bss           0x200002d4        0x8 .\CortexM0\ARM_GCC_484\Debug\T-50_Project.a(I2CM.o)
                0x200002d4                I2CM_initVar
                0x200002d8                I2CM_customIntrHandler
 .bss           0x200002dc        0x1 .\CortexM0\ARM_GCC_484\Debug\T-50_Project.a(ADC.o)
                0x200002dc                ADC_initVar
 *fill*         0x200002dd        0x3 
 .bss.__malloc_sbrk_start
                0x200002e0        0x4 e:/program files (x86)/cypress/psoc creator/3.1/psoc creator/import/gnu_cs/arm/4.8.4/bin/../lib/gcc/arm-none-eabi/4.8.4/../../../../arm-none-eabi/lib/armv6-m\libg_s.a(lib_a-nano-mallocr.o)
                0x200002e0                __malloc_sbrk_start
 .bss.__malloc_free_list
                0x200002e4        0x4 e:/program files (x86)/cypress/psoc creator/3.1/psoc creator/import/gnu_cs/arm/4.8.4/bin/../lib/gcc/arm-none-eabi/4.8.4/../../../../arm-none-eabi/lib/armv6-m\libg_s.a(lib_a-nano-mallocr.o)
                0x200002e4                __malloc_free_list
 *(COMMON)
 COMMON         0x200002e8      0x254 .\CortexM0\ARM_GCC_484\Debug\main.o
                0x200002e8                Psi
                0x200002ec                K_0_Theta
                0x200002f0                S_Theta
                0x200002f4                msg
                0x20000404                Theta_temp
                0x20000408                Phi_acc
                0x2000040c                Mag_x
                0x20000410                Theta_Mav
                0x20000414                mavlink_system
                0x20000418                S_Phi
                0x2000041c                Theta
                0x20000420                Phi_temp
                0x20000424                buf
                0x2000052c                Theta_acc
                0x20000530                K_0_Phi
                0x20000534                Phi_Mav
                0x20000538                Phi
 COMMON         0x2000053c       0x12 .\CortexM0\ARM_GCC_484\Debug\Baro.o
                0x2000053c                AC1
                0x2000053e                AC5
                0x20000540                B5
                0x20000542                AC4
                0x20000544                MB
                0x20000546                AC2
                0x20000548                B2
                0x2000054a                B1
                0x2000054c                MC
 COMMON         0x2000054e        0x1 .\CortexM0\ARM_GCC_484\Debug\T-50_Project.a(I2CM_I2C.o)
                0x2000054e                I2CM_state
 *fill*         0x2000054f        0x1 
 COMMON         0x20000550       0x24 .\CortexM0\ARM_GCC_484\Debug\T-50_Project.a(I2CM_I2C_MASTER.o)
                0x20000550                I2CM_mstrRdBufPtr
                0x20000554                I2CM_mstrWrBufPtr
                0x20000558                I2CM_mstrRdBufIndex
                0x2000055c                I2CM_mstrStatus
                0x20000560                I2CM_mstrWrBufIndex
                0x20000564                I2CM_mstrControl
                0x20000568                I2CM_mstrWrBufIndexTmp
                0x2000056c                I2CM_mstrRdBufSize
                0x20000570                I2CM_mstrWrBufSize
 COMMON         0x20000574        0x6 .\CortexM0\ARM_GCC_484\Debug\T-50_Project.a(ADC.o)
                0x20000574                ADC_countsPer10Volt
                0x20000578                ADC_offset
 *fill*         0x2000057a        0x2 
 COMMON         0x2000057c        0x4 e:/program files (x86)/cypress/psoc creator/3.1/psoc creator/import/gnu_cs/arm/4.8.4/bin/../lib/gcc/arm-none-eabi/4.8.4/../../../../arm-none-eabi/lib/armv6-m\libg_s.a(lib_a-reent.o)
                0x2000057c                errno
                0x20000580                . = ALIGN (0x8)
 *(.ram.b)
                0x20000580                _end = .
                0x20000580                __end = .
                0x20000580                PROVIDE (end, .)
                0x20000580                PROVIDE (__bss_end__, .)
                0x00007610                __cy_region_init_ram = LOADADDR (.data)
                0x000000c0                __cy_region_init_size_ram = (_edata - ADDR (.data))
                0x000003f0                __cy_region_zero_size_ram = (_end - _edata)

.heap           0x20000580      0x100 load address 0x000076d0
                0x20000580                . = _end
                0x20000680                . = (. + 0x100)
 *fill*         0x20000580      0x100 
                0x20000680                __cy_heap_limit = .

.stack          0x20000c00      0x400
                0x20000c00                __cy_stack_limit = .
                0x20001000                . = (. + 0x400)
 *fill*         0x20000c00      0x400 
                0x00000001                ASSERT ((__cy_stack_limit >= __cy_heap_limit), region RAM overflowed with stack)

.cyloadermeta   0xf0000000       0x40
 *(.cyloadermeta)
 .cyloadermeta  0xf0000000       0x40 .\CortexM0\ARM_GCC_484\Debug\cybootloader.o
                0xf0000000                cy_meta_loader

.cyloadablemeta
                0x00007fc0       0x40
 *(.cyloadablemeta)
 .cyloadablemeta
                0x00007fc0       0x40 .\CortexM0\ARM_GCC_484\Debug\cymetadata.o
                0x00007fc0                cy_meta_loadable

.cyflashprotect
                0x90400000       0x20
 *(.cyflashprotect)
 .cyflashprotect
                0x90400000       0x20 .\CortexM0\ARM_GCC_484\Debug\cybootloader.o
                0x90400000                cy_meta_flashprotect

.cymeta         0x90500000        0xc
 *(.cymeta)
 .cymeta        0x90500000        0xc .\CortexM0\ARM_GCC_484\Debug\cybootloader.o
                0x90500000                cy_metadata

.cychipprotect  0x90600000        0x1
 *(.cychipprotect)
 .cychipprotect
                0x90600000        0x1 .\CortexM0\ARM_GCC_484\Debug\cybootloader.o
                0x90600000                cy_meta_chipprotect

.rel.dyn        0x00008000        0x0 load address 0x90600004
 .rel.iplt      0x00000000        0x0 e:/program files (x86)/cypress/psoc creator/3.1/psoc creator/import/gnu_cs/arm/4.8.4/bin/../lib/gcc/arm-none-eabi/4.8.4/armv6-m/crtbegin.o

.stab
 *(.stab)

.stabstr
 *(.stabstr)

.debug
 *(.debug)

.line
 *(.line)

.debug_srcinfo
 *(.debug_srcinfo)

.debug_sfnames
 *(.debug_sfnames)

.debug_aranges  0x00000000     0x1360
 *(.debug_aranges)
 .debug_aranges
                0x00000000       0x40 .\CortexM0\ARM_GCC_484\Debug\main.o
 .debug_aranges
                0x00000040       0x58 .\CortexM0\ARM_GCC_484\Debug\IMU.o
 .debug_aranges
                0x00000098       0x50 .\CortexM0\ARM_GCC_484\Debug\Baro.o
 .debug_aranges
                0x000000e8       0x18 .\CortexM0\ARM_GCC_484\Debug\cybootloader.o
 .debug_aranges
                0x00000100       0x18 .\CortexM0\ARM_GCC_484\Debug\cymetadata.o
 .debug_aranges
                0x00000118       0x48 .\CortexM0\ARM_GCC_484\Debug\Cm0Start.o
 .debug_aranges
                0x00000160       0x28 .\CortexM0\ARM_GCC_484\Debug\T-50_Project.a(cyfitter_cfg.o)
 .debug_aranges
                0x00000188       0x28 .\CortexM0\ARM_GCC_484\Debug\T-50_Project.a(Bootloadable_1.o)
 .debug_aranges
                0x000001b0       0x20 .\CortexM0\ARM_GCC_484\Debug\T-50_Project.a(CyBootAsmGnu.o)
 .debug_aranges
                0x000001d0       0x28 .\CortexM0\ARM_GCC_484\Debug\T-50_Project.a(CyFlash.o)
 .debug_aranges
                0x000001f8      0x210 .\CortexM0\ARM_GCC_484\Debug\T-50_Project.a(CyLib.o)
 .debug_aranges
                0x00000408       0x58 .\CortexM0\ARM_GCC_484\Debug\T-50_Project.a(UART_1.o)
 .debug_aranges
                0x00000460       0x60 .\CortexM0\ARM_GCC_484\Debug\T-50_Project.a(UART_1_SPI_UART.o)
 .debug_aranges
                0x000004c0       0x50 .\CortexM0\ARM_GCC_484\Debug\T-50_Project.a(UART_1_UART.o)
 .debug_aranges
                0x00000510      0x158 .\CortexM0\ARM_GCC_484\Debug\T-50_Project.a(TaskTimer.o)
 .debug_aranges
                0x00000668       0x80 .\CortexM0\ARM_GCC_484\Debug\T-50_Project.a(TaskISR.o)
 .debug_aranges
                0x000006e8      0x158 .\CortexM0\ARM_GCC_484\Debug\T-50_Project.a(NavLightPWM.o)
 .debug_aranges
                0x00000840       0x80 .\CortexM0\ARM_GCC_484\Debug\T-50_Project.a(BootISR.o)
 .debug_aranges
                0x000008c0       0x40 .\CortexM0\ARM_GCC_484\Debug\T-50_Project.a(SW1.o)
 .debug_aranges
                0x00000900       0x40 .\CortexM0\ARM_GCC_484\Debug\T-50_Project.a(Strobes.o)
 .debug_aranges
                0x00000940       0x40 .\CortexM0\ARM_GCC_484\Debug\T-50_Project.a(Ldg.o)
 .debug_aranges
                0x00000980      0x158 .\CortexM0\ARM_GCC_484\Debug\T-50_Project.a(PPMCounter.o)
 .debug_aranges
                0x00000ad8       0x80 .\CortexM0\ARM_GCC_484\Debug\T-50_Project.a(PPMISR.o)
 .debug_aranges
                0x00000b58       0x80 .\CortexM0\ARM_GCC_484\Debug\T-50_Project.a(PPMRstISR.o)
 .debug_aranges
                0x00000bd8      0x158 .\CortexM0\ARM_GCC_484\Debug\T-50_Project.a(ServoTimer.o)
 .debug_aranges
                0x00000d30       0x80 .\CortexM0\ARM_GCC_484\Debug\T-50_Project.a(ServoISR.o)
 .debug_aranges
                0x00000db0       0x40 .\CortexM0\ARM_GCC_484\Debug\T-50_Project.a(Out_Mot_Pin.o)
 .debug_aranges
                0x00000df0       0x40 .\CortexM0\ARM_GCC_484\Debug\T-50_Project.a(Out_Ail1_Pin.o)
 .debug_aranges
                0x00000e30       0x40 .\CortexM0\ARM_GCC_484\Debug\T-50_Project.a(Out_Ail2_Pin.o)
 .debug_aranges
                0x00000e70       0x40 .\CortexM0\ARM_GCC_484\Debug\T-50_Project.a(Out_Ele1_Pin.o)
 .debug_aranges
                0x00000eb0       0x40 .\CortexM0\ARM_GCC_484\Debug\T-50_Project.a(Out_Ele2_Pin.o)
 .debug_aranges
                0x00000ef0       0x40 .\CortexM0\ARM_GCC_484\Debug\T-50_Project.a(Out_Rud_Pin.o)
 .debug_aranges
                0x00000f30       0x40 .\CortexM0\ARM_GCC_484\Debug\T-50_Project.a(Out_Fl1_Pin.o)
 .debug_aranges
                0x00000f70       0x40 .\CortexM0\ARM_GCC_484\Debug\T-50_Project.a(Out_Fl2_Pin.o)
 .debug_aranges
                0x00000fb0       0x40 .\CortexM0\ARM_GCC_484\Debug\T-50_Project.a(Out_Ge1_Pin.o)
 .debug_aranges
                0x00000ff0       0x40 .\CortexM0\ARM_GCC_484\Debug\T-50_Project.a(Out_Ge2_Pin.o)
 .debug_aranges
                0x00001030       0x40 .\CortexM0\ARM_GCC_484\Debug\T-50_Project.a(Out_Ge3_Pin.o)
 .debug_aranges
                0x00001070       0x40 .\CortexM0\ARM_GCC_484\Debug\T-50_Project.a(Out_Sp1_Pin.o)
 .debug_aranges
                0x000010b0       0x40 .\CortexM0\ARM_GCC_484\Debug\T-50_Project.a(Out_Sp2_Pin.o)
 .debug_aranges
                0x000010f0       0x58 .\CortexM0\ARM_GCC_484\Debug\T-50_Project.a(I2CM.o)
 .debug_aranges
                0x00001148       0x28 .\CortexM0\ARM_GCC_484\Debug\T-50_Project.a(I2CM_I2C.o)
 .debug_aranges
                0x00001170       0x88 .\CortexM0\ARM_GCC_484\Debug\T-50_Project.a(I2CM_I2C_MASTER.o)
 .debug_aranges
                0x000011f8       0x40 .\CortexM0\ARM_GCC_484\Debug\T-50_Project.a(I2CM_sda.o)
 .debug_aranges
                0x00001238       0x40 .\CortexM0\ARM_GCC_484\Debug\T-50_Project.a(I2CM_scl.o)
 .debug_aranges
                0x00001278       0xa8 .\CortexM0\ARM_GCC_484\Debug\T-50_Project.a(ADC.o)
 .debug_aranges
                0x00001320       0x20 .\CortexM0\ARM_GCC_484\Debug\T-50_Project.a(ADC_INT.o)
 .debug_aranges
                0x00001340       0x20 .\CortexM0\ARM_GCC_484\Debug\T-50_Project.a(I2CM_I2C_INT.o)

.debug_pubnames
 *(.debug_pubnames)

.debug_info     0x00000000     0xba49
 *(.debug_info .gnu.linkonce.wi.*)
 .debug_info    0x00000000     0x14ea .\CortexM0\ARM_GCC_484\Debug\main.o
 .debug_info    0x000014ea      0xc6d .\CortexM0\ARM_GCC_484\Debug\IMU.o
 .debug_info    0x00002157      0x84c .\CortexM0\ARM_GCC_484\Debug\Baro.o
 .debug_info    0x000029a3      0x14d .\CortexM0\ARM_GCC_484\Debug\cybootloader.o
 .debug_info    0x00002af0       0xb1 .\CortexM0\ARM_GCC_484\Debug\cymetadata.o
 .debug_info    0x00002ba1      0x375 .\CortexM0\ARM_GCC_484\Debug\Cm0Start.o
 .debug_info    0x00002f16      0x538 .\CortexM0\ARM_GCC_484\Debug\T-50_Project.a(cyfitter_cfg.o)
 .debug_info    0x0000344e      0x1a3 .\CortexM0\ARM_GCC_484\Debug\T-50_Project.a(Bootloadable_1.o)
 .debug_info    0x000035f1       0xa2 .\CortexM0\ARM_GCC_484\Debug\T-50_Project.a(CyBootAsmGnu.o)
 .debug_info    0x00003693      0x3e9 .\CortexM0\ARM_GCC_484\Debug\T-50_Project.a(CyFlash.o)
 .debug_info    0x00003a7c     0x1356 .\CortexM0\ARM_GCC_484\Debug\T-50_Project.a(CyLib.o)
 .debug_info    0x00004dd2      0x21e .\CortexM0\ARM_GCC_484\Debug\T-50_Project.a(UART_1.o)
 .debug_info    0x00004ff0      0x219 .\CortexM0\ARM_GCC_484\Debug\T-50_Project.a(UART_1_SPI_UART.o)
 .debug_info    0x00005209      0x2ad .\CortexM0\ARM_GCC_484\Debug\T-50_Project.a(UART_1_UART.o)
 .debug_info    0x000054b6      0x95d .\CortexM0\ARM_GCC_484\Debug\T-50_Project.a(TaskTimer.o)
 .debug_info    0x00005e13      0x392 .\CortexM0\ARM_GCC_484\Debug\T-50_Project.a(TaskISR.o)
 .debug_info    0x000061a5      0x95b .\CortexM0\ARM_GCC_484\Debug\T-50_Project.a(NavLightPWM.o)
 .debug_info    0x00006b00      0x3d8 .\CortexM0\ARM_GCC_484\Debug\T-50_Project.a(BootISR.o)
 .debug_info    0x00006ed8      0x150 .\CortexM0\ARM_GCC_484\Debug\T-50_Project.a(SW1.o)
 .debug_info    0x00007028      0x151 .\CortexM0\ARM_GCC_484\Debug\T-50_Project.a(Strobes.o)
 .debug_info    0x00007179      0x14c .\CortexM0\ARM_GCC_484\Debug\T-50_Project.a(Ldg.o)
 .debug_info    0x000072c5      0x932 .\CortexM0\ARM_GCC_484\Debug\T-50_Project.a(PPMCounter.o)
 .debug_info    0x00007bf7      0x40e .\CortexM0\ARM_GCC_484\Debug\T-50_Project.a(PPMISR.o)
 .debug_info    0x00008005      0x3a3 .\CortexM0\ARM_GCC_484\Debug\T-50_Project.a(PPMRstISR.o)
 .debug_info    0x000083a8      0x95d .\CortexM0\ARM_GCC_484\Debug\T-50_Project.a(ServoTimer.o)
 .debug_info    0x00008d05      0x6e6 .\CortexM0\ARM_GCC_484\Debug\T-50_Project.a(ServoISR.o)
 .debug_info    0x000093eb      0x14c .\CortexM0\ARM_GCC_484\Debug\T-50_Project.a(Out_Mot_Pin.o)
 .debug_info    0x00009537      0x14c .\CortexM0\ARM_GCC_484\Debug\T-50_Project.a(Out_Ail1_Pin.o)
 .debug_info    0x00009683      0x151 .\CortexM0\ARM_GCC_484\Debug\T-50_Project.a(Out_Ail2_Pin.o)
 .debug_info    0x000097d4      0x14c .\CortexM0\ARM_GCC_484\Debug\T-50_Project.a(Out_Ele1_Pin.o)
 .debug_info    0x00009920      0x14c .\CortexM0\ARM_GCC_484\Debug\T-50_Project.a(Out_Ele2_Pin.o)
 .debug_info    0x00009a6c      0x14c .\CortexM0\ARM_GCC_484\Debug\T-50_Project.a(Out_Rud_Pin.o)
 .debug_info    0x00009bb8      0x14c .\CortexM0\ARM_GCC_484\Debug\T-50_Project.a(Out_Fl1_Pin.o)
 .debug_info    0x00009d04      0x14c .\CortexM0\ARM_GCC_484\Debug\T-50_Project.a(Out_Fl2_Pin.o)
 .debug_info    0x00009e50      0x14c .\CortexM0\ARM_GCC_484\Debug\T-50_Project.a(Out_Ge1_Pin.o)
 .debug_info    0x00009f9c      0x14c .\CortexM0\ARM_GCC_484\Debug\T-50_Project.a(Out_Ge2_Pin.o)
 .debug_info    0x0000a0e8      0x150 .\CortexM0\ARM_GCC_484\Debug\T-50_Project.a(Out_Ge3_Pin.o)
 .debug_info    0x0000a238      0x14c .\CortexM0\ARM_GCC_484\Debug\T-50_Project.a(Out_Sp1_Pin.o)
 .debug_info    0x0000a384      0x151 .\CortexM0\ARM_GCC_484\Debug\T-50_Project.a(Out_Sp2_Pin.o)
 .debug_info    0x0000a4d5      0x2bc .\CortexM0\ARM_GCC_484\Debug\T-50_Project.a(I2CM.o)
 .debug_info    0x0000a791      0x1cd .\CortexM0\ARM_GCC_484\Debug\T-50_Project.a(I2CM_I2C.o)
 .debug_info    0x0000a95e      0x673 .\CortexM0\ARM_GCC_484\Debug\T-50_Project.a(I2CM_I2C_MASTER.o)
 .debug_info    0x0000afd1      0x14c .\CortexM0\ARM_GCC_484\Debug\T-50_Project.a(I2CM_sda.o)
 .debug_info    0x0000b11d      0x151 .\CortexM0\ARM_GCC_484\Debug\T-50_Project.a(I2CM_scl.o)
 .debug_info    0x0000b26e      0x58e .\CortexM0\ARM_GCC_484\Debug\T-50_Project.a(ADC.o)
 .debug_info    0x0000b7fc       0xc3 .\CortexM0\ARM_GCC_484\Debug\T-50_Project.a(ADC_INT.o)
 .debug_info    0x0000b8bf      0x18a .\CortexM0\ARM_GCC_484\Debug\T-50_Project.a(I2CM_I2C_INT.o)

.debug_abbrev   0x00000000     0x3d68
 *(.debug_abbrev)
 .debug_abbrev  0x00000000      0x2a4 .\CortexM0\ARM_GCC_484\Debug\main.o
 .debug_abbrev  0x000002a4      0x17d .\CortexM0\ARM_GCC_484\Debug\IMU.o
 .debug_abbrev  0x00000421      0x172 .\CortexM0\ARM_GCC_484\Debug\Baro.o
 .debug_abbrev  0x00000593       0x77 .\CortexM0\ARM_GCC_484\Debug\cybootloader.o
 .debug_abbrev  0x0000060a       0x5d .\CortexM0\ARM_GCC_484\Debug\cymetadata.o
 .debug_abbrev  0x00000667      0x1eb .\CortexM0\ARM_GCC_484\Debug\Cm0Start.o
 .debug_abbrev  0x00000852      0x2a3 .\CortexM0\ARM_GCC_484\Debug\T-50_Project.a(cyfitter_cfg.o)
 .debug_abbrev  0x00000af5      0x116 .\CortexM0\ARM_GCC_484\Debug\T-50_Project.a(Bootloadable_1.o)
 .debug_abbrev  0x00000c0b       0x14 .\CortexM0\ARM_GCC_484\Debug\T-50_Project.a(CyBootAsmGnu.o)
 .debug_abbrev  0x00000c1f      0x1dc .\CortexM0\ARM_GCC_484\Debug\T-50_Project.a(CyFlash.o)
 .debug_abbrev  0x00000dfb      0x3cc .\CortexM0\ARM_GCC_484\Debug\T-50_Project.a(CyLib.o)
 .debug_abbrev  0x000011c7      0x16b .\CortexM0\ARM_GCC_484\Debug\T-50_Project.a(UART_1.o)
 .debug_abbrev  0x00001332      0x176 .\CortexM0\ARM_GCC_484\Debug\T-50_Project.a(UART_1_SPI_UART.o)
 .debug_abbrev  0x000014a8      0x152 .\CortexM0\ARM_GCC_484\Debug\T-50_Project.a(UART_1_UART.o)
 .debug_abbrev  0x000015fa      0x1ba .\CortexM0\ARM_GCC_484\Debug\T-50_Project.a(TaskTimer.o)
 .debug_abbrev  0x000017b4      0x237 .\CortexM0\ARM_GCC_484\Debug\T-50_Project.a(TaskISR.o)
 .debug_abbrev  0x000019eb      0x1b1 .\CortexM0\ARM_GCC_484\Debug\T-50_Project.a(NavLightPWM.o)
 .debug_abbrev  0x00001b9c      0x26f .\CortexM0\ARM_GCC_484\Debug\T-50_Project.a(BootISR.o)
 .debug_abbrev  0x00001e0b       0xb7 .\CortexM0\ARM_GCC_484\Debug\T-50_Project.a(SW1.o)
 .debug_abbrev  0x00001ec2       0xc6 .\CortexM0\ARM_GCC_484\Debug\T-50_Project.a(Strobes.o)
 .debug_abbrev  0x00001f88       0xc4 .\CortexM0\ARM_GCC_484\Debug\T-50_Project.a(Ldg.o)
 .debug_abbrev  0x0000204c      0x1a9 .\CortexM0\ARM_GCC_484\Debug\T-50_Project.a(PPMCounter.o)
 .debug_abbrev  0x000021f5      0x25c .\CortexM0\ARM_GCC_484\Debug\T-50_Project.a(PPMISR.o)
 .debug_abbrev  0x00002451      0x248 .\CortexM0\ARM_GCC_484\Debug\T-50_Project.a(PPMRstISR.o)
 .debug_abbrev  0x00002699      0x1ba .\CortexM0\ARM_GCC_484\Debug\T-50_Project.a(ServoTimer.o)
 .debug_abbrev  0x00002853      0x27c .\CortexM0\ARM_GCC_484\Debug\T-50_Project.a(ServoISR.o)
 .debug_abbrev  0x00002acf       0xc4 .\CortexM0\ARM_GCC_484\Debug\T-50_Project.a(Out_Mot_Pin.o)
 .debug_abbrev  0x00002b93       0xc4 .\CortexM0\ARM_GCC_484\Debug\T-50_Project.a(Out_Ail1_Pin.o)
 .debug_abbrev  0x00002c57       0xc6 .\CortexM0\ARM_GCC_484\Debug\T-50_Project.a(Out_Ail2_Pin.o)
 .debug_abbrev  0x00002d1d       0xc4 .\CortexM0\ARM_GCC_484\Debug\T-50_Project.a(Out_Ele1_Pin.o)
 .debug_abbrev  0x00002de1       0xc4 .\CortexM0\ARM_GCC_484\Debug\T-50_Project.a(Out_Ele2_Pin.o)
 .debug_abbrev  0x00002ea5       0xc4 .\CortexM0\ARM_GCC_484\Debug\T-50_Project.a(Out_Rud_Pin.o)
 .debug_abbrev  0x00002f69       0xc4 .\CortexM0\ARM_GCC_484\Debug\T-50_Project.a(Out_Fl1_Pin.o)
 .debug_abbrev  0x0000302d       0xc4 .\CortexM0\ARM_GCC_484\Debug\T-50_Project.a(Out_Fl2_Pin.o)
 .debug_abbrev  0x000030f1       0xc4 .\CortexM0\ARM_GCC_484\Debug\T-50_Project.a(Out_Ge1_Pin.o)
 .debug_abbrev  0x000031b5       0xc4 .\CortexM0\ARM_GCC_484\Debug\T-50_Project.a(Out_Ge2_Pin.o)
 .debug_abbrev  0x00003279       0xb7 .\CortexM0\ARM_GCC_484\Debug\T-50_Project.a(Out_Ge3_Pin.o)
 .debug_abbrev  0x00003330       0xc4 .\CortexM0\ARM_GCC_484\Debug\T-50_Project.a(Out_Sp1_Pin.o)
 .debug_abbrev  0x000033f4       0xc6 .\CortexM0\ARM_GCC_484\Debug\T-50_Project.a(Out_Sp2_Pin.o)
 .debug_abbrev  0x000034ba      0x1b1 .\CortexM0\ARM_GCC_484\Debug\T-50_Project.a(I2CM.o)
 .debug_abbrev  0x0000366b      0x115 .\CortexM0\ARM_GCC_484\Debug\T-50_Project.a(I2CM_I2C.o)
 .debug_abbrev  0x00003780      0x189 .\CortexM0\ARM_GCC_484\Debug\T-50_Project.a(I2CM_I2C_MASTER.o)
 .debug_abbrev  0x00003909       0xc4 .\CortexM0\ARM_GCC_484\Debug\T-50_Project.a(I2CM_sda.o)
 .debug_abbrev  0x000039cd       0xc6 .\CortexM0\ARM_GCC_484\Debug\T-50_Project.a(I2CM_scl.o)
 .debug_abbrev  0x00003a93      0x1ce .\CortexM0\ARM_GCC_484\Debug\T-50_Project.a(ADC.o)
 .debug_abbrev  0x00003c61       0x72 .\CortexM0\ARM_GCC_484\Debug\T-50_Project.a(ADC_INT.o)
 .debug_abbrev  0x00003cd3       0x95 .\CortexM0\ARM_GCC_484\Debug\T-50_Project.a(I2CM_I2C_INT.o)

.debug_line     0x00000000     0x511b
 *(.debug_line)
 .debug_line    0x00000000      0x52e .\CortexM0\ARM_GCC_484\Debug\main.o
 .debug_line    0x0000052e      0x479 .\CortexM0\ARM_GCC_484\Debug\IMU.o
 .debug_line    0x000009a7      0x29f .\CortexM0\ARM_GCC_484\Debug\Baro.o
 .debug_line    0x00000c46       0x55 .\CortexM0\ARM_GCC_484\Debug\cybootloader.o
 .debug_line    0x00000c9b       0x53 .\CortexM0\ARM_GCC_484\Debug\cymetadata.o
 .debug_line    0x00000cee      0x204 .\CortexM0\ARM_GCC_484\Debug\Cm0Start.o
 .debug_line    0x00000ef2      0x1a9 .\CortexM0\ARM_GCC_484\Debug\T-50_Project.a(cyfitter_cfg.o)
 .debug_line    0x0000109b       0xbe .\CortexM0\ARM_GCC_484\Debug\T-50_Project.a(Bootloadable_1.o)
 .debug_line    0x00001159       0x69 .\CortexM0\ARM_GCC_484\Debug\T-50_Project.a(CyBootAsmGnu.o)
 .debug_line    0x000011c2      0x15c .\CortexM0\ARM_GCC_484\Debug\T-50_Project.a(CyFlash.o)
 .debug_line    0x0000131e      0x749 .\CortexM0\ARM_GCC_484\Debug\T-50_Project.a(CyLib.o)
 .debug_line    0x00001a67      0x126 .\CortexM0\ARM_GCC_484\Debug\T-50_Project.a(UART_1.o)
 .debug_line    0x00001b8d      0x128 .\CortexM0\ARM_GCC_484\Debug\T-50_Project.a(UART_1_SPI_UART.o)
 .debug_line    0x00001cb5      0x140 .\CortexM0\ARM_GCC_484\Debug\T-50_Project.a(UART_1_UART.o)
 .debug_line    0x00001df5      0x3ed .\CortexM0\ARM_GCC_484\Debug\T-50_Project.a(TaskTimer.o)
 .debug_line    0x000021e2      0x299 .\CortexM0\ARM_GCC_484\Debug\T-50_Project.a(TaskISR.o)
 .debug_line    0x0000247b      0x3fe .\CortexM0\ARM_GCC_484\Debug\T-50_Project.a(NavLightPWM.o)
 .debug_line    0x00002879      0x1e3 .\CortexM0\ARM_GCC_484\Debug\T-50_Project.a(BootISR.o)
 .debug_line    0x00002a5c       0xb3 .\CortexM0\ARM_GCC_484\Debug\T-50_Project.a(SW1.o)
 .debug_line    0x00002b0f       0xb6 .\CortexM0\ARM_GCC_484\Debug\T-50_Project.a(Strobes.o)
 .debug_line    0x00002bc5       0xb3 .\CortexM0\ARM_GCC_484\Debug\T-50_Project.a(Ldg.o)
 .debug_line    0x00002c78      0x3e2 .\CortexM0\ARM_GCC_484\Debug\T-50_Project.a(PPMCounter.o)
 .debug_line    0x0000305a      0x2af .\CortexM0\ARM_GCC_484\Debug\T-50_Project.a(PPMISR.o)
 .debug_line    0x00003309      0x2b3 .\CortexM0\ARM_GCC_484\Debug\T-50_Project.a(PPMRstISR.o)
 .debug_line    0x000035bc      0x3ee .\CortexM0\ARM_GCC_484\Debug\T-50_Project.a(ServoTimer.o)
 .debug_line    0x000039aa      0x3a6 .\CortexM0\ARM_GCC_484\Debug\T-50_Project.a(ServoISR.o)
 .debug_line    0x00003d50       0xbb .\CortexM0\ARM_GCC_484\Debug\T-50_Project.a(Out_Mot_Pin.o)
 .debug_line    0x00003e0b       0xbc .\CortexM0\ARM_GCC_484\Debug\T-50_Project.a(Out_Ail1_Pin.o)
 .debug_line    0x00003ec7       0xbb .\CortexM0\ARM_GCC_484\Debug\T-50_Project.a(Out_Ail2_Pin.o)
 .debug_line    0x00003f82       0xba .\CortexM0\ARM_GCC_484\Debug\T-50_Project.a(Out_Ele1_Pin.o)
 .debug_line    0x0000403c       0xbc .\CortexM0\ARM_GCC_484\Debug\T-50_Project.a(Out_Ele2_Pin.o)
 .debug_line    0x000040f8       0xbb .\CortexM0\ARM_GCC_484\Debug\T-50_Project.a(Out_Rud_Pin.o)
 .debug_line    0x000041b3       0xbb .\CortexM0\ARM_GCC_484\Debug\T-50_Project.a(Out_Fl1_Pin.o)
 .debug_line    0x0000426e       0xbb .\CortexM0\ARM_GCC_484\Debug\T-50_Project.a(Out_Fl2_Pin.o)
 .debug_line    0x00004329       0xbb .\CortexM0\ARM_GCC_484\Debug\T-50_Project.a(Out_Ge1_Pin.o)
 .debug_line    0x000043e4       0xbb .\CortexM0\ARM_GCC_484\Debug\T-50_Project.a(Out_Ge2_Pin.o)
 .debug_line    0x0000449f       0xbb .\CortexM0\ARM_GCC_484\Debug\T-50_Project.a(Out_Ge3_Pin.o)
 .debug_line    0x0000455a       0xbb .\CortexM0\ARM_GCC_484\Debug\T-50_Project.a(Out_Sp1_Pin.o)
 .debug_line    0x00004615       0xba .\CortexM0\ARM_GCC_484\Debug\T-50_Project.a(Out_Sp2_Pin.o)
 .debug_line    0x000046cf      0x13c .\CortexM0\ARM_GCC_484\Debug\T-50_Project.a(I2CM.o)
 .debug_line    0x0000480b       0xbe .\CortexM0\ARM_GCC_484\Debug\T-50_Project.a(I2CM_I2C.o)
 .debug_line    0x000048c9      0x2df .\CortexM0\ARM_GCC_484\Debug\T-50_Project.a(I2CM_I2C_MASTER.o)
 .debug_line    0x00004ba8       0xb6 .\CortexM0\ARM_GCC_484\Debug\T-50_Project.a(I2CM_sda.o)
 .debug_line    0x00004c5e       0xb7 .\CortexM0\ARM_GCC_484\Debug\T-50_Project.a(I2CM_scl.o)
 .debug_line    0x00004d15      0x253 .\CortexM0\ARM_GCC_484\Debug\T-50_Project.a(ADC.o)
 .debug_line    0x00004f68       0x6a .\CortexM0\ARM_GCC_484\Debug\T-50_Project.a(ADC_INT.o)
 .debug_line    0x00004fd2      0x149 .\CortexM0\ARM_GCC_484\Debug\T-50_Project.a(I2CM_I2C_INT.o)

.debug_frame    0x00000000     0x3440
 *(.debug_frame)
 .debug_frame   0x00000000       0xb0 .\CortexM0\ARM_GCC_484\Debug\main.o
 .debug_frame   0x000000b0      0x110 .\CortexM0\ARM_GCC_484\Debug\IMU.o
 .debug_frame   0x000001c0       0xe0 .\CortexM0\ARM_GCC_484\Debug\Baro.o
 .debug_frame   0x000002a0       0xa4 .\CortexM0\ARM_GCC_484\Debug\Cm0Start.o
 .debug_frame   0x00000344       0x4c .\CortexM0\ARM_GCC_484\Debug\T-50_Project.a(cyfitter_cfg.o)
 .debug_frame   0x00000390       0x50 .\CortexM0\ARM_GCC_484\Debug\T-50_Project.a(Bootloadable_1.o)
 .debug_frame   0x000003e0       0x54 .\CortexM0\ARM_GCC_484\Debug\T-50_Project.a(CyFlash.o)
 .debug_frame   0x00000434      0x528 .\CortexM0\ARM_GCC_484\Debug\T-50_Project.a(CyLib.o)
 .debug_frame   0x0000095c       0xa8 .\CortexM0\ARM_GCC_484\Debug\T-50_Project.a(UART_1.o)
 .debug_frame   0x00000a04       0xb0 .\CortexM0\ARM_GCC_484\Debug\T-50_Project.a(UART_1_SPI_UART.o)
 .debug_frame   0x00000ab4       0xbc .\CortexM0\ARM_GCC_484\Debug\T-50_Project.a(UART_1_UART.o)
 .debug_frame   0x00000b70      0x384 .\CortexM0\ARM_GCC_484\Debug\T-50_Project.a(TaskTimer.o)
 .debug_frame   0x00000ef4      0x110 .\CortexM0\ARM_GCC_484\Debug\T-50_Project.a(TaskISR.o)
 .debug_frame   0x00001004      0x384 .\CortexM0\ARM_GCC_484\Debug\T-50_Project.a(NavLightPWM.o)
 .debug_frame   0x00001388      0x110 .\CortexM0\ARM_GCC_484\Debug\T-50_Project.a(BootISR.o)
 .debug_frame   0x00001498       0x6c .\CortexM0\ARM_GCC_484\Debug\T-50_Project.a(SW1.o)
 .debug_frame   0x00001504       0x60 .\CortexM0\ARM_GCC_484\Debug\T-50_Project.a(Strobes.o)
 .debug_frame   0x00001564       0x6c .\CortexM0\ARM_GCC_484\Debug\T-50_Project.a(Ldg.o)
 .debug_frame   0x000015d0      0x384 .\CortexM0\ARM_GCC_484\Debug\T-50_Project.a(PPMCounter.o)
 .debug_frame   0x00001954      0x114 .\CortexM0\ARM_GCC_484\Debug\T-50_Project.a(PPMISR.o)
 .debug_frame   0x00001a68      0x114 .\CortexM0\ARM_GCC_484\Debug\T-50_Project.a(PPMRstISR.o)
 .debug_frame   0x00001b7c      0x384 .\CortexM0\ARM_GCC_484\Debug\T-50_Project.a(ServoTimer.o)
 .debug_frame   0x00001f00      0x118 .\CortexM0\ARM_GCC_484\Debug\T-50_Project.a(ServoISR.o)
 .debug_frame   0x00002018       0x6c .\CortexM0\ARM_GCC_484\Debug\T-50_Project.a(Out_Mot_Pin.o)
 .debug_frame   0x00002084       0x6c .\CortexM0\ARM_GCC_484\Debug\T-50_Project.a(Out_Ail1_Pin.o)
 .debug_frame   0x000020f0       0x60 .\CortexM0\ARM_GCC_484\Debug\T-50_Project.a(Out_Ail2_Pin.o)
 .debug_frame   0x00002150       0x60 .\CortexM0\ARM_GCC_484\Debug\T-50_Project.a(Out_Ele1_Pin.o)
 .debug_frame   0x000021b0       0x6c .\CortexM0\ARM_GCC_484\Debug\T-50_Project.a(Out_Ele2_Pin.o)
 .debug_frame   0x0000221c       0x6c .\CortexM0\ARM_GCC_484\Debug\T-50_Project.a(Out_Rud_Pin.o)
 .debug_frame   0x00002288       0x6c .\CortexM0\ARM_GCC_484\Debug\T-50_Project.a(Out_Fl1_Pin.o)
 .debug_frame   0x000022f4       0x6c .\CortexM0\ARM_GCC_484\Debug\T-50_Project.a(Out_Fl2_Pin.o)
 .debug_frame   0x00002360       0x6c .\CortexM0\ARM_GCC_484\Debug\T-50_Project.a(Out_Ge1_Pin.o)
 .debug_frame   0x000023cc       0x6c .\CortexM0\ARM_GCC_484\Debug\T-50_Project.a(Out_Ge2_Pin.o)
 .debug_frame   0x00002438       0x6c .\CortexM0\ARM_GCC_484\Debug\T-50_Project.a(Out_Ge3_Pin.o)
 .debug_frame   0x000024a4       0x6c .\CortexM0\ARM_GCC_484\Debug\T-50_Project.a(Out_Sp1_Pin.o)
 .debug_frame   0x00002510       0x60 .\CortexM0\ARM_GCC_484\Debug\T-50_Project.a(Out_Sp2_Pin.o)
 .debug_frame   0x00002570       0xc0 .\CortexM0\ARM_GCC_484\Debug\T-50_Project.a(I2CM.o)
 .debug_frame   0x00002630       0x48 .\CortexM0\ARM_GCC_484\Debug\T-50_Project.a(I2CM_I2C.o)
 .debug_frame   0x00002678      0x1ac .\CortexM0\ARM_GCC_484\Debug\T-50_Project.a(I2CM_I2C_MASTER.o)
 .debug_frame   0x00002824       0x60 .\CortexM0\ARM_GCC_484\Debug\T-50_Project.a(I2CM_sda.o)
 .debug_frame   0x00002884       0x60 .\CortexM0\ARM_GCC_484\Debug\T-50_Project.a(I2CM_scl.o)
 .debug_frame   0x000028e4      0x1b0 .\CortexM0\ARM_GCC_484\Debug\T-50_Project.a(ADC.o)
 .debug_frame   0x00002a94       0x20 .\CortexM0\ARM_GCC_484\Debug\T-50_Project.a(ADC_INT.o)
 .debug_frame   0x00002ab4       0x38 .\CortexM0\ARM_GCC_484\Debug\T-50_Project.a(I2CM_I2C_INT.o)
 .debug_frame   0x00002aec       0x28 e:/program files (x86)/cypress/psoc creator/3.1/psoc creator/import/gnu_cs/arm/4.8.4/bin/../lib/gcc/arm-none-eabi/4.8.4/../../../../arm-none-eabi/lib/armv6-m\libm.a(lib_a-w_atan2.o)
 .debug_frame   0x00002b14       0x3c e:/program files (x86)/cypress/psoc creator/3.1/psoc creator/import/gnu_cs/arm/4.8.4/bin/../lib/gcc/arm-none-eabi/4.8.4/../../../../arm-none-eabi/lib/armv6-m\libm.a(lib_a-e_atan2.o)
 .debug_frame   0x00002b50       0x3c e:/program files (x86)/cypress/psoc creator/3.1/psoc creator/import/gnu_cs/arm/4.8.4/bin/../lib/gcc/arm-none-eabi/4.8.4/../../../../arm-none-eabi/lib/armv6-m\libm.a(lib_a-s_atan.o)
 .debug_frame   0x00002b8c       0x20 e:/program files (x86)/cypress/psoc creator/3.1/psoc creator/import/gnu_cs/arm/4.8.4/bin/../lib/gcc/arm-none-eabi/4.8.4/../../../../arm-none-eabi/lib/armv6-m\libm.a(lib_a-s_fabs.o)
 .debug_frame   0x00002bac       0x20 e:/program files (x86)/cypress/psoc creator/3.1/psoc creator/import/gnu_cs/arm/4.8.4/bin/../lib/gcc/arm-none-eabi/4.8.4/armv6-m\libgcc.a(_udivsi3.o)
 .debug_frame   0x00002bcc       0x20 e:/program files (x86)/cypress/psoc creator/3.1/psoc creator/import/gnu_cs/arm/4.8.4/bin/../lib/gcc/arm-none-eabi/4.8.4/armv6-m\libgcc.a(_divsi3.o)
 .debug_frame   0x00002bec       0x30 e:/program files (x86)/cypress/psoc creator/3.1/psoc creator/import/gnu_cs/arm/4.8.4/bin/../lib/gcc/arm-none-eabi/4.8.4/armv6-m\libgcc.a(_muldi3.o)
 .debug_frame   0x00002c1c       0x28 e:/program files (x86)/cypress/psoc creator/3.1/psoc creator/import/gnu_cs/arm/4.8.4/bin/../lib/gcc/arm-none-eabi/4.8.4/armv6-m\libgcc.a(_fixunssfsi.o)
 .debug_frame   0x00002c44       0x50 e:/program files (x86)/cypress/psoc creator/3.1/psoc creator/import/gnu_cs/arm/4.8.4/bin/../lib/gcc/arm-none-eabi/4.8.4/armv6-m\libgcc.a(bpabi.o)
 .debug_frame   0x00002c94       0x30 e:/program files (x86)/cypress/psoc creator/3.1/psoc creator/import/gnu_cs/arm/4.8.4/bin/../lib/gcc/arm-none-eabi/4.8.4/armv6-m\libgcc.a(addsf3.o)
 .debug_frame   0x00002cc4       0x3c e:/program files (x86)/cypress/psoc creator/3.1/psoc creator/import/gnu_cs/arm/4.8.4/bin/../lib/gcc/arm-none-eabi/4.8.4/armv6-m\libgcc.a(divsf3.o)
 .debug_frame   0x00002d00       0x3c e:/program files (x86)/cypress/psoc creator/3.1/psoc creator/import/gnu_cs/arm/4.8.4/bin/../lib/gcc/arm-none-eabi/4.8.4/armv6-m\libgcc.a(mulsf3.o)
 .debug_frame   0x00002d3c       0x30 e:/program files (x86)/cypress/psoc creator/3.1/psoc creator/import/gnu_cs/arm/4.8.4/bin/../lib/gcc/arm-none-eabi/4.8.4/armv6-m\libgcc.a(subsf3.o)
 .debug_frame   0x00002d6c       0x20 e:/program files (x86)/cypress/psoc creator/3.1/psoc creator/import/gnu_cs/arm/4.8.4/bin/../lib/gcc/arm-none-eabi/4.8.4/armv6-m\libgcc.a(fixsfsi.o)
 .debug_frame   0x00002d8c       0x2c e:/program files (x86)/cypress/psoc creator/3.1/psoc creator/import/gnu_cs/arm/4.8.4/bin/../lib/gcc/arm-none-eabi/4.8.4/armv6-m\libgcc.a(floatsisf.o)
 .debug_frame   0x00002db8       0x3c e:/program files (x86)/cypress/psoc creator/3.1/psoc creator/import/gnu_cs/arm/4.8.4/bin/../lib/gcc/arm-none-eabi/4.8.4/armv6-m\libgcc.a(adddf3.o)
 .debug_frame   0x00002df4       0x3c e:/program files (x86)/cypress/psoc creator/3.1/psoc creator/import/gnu_cs/arm/4.8.4/bin/../lib/gcc/arm-none-eabi/4.8.4/armv6-m\libgcc.a(divdf3.o)
 .debug_frame   0x00002e30       0x3c e:/program files (x86)/cypress/psoc creator/3.1/psoc creator/import/gnu_cs/arm/4.8.4/bin/../lib/gcc/arm-none-eabi/4.8.4/armv6-m\libgcc.a(eqdf2.o)
 .debug_frame   0x00002e6c       0x38 e:/program files (x86)/cypress/psoc creator/3.1/psoc creator/import/gnu_cs/arm/4.8.4/bin/../lib/gcc/arm-none-eabi/4.8.4/armv6-m\libgcc.a(gedf2.o)
 .debug_frame   0x00002ea4       0x3c e:/program files (x86)/cypress/psoc creator/3.1/psoc creator/import/gnu_cs/arm/4.8.4/bin/../lib/gcc/arm-none-eabi/4.8.4/armv6-m\libgcc.a(ledf2.o)
 .debug_frame   0x00002ee0       0x3c e:/program files (x86)/cypress/psoc creator/3.1/psoc creator/import/gnu_cs/arm/4.8.4/bin/../lib/gcc/arm-none-eabi/4.8.4/armv6-m\libgcc.a(muldf3.o)
 .debug_frame   0x00002f1c       0x3c e:/program files (x86)/cypress/psoc creator/3.1/psoc creator/import/gnu_cs/arm/4.8.4/bin/../lib/gcc/arm-none-eabi/4.8.4/armv6-m\libgcc.a(subdf3.o)
 .debug_frame   0x00002f58       0x2c e:/program files (x86)/cypress/psoc creator/3.1/psoc creator/import/gnu_cs/arm/4.8.4/bin/../lib/gcc/arm-none-eabi/4.8.4/armv6-m\libgcc.a(fixdfsi.o)
 .debug_frame   0x00002f84       0x30 e:/program files (x86)/cypress/psoc creator/3.1/psoc creator/import/gnu_cs/arm/4.8.4/bin/../lib/gcc/arm-none-eabi/4.8.4/armv6-m\libgcc.a(floatsidf.o)
 .debug_frame   0x00002fb4       0x30 e:/program files (x86)/cypress/psoc creator/3.1/psoc creator/import/gnu_cs/arm/4.8.4/bin/../lib/gcc/arm-none-eabi/4.8.4/armv6-m\libgcc.a(truncdfsf2.o)
 .debug_frame   0x00002fe4       0x3c e:/program files (x86)/cypress/psoc creator/3.1/psoc creator/import/gnu_cs/arm/4.8.4/bin/../lib/gcc/arm-none-eabi/4.8.4/armv6-m\libgcc.a(_divdi3.o)
 .debug_frame   0x00003020       0x3c e:/program files (x86)/cypress/psoc creator/3.1/psoc creator/import/gnu_cs/arm/4.8.4/bin/../lib/gcc/arm-none-eabi/4.8.4/armv6-m\libgcc.a(_udivdi3.o)
 .debug_frame   0x0000305c       0x2c e:/program files (x86)/cypress/psoc creator/3.1/psoc creator/import/gnu_cs/arm/4.8.4/bin/../lib/gcc/arm-none-eabi/4.8.4/armv6-m\libgcc.a(eqsf2.o)
 .debug_frame   0x00003088       0x30 e:/program files (x86)/cypress/psoc creator/3.1/psoc creator/import/gnu_cs/arm/4.8.4/bin/../lib/gcc/arm-none-eabi/4.8.4/armv6-m\libgcc.a(gesf2.o)
 .debug_frame   0x000030b8       0x30 e:/program files (x86)/cypress/psoc creator/3.1/psoc creator/import/gnu_cs/arm/4.8.4/bin/../lib/gcc/arm-none-eabi/4.8.4/armv6-m\libgcc.a(lesf2.o)
 .debug_frame   0x000030e8       0x20 e:/program files (x86)/cypress/psoc creator/3.1/psoc creator/import/gnu_cs/arm/4.8.4/bin/../lib/gcc/arm-none-eabi/4.8.4/../../../../arm-none-eabi/lib/armv6-m\libg_s.a(lib_a-errno.o)
 .debug_frame   0x00003108       0x28 e:/program files (x86)/cypress/psoc creator/3.1/psoc creator/import/gnu_cs/arm/4.8.4/bin/../lib/gcc/arm-none-eabi/4.8.4/../../../../arm-none-eabi/lib/armv6-m\libg_s.a(lib_a-exit.o)
 .debug_frame   0x00003130       0x2c e:/program files (x86)/cypress/psoc creator/3.1/psoc creator/import/gnu_cs/arm/4.8.4/bin/../lib/gcc/arm-none-eabi/4.8.4/../../../../arm-none-eabi/lib/armv6-m\libg_s.a(lib_a-init.o)
 .debug_frame   0x0000315c       0x28 e:/program files (x86)/cypress/psoc creator/3.1/psoc creator/import/gnu_cs/arm/4.8.4/bin/../lib/gcc/arm-none-eabi/4.8.4/../../../../arm-none-eabi/lib/armv6-m\libg_s.a(lib_a-memcpy-stub.o)
 .debug_frame   0x00003184       0x20 e:/program files (x86)/cypress/psoc creator/3.1/psoc creator/import/gnu_cs/arm/4.8.4/bin/../lib/gcc/arm-none-eabi/4.8.4/../../../../arm-none-eabi/lib/armv6-m\libg_s.a(lib_a-memset.o)
 .debug_frame   0x000031a4       0x4c e:/program files (x86)/cypress/psoc creator/3.1/psoc creator/import/gnu_cs/arm/4.8.4/bin/../lib/gcc/arm-none-eabi/4.8.4/../../../../arm-none-eabi/lib/armv6-m\libg_s.a(lib_a-sprintf.o)
 .debug_frame   0x000031f0       0x74 e:/program files (x86)/cypress/psoc creator/3.1/psoc creator/import/gnu_cs/arm/4.8.4/bin/../lib/gcc/arm-none-eabi/4.8.4/../../../../arm-none-eabi/lib/armv6-m\libg_s.a(lib_a-svfprintf.o)
 .debug_frame   0x00003264       0x54 e:/program files (x86)/cypress/psoc creator/3.1/psoc creator/import/gnu_cs/arm/4.8.4/bin/../lib/gcc/arm-none-eabi/4.8.4/../../../../arm-none-eabi/lib/armv6-m\libg_s.a(lib_a-vfprintf_i.o)
 .debug_frame   0x000032b8       0x20 e:/program files (x86)/cypress/psoc creator/3.1/psoc creator/import/gnu_cs/arm/4.8.4/bin/../lib/gcc/arm-none-eabi/4.8.4/../../../../arm-none-eabi/lib/armv6-m\libg_s.a(lib_a-memchr-stub.o)
 .debug_frame   0x000032d8       0x2c e:/program files (x86)/cypress/psoc creator/3.1/psoc creator/import/gnu_cs/arm/4.8.4/bin/../lib/gcc/arm-none-eabi/4.8.4/../../../../arm-none-eabi/lib/armv6-m\libg_s.a(lib_a-memmove.o)