Archive member included because of file (symbol)

.\CortexM0\ARM_GCC_484\Debug\T-50_Project.a(cyfitter_cfg.o)
                              .\CortexM0\ARM_GCC_484\Debug\Cm0Start.o (cyfitter_cfg)
.\CortexM0\ARM_GCC_484\Debug\T-50_Project.a(Bootloadable_1.o)
                              .\CortexM0\ARM_GCC_484\Debug\main.o (Bootloadable_1_Load)
.\CortexM0\ARM_GCC_484\Debug\T-50_Project.a(CyBootAsmGnu.o)
                              .\CortexM0\ARM_GCC_484\Debug\T-50_Project.a(cyfitter_cfg.o) (CyDelayCycles)
.\CortexM0\ARM_GCC_484\Debug\T-50_Project.a(CyFlash.o)
                              .\CortexM0\ARM_GCC_484\Debug\T-50_Project.a(Bootloadable_1.o) (CySysFlashWriteRow)
.\CortexM0\ARM_GCC_484\Debug\T-50_Project.a(CyLib.o)
                              .\CortexM0\ARM_GCC_484\Debug\main.o (CySysWdtWriteMode)
.\CortexM0\ARM_GCC_484\Debug\T-50_Project.a(UART_1.o)
                              .\CortexM0\ARM_GCC_484\Debug\main.o (UART_1_Start)
.\CortexM0\ARM_GCC_484\Debug\T-50_Project.a(UART_1_SPI_UART.o)
                              .\CortexM0\ARM_GCC_484\Debug\main.o (UART_1_SpiUartWriteTxData)
.\CortexM0\ARM_GCC_484\Debug\T-50_Project.a(UART_1_UART.o)
                              .\CortexM0\ARM_GCC_484\Debug\T-50_Project.a(UART_1.o) (UART_1_UartInit)
.\CortexM0\ARM_GCC_484\Debug\T-50_Project.a(TaskTimer.o)
                              .\CortexM0\ARM_GCC_484\Debug\main.o (TaskTimer_Start)
.\CortexM0\ARM_GCC_484\Debug\T-50_Project.a(TaskISR.o)
                              .\CortexM0\ARM_GCC_484\Debug\main.o (TaskISR_Start)
.\CortexM0\ARM_GCC_484\Debug\T-50_Project.a(NavLightPWM.o)
                              .\CortexM0\ARM_GCC_484\Debug\main.o (NavLightPWM_WriteCompare)
.\CortexM0\ARM_GCC_484\Debug\T-50_Project.a(BootISR.o)
                              .\CortexM0\ARM_GCC_484\Debug\main.o (BootISR_Start)
.\CortexM0\ARM_GCC_484\Debug\T-50_Project.a(SW1.o)
                              .\CortexM0\ARM_GCC_484\Debug\T-50_Project.a(BootISR.o) (SW1_ClearInterrupt)
.\CortexM0\ARM_GCC_484\Debug\T-50_Project.a(Strobes.o)
                              .\CortexM0\ARM_GCC_484\Debug\main.o (Strobes_Write)
.\CortexM0\ARM_GCC_484\Debug\T-50_Project.a(Ldg.o)
                              .\CortexM0\ARM_GCC_484\Debug\main.o (Ldg_Write)
.\CortexM0\ARM_GCC_484\Debug\T-50_Project.a(PPMCounter.o)
                              .\CortexM0\ARM_GCC_484\Debug\main.o (PPMCounter_Start)
.\CortexM0\ARM_GCC_484\Debug\T-50_Project.a(PPMISR.o)
                              .\CortexM0\ARM_GCC_484\Debug\main.o (PPMISR_Start)
.\CortexM0\ARM_GCC_484\Debug\T-50_Project.a(PPMRstISR.o)
                              .\CortexM0\ARM_GCC_484\Debug\main.o (PPMRstISR_Start)
.\CortexM0\ARM_GCC_484\Debug\T-50_Project.a(ServoTimer.o)
                              .\CortexM0\ARM_GCC_484\Debug\main.o (ServoTimer_Start)
.\CortexM0\ARM_GCC_484\Debug\T-50_Project.a(ServoISR.o)
                              .\CortexM0\ARM_GCC_484\Debug\main.o (ServoISR_Start)
.\CortexM0\ARM_GCC_484\Debug\T-50_Project.a(Out_Mot_Pin.o)
                              .\CortexM0\ARM_GCC_484\Debug\T-50_Project.a(ServoISR.o) (Out_Mot_Pin_Write)
.\CortexM0\ARM_GCC_484\Debug\T-50_Project.a(Out_Ail1_Pin.o)
                              .\CortexM0\ARM_GCC_484\Debug\T-50_Project.a(ServoISR.o) (Out_Ail1_Pin_Write)
.\CortexM0\ARM_GCC_484\Debug\T-50_Project.a(Out_Ail2_Pin.o)
                              .\CortexM0\ARM_GCC_484\Debug\T-50_Project.a(ServoISR.o) (Out_Ail2_Pin_Write)
.\CortexM0\ARM_GCC_484\Debug\T-50_Project.a(Out_Ele1_Pin.o)
                              .\CortexM0\ARM_GCC_484\Debug\T-50_Project.a(ServoISR.o) (Out_Ele1_Pin_Write)
.\CortexM0\ARM_GCC_484\Debug\T-50_Project.a(Out_Ele2_Pin.o)
                              .\CortexM0\ARM_GCC_484\Debug\T-50_Project.a(ServoISR.o) (Out_Ele2_Pin_Write)
.\CortexM0\ARM_GCC_484\Debug\T-50_Project.a(Out_Rud_Pin.o)
                              .\CortexM0\ARM_GCC_484\Debug\T-50_Project.a(ServoISR.o) (Out_Rud_Pin_Write)
.\CortexM0\ARM_GCC_484\Debug\T-50_Project.a(Out_Fl1_Pin.o)
                              .\CortexM0\ARM_GCC_484\Debug\T-50_Project.a(ServoISR.o) (Out_Fl1_Pin_Write)
.\CortexM0\ARM_GCC_484\Debug\T-50_Project.a(Out_Fl2_Pin.o)
                              .\CortexM0\ARM_GCC_484\Debug\T-50_Project.a(ServoISR.o) (Out_Fl2_Pin_Write)
.\CortexM0\ARM_GCC_484\Debug\T-50_Project.a(Out_Ge1_Pin.o)
                              .\CortexM0\ARM_GCC_484\Debug\T-50_Project.a(ServoISR.o) (Out_Ge1_Pin_Write)
.\CortexM0\ARM_GCC_484\Debug\T-50_Project.a(Out_Ge2_Pin.o)
                              .\CortexM0\ARM_GCC_484\Debug\T-50_Project.a(ServoISR.o) (Out_Ge2_Pin_Write)
.\CortexM0\ARM_GCC_484\Debug\T-50_Project.a(Out_Ge3_Pin.o)
                              .\CortexM0\ARM_GCC_484\Debug\T-50_Project.a(ServoISR.o) (Out_Ge3_Pin_Write)
.\CortexM0\ARM_GCC_484\Debug\T-50_Project.a(Out_Sp1_Pin.o)
                              .\CortexM0\ARM_GCC_484\Debug\T-50_Project.a(ServoISR.o) (Out_Sp1_Pin_Write)
[...]
Memory Configuration

Name             Origin             Length             Attributes
rom              0x00000000         0x00008000         xr
ram              0x20000000         0x00001000         xrw
*default*        0x00000000         0xffffffff

Linker script and memory map

LOAD e:/program files (x86)/cypress/psoc creator/3.1/psoc creator/import/gnu_cs/arm/4.8.4/bin/../lib/gcc/arm-none-eabi/4.8.4/armv6-m/crti.o
LOAD e:/program files (x86)/cypress/psoc creator/3.1/psoc creator/import/gnu_cs/arm/4.8.4/bin/../lib/gcc/arm-none-eabi/4.8.4/armv6-m/crtbegin.o
LOAD e:/program files (x86)/cypress/psoc creator/3.1/psoc creator/import/gnu_cs/arm/4.8.4/bin/../lib/gcc/arm-none-eabi/4.8.4/../../../../arm-none-eabi/lib/armv6-m/crt0.o
START GROUP
LOAD .\CortexM0\ARM_GCC_484\Debug\main.o
LOAD .\CortexM0\ARM_GCC_484\Debug\IMU.o
LOAD .\CortexM0\ARM_GCC_484\Debug\Baro.o
LOAD .\CortexM0\ARM_GCC_484\Debug\cybootloader.o
LOAD .\CortexM0\ARM_GCC_484\Debug\cymetadata.o
LOAD .\CortexM0\ARM_GCC_484\Debug\Cm0Start.o
LOAD .\CortexM0\ARM_GCC_484\Debug\T-50_Project.a
LOAD E:\Program Files (x86)\Cypress\PSoC Creator\3.1\PSoC Creator\psoc\content\cycomponentlibrary\CyComponentLibrary.cylib\CortexM0\ARM_GCC_484\Debug\CyComponentLibrary.a
LOAD e:/program files (x86)/cypress/psoc creator/3.1/psoc creator/import/gnu_cs/arm/4.8.4/bin/../lib/gcc/arm-none-eabi/4.8.4/../../../../arm-none-eabi/lib/armv6-m\libm.a
END GROUP
START GROUP
LOAD e:/program files (x86)/cypress/psoc creator/3.1/psoc creator/import/gnu_cs/arm/4.8.4/bin/../lib/gcc/arm-none-eabi/4.8.4/armv6-m\libgcc.a
LOAD e:/program files (x86)/cypress/psoc creator/3.1/psoc creator/import/gnu_cs/arm/4.8.4/bin/../lib/gcc/arm-none-eabi/4.8.4/../../../../arm-none-eabi/lib/armv6-m\libg_s.a
LOAD e:/program files (x86)/cypress/psoc creator/3.1/psoc creator/import/gnu_cs/arm/4.8.4/bin/../lib/gcc/arm-none-eabi/4.8.4/../../../../arm-none-eabi/lib/armv6-m\libc_s.a
END GROUP
START GROUP
LOAD e:/program files (x86)/cypress/psoc creator/3.1/psoc creator/import/gnu_cs/arm/4.8.4/bin/../lib/gcc/arm-none-eabi/4.8.4/armv6-m\libgcc.a
LOAD e:/program files (x86)/cypress/psoc creator/3.1/psoc creator/import/gnu_cs/arm/4.8.4/bin/../lib/gcc/arm-none-eabi/4.8.4/../../../../arm-none-eabi/lib/armv6-m\libc_s.a
END GROUP
LOAD e:/program files (x86)/cypress/psoc creator/3.1/psoc creator/import/gnu_cs/arm/4.8.4/bin/../lib/gcc/arm-none-eabi/4.8.4/armv6-m/crtend.o
LOAD e:/program files (x86)/cypress/psoc creator/3.1/psoc creator/import/gnu_cs/arm/4.8.4/bin/../lib/gcc/arm-none-eabi/4.8.4/armv6-m/crtn.o
START GROUP
LOAD e:/program files (x86)/cypress/psoc creator/3.1/psoc creator/import/gnu_cs/arm/4.8.4/bin/../lib/gcc/arm-none-eabi/4.8.4/armv6-m\libgcc.a
LOAD e:/program files (x86)/cypress/psoc creator/3.1/psoc creator/import/gnu_cs/arm/4.8.4/bin/../lib/gcc/arm-none-eabi/4.8.4/../../../../arm-none-eabi/lib/armv6-m\libc.a
LOAD e:/program files (x86)/cypress/psoc creator/3.1/psoc creator/import/gnu_cs/arm/4.8.4/bin/../lib/gcc/arm-none-eabi/4.8.4/../../../../arm-none-eabi/lib/armv6-m\libnosys.a
END GROUP
                0x00000000                CY_APPL_ORIGIN = 0x0
                0x00000080                CY_FLASH_ROW_SIZE = 0x80
                0x00000001                CY_APPL_NUM = 0x1
                0x00000040                CY_METADATA_SIZE = 0x40
                0x20000570                PROVIDE (__cy_heap_start, _end)
                0x00000001                PROVIDE (__cy_region_num, ((__cy_regions_end - __cy_regions) / 0x10))
                0x20001000                PROVIDE (__cy_stack, (ORIGIN (ram) + 0x1000))
                0x20000c00                PROVIDE (__cy_heap_end, (__cy_stack - 0x400))

.cybootloader   0x00000000     0x1080
 *(.cybootloader)
 .cybootloader  0x00000000     0x1080 .\CortexM0\ARM_GCC_484\Debug\cybootloader.o
                0x00000000                cy_bootloader
                0x00001080                appl1_start = CY_APPL_ORIGIN?CY_APPL_ORIGIN:ALIGN (CY_FLASH_ROW_SIZE)
                0x00004800                appl2_start = (appl1_start + ALIGN ((((0x8000 - appl1_start) - (0x2 * CY_FLASH_ROW_SIZE)) / 0x2), CY_FLASH_ROW_SIZE))
                0x00001080                appl_start = (CY_APPL_NUM == 0x1)?appl1_start:appl2_start

.text           0x00001080     0x5e64
 CREATE_OBJECT_SYMBOLS
                0x00001080                PROVIDE (__cy_interrupt_vector, RomVectors)
 *(.romvectors)
 .romvectors    0x00001080       0x10 .\CortexM0\ARM_GCC_484\Debug\Cm0Start.o
                0x00001080                RomVectors
                0x00000001                ASSERT ((. != __cy_interrupt_vector), No interrupt vector)
                0x00000001                ASSERT (CY_APPL_ORIGIN?(SIZEOF (.cybootloader) <= CY_APPL_ORIGIN):0x1, Wrong image location)
                0x00001090                PROVIDE (__cy_reset, Reset)
 *(.text.Reset)
 .text.Reset    0x00001090       0x10 .\CortexM0\ARM_GCC_484\Debug\Cm0Start.o
                0x00001090                Reset
                0x00000001                ASSERT ((. != __cy_reset), No reset code)
 *(.psocinit)
 .psocinit      0x000010a0      0x32c .\CortexM0\ARM_GCC_484\Debug\T-50_Project.a(cyfitter_cfg.o)
                0x000010a0                cyfitter_cfg
                0x000013cc                . = MAX (., 0x100)
 *(.text .text.* .gnu.linkonce.t.*)
 .text          0x000013cc       0x60 e:/program files (x86)/cypress/psoc creator/3.1/psoc creator/import/gnu_cs/arm/4.8.4/bin/../lib/gcc/arm-none-eabi/4.8.4/armv6-m/crtbegin.o
 .text.UART_1_UartPutNum
                0x0000142c       0x1c .\CortexM0\ARM_GCC_484\Debug\main.o
                0x0000142c                UART_1_UartPutNum
 .text.ADC_read_speed
                0x00001448       0x16 .\CortexM0\ARM_GCC_484\Debug\main.o
                0x00001448                ADC_read_speed
 *fill*         0x0000145e        0x2 
 .text.ADC_calibrate_speed
                0x00001460       0x44 .\CortexM0\ARM_GCC_484\Debug\main.o
                0x00001460                ADC_calibrate_speed
 *fill*         0x000014a4        0x4 
 .text.startup.main
                0x000014a8      0x7e8 .\CortexM0\ARM_GCC_484\Debug\main.o
                0x000014a8                main
 .text.write_mpu6050_registry
                0x00001c90       0x5c .\CortexM0\ARM_GCC_484\Debug\IMU.o
                0x00001c90                write_mpu6050_registry
 .text.MPU6050_Init
                0x00001cec       0x20 .\CortexM0\ARM_GCC_484\Debug\IMU.o
                0x00001cec                MPU6050_Init
 .text.MPU6050_data_read
                0x00001d0c      0x13c .\CortexM0\ARM_GCC_484\Debug\IMU.o
                0x00001d0c                MPU6050_data_read
 .text.read_BMP180_registry
                0x00001e48       0x50 .\CortexM0\ARM_GCC_484\Debug\Baro.o
                0x00001e48                read_BMP180_registry
 .text.write_BMP180_registry
                0x00001e98       0x3c .\CortexM0\ARM_GCC_484\Debug\Baro.o
                0x00001e98                write_BMP180_registry
 .text.BMP180_baro_init
                0x00001ed4      0x174 .\CortexM0\ARM_GCC_484\Debug\Baro.o
                0x00001ed4                BMP180_baro_init
 .text.BMP180_baro_trigger_temp
                0x00002048        0xc .\CortexM0\ARM_GCC_484\Debug\Baro.o
                0x00002048                BMP180_baro_trigger_temp
 .text.BMP180_baro_read_temp
                0x00002054       0x58 .\CortexM0\ARM_GCC_484\Debug\Baro.o
                0x00002054                BMP180_baro_read_temp
 .text.BMP180_baro_trigger_pressure
                0x000020ac        0xc .\CortexM0\ARM_GCC_484\Debug\Baro.o
                0x000020ac                BMP180_baro_trigger_pressure
 .text.BMP180_baro_read_pressure
                0x000020b8      0x10c .\CortexM0\ARM_GCC_484\Debug\Baro.o
                0x000020b8                BMP180_baro_read_pressure
 .text.IntDefaultHandler
                0x000021c4        0x2 .\CortexM0\ARM_GCC_484\Debug\Cm0Start.o
                0x000021c4                IntDefaultHandler
 *fill*         0x000021c6        0x2 
 .text._sbrk    0x000021c8       0x30 .\CortexM0\ARM_GCC_484\Debug\Cm0Start.o
                0x000021c8                _sbrk
 .text.Start_c  0x000021f8       0x4c .\CortexM0\ARM_GCC_484\Debug\Cm0Start.o
                0x000021f8                Start_c
 .text.startup.initialize_psoc
                0x00002244       0x54 .\CortexM0\ARM_GCC_484\Debug\Cm0Start.o
                0x00002244                initialize_psoc
 .text.SetAnalogRoutingPumps
                0x00002298       0x20 .\CortexM0\ARM_GCC_484\Debug\T-50_Project.a(cyfitter_cfg.o)
                0x00002298                SetAnalogRoutingPumps
 .text.Bootloadable_1_Load
                0x000022b8       0x14 .\CortexM0\ARM_GCC_484\Debug\T-50_Project.a(Bootloadable_1.o)
                0x000022b8                Bootloadable_1_Load
 *fill*         0x000022cc        0x4 
 .text          0x000022d0       0x28 .\CortexM0\ARM_GCC_484\Debug\T-50_Project.a(CyBootAsmGnu.o)
                0x000022d0                CyDelayCycles
                0x000022e4                CyEnterCriticalSection
                0x000022ec                CyExitCriticalSection
 .text.CySysClkIloStart
                0x000022f8       0x14 .\CortexM0\ARM_GCC_484\Debug\T-50_Project.a(CyLib.o)
                0x000022f8                CySysClkIloStart
 .text.CySysWdtReadEnabledStatus
                0x0000230c       0x1c .\CortexM0\ARM_GCC_484\Debug\T-50_Project.a(CyLib.o)
                0x0000230c                CySysWdtReadEnabledStatus
 .text.CySysWdtWriteMode
                0x00002328       0x34 .\CortexM0\ARM_GCC_484\Debug\T-50_Project.a(CyLib.o)
                0x00002328                CySysWdtWriteMode
 .text.CySysWdtEnable
                0x0000235c       0x34 .\CortexM0\ARM_GCC_484\Debug\T-50_Project.a(CyLib.o)
                0x0000235c                CySysWdtEnable
 .text.CySysWdtResetCounters
                0x00002390       0x18 .\CortexM0\ARM_GCC_484\Debug\T-50_Project.a(CyLib.o)
                0x00002390                CySysWdtResetCounters
 .text.CyIntSetVector
                0x000023a8       0x18 .\CortexM0\ARM_GCC_484\Debug\T-50_Project.a(CyLib.o)
                0x000023a8                CyIntSetVector
 .text.CyIntSetPriority
                0x000023c0       0x40 .\CortexM0\ARM_GCC_484\Debug\T-50_Project.a(CyLib.o)
                0x000023c0                CyIntSetPriority
 .text.CyIntEnable
                0x00002400       0x14 .\CortexM0\ARM_GCC_484\Debug\T-50_Project.a(CyLib.o)
                0x00002400                CyIntEnable
 .text.CyIntDisable
                0x00002414       0x14 .\CortexM0\ARM_GCC_484\Debug\T-50_Project.a(CyLib.o)
                0x00002414                CyIntDisable
 .text.CyHalt   0x00002428        0x4 .\CortexM0\ARM_GCC_484\Debug\T-50_Project.a(CyLib.o)
                0x00002428                CyHalt
 .text.CySoftwareReset
                0x0000242c       0x18 .\CortexM0\ARM_GCC_484\Debug\T-50_Project.a(CyLib.o)
                0x0000242c                CySoftwareReset
 .text.CyDelay  0x00002444       0x2c .\CortexM0\ARM_GCC_484\Debug\T-50_Project.a(CyLib.o)
                0x00002444                CyDelay
 .text.CyDelayUs
                0x00002470       0x14 .\CortexM0\ARM_GCC_484\Debug\T-50_Project.a(CyLib.o)
                0x00002470                CyDelayUs
 .text.CySysWdtWriteMatch
                0x00002484       0x38 .\CortexM0\ARM_GCC_484\Debug\T-50_Project.a(CyLib.o)
                0x00002484                CySysWdtWriteMatch
 .text.UART_1_Enable
                0x000024bc       0x14 .\CortexM0\ARM_GCC_484\Debug\T-50_Project.a(UART_1.o)
                0x000024bc                UART_1_Enable
 .text.UART_1_Start
                0x000024d0       0x1c .\CortexM0\ARM_GCC_484\Debug\T-50_Project.a(UART_1.o)
                0x000024d0                UART_1_Start
 .text.UART_1_SpiUartReadRxData
                0x000024ec        0xc .\CortexM0\ARM_GCC_484\Debug\T-50_Project.a(UART_1_SPI_UART.o)
                0x000024ec                UART_1_SpiUartReadRxData
 .text.UART_1_SpiUartGetRxBufferSize
                0x000024f8       0x10 .\CortexM0\ARM_GCC_484\Debug\T-50_Project.a(UART_1_SPI_UART.o)
                0x000024f8                UART_1_SpiUartGetRxBufferSize
 .text.UART_1_SpiUartWriteTxData
                0x00002508       0x1c .\CortexM0\ARM_GCC_484\Debug\T-50_Project.a(UART_1_SPI_UART.o)
                0x00002508                UART_1_SpiUartWriteTxData
 .text.UART_1_UartInit
                0x00002524       0x90 .\CortexM0\ARM_GCC_484\Debug\T-50_Project.a(UART_1_UART.o)
                0x00002524                UART_1_UartInit
 .text.UART_1_UartGetChar
                0x000025b4       0x28 .\CortexM0\ARM_GCC_484\Debug\T-50_Project.a(UART_1_UART.o)
                0x000025b4                UART_1_UartGetChar
 .text.UART_1_UartPutString
                0x000025dc       0x16 .\CortexM0\ARM_GCC_484\Debug\T-50_Project.a(UART_1_UART.o)
                0x000025dc                UART_1_UartPutString
 *fill*         0x000025f2        0x2 
 .text.TaskTimer_Init
                0x000025f4       0x40 .\CortexM0\ARM_GCC_484\Debug\T-50_Project.a(TaskTimer.o)
                0x000025f4                TaskTimer_Init
 .text.TaskTimer_TriggerCommand
                0x00002634       0x1c .\CortexM0\ARM_GCC_484\Debug\T-50_Project.a(TaskTimer.o)
                0x00002634                TaskTimer_TriggerCommand
 .text.TaskTimer_Enable
                0x00002650       0x24 .\CortexM0\ARM_GCC_484\Debug\T-50_Project.a(TaskTimer.o)
                0x00002650                TaskTimer_Enable
 .text.TaskTimer_Start
                0x00002674       0x1c .\CortexM0\ARM_GCC_484\Debug\T-50_Project.a(TaskTimer.o)
                0x00002674                TaskTimer_Start
 .text.TaskTimer_ClearInterrupt
                0x00002690        0xc .\CortexM0\ARM_GCC_484\Debug\T-50_Project.a(TaskTimer.o)
                0x00002690                TaskTimer_ClearInterrupt
 .text.TaskISR_Interrupt
                0x0000269c       0x14 .\CortexM0\ARM_GCC_484\Debug\T-50_Project.a(TaskISR.o)
                0x0000269c                TaskISR_Interrupt
 .text.TaskISR_SetPriority
                0x000026b0       0x24 .\CortexM0\ARM_GCC_484\Debug\T-50_Project.a(TaskISR.o)
                0x000026b0                TaskISR_SetPriority
 .text.TaskISR_Start
                0x000026d4       0x30 .\CortexM0\ARM_GCC_484\Debug\T-50_Project.a(TaskISR.o)
                0x000026d4                TaskISR_Start
 .text.NavLightPWM_Init
                0x00002704       0x50 .\CortexM0\ARM_GCC_484\Debug\T-50_Project.a(NavLightPWM.o)
                0x00002704                NavLightPWM_Init
 .text.NavLightPWM_WriteCompare
                0x00002754        0xc .\CortexM0\ARM_GCC_484\Debug\T-50_Project.a(NavLightPWM.o)
                0x00002754                NavLightPWM_WriteCompare
 .text.NavLightPWM_TriggerCommand
                0x00002760       0x1c .\CortexM0\ARM_GCC_484\Debug\T-50_Project.a(NavLightPWM.o)
                0x00002760                NavLightPWM_TriggerCommand
 .text.NavLightPWM_Enable
                0x0000277c       0x24 .\CortexM0\ARM_GCC_484\Debug\T-50_Project.a(NavLightPWM.o)
                0x0000277c                NavLightPWM_Enable
 .text.NavLightPWM_Start
                0x000027a0       0x1c .\CortexM0\ARM_GCC_484\Debug\T-50_Project.a(NavLightPWM.o)
                0x000027a0                NavLightPWM_Start
 .text.BootISR_Interrupt
                0x000027bc       0x1c .\CortexM0\ARM_GCC_484\Debug\T-50_Project.a(BootISR.o)
                0x000027bc                BootISR_Interrupt
 .text.BootISR_SetPriority
                0x000027d8       0x24 .\CortexM0\ARM_GCC_484\Debug\T-50_Project.a(BootISR.o)
                0x000027d8                BootISR_SetPriority
 .text.BootISR_Start
                0x000027fc       0x2c .\CortexM0\ARM_GCC_484\Debug\T-50_Project.a(BootISR.o)
                0x000027fc                BootISR_Start
 .text.SW1_ClearInterrupt
                0x00002828       0x14 .\CortexM0\ARM_GCC_484\Debug\T-50_Project.a(SW1.o)
                0x00002828                SW1_ClearInterrupt
 .text.Strobes_Write
                0x0000283c       0x18 .\CortexM0\ARM_GCC_484\Debug\T-50_Project.a(Strobes.o)
                0x0000283c                Strobes_Write
 .text.Ldg_Write
                0x00002854       0x18 .\CortexM0\ARM_GCC_484\Debug\T-50_Project.a(Ldg.o)
                0x00002854                Ldg_Write
 .text.PPMCounter_Init
                0x0000286c       0x38 .\CortexM0\ARM_GCC_484\Debug\T-50_Project.a(PPMCounter.o)
                0x0000286c                PPMCounter_Init
 .text.PPMCounter_WriteCounter
                0x000028a4        0xc .\CortexM0\ARM_GCC_484\Debug\T-50_Project.a(PPMCounter.o)
                0x000028a4                PPMCounter_WriteCounter
 .text.PPMCounter_ReadCounter
                0x000028b0        0xc .\CortexM0\ARM_GCC_484\Debug\T-50_Project.a(PPMCounter.o)
                0x000028b0                PPMCounter_ReadCounter
 .text.PPMCounter_TriggerCommand
                0x000028bc       0x1c .\CortexM0\ARM_GCC_484\Debug\T-50_Project.a(PPMCounter.o)
                0x000028bc                PPMCounter_TriggerCommand
 .text.PPMCounter_Enable
                0x000028d8       0x24 .\CortexM0\ARM_GCC_484\Debug\T-50_Project.a(PPMCounter.o)
                0x000028d8                PPMCounter_Enable
 .text.PPMCounter_Start
                0x000028fc       0x1c .\CortexM0\ARM_GCC_484\Debug\T-50_Project.a(PPMCounter.o)
                0x000028fc                PPMCounter_Start
 .text.PPMCounter_ClearInterrupt
                0x00002918        0xc .\CortexM0\ARM_GCC_484\Debug\T-50_Project.a(PPMCounter.o)
                0x00002918                PPMCounter_ClearInterrupt
 .text.PPMISR_Interrupt
                0x00002924       0x40 .\CortexM0\ARM_GCC_484\Debug\T-50_Project.a(PPMISR.o)
                0x00002924                PPMISR_Interrupt
 .text.PPMISR_SetPriority
                0x00002964       0x20 .\CortexM0\ARM_GCC_484\Debug\T-50_Project.a(PPMISR.o)
                0x00002964                PPMISR_SetPriority
 .text.PPMISR_Start
                0x00002984       0x30 .\CortexM0\ARM_GCC_484\Debug\T-50_Project.a(PPMISR.o)
                0x00002984                PPMISR_Start
 .text.PPMRstISR_Interrupt
                0x000029b4       0x20 .\CortexM0\ARM_GCC_484\Debug\T-50_Project.a(PPMRstISR.o)
                0x000029b4                PPMRstISR_Interrupt
 .text.PPMRstISR_SetPriority
                0x000029d4       0x28 .\CortexM0\ARM_GCC_484\Debug\T-50_Project.a(PPMRstISR.o)
                0x000029d4                PPMRstISR_SetPriority
 .text.PPMRstISR_Start
                0x000029fc       0x2c .\CortexM0\ARM_GCC_484\Debug\T-50_Project.a(PPMRstISR.o)
                0x000029fc                PPMRstISR_Start
 .text.ServoTimer_Init
                0x00002a28       0x40 .\CortexM0\ARM_GCC_484\Debug\T-50_Project.a(ServoTimer.o)
                0x00002a28                ServoTimer_Init
 .text.ServoTimer_WriteCounter
                0x00002a68        0xc .\CortexM0\ARM_GCC_484\Debug\T-50_Project.a(ServoTimer.o)
                0x00002a68                ServoTimer_WriteCounter
 .text.ServoTimer_WritePeriod
                0x00002a74        0xc .\CortexM0\ARM_GCC_484\Debug\T-50_Project.a(ServoTimer.o)
                0x00002a74                ServoTimer_WritePeriod
 .text.ServoTimer_TriggerCommand
                0x00002a80       0x1c .\CortexM0\ARM_GCC_484\Debug\T-50_Project.a(ServoTimer.o)
                0x00002a80                ServoTimer_TriggerCommand
 .text.ServoTimer_Enable
                0x00002a9c       0x24 .\CortexM0\ARM_GCC_484\Debug\T-50_Project.a(ServoTimer.o)
                0x00002a9c                ServoTimer_Enable
 .text.ServoTimer_Start
                0x00002ac0       0x1c .\CortexM0\ARM_GCC_484\Debug\T-50_Project.a(ServoTimer.o)
                0x00002ac0                ServoTimer_Start
 .text.ServoTimer_ClearInterrupt
                0x00002adc        0xc .\CortexM0\ARM_GCC_484\Debug\T-50_Project.a(ServoTimer.o)
                0x00002adc                ServoTimer_ClearInterrupt
 .text.ServoISR_Interrupt
                0x00002ae8      0x100 .\CortexM0\ARM_GCC_484\Debug\T-50_Project.a(ServoISR.o)
                0x00002ae8                ServoISR_Interrupt
 .text.ServoISR_SetPriority
                0x00002be8       0x28 .\CortexM0\ARM_GCC_484\Debug\T-50_Project.a(ServoISR.o)
                0x00002be8                ServoISR_SetPriority
 .text.ServoISR_Start
                0x00002c10       0x30 .\CortexM0\ARM_GCC_484\Debug\T-50_Project.a(ServoISR.o)
                0x00002c10                ServoISR_Start
 .text.Out_Mot_Pin_Write
                0x00002c40       0x18 .\CortexM0\ARM_GCC_484\Debug\T-50_Project.a(Out_Mot_Pin.o)
                0x00002c40                Out_Mot_Pin_Write
 .text.Out_Ail1_Pin_Write
                0x00002c58       0x18 .\CortexM0\ARM_GCC_484\Debug\T-50_Project.a(Out_Ail1_Pin.o)
                0x00002c58                Out_Ail1_Pin_Write
 .text.Out_Ail2_Pin_Write
                0x00002c70       0x18 .\CortexM0\ARM_GCC_484\Debug\T-50_Project.a(Out_Ail2_Pin.o)
                0x00002c70                Out_Ail2_Pin_Write
 .text.Out_Ele1_Pin_Write
                0x00002c88       0x18 .\CortexM0\ARM_GCC_484\Debug\T-50_Project.a(Out_Ele1_Pin.o)
                0x00002c88                Out_Ele1_Pin_Write
 .text.Out_Ele2_Pin_Write
                0x00002ca0       0x18 .\CortexM0\ARM_GCC_484\Debug\T-50_Project.a(Out_Ele2_Pin.o)
                0x00002ca0                Out_Ele2_Pin_Write
 .text.Out_Rud_Pin_Write
                0x00002cb8       0x18 .\CortexM0\ARM_GCC_484\Debug\T-50_Project.a(Out_Rud_Pin.o)
                0x00002cb8                Out_Rud_Pin_Write
 .text.Out_Fl1_Pin_Write
                0x00002cd0       0x18 .\CortexM0\ARM_GCC_484\Debug\T-50_Project.a(Out_Fl1_Pin.o)
                0x00002cd0                Out_Fl1_Pin_Write
 .text.Out_Fl2_Pin_Write
                0x00002ce8       0x18 .\CortexM0\ARM_GCC_484\Debug\T-50_Project.a(Out_Fl2_Pin.o)
                0x00002ce8                Out_Fl2_Pin_Write
 .text.Out_Ge1_Pin_Write
                0x00002d00       0x18 .\CortexM0\ARM_GCC_484\Debug\T-50_Project.a(Out_Ge1_Pin.o)
                0x00002d00                Out_Ge1_Pin_Write
 .text.Out_Ge2_Pin_Write
                0x00002d18       0x18 .\CortexM0\ARM_GCC_484\Debug\T-50_Project.a(Out_Ge2_Pin.o)
                0x00002d18                Out_Ge2_Pin_Write
 .text.Out_Ge3_Pin_Write
                0x00002d30       0x18 .\CortexM0\ARM_GCC_484\Debug\T-50_Project.a(Out_Ge3_Pin.o)
                0x00002d30                Out_Ge3_Pin_Write
 .text.Out_Sp1_Pin_Write
                0x00002d48       0x18 .\CortexM0\ARM_GCC_484\Debug\T-50_Project.a(Out_Sp1_Pin.o)
                0x00002d48                Out_Sp1_Pin_Write
 .text.Out_Sp2_Pin_Write
                0x00002d60       0x18 .\CortexM0\ARM_GCC_484\Debug\T-50_Project.a(Out_Sp2_Pin.o)
                0x00002d60                Out_Sp2_Pin_Write
 .text.I2CM_Enable
                0x00002d78       0x1c .\CortexM0\ARM_GCC_484\Debug\T-50_Project.a(I2CM.o)
                0x00002d78                I2CM_Enable
 .text.I2CM_Start
                0x00002d94       0x1c .\CortexM0\ARM_GCC_484\Debug\T-50_Project.a(I2CM.o)
                0x00002d94                I2CM_Start
 .text.I2CM_I2CInit
                0x00002db0       0xc8 .\CortexM0\ARM_GCC_484\Debug\T-50_Project.a(I2CM_I2C.o)
                0x00002db0                I2CM_I2CInit
 .text.I2CM_I2CMasterSendStart
                0x00002e78       0xb0 .\CortexM0\ARM_GCC_484\Debug\T-50_Project.a(I2CM_I2C_MASTER.o)
                0x00002e78                I2CM_I2CMasterSendStart
 .text.I2CM_I2CMasterWriteByte
                0x00002f28       0x7c .\CortexM0\ARM_GCC_484\Debug\T-50_Project.a(I2CM_I2C_MASTER.o)
                0x00002f28                I2CM_I2CMasterWriteByte
 .text.I2CM_I2CMasterReadByte
                0x00002fa4       0x80 .\CortexM0\ARM_GCC_484\Debug\T-50_Project.a(I2CM_I2C_MASTER.o)
                0x00002fa4                I2CM_I2CMasterReadByte
 .text.I2CM_I2CReStartGeneration
                0x00003024       0x90 .\CortexM0\ARM_GCC_484\Debug\T-50_Project.a(I2CM_I2C_MASTER.o)
                0x00003024                I2CM_I2CReStartGeneration
 .text.I2CM_I2CMasterSendRestart
                0x000030b4       0xa8 .\CortexM0\ARM_GCC_484\Debug\T-50_Project.a(I2CM_I2C_MASTER.o)
                0x000030b4                I2CM_I2CMasterSendRestart
 .text.I2CM_sda_Read
                0x0000315c       0x10 .\CortexM0\ARM_GCC_484\Debug\T-50_Project.a(I2CM_sda.o)
                0x0000315c                I2CM_sda_Read
 .text.I2CM_scl_Write
                0x0000316c       0x18 .\CortexM0\ARM_GCC_484\Debug\T-50_Project.a(I2CM_scl.o)
                0x0000316c                I2CM_scl_Write
 .text.I2CM_scl_Read
                0x00003184       0x10 .\CortexM0\ARM_GCC_484\Debug\T-50_Project.a(I2CM_scl.o)
                0x00003184                I2CM_scl_Read
 .text.ADC_Init
                0x00003194       0xcc .\CortexM0\ARM_GCC_484\Debug\T-50_Project.a(ADC.o)
                0x00003194                ADC_Init
 .text.ADC_Enable
                0x00003260       0x20 .\CortexM0\ARM_GCC_484\Debug\T-50_Project.a(ADC.o)
                0x00003260                ADC_Enable
 .text.ADC_Start
                0x00003280       0x1c .\CortexM0\ARM_GCC_484\Debug\T-50_Project.a(ADC.o)
                0x00003280                ADC_Start
 .text.ADC_StartConvert
                0x0000329c       0x14 .\CortexM0\ARM_GCC_484\Debug\T-50_Project.a(ADC.o)
                0x0000329c                ADC_StartConvert
 .text.ADC_StopConvert
                0x000032b0       0x14 .\CortexM0\ARM_GCC_484\Debug\T-50_Project.a(ADC.o)
                0x000032b0                ADC_StopConvert
 .text.ADC_GetResult16
                0x000032c4       0x20 .\CortexM0\ARM_GCC_484\Debug\T-50_Project.a(ADC.o)
                0x000032c4                ADC_GetResult16
 .text.ADC_ISR  0x000032e4        0xc .\CortexM0\ARM_GCC_484\Debug\T-50_Project.a(ADC_INT.o)
                0x000032e4                ADC_ISR
 .text.I2CM_I2C_ISR
                0x000032f0      0x354 .\CortexM0\ARM_GCC_484\Debug\T-50_Project.a(I2CM_I2C_INT.o)
                0x000032f0                I2CM_I2C_ISR
 .text.atan2    0x00003644        0x8 e:/program files (x86)/cypress/psoc creator/3.1/psoc creator/import/gnu_cs/arm/4.8.4/bin/../lib/gcc/arm-none-eabi/4.8.4/../../../../arm-none-eabi/lib/armv6-m\libm.a(lib_a-w_atan2.o)
                0x00003644                atan2
 *fill*         0x0000364c        0x4 
 .text.__ieee754_atan2
                0x00003650      0x208 e:/program files (x86)/cypress/psoc creator/3.1/psoc creator/import/gnu_cs/arm/4.8.4/bin/../lib/gcc/arm-none-eabi/4.8.4/../../../../arm-none-eabi/lib/armv6-m\libm.a(lib_a-e_atan2.o)
                0x00003650                __ieee754_atan2
 .text.atan     0x00003858      0x350 e:/program files (x86)/cypress/psoc creator/3.1/psoc creator/import/gnu_cs/arm/4.8.4/bin/../lib/gcc/arm-none-eabi/4.8.4/../../../../arm-none-eabi/lib/armv6-m\libm.a(lib_a-s_atan.o)
                0x00003858                atan
 .text.fabs     0x00003ba8        0x8 e:/program files (x86)/cypress/psoc creator/3.1/psoc creator/import/gnu_cs/arm/4.8.4/bin/../lib/gcc/arm-none-eabi/4.8.4/../../../../arm-none-eabi/lib/armv6-m\libm.a(lib_a-s_fabs.o)
                0x00003ba8                fabs
 .text          0x00003bb0       0x14 e:/program files (x86)/cypress/psoc creator/3.1/psoc creator/import/gnu_cs/arm/4.8.4/bin/../lib/gcc/arm-none-eabi/4.8.4/armv6-m\libgcc.a(_thumb1_case_uqi.o)
                0x00003bb0                __gnu_thumb1_case_uqi
 .text          0x00003bc4       0x9c e:/program files (x86)/cypress/psoc creator/3.1/psoc creator/import/gnu_cs/arm/4.8.4/bin/../lib/gcc/arm-none-eabi/4.8.4/armv6-m\libgcc.a(_udivsi3.o)
                0x00003bc4                __aeabi_uidiv
                0x00003bc4                __udivsi3
                0x00003c4c                __aeabi_uidivmod
 .text          0x00003c60       0xc0 e:/program files (x86)/cypress/psoc creator/3.1/psoc creator/import/gnu_cs/arm/4.8.4/bin/../lib/gcc/arm-none-eabi/4.8.4/armv6-m\libgcc.a(_divsi3.o)
                0x00003c60                __divsi3
                0x00003c60                __aeabi_idiv
                0x00003d0c                __aeabi_idivmod
 .text          0x00003d20        0x4 e:/program files (x86)/cypress/psoc creator/3.1/psoc creator/import/gnu_cs/arm/4.8.4/bin/../lib/gcc/arm-none-eabi/4.8.4/armv6-m\libgcc.a(_dvmd_tls.o)
                0x00003d20                __aeabi_idiv0
                0x00003d20                __aeabi_ldiv0
 .text          0x00003d24       0x7c e:/program files (x86)/cypress/psoc creator/3.1/psoc creator/import/gnu_cs/arm/4.8.4/bin/../lib/gcc/arm-none-eabi/4.8.4/armv6-m\libgcc.a(_arm_cmpdf2.o)
                0x00003d24                __aeabi_cdrcmple
                0x00003d34                __aeabi_cdcmple
                0x00003d34                __aeabi_cdcmpeq
                0x00003d44                __aeabi_dcmpeq
                0x00003d50                __aeabi_dcmplt
                0x00003d64                __aeabi_dcmple
                0x00003d78                __aeabi_dcmpgt
                0x00003d8c                __aeabi_dcmpge
 .text          0x00003da0       0x30 e:/program files (x86)/cypress/psoc creator/3.1/psoc creator/import/gnu_cs/arm/4.8.4/bin/../lib/gcc/arm-none-eabi/4.8.4/armv6-m\libgcc.a(_fixunssfsi.o)
                0x00003da0                __fixunssfsi
                0x00003da0                __aeabi_f2uiz
 .text          0x00003dd0      0x2d8 e:/program files (x86)/cypress/psoc creator/3.1/psoc creator/import/gnu_cs/arm/4.8.4/bin/../lib/gcc/arm-none-eabi/4.8.4/armv6-m\libgcc.a(addsf3.o)
                0x00003dd0                __aeabi_fadd
 .text          0x000040a8      0x254 e:/program files (x86)/cypress/psoc creator/3.1/psoc creator/import/gnu_cs/arm/4.8.4/bin/../lib/gcc/arm-none-eabi/4.8.4/armv6-m\libgcc.a(mulsf3.o)
                0x000040a8                __aeabi_fmul
 .text          0x000042fc      0x2ec e:/program files (x86)/cypress/psoc creator/3.1/psoc creator/import/gnu_cs/arm/4.8.4/bin/../lib/gcc/arm-none-eabi/4.8.4/armv6-m\libgcc.a(subsf3.o)
                0x000042fc                __aeabi_fsub
 .text          0x000045e8       0x40 e:/program files (x86)/cypress/psoc creator/3.1/psoc creator/import/gnu_cs/arm/4.8.4/bin/../lib/gcc/arm-none-eabi/4.8.4/armv6-m\libgcc.a(fixsfsi.o)
                0x000045e8                __aeabi_f2iz
 .text          0x00004628       0xb8 e:/program files (x86)/cypress/psoc creator/3.1/psoc creator/import/gnu_cs/arm/4.8.4/bin/../lib/gcc/arm-none-eabi/4.8.4/armv6-m\libgcc.a(floatsisf.o)
                0x00004628                __aeabi_i2f
 .text          0x000046e0      0x644 e:/program files (x86)/cypress/psoc creator/3.1/psoc creator/import/gnu_cs/arm/4.8.4/bin/../lib/gcc/arm-none-eabi/4.8.4/armv6-m\libgcc.a(adddf3.o)
                0x000046e0                __aeabi_dadd
 .text          0x00004d24      0x648 e:/program files (x86)/cypress/psoc creator/3.1/psoc creator/import/gnu_cs/arm/4.8.4/bin/../lib/gcc/arm-none-eabi/4.8.4/armv6-m\libgcc.a(divdf3.o)
                0x00004d24                __aeabi_ddiv
 .text          0x0000536c       0x94 e:/program files (x86)/cypress/psoc creator/3.1/psoc creator/import/gnu_cs/arm/4.8.4/bin/../lib/gcc/arm-none-eabi/4.8.4/armv6-m\libgcc.a(eqdf2.o)
                0x0000536c                __nedf2
                0x0000536c                __eqdf2
 .text          0x00005400       0xfc e:/program files (x86)/cypress/psoc creator/3.1/psoc creator/import/gnu_cs/arm/4.8.4/bin/../lib/gcc/arm-none-eabi/4.8.4/armv6-m\libgcc.a(gedf2.o)
                0x00005400                __gedf2
                0x00005400                __gtdf2
 .text          0x000054fc       0xfc e:/program files (x86)/cypress/psoc creator/3.1/psoc creator/import/gnu_cs/arm/4.8.4/bin/../lib/gcc/arm-none-eabi/4.8.4/armv6-m\libgcc.a(ledf2.o)
                0x000054fc                __ledf2
                0x000054fc                __ltdf2
 .text          0x000055f8      0x520 e:/program files (x86)/cypress/psoc creator/3.1/psoc creator/import/gnu_cs/arm/4.8.4/bin/../lib/gcc/arm-none-eabi/4.8.4/armv6-m\libgcc.a(muldf3.o)
                0x000055f8                __aeabi_dmul
 .text          0x00005b18      0x668 e:/program files (x86)/cypress/psoc creator/3.1/psoc creator/import/gnu_cs/arm/4.8.4/bin/../lib/gcc/arm-none-eabi/4.8.4/armv6-m\libgcc.a(subdf3.o)
                0x00005b18                __aeabi_dsub
 .text          0x00006180       0x68 e:/program files (x86)/cypress/psoc creator/3.1/psoc creator/import/gnu_cs/arm/4.8.4/bin/../lib/gcc/arm-none-eabi/4.8.4/armv6-m\libgcc.a(fixdfsi.o)
                0x00006180                __aeabi_d2iz
 .text          0x000061e8       0x7c e:/program files (x86)/cypress/psoc creator/3.1/psoc creator/import/gnu_cs/arm/4.8.4/bin/../lib/gcc/arm-none-eabi/4.8.4/armv6-m\libgcc.a(floatsidf.o)
                0x000061e8                __aeabi_i2d
 .text          0x00006264       0xa4 e:/program files (x86)/cypress/psoc creator/3.1/psoc creator/import/gnu_cs/arm/4.8.4/bin/../lib/gcc/arm-none-eabi/4.8.4/armv6-m\libgcc.a(extendsfdf2.o)
                0x00006264                __aeabi_f2d
 .text          0x00006308      0x118 e:/program files (x86)/cypress/psoc creator/3.1/psoc creator/import/gnu_cs/arm/4.8.4/bin/../lib/gcc/arm-none-eabi/4.8.4/armv6-m\libgcc.a(truncdfsf2.o)
                0x00006308                __aeabi_d2f
 .text          0x00006420       0x74 e:/program files (x86)/cypress/psoc creator/3.1/psoc creator/import/gnu_cs/arm/4.8.4/bin/../lib/gcc/arm-none-eabi/4.8.4/armv6-m\libgcc.a(_arm_cmpsf2.o)
                0x00006420                __aeabi_cfrcmple
                0x00006428                __aeabi_cfcmpeq
                0x00006428                __aeabi_cfcmple
                0x00006438                __aeabi_fcmpeq
                0x00006444                __aeabi_fcmplt
                0x00006458                __aeabi_fcmple
                0x0000646c                __aeabi_fcmpgt
                0x00006480                __aeabi_fcmpge
 .text          0x00006494       0x3c e:/program files (x86)/cypress/psoc creator/3.1/psoc creator/import/gnu_cs/arm/4.8.4/bin/../lib/gcc/arm-none-eabi/4.8.4/armv6-m\libgcc.a(_clzsi2.o)
                0x00006494                __clzsi2
 .text          0x000064d0       0x54 e:/program files (x86)/cypress/psoc creator/3.1/psoc creator/import/gnu_cs/arm/4.8.4/bin/../lib/gcc/arm-none-eabi/4.8.4/armv6-m\libgcc.a(eqsf2.o)
                0x000064d0                __eqsf2
                0x000064d0                __nesf2
 .text          0x00006524       0x90 e:/program files (x86)/cypress/psoc creator/3.1/psoc creator/import/gnu_cs/arm/4.8.4/bin/../lib/gcc/arm-none-eabi/4.8.4/armv6-m\libgcc.a(gesf2.o)
                0x00006524                __gesf2
                0x00006524                __gtsf2
 .text          0x000065b4       0x98 e:/program files (x86)/cypress/psoc creator/3.1/psoc creator/import/gnu_cs/arm/4.8.4/bin/../lib/gcc/arm-none-eabi/4.8.4/armv6-m\libgcc.a(lesf2.o)
                0x000065b4                __ltsf2
                0x000065b4                __lesf2
 .text.__errno  0x0000664c        0xc e:/program files (x86)/cypress/psoc creator/3.1/psoc creator/import/gnu_cs/arm/4.8.4/bin/../lib/gcc/arm-none-eabi/4.8.4/../../../../arm-none-eabi/lib/armv6-m\libg_s.a(lib_a-errno.o)
                0x0000664c                __errno
 .text.__libc_init_array
                0x00006658       0x4c e:/program files (x86)/cypress/psoc creator/3.1/psoc creator/import/gnu_cs/arm/4.8.4/bin/../lib/gcc/arm-none-eabi/4.8.4/../../../../arm-none-eabi/lib/armv6-m\libg_s.a(lib_a-init.o)
                0x00006658                __libc_init_array
 .text.memcpy   0x000066a4       0x12 e:/program files (x86)/cypress/psoc creator/3.1/psoc creator/import/gnu_cs/arm/4.8.4/bin/../lib/gcc/arm-none-eabi/4.8.4/../../../../arm-none-eabi/lib/armv6-m\libg_s.a(lib_a-memcpy-stub.o)
                0x000066a4                memcpy
 .text.memset   0x000066b6       0x10 e:/program files (x86)/cypress/psoc creator/3.1/psoc creator/import/gnu_cs/arm/4.8.4/bin/../lib/gcc/arm-none-eabi/4.8.4/../../../../arm-none-eabi/lib/armv6-m\libg_s.a(lib_a-memset.o)
                0x000066b6                memset
 *fill*         0x000066c6        0x2 
 .text.sprintf  0x000066c8       0x44 e:/program files (x86)/cypress/psoc creator/3.1/psoc creator/import/gnu_cs/arm/4.8.4/bin/../lib/gcc/arm-none-eabi/4.8.4/../../../../arm-none-eabi/lib/armv6-m\libg_s.a(lib_a-sprintf.o)
                0x000066c8                siprintf
                0x000066c8                sprintf
 .text          0x0000670c       0x14 e:/program files (x86)/cypress/psoc creator/3.1/psoc creator/import/gnu_cs/arm/4.8.4/bin/../lib/gcc/arm-none-eabi/4.8.4/../../../../arm-none-eabi/lib/armv6-m\libg_s.a(lib_a-strcmp.o)
                0x0000670c                strcmp
 .text.__ssputs_r
                0x00006720       0xc0 e:/program files (x86)/cypress/psoc creator/3.1/psoc creator/import/gnu_cs/arm/4.8.4/bin/../lib/gcc/arm-none-eabi/4.8.4/../../../../arm-none-eabi/lib/armv6-m\libg_s.a(lib_a-svfprintf.o)
                0x00006720                __ssputs_r
 .text._svfprintf_r
                0x000067e0      0x1e0 e:/program files (x86)/cypress/psoc creator/3.1/psoc creator/import/gnu_cs/arm/4.8.4/bin/../lib/gcc/arm-none-eabi/4.8.4/../../../../arm-none-eabi/lib/armv6-m\libg_s.a(lib_a-svfprintf.o)
                0x000067e0                _svfiprintf_r
                0x000067e0                _svfprintf_r
 .text._printf_common
                0x000069c0       0xe8 e:/program files (x86)/cypress/psoc creator/3.1/psoc creator/import/gnu_cs/arm/4.8.4/bin/../lib/gcc/arm-none-eabi/4.8.4/../../../../arm-none-eabi/lib/armv6-m\libg_s.a(lib_a-vfprintf_i.o)
                0x000069c0                _printf_common
 .text._printf_i
                0x00006aa8      0x22c e:/program files (x86)/cypress/psoc creator/3.1/psoc creator/import/gnu_cs/arm/4.8.4/bin/../lib/gcc/arm-none-eabi/4.8.4/../../../../arm-none-eabi/lib/armv6-m\libg_s.a(lib_a-vfprintf_i.o)
                0x00006aa8                _printf_i
 .text.memchr   0x00006cd4       0x16 e:/program files (x86)/cypress/psoc creator/3.1/psoc creator/import/gnu_cs/arm/4.8.4/bin/../lib/gcc/arm-none-eabi/4.8.4/../../../../arm-none-eabi/lib/armv6-m\libg_s.a(lib_a-memchr-stub.o)
                0x00006cd4                memchr
 .text.memmove  0x00006cea       0x32 e:/program files (x86)/cypress/psoc creator/3.1/psoc creator/import/gnu_cs/arm/4.8.4/bin/../lib/gcc/arm-none-eabi/4.8.4/../../../../arm-none-eabi/lib/armv6-m\libg_s.a(lib_a-memmove.o)
                0x00006cea                memmove
 .text._free_r  0x00006d1c       0x90 e:/program files (x86)/cypress/psoc creator/3.1/psoc creator/import/gnu_cs/arm/4.8.4/bin/../lib/gcc/arm-none-eabi/4.8.4/../../../../arm-none-eabi/lib/armv6-m\libg_s.a(lib_a-nano-freer.o)
                0x00006d1c                _free_r
 .text._malloc_r
                0x00006dac       0xa8 e:/program files (x86)/cypress/psoc creator/3.1/psoc creator/import/gnu_cs/arm/4.8.4/bin/../lib/gcc/arm-none-eabi/4.8.4/../../../../arm-none-eabi/lib/armv6-m\libg_s.a(lib_a-nano-mallocr.o)
                0x00006dac                _malloc_r
 .text._realloc_r
                0x00006e54       0x4c e:/program files (x86)/cypress/psoc creator/3.1/psoc creator/import/gnu_cs/arm/4.8.4/bin/../lib/gcc/arm-none-eabi/4.8.4/../../../../arm-none-eabi/lib/armv6-m\libg_s.a(lib_a-nano-reallocr.o)
                0x00006e54                _realloc_r
 .text._sbrk_r  0x00006ea0       0x24 e:/program files (x86)/cypress/psoc creator/3.1/psoc creator/import/gnu_cs/arm/4.8.4/bin/../lib/gcc/arm-none-eabi/4.8.4/../../../../arm-none-eabi/lib/armv6-m\libg_s.a(lib_a-sbrkr.o)
                0x00006ea0                _sbrk_r
 .text.strlen   0x00006ec4        0xe e:/program files (x86)/cypress/psoc creator/3.1/psoc creator/import/gnu_cs/arm/4.8.4/bin/../lib/gcc/arm-none-eabi/4.8.4/../../../../arm-none-eabi/lib/armv6-m\libg_s.a(lib_a-strlen.o)
                0x00006ec4                strlen
 .text._malloc_usable_size_r
                0x00006ed2       0x12 e:/program files (x86)/cypress/psoc creator/3.1/psoc creator/import/gnu_cs/arm/4.8.4/bin/../lib/gcc/arm-none-eabi/4.8.4/../../../../arm-none-eabi/lib/armv6-m\libg_s.a(lib_a-nano-msizer.o)
                0x00006ed2                _malloc_usable_size_r
 *(.plt)
 *(.gnu.warning)
 *(.glue_7t)
 .glue_7t       0x00000000        0x0 linker stubs
 *(.glue_7)
 .glue_7        0x00000000        0x0 linker stubs
 *(.vfp11_veneer)
 .vfp11_veneer  0x00000000        0x0 linker stubs
 *(.bootloader)
 *(.ARM.extab* .gnu.linkonce.armextab.*)
 *(.gcc_except_table)

.v4_bx          0x00006ee4        0x0
 .v4_bx         0x00000000        0x0 linker stubs

.iplt           0x00006ee4        0x0
 .iplt          0x00000000        0x0 e:/program files (x86)/cypress/psoc creator/3.1/psoc creator/import/gnu_cs/arm/4.8.4/bin/../lib/gcc/arm-none-eabi/4.8.4/armv6-m/crtbegin.o

.eh_frame_hdr
 *(.eh_frame_hdr)

.eh_frame       0x00006ee4        0x4
 *(.eh_frame)
 .eh_frame      0x00006ee4        0x0 e:/program files (x86)/cypress/psoc creator/3.1/psoc creator/import/gnu_cs/arm/4.8.4/bin/../lib/gcc/arm-none-eabi/4.8.4/armv6-m/crtbegin.o
 .eh_frame      0x00006ee4        0x4 e:/program files (x86)/cypress/psoc creator/3.1/psoc creator/import/gnu_cs/arm/4.8.4/bin/../lib/gcc/arm-none-eabi/4.8.4/armv6-m/crtend.o
                0x00006ee8                PROVIDE (__exidx_start, .)

.ARM.exidx
 *(.ARM.exidx* .gnu.linkonce.armexidx.*)
                0x00006ee8                __exidx_end = .

.rodata         0x00006ee8      0x3a8
 *(.rodata .rodata.* .gnu.linkonce.r.*)
 .rodata.str1.1
                0x00006ee8       0x45 .\CortexM0\ARM_GCC_484\Debug\main.o
                                 0x58 (size before relaxing)
 .rodata.str1.1
                0x00006f2d       0x53 .\CortexM0\ARM_GCC_484\Debug\IMU.o
                                 0x59 (size before relaxing)
 .rodata.str1.1
                0x00006f80       0x15 .\CortexM0\ARM_GCC_484\Debug\Baro.o
                                 0x18 (size before relaxing)
 *fill*         0x00006f95        0x3 
 .rodata        0x00006f98      0x180 .\CortexM0\ARM_GCC_484\Debug\T-50_Project.a(cyfitter_cfg.o)
 .rodata.str1.1
                0x00007118        0x7 .\CortexM0\ARM_GCC_484\Debug\T-50_Project.a(BootISR.o)
 *fill*         0x0000711f        0x1 
 .rodata.atanlo
                0x00007120       0x20 e:/program files (x86)/cypress/psoc creator/3.1/psoc creator/import/gnu_cs/arm/4.8.4/bin/../lib/gcc/arm-none-eabi/4.8.4/../../../../arm-none-eabi/lib/armv6-m\libm.a(lib_a-s_atan.o)
 .rodata.atanhi
                0x00007140       0x20 e:/program files (x86)/cypress/psoc creator/3.1/psoc creator/import/gnu_cs/arm/4.8.4/bin/../lib/gcc/arm-none-eabi/4.8.4/../../../../arm-none-eabi/lib/armv6-m\libm.a(lib_a-s_atan.o)
 .rodata        0x00007160       0x40 e:/program files (x86)/cypress/psoc creator/3.1/psoc creator/import/gnu_cs/arm/4.8.4/bin/../lib/gcc/arm-none-eabi/4.8.4/armv6-m\libgcc.a(mulsf3.o)
 .rodata        0x000071a0       0x40 e:/program files (x86)/cypress/psoc creator/3.1/psoc creator/import/gnu_cs/arm/4.8.4/bin/../lib/gcc/arm-none-eabi/4.8.4/armv6-m\libgcc.a(divdf3.o)
 .rodata        0x000071e0       0x40 e:/program files (x86)/cypress/psoc creator/3.1/psoc creator/import/gnu_cs/arm/4.8.4/bin/../lib/gcc/arm-none-eabi/4.8.4/armv6-m\libgcc.a(muldf3.o)
 .rodata.str1.1
                0x00007220        0x2 e:/program files (x86)/cypress/psoc creator/3.1/psoc creator/import/gnu_cs/arm/4.8.4/bin/../lib/gcc/arm-none-eabi/4.8.4/../../../../arm-none-eabi/lib/armv6-m\libg_s.a(lib_a-impure.o)
 .rodata.str1.1
                0x00007222       0x11 e:/program files (x86)/cypress/psoc creator/3.1/psoc creator/import/gnu_cs/arm/4.8.4/bin/../lib/gcc/arm-none-eabi/4.8.4/../../../../arm-none-eabi/lib/armv6-m\libg_s.a(lib_a-svfprintf.o)
 .rodata.str1.1
                0x00007233       0x22 e:/program files (x86)/cypress/psoc creator/3.1/psoc creator/import/gnu_cs/arm/4.8.4/bin/../lib/gcc/arm-none-eabi/4.8.4/../../../../arm-none-eabi/lib/armv6-m\libg_s.a(lib_a-vfprintf_i.o)
                0x00007258                . = ALIGN (0x4)
 *fill*         0x00007255        0x3 
 *(.init)
 .init          0x00007258        0x4 e:/program files (x86)/cypress/psoc creator/3.1/psoc creator/import/gnu_cs/arm/4.8.4/bin/../lib/gcc/arm-none-eabi/4.8.4/armv6-m/crti.o
                0x00007258                _init
 .init          0x0000725c        0x8 e:/program files (x86)/cypress/psoc creator/3.1/psoc creator/import/gnu_cs/arm/4.8.4/bin/../lib/gcc/arm-none-eabi/4.8.4/armv6-m/crtn.o
                0x00007264                . = ALIGN (0x4)
                0x00007264                __preinit_array_start = .
 *(.preinit_array)
                0x00007264                __preinit_array_end = .
                0x00007264                . = ALIGN (0x4)
                0x00007264                __init_array_start = .
 *(SORT(.init_array.*))
 *(.init_array)
 .init_array    0x00007264        0x4 e:/program files (x86)/cypress/psoc creator/3.1/psoc creator/import/gnu_cs/arm/4.8.4/bin/../lib/gcc/arm-none-eabi/4.8.4/armv6-m/crtbegin.o
 .init_array    0x00007268        0x4 .\CortexM0\ARM_GCC_484\Debug\Cm0Start.o
                0x0000726c                __init_array_end = .
                0x0000726c                . = ALIGN (0x4)
 *(.fini)
 .fini          0x0000726c        0x4 e:/program files (x86)/cypress/psoc creator/3.1/psoc creator/import/gnu_cs/arm/4.8.4/bin/../lib/gcc/arm-none-eabi/4.8.4/armv6-m/crti.o
                0x0000726c                _fini
 .fini          0x00007270        0x8 e:/program files (x86)/cypress/psoc creator/3.1/psoc creator/import/gnu_cs/arm/4.8.4/bin/../lib/gcc/arm-none-eabi/4.8.4/armv6-m/crtn.o
                0x00007278                . = ALIGN (0x4)
                0x00007278                __fini_array_start = .
 *(.fini_array)
 .fini_array    0x00007278        0x4 e:/program files (x86)/cypress/psoc creator/3.1/psoc creator/import/gnu_cs/arm/4.8.4/bin/../lib/gcc/arm-none-eabi/4.8.4/armv6-m/crtbegin.o
 *(SORT(.fini_array.*))
                0x0000727c                __fini_array_end = .
                0x0000727c                . = ALIGN (0x4)
 *crtbegin.o(.ctors)
 *(EXCLUDE_FILE(*crtend.o) .ctors)
 *(SORT(.ctors.*))
 *crtend.o(.ctors)
                0x0000727c                . = ALIGN (0x4)
 *crtbegin.o(.dtors)
 *(EXCLUDE_FILE(*crtend.o) .dtors)
 *(SORT(.dtors.*))
 *crtend.o(.dtors)
                0x0000727c                . = ALIGN (0x4)
                0x0000727c                __cy_regions = .
                0x0000727c        0x4 LONG 0x7290 __cy_region_init_ram
                0x00007280        0x4 LONG 0x200000d0 __cy_region_start_data
                0x00007284        0x4 LONG 0xc0 __cy_region_init_size_ram
                0x00007288        0x4 LONG 0x3e0 __cy_region_zero_size_ram
                0x0000728c                __cy_regions_end = .
                0x00007290                . = ALIGN (0x8)
 *fill*         0x0000728c        0x4 
                0x00007290                _etext = .

.ramvectors     0x20000000       0xc0
                0x20000000                __cy_region_start_ram = .
 *(.ramvectors)
 .ramvectors    0x20000000       0xc0 .\CortexM0\ARM_GCC_484\Debug\Cm0Start.o
                0x20000000                CyRamVectors

.btldr_run      0x200000c0        0x4
 *(.bootloaderruntype)
 .bootloaderruntype
                0x200000c0        0x4 .\CortexM0\ARM_GCC_484\Debug\Cm0Start.o
                0x200000c0                cyBtldrRunType

.noinit         0x200000c8        0x4
 *(.noinit)
 .noinit        0x200000c8        0x4 .\CortexM0\ARM_GCC_484\Debug\Cm0Start.o

.data           0x200000d0       0xc0 load address 0x00007290
                0x200000d0                __cy_region_start_data = .
 *(.jcr)
 .jcr           0x200000d0        0x0 e:/program files (x86)/cypress/psoc creator/3.1/psoc creator/import/gnu_cs/arm/4.8.4/bin/../lib/gcc/arm-none-eabi/4.8.4/armv6-m/crtbegin.o
 .jcr           0x200000d0        0x4 e:/program files (x86)/cypress/psoc creator/3.1/psoc creator/import/gnu_cs/arm/4.8.4/bin/../lib/gcc/arm-none-eabi/4.8.4/armv6-m/crtend.o
 *(.got.plt)
 *(.got)
 *(.shdata)
 *(.data .data.* .gnu.linkonce.d.*)
 .data          0x200000d4       0x44 .\CortexM0\ARM_GCC_484\Debug\main.o
                0x200000d4                speed_offset
                0x200000d6                flag_LightsEnabled
                0x200000d8                NavLightBright
                0x200000da                NavLightStep
                0x200000dc                sample_time
                0x200000e0                ctrl_out
                0x200000fa                K_d_p
                0x200000fb                K_d_q
                0x200000fc                K_d_r
                0x200000fe                ctrl_in_trim
                0x20000108                system_state
                0x20000109                system_type
                0x2000010c                R_angle
                0x20000110                Q_gyro
                0x20000114                Q_angle
 .data          0x20000118        0x4 .\CortexM0\ARM_GCC_484\Debug\Cm0Start.o
 .data          0x2000011c       0x10 .\CortexM0\ARM_GCC_484\Debug\T-50_Project.a(CyLib.o)
                0x2000011c                cydelay32kMs
                0x20000120                cydelayFreqKhz
                0x20000124                cydelayFreqMhz
                0x20000128                cydelayFreqHz
 .data.impure_data
                0x2000012c       0x60 e:/program files (x86)/cypress/psoc creator/3.1/psoc creator/import/gnu_cs/arm/4.8.4/bin/../lib/gcc/arm-none-eabi/4.8.4/../../../../arm-none-eabi/lib/armv6-m\libg_s.a(lib_a-impure.o)
 .data._impure_ptr
                0x2000018c        0x4 e:/program files (x86)/cypress/psoc creator/3.1/psoc creator/import/gnu_cs/arm/4.8.4/bin/../lib/gcc/arm-none-eabi/4.8.4/../../../../arm-none-eabi/lib/armv6-m\libg_s.a(lib_a-impure.o)
                0x2000018c                _impure_ptr
                0x20000190                . = ALIGN (0x8)
 *(.ram)
                0x20000190                _edata = .

.igot.plt       0x20000190        0x0 load address 0x00007350
 .igot.plt      0x00000000        0x0 e:/program files (x86)/cypress/psoc creator/3.1/psoc creator/import/gnu_cs/arm/4.8.4/bin/../lib/gcc/arm-none-eabi/4.8.4/armv6-m/crtbegin.o

.bss            0x20000190      0x3e0 load address 0x00007350
                0x20000190                PROVIDE (__bss_start__, .)
 *(.shbss)
 *(.bss .bss.* .gnu.linkonce.b.*)
 .bss           0x20000190       0x1c e:/program files (x86)/cypress/psoc creator/3.1/psoc creator/import/gnu_cs/arm/4.8.4/bin/../lib/gcc/arm-none-eabi/4.8.4/armv6-m/crtbegin.o
 .bss           0x200001ac       0xd4 .\CortexM0\ARM_GCC_484\Debug\main.o
                0x200001ac                cal_cnt
                0x200001ae                speed
                0x200001b0                temp
                0x200001b4                QFE
                0x200001b8                task_flag
                0x200001ba                NavLightCompare
                0x200001bc                flag_NavLightPulse
                0x200001be                NavLightDim
                0x200001c0                cnt_StrobeLight
                0x200001c2                ctrl_in
                0x200001d2                cnt_baro
                0x200001d4                press
                0x200001d8                alt
                0x200001dc                speed_cal_compl
                0x200001de                acc_x_g
                0x200001e0                acc_z_g
                0x200001e4                Theta_acc
                0x200001e8                acc_y_g
                0x200001ec                Phi_acc
                0x200001f0                turn_rate_q
                0x200001f2                turn_rate_p
                0x200001f4                Ctrl_Mode
                0x200001f5                tune_cnt
                0x200001f6                turn_rate_r
                0x200001f8                Theta_Error
                0x200001fc                Theta_Error_sum
                0x20000200                Theta_Target
                0x20000201                Phi_Error
                0x20000204                Phi_Error_sum
                0x20000208                Phi_Target
                0x20000209                Theta_Error_prev
                0x2000020a                ctrl_out_PID
                0x20000214                ctrl_out_DAMP
                0x2000021e                Phi_Error_prev
                0x2000021f                Rx_flag
                0x20000220                Rx_String
                0x2000022a                Rx_char
                0x2000022b                Rx_index
                0x2000022c                cnt_ML_ATTITUDE_send
                0x2000022d                cnt_ML_HEARTBEAT_send
                0x20000230                custom_mode
                0x20000234                system_mode
                0x20000235                autopilot_type
                0x20000238                K_1_Phi
                0x2000023c                P_Phi
                0x2000024c                p_bias
                0x20000250                K_1_Theta
                0x20000254                P_Theta
                0x20000264                q_bias
                0x20000268                Bar_press
                0x2000026c                Mag_y
                0x20000270                Mag_Heading
                0x20000274                Psi_acc
                0x20000278                mag_z_g
                0x2000027a                mag_y_g
                0x2000027c                mag_x_g
                0x2000027e                PPM_channel
                0x2000027f                blink_cnt
 .bss           0x20000280       0x34 .\CortexM0\ARM_GCC_484\Debug\IMU.o
                0x20000280                acc_x_h
                0x20000281                acc_x_l
                0x20000282                acc_y_h
                0x20000283                acc_y_l
                0x20000284                acc_z_h
                0x20000285                acc_z_l
                0x20000286                gyro_x_h
                0x20000287                gyro_x_l
                0x20000288                gyro_y_h
                0x20000289                gyro_y_l
                0x2000028a                gyro_z_h
                0x2000028b                gyro_z_l
                0x2000028c                gyro_x
                0x2000028e                gyro_y
                0x20000290                gyro_z
                0x20000292                mag_z
                0x20000294                mag_z_l
                0x20000295                mag_z_h
                0x20000296                mag_y
                0x20000298                mag_y_l
                0x20000299                mag_y_h
                0x2000029a                mag_x
                0x2000029c                mag_x_l
                0x2000029d                mag_x_h
                0x2000029e                acc_z
                0x200002a0                acc_y
                0x200002a2                acc_x
                0x200002a4                error_stat
                0x200002a6                gyro_r_offset
                0x200002a8                gyro_q_offset
                0x200002aa                gyro_p_offset
                0x200002ac                temperature
                0x200002ae                gyro_r
                0x200002b0                gyro_q
                0x200002b2                gyro_p
 .bss           0x200002b4        0x6 .\CortexM0\ARM_GCC_484\Debug\Baro.o
                0x200002b4                AC3
                0x200002b6                AC6
                0x200002b8                MD
 *fill*         0x200002ba        0x2 
 .bss           0x200002bc        0x8 .\CortexM0\ARM_GCC_484\Debug\T-50_Project.a(UART_1.o)
                0x200002bc                UART_1_initVar
                0x200002c0                UART_1_customIntrHandler
 .bss           0x200002c4        0x1 .\CortexM0\ARM_GCC_484\Debug\T-50_Project.a(TaskTimer.o)
                0x200002c4                TaskTimer_initVar
 .bss           0x200002c5        0x1 .\CortexM0\ARM_GCC_484\Debug\T-50_Project.a(NavLightPWM.o)
                0x200002c5                NavLightPWM_initVar
 .bss           0x200002c6        0x1 .\CortexM0\ARM_GCC_484\Debug\T-50_Project.a(PPMCounter.o)
                0x200002c6                PPMCounter_initVar
 .bss           0x200002c7        0x1 .\CortexM0\ARM_GCC_484\Debug\T-50_Project.a(PPMRstISR.o)
                0x200002c7                overflow
 .bss           0x200002c8        0x1 .\CortexM0\ARM_GCC_484\Debug\T-50_Project.a(ServoTimer.o)
                0x200002c8                ServoTimer_initVar
 .bss           0x200002c9        0x1 .\CortexM0\ARM_GCC_484\Debug\T-50_Project.a(ServoISR.o)
                0x200002c9                PWM_channel
 *fill*         0x200002ca        0x2 
 .bss           0x200002cc        0x8 .\CortexM0\ARM_GCC_484\Debug\T-50_Project.a(I2CM.o)
                0x200002cc                I2CM_initVar
                0x200002d0                I2CM_customIntrHandler
 .bss           0x200002d4        0x1 .\CortexM0\ARM_GCC_484\Debug\T-50_Project.a(ADC.o)
                0x200002d4                ADC_initVar
 *fill*         0x200002d5        0x3 
 .bss.__malloc_sbrk_start
                0x200002d8        0x4 e:/program files (x86)/cypress/psoc creator/3.1/psoc creator/import/gnu_cs/arm/4.8.4/bin/../lib/gcc/arm-none-eabi/4.8.4/../../../../arm-none-eabi/lib/armv6-m\libg_s.a(lib_a-nano-mallocr.o)
                0x200002d8                __malloc_sbrk_start
 .bss.__malloc_free_list
                0x200002dc        0x4 e:/program files (x86)/cypress/psoc creator/3.1/psoc creator/import/gnu_cs/arm/4.8.4/bin/../lib/gcc/arm-none-eabi/4.8.4/../../../../arm-none-eabi/lib/armv6-m\libg_s.a(lib_a-nano-mallocr.o)
                0x200002dc                __malloc_free_list
 *(COMMON)
 COMMON         0x200002e0      0x24c .\CortexM0\ARM_GCC_484\Debug\main.o
                0x200002e0                Psi
                0x200002e4                K_0_Theta
                0x200002e8                S_Theta
                0x200002ec                msg
                0x200003fc                Theta_temp
                0x20000400                Mag_x
                0x20000404                Theta_Mav
                0x20000408                mavlink_system
                0x2000040c                S_Phi
                0x20000410                Theta
                0x20000414                Phi_temp
                0x20000418                buf
                0x20000520                K_0_Phi
                0x20000524                Phi_Mav
                0x20000528                Phi
 COMMON         0x2000052c       0x12 .\CortexM0\ARM_GCC_484\Debug\Baro.o
                0x2000052c                AC1
                0x2000052e                AC5
                0x20000530                B5
                0x20000532                AC4
                0x20000534                MB
                0x20000536                AC2
                0x20000538                B2
                0x2000053a                B1
                0x2000053c                MC
 COMMON         0x2000053e        0x1 .\CortexM0\ARM_GCC_484\Debug\T-50_Project.a(I2CM_I2C.o)
                0x2000053e                I2CM_state
 *fill*         0x2000053f        0x1 
 COMMON         0x20000540       0x24 .\CortexM0\ARM_GCC_484\Debug\T-50_Project.a(I2CM_I2C_MASTER.o)
                0x20000540                I2CM_mstrRdBufPtr
                0x20000544                I2CM_mstrWrBufPtr
                0x20000548                I2CM_mstrRdBufIndex
                0x2000054c                I2CM_mstrStatus
                0x20000550                I2CM_mstrWrBufIndex
                0x20000554                I2CM_mstrControl
                0x20000558                I2CM_mstrWrBufIndexTmp
                0x2000055c                I2CM_mstrRdBufSize
                0x20000560                I2CM_mstrWrBufSize
 COMMON         0x20000564        0x6 .\CortexM0\ARM_GCC_484\Debug\T-50_Project.a(ADC.o)
                0x20000564                ADC_countsPer10Volt
                0x20000568                ADC_offset
 *fill*         0x2000056a        0x2 
 COMMON         0x2000056c        0x4 e:/program files (x86)/cypress/psoc creator/3.1/psoc creator/import/gnu_cs/arm/4.8.4/bin/../lib/gcc/arm-none-eabi/4.8.4/../../../../arm-none-eabi/lib/armv6-m\libg_s.a(lib_a-reent.o)
                0x2000056c                errno
                0x20000570                . = ALIGN (0x8)
 *(.ram.b)
                0x20000570                _end = .
                0x20000570                __end = .
                0x20000570                PROVIDE (end, .)
                0x20000570                PROVIDE (__bss_end__, .)
                0x00007290                __cy_region_init_ram = LOADADDR (.data)
                0x000000c0                __cy_region_init_size_ram = (_edata - ADDR (.data))
                0x000003e0                __cy_region_zero_size_ram = (_end - _edata)

.heap           0x20000570      0x100 load address 0x00007350
                0x20000570                . = _end
                0x20000670                . = (. + 0x100)
 *fill*         0x20000570      0x100 
                0x20000670                __cy_heap_limit = .

.stack          0x20000c00      0x400
                0x20000c00                __cy_stack_limit = .
                0x20001000                . = (. + 0x400)
 *fill*         0x20000c00      0x400 
                0x00000001                ASSERT ((__cy_stack_limit >= __cy_heap_limit), region RAM overflowed with stack)

.cyloadermeta   0xf0000000       0x40
 *(.cyloadermeta)
 .cyloadermeta  0xf0000000       0x40 .\CortexM0\ARM_GCC_484\Debug\cybootloader.o
                0xf0000000                cy_meta_loader

.cyloadablemeta
                0x00007fc0       0x40
 *(.cyloadablemeta)
 .cyloadablemeta
                0x00007fc0       0x40 .\CortexM0\ARM_GCC_484\Debug\cymetadata.o
                0x00007fc0                cy_meta_loadable

.cyflashprotect
                0x90400000       0x20
 *(.cyflashprotect)
 .cyflashprotect
                0x90400000       0x20 .\CortexM0\ARM_GCC_484\Debug\cybootloader.o
                0x90400000                cy_meta_flashprotect

.cymeta         0x90500000        0xc
 *(.cymeta)
 .cymeta        0x90500000        0xc .\CortexM0\ARM_GCC_484\Debug\cybootloader.o
                0x90500000                cy_metadata

.cychipprotect  0x90600000        0x1
 *(.cychipprotect)
 .cychipprotect
                0x90600000        0x1 .\CortexM0\ARM_GCC_484\Debug\cybootloader.o
                0x90600000                cy_meta_chipprotect

.rel.dyn        0x00008000        0x0 load address 0x90600004
 .rel.iplt      0x00000000        0x0 e:/program files (x86)/cypress/psoc creator/3.1/psoc creator/import/gnu_cs/arm/4.8.4/bin/../lib/gcc/arm-none-eabi/4.8.4/armv6-m/crtbegin.o

.stab
 *(.stab)

.stabstr
 *(.stabstr)

.debug
 *(.debug)

.line
 *(.line)

.debug_srcinfo
 *(.debug_srcinfo)

.debug_sfnames
 *(.debug_sfnames)

.debug_aranges  0x00000000     0x1350
 *(.debug_aranges)
 .debug_aranges
                0x00000000       0x40 .\CortexM0\ARM_GCC_484\Debug\main.o
 .debug_aranges
                0x00000040       0x48 .\CortexM0\ARM_GCC_484\Debug\IMU.o
 .debug_aranges
                0x00000088       0x50 .\CortexM0\ARM_GCC_484\Debug\Baro.o
 .debug_aranges
                0x000000d8       0x18 .\CortexM0\ARM_GCC_484\Debug\cybootloader.o
 .debug_aranges
                0x000000f0       0x18 .\CortexM0\ARM_GCC_484\Debug\cymetadata.o
 .debug_aranges
                0x00000108       0x48 .\CortexM0\ARM_GCC_484\Debug\Cm0Start.o
 .debug_aranges
                0x00000150       0x28 .\CortexM0\ARM_GCC_484\Debug\T-50_Project.a(cyfitter_cfg.o)
 .debug_aranges
                0x00000178       0x28 .\CortexM0\ARM_GCC_484\Debug\T-50_Project.a(Bootloadable_1.o)
 .debug_aranges
                0x000001a0       0x20 .\CortexM0\ARM_GCC_484\Debug\T-50_Project.a(CyBootAsmGnu.o)
 .debug_aranges
                0x000001c0       0x28 .\CortexM0\ARM_GCC_484\Debug\T-50_Project.a(CyFlash.o)
 .debug_aranges
                0x000001e8      0x210 .\CortexM0\ARM_GCC_484\Debug\T-50_Project.a(CyLib.o)
 .debug_aranges
                0x000003f8       0x58 .\CortexM0\ARM_GCC_484\Debug\T-50_Project.a(UART_1.o)
 .debug_aranges
                0x00000450       0x60 .\CortexM0\ARM_GCC_484\Debug\T-50_Project.a(UART_1_SPI_UART.o)
 .debug_aranges
                0x000004b0       0x50 .\CortexM0\ARM_GCC_484\Debug\T-50_Project.a(UART_1_UART.o)
 .debug_aranges
                0x00000500      0x158 .\CortexM0\ARM_GCC_484\Debug\T-50_Project.a(TaskTimer.o)
 .debug_aranges
                0x00000658       0x80 .\CortexM0\ARM_GCC_484\Debug\T-50_Project.a(TaskISR.o)
 .debug_aranges
                0x000006d8      0x158 .\CortexM0\ARM_GCC_484\Debug\T-50_Project.a(NavLightPWM.o)
 .debug_aranges
                0x00000830       0x80 .\CortexM0\ARM_GCC_484\Debug\T-50_Project.a(BootISR.o)
 .debug_aranges
                0x000008b0       0x40 .\CortexM0\ARM_GCC_484\Debug\T-50_Project.a(SW1.o)
 .debug_aranges
                0x000008f0       0x40 .\CortexM0\ARM_GCC_484\Debug\T-50_Project.a(Strobes.o)
 .debug_aranges
                0x00000930       0x40 .\CortexM0\ARM_GCC_484\Debug\T-50_Project.a(Ldg.o)
 .debug_aranges
                0x00000970      0x158 .\CortexM0\ARM_GCC_484\Debug\T-50_Project.a(PPMCounter.o)
 .debug_aranges
                0x00000ac8       0x80 .\CortexM0\ARM_GCC_484\Debug\T-50_Project.a(PPMISR.o)
 .debug_aranges
                0x00000b48       0x80 .\CortexM0\ARM_GCC_484\Debug\T-50_Project.a(PPMRstISR.o)
 .debug_aranges
                0x00000bc8      0x158 .\CortexM0\ARM_GCC_484\Debug\T-50_Project.a(ServoTimer.o)
 .debug_aranges
                0x00000d20       0x80 .\CortexM0\ARM_GCC_484\Debug\T-50_Project.a(ServoISR.o)
 .debug_aranges
                0x00000da0       0x40 .\CortexM0\ARM_GCC_484\Debug\T-50_Project.a(Out_Mot_Pin.o)
 .debug_aranges
                0x00000de0       0x40 .\CortexM0\ARM_GCC_484\Debug\T-50_Project.a(Out_Ail1_Pin.o)
 .debug_aranges
                0x00000e20       0x40 .\CortexM0\ARM_GCC_484\Debug\T-50_Project.a(Out_Ail2_Pin.o)
 .debug_aranges
                0x00000e60       0x40 .\CortexM0\ARM_GCC_484\Debug\T-50_Project.a(Out_Ele1_Pin.o)
 .debug_aranges
                0x00000ea0       0x40 .\CortexM0\ARM_GCC_484\Debug\T-50_Project.a(Out_Ele2_Pin.o)
 .debug_aranges
                0x00000ee0       0x40 .\CortexM0\ARM_GCC_484\Debug\T-50_Project.a(Out_Rud_Pin.o)
 .debug_aranges
                0x00000f20       0x40 .\CortexM0\ARM_GCC_484\Debug\T-50_Project.a(Out_Fl1_Pin.o)
 .debug_aranges
                0x00000f60       0x40 .\CortexM0\ARM_GCC_484\Debug\T-50_Project.a(Out_Fl2_Pin.o)
 .debug_aranges
                0x00000fa0       0x40 .\CortexM0\ARM_GCC_484\Debug\T-50_Project.a(Out_Ge1_Pin.o)
 .debug_aranges
                0x00000fe0       0x40 .\CortexM0\ARM_GCC_484\Debug\T-50_Project.a(Out_Ge2_Pin.o)
 .debug_aranges
                0x00001020       0x40 .\CortexM0\ARM_GCC_484\Debug\T-50_Project.a(Out_Ge3_Pin.o)
 .debug_aranges
                0x00001060       0x40 .\CortexM0\ARM_GCC_484\Debug\T-50_Project.a(Out_Sp1_Pin.o)
 .debug_aranges
                0x000010a0       0x40 .\CortexM0\ARM_GCC_484\Debug\T-50_Project.a(Out_Sp2_Pin.o)
 .debug_aranges
                0x000010e0       0x58 .\CortexM0\ARM_GCC_484\Debug\T-50_Project.a(I2CM.o)
 .debug_aranges
                0x00001138       0x28 .\CortexM0\ARM_GCC_484\Debug\T-50_Project.a(I2CM_I2C.o)
 .debug_aranges
                0x00001160       0x88 .\CortexM0\ARM_GCC_484\Debug\T-50_Project.a(I2CM_I2C_MASTER.o)
 .debug_aranges
                0x000011e8       0x40 .\CortexM0\ARM_GCC_484\Debug\T-50_Project.a(I2CM_sda.o)
 .debug_aranges
                0x00001228       0x40 .\CortexM0\ARM_GCC_484\Debug\T-50_Project.a(I2CM_scl.o)
 .debug_aranges
                0x00001268       0xa8 .\CortexM0\ARM_GCC_484\Debug\T-50_Project.a(ADC.o)
 .debug_aranges
                0x00001310       0x20 .\CortexM0\ARM_GCC_484\Debug\T-50_Project.a(ADC_INT.o)
 .debug_aranges
                0x00001330       0x20 .\CortexM0\ARM_GCC_484\Debug\T-50_Project.a(I2CM_I2C_INT.o)

.debug_pubnames
 *(.debug_pubnames)

.debug_info     0x00000000     0xb699
 *(.debug_info .gnu.linkonce.wi.*)
 .debug_info    0x00000000     0x13a2 .\CortexM0\ARM_GCC_484\Debug\main.o
 .debug_info    0x000013a2      0xa18 .\CortexM0\ARM_GCC_484\Debug\IMU.o
 .debug_info    0x00001dba      0x84c .\CortexM0\ARM_GCC_484\Debug\Baro.o
 .debug_info    0x00002606      0x14d .\CortexM0\ARM_GCC_484\Debug\cybootloader.o
 .debug_info    0x00002753       0xb1 .\CortexM0\ARM_GCC_484\Debug\cymetadata.o
 .debug_info    0x00002804      0x375 .\CortexM0\ARM_GCC_484\Debug\Cm0Start.o
 .debug_info    0x00002b79      0x538 .\CortexM0\ARM_GCC_484\Debug\T-50_Project.a(cyfitter_cfg.o)
 .debug_info    0x000030b1      0x1a3 .\CortexM0\ARM_GCC_484\Debug\T-50_Project.a(Bootloadable_1.o)
 .debug_info    0x00003254       0x9a .\CortexM0\ARM_GCC_484\Debug\T-50_Project.a(CyBootAsmGnu.o)
 .debug_info    0x000032ee      0x3e9 .\CortexM0\ARM_GCC_484\Debug\T-50_Project.a(CyFlash.o)
 .debug_info    0x000036d7     0x1356 .\CortexM0\ARM_GCC_484\Debug\T-50_Project.a(CyLib.o)
 .debug_info    0x00004a2d      0x21e .\CortexM0\ARM_GCC_484\Debug\T-50_Project.a(UART_1.o)
 .debug_info    0x00004c4b      0x219 .\CortexM0\ARM_GCC_484\Debug\T-50_Project.a(UART_1_SPI_UART.o)
 .debug_info    0x00004e64      0x2ad .\CortexM0\ARM_GCC_484\Debug\T-50_Project.a(UART_1_UART.o)
 .debug_info    0x00005111      0x95d .\CortexM0\ARM_GCC_484\Debug\T-50_Project.a(TaskTimer.o)
 .debug_info    0x00005a6e      0x392 .\CortexM0\ARM_GCC_484\Debug\T-50_Project.a(TaskISR.o)
 .debug_info    0x00005e00      0x95b .\CortexM0\ARM_GCC_484\Debug\T-50_Project.a(NavLightPWM.o)
 .debug_info    0x0000675b      0x3d8 .\CortexM0\ARM_GCC_484\Debug\T-50_Project.a(BootISR.o)
 .debug_info    0x00006b33      0x150 .\CortexM0\ARM_GCC_484\Debug\T-50_Project.a(SW1.o)
 .debug_info    0x00006c83      0x151 .\CortexM0\ARM_GCC_484\Debug\T-50_Project.a(Strobes.o)
 .debug_info    0x00006dd4      0x14c .\CortexM0\ARM_GCC_484\Debug\T-50_Project.a(Ldg.o)
 .debug_info    0x00006f20      0x932 .\CortexM0\ARM_GCC_484\Debug\T-50_Project.a(PPMCounter.o)
 .debug_info    0x00007852      0x403 .\CortexM0\ARM_GCC_484\Debug\T-50_Project.a(PPMISR.o)
 .debug_info    0x00007c55      0x3a3 .\CortexM0\ARM_GCC_484\Debug\T-50_Project.a(PPMRstISR.o)
 .debug_info    0x00007ff8      0x95d .\CortexM0\ARM_GCC_484\Debug\T-50_Project.a(ServoTimer.o)
 .debug_info    0x00008955      0x6e6 .\CortexM0\ARM_GCC_484\Debug\T-50_Project.a(ServoISR.o)
 .debug_info    0x0000903b      0x14c .\CortexM0\ARM_GCC_484\Debug\T-50_Project.a(Out_Mot_Pin.o)
 .debug_info    0x00009187      0x14c .\CortexM0\ARM_GCC_484\Debug\T-50_Project.a(Out_Ail1_Pin.o)
 .debug_info    0x000092d3      0x151 .\CortexM0\ARM_GCC_484\Debug\T-50_Project.a(Out_Ail2_Pin.o)
 .debug_info    0x00009424      0x14c .\CortexM0\ARM_GCC_484\Debug\T-50_Project.a(Out_Ele1_Pin.o)
 .debug_info    0x00009570      0x14c .\CortexM0\ARM_GCC_484\Debug\T-50_Project.a(Out_Ele2_Pin.o)
 .debug_info    0x000096bc      0x14c .\CortexM0\ARM_GCC_484\Debug\T-50_Project.a(Out_Rud_Pin.o)
 .debug_info    0x00009808      0x14c .\CortexM0\ARM_GCC_484\Debug\T-50_Project.a(Out_Fl1_Pin.o)
 .debug_info    0x00009954      0x14c .\CortexM0\ARM_GCC_484\Debug\T-50_Project.a(Out_Fl2_Pin.o)
 .debug_info    0x00009aa0      0x14c .\CortexM0\ARM_GCC_484\Debug\T-50_Project.a(Out_Ge1_Pin.o)
 .debug_info    0x00009bec      0x14c .\CortexM0\ARM_GCC_484\Debug\T-50_Project.a(Out_Ge2_Pin.o)
 .debug_info    0x00009d38      0x150 .\CortexM0\ARM_GCC_484\Debug\T-50_Project.a(Out_Ge3_Pin.o)
 .debug_info    0x00009e88      0x14c .\CortexM0\ARM_GCC_484\Debug\T-50_Project.a(Out_Sp1_Pin.o)
 .debug_info    0x00009fd4      0x151 .\CortexM0\ARM_GCC_484\Debug\T-50_Project.a(Out_Sp2_Pin.o)
 .debug_info    0x0000a125      0x2bc .\CortexM0\ARM_GCC_484\Debug\T-50_Project.a(I2CM.o)
 .debug_info    0x0000a3e1      0x1cd .\CortexM0\ARM_GCC_484\Debug\T-50_Project.a(I2CM_I2C.o)
 .debug_info    0x0000a5ae      0x673 .\CortexM0\ARM_GCC_484\Debug\T-50_Project.a(I2CM_I2C_MASTER.o)
 .debug_info    0x0000ac21      0x14c .\CortexM0\ARM_GCC_484\Debug\T-50_Project.a(I2CM_sda.o)
 .debug_info    0x0000ad6d      0x151 .\CortexM0\ARM_GCC_484\Debug\T-50_Project.a(I2CM_scl.o)
 .debug_info    0x0000aebe      0x58e .\CortexM0\ARM_GCC_484\Debug\T-50_Project.a(ADC.o)
 .debug_info    0x0000b44c       0xc3 .\CortexM0\ARM_GCC_484\Debug\T-50_Project.a(ADC_INT.o)
 .debug_info    0x0000b50f      0x18a .\CortexM0\ARM_GCC_484\Debug\T-50_Project.a(I2CM_I2C_INT.o)

.debug_abbrev   0x00000000     0x3d44
 *(.debug_abbrev)
 .debug_abbrev  0x00000000      0x280 .\CortexM0\ARM_GCC_484\Debug\main.o
 .debug_abbrev  0x00000280      0x17d .\CortexM0\ARM_GCC_484\Debug\IMU.o
 .debug_abbrev  0x000003fd      0x172 .\CortexM0\ARM_GCC_484\Debug\Baro.o
 .debug_abbrev  0x0000056f       0x77 .\CortexM0\ARM_GCC_484\Debug\cybootloader.o
 .debug_abbrev  0x000005e6       0x5d .\CortexM0\ARM_GCC_484\Debug\cymetadata.o
 .debug_abbrev  0x00000643      0x1eb .\CortexM0\ARM_GCC_484\Debug\Cm0Start.o
 .debug_abbrev  0x0000082e      0x2a3 .\CortexM0\ARM_GCC_484\Debug\T-50_Project.a(cyfitter_cfg.o)
 .debug_abbrev  0x00000ad1      0x116 .\CortexM0\ARM_GCC_484\Debug\T-50_Project.a(Bootloadable_1.o)
 .debug_abbrev  0x00000be7       0x14 .\CortexM0\ARM_GCC_484\Debug\T-50_Project.a(CyBootAsmGnu.o)
 .debug_abbrev  0x00000bfb      0x1dc .\CortexM0\ARM_GCC_484\Debug\T-50_Project.a(CyFlash.o)
 .debug_abbrev  0x00000dd7      0x3cc .\CortexM0\ARM_GCC_484\Debug\T-50_Project.a(CyLib.o)
 .debug_abbrev  0x000011a3      0x16b .\CortexM0\ARM_GCC_484\Debug\T-50_Project.a(UART_1.o)
 .debug_abbrev  0x0000130e      0x176 .\CortexM0\ARM_GCC_484\Debug\T-50_Project.a(UART_1_SPI_UART.o)
 .debug_abbrev  0x00001484      0x152 .\CortexM0\ARM_GCC_484\Debug\T-50_Project.a(UART_1_UART.o)
 .debug_abbrev  0x000015d6      0x1ba .\CortexM0\ARM_GCC_484\Debug\T-50_Project.a(TaskTimer.o)
 .debug_abbrev  0x00001790      0x237 .\CortexM0\ARM_GCC_484\Debug\T-50_Project.a(TaskISR.o)
 .debug_abbrev  0x000019c7      0x1b1 .\CortexM0\ARM_GCC_484\Debug\T-50_Project.a(NavLightPWM.o)
 .debug_abbrev  0x00001b78      0x26f .\CortexM0\ARM_GCC_484\Debug\T-50_Project.a(BootISR.o)
 .debug_abbrev  0x00001de7       0xb7 .\CortexM0\ARM_GCC_484\Debug\T-50_Project.a(SW1.o)
 .debug_abbrev  0x00001e9e       0xc6 .\CortexM0\ARM_GCC_484\Debug\T-50_Project.a(Strobes.o)
 .debug_abbrev  0x00001f64       0xc4 .\CortexM0\ARM_GCC_484\Debug\T-50_Project.a(Ldg.o)
 .debug_abbrev  0x00002028      0x1a9 .\CortexM0\ARM_GCC_484\Debug\T-50_Project.a(PPMCounter.o)
 .debug_abbrev  0x000021d1      0x25c .\CortexM0\ARM_GCC_484\Debug\T-50_Project.a(PPMISR.o)
 .debug_abbrev  0x0000242d      0x248 .\CortexM0\ARM_GCC_484\Debug\T-50_Project.a(PPMRstISR.o)
 .debug_abbrev  0x00002675      0x1ba .\CortexM0\ARM_GCC_484\Debug\T-50_Project.a(ServoTimer.o)
 .debug_abbrev  0x0000282f      0x27c .\CortexM0\ARM_GCC_484\Debug\T-50_Project.a(ServoISR.o)
 .debug_abbrev  0x00002aab       0xc4 .\CortexM0\ARM_GCC_484\Debug\T-50_Project.a(Out_Mot_Pin.o)
 .debug_abbrev  0x00002b6f       0xc4 .\CortexM0\ARM_GCC_484\Debug\T-50_Project.a(Out_Ail1_Pin.o)
 .debug_abbrev  0x00002c33       0xc6 .\CortexM0\ARM_GCC_484\Debug\T-50_Project.a(Out_Ail2_Pin.o)
 .debug_abbrev  0x00002cf9       0xc4 .\CortexM0\ARM_GCC_484\Debug\T-50_Project.a(Out_Ele1_Pin.o)
 .debug_abbrev  0x00002dbd       0xc4 .\CortexM0\ARM_GCC_484\Debug\T-50_Project.a(Out_Ele2_Pin.o)
 .debug_abbrev  0x00002e81       0xc4 .\CortexM0\ARM_GCC_484\Debug\T-50_Project.a(Out_Rud_Pin.o)
 .debug_abbrev  0x00002f45       0xc4 .\CortexM0\ARM_GCC_484\Debug\T-50_Project.a(Out_Fl1_Pin.o)
 .debug_abbrev  0x00003009       0xc4 .\CortexM0\ARM_GCC_484\Debug\T-50_Project.a(Out_Fl2_Pin.o)
 .debug_abbrev  0x000030cd       0xc4 .\CortexM0\ARM_GCC_484\Debug\T-50_Project.a(Out_Ge1_Pin.o)
 .debug_abbrev  0x00003191       0xc4 .\CortexM0\ARM_GCC_484\Debug\T-50_Project.a(Out_Ge2_Pin.o)
 .debug_abbrev  0x00003255       0xb7 .\CortexM0\ARM_GCC_484\Debug\T-50_Project.a(Out_Ge3_Pin.o)
 .debug_abbrev  0x0000330c       0xc4 .\CortexM0\ARM_GCC_484\Debug\T-50_Project.a(Out_Sp1_Pin.o)
 .debug_abbrev  0x000033d0       0xc6 .\CortexM0\ARM_GCC_484\Debug\T-50_Project.a(Out_Sp2_Pin.o)
 .debug_abbrev  0x00003496      0x1b1 .\CortexM0\ARM_GCC_484\Debug\T-50_Project.a(I2CM.o)
 .debug_abbrev  0x00003647      0x115 .\CortexM0\ARM_GCC_484\Debug\T-50_Project.a(I2CM_I2C.o)
 .debug_abbrev  0x0000375c      0x189 .\CortexM0\ARM_GCC_484\Debug\T-50_Project.a(I2CM_I2C_MASTER.o)
 .debug_abbrev  0x000038e5       0xc4 .\CortexM0\ARM_GCC_484\Debug\T-50_Project.a(I2CM_sda.o)
 .debug_abbrev  0x000039a9       0xc6 .\CortexM0\ARM_GCC_484\Debug\T-50_Project.a(I2CM_scl.o)
 .debug_abbrev  0x00003a6f      0x1ce .\CortexM0\ARM_GCC_484\Debug\T-50_Project.a(ADC.o)
 .debug_abbrev  0x00003c3d       0x72 .\CortexM0\ARM_GCC_484\Debug\T-50_Project.a(ADC_INT.o)
 .debug_abbrev  0x00003caf       0x95 .\CortexM0\ARM_GCC_484\Debug\T-50_Project.a(I2CM_I2C_INT.o)

.debug_line     0x00000000     0x4ffa
 *(.debug_line)
 .debug_line    0x00000000      0x4ad .\CortexM0\ARM_GCC_484\Debug\main.o
 .debug_line    0x000004ad      0x398 .\CortexM0\ARM_GCC_484\Debug\IMU.o
 .debug_line    0x00000845      0x2ab .\CortexM0\ARM_GCC_484\Debug\Baro.o
 .debug_line    0x00000af0       0x55 .\CortexM0\ARM_GCC_484\Debug\cybootloader.o
 .debug_line    0x00000b45       0x53 .\CortexM0\ARM_GCC_484\Debug\cymetadata.o
 .debug_line    0x00000b98      0x210 .\CortexM0\ARM_GCC_484\Debug\Cm0Start.o
 .debug_line    0x00000da8      0x1af .\CortexM0\ARM_GCC_484\Debug\T-50_Project.a(cyfitter_cfg.o)
 .debug_line    0x00000f57       0xbe .\CortexM0\ARM_GCC_484\Debug\T-50_Project.a(Bootloadable_1.o)
 .debug_line    0x00001015       0x69 .\CortexM0\ARM_GCC_484\Debug\T-50_Project.a(CyBootAsmGnu.o)
 .debug_line    0x0000107e      0x15c .\CortexM0\ARM_GCC_484\Debug\T-50_Project.a(CyFlash.o)
 .debug_line    0x000011da      0x749 .\CortexM0\ARM_GCC_484\Debug\T-50_Project.a(CyLib.o)
 .debug_line    0x00001923      0x126 .\CortexM0\ARM_GCC_484\Debug\T-50_Project.a(UART_1.o)
 .debug_line    0x00001a49      0x128 .\CortexM0\ARM_GCC_484\Debug\T-50_Project.a(UART_1_SPI_UART.o)
 .debug_line    0x00001b71      0x140 .\CortexM0\ARM_GCC_484\Debug\T-50_Project.a(UART_1_UART.o)
 .debug_line    0x00001cb1      0x3ed .\CortexM0\ARM_GCC_484\Debug\T-50_Project.a(TaskTimer.o)
 .debug_line    0x0000209e      0x2a5 .\CortexM0\ARM_GCC_484\Debug\T-50_Project.a(TaskISR.o)
 .debug_line    0x00002343      0x3fe .\CortexM0\ARM_GCC_484\Debug\T-50_Project.a(NavLightPWM.o)
 .debug_line    0x00002741      0x1e3 .\CortexM0\ARM_GCC_484\Debug\T-50_Project.a(BootISR.o)
 .debug_line    0x00002924       0xb3 .\CortexM0\ARM_GCC_484\Debug\T-50_Project.a(SW1.o)
 .debug_line    0x000029d7       0xb6 .\CortexM0\ARM_GCC_484\Debug\T-50_Project.a(Strobes.o)
 .debug_line    0x00002a8d       0xb3 .\CortexM0\ARM_GCC_484\Debug\T-50_Project.a(Ldg.o)
 .debug_line    0x00002b40      0x3e2 .\CortexM0\ARM_GCC_484\Debug\T-50_Project.a(PPMCounter.o)
 .debug_line    0x00002f22      0x2ae .\CortexM0\ARM_GCC_484\Debug\T-50_Project.a(PPMISR.o)
 .debug_line    0x000031d0      0x2bf .\CortexM0\ARM_GCC_484\Debug\T-50_Project.a(PPMRstISR.o)
 .debug_line    0x0000348f      0x3ee .\CortexM0\ARM_GCC_484\Debug\T-50_Project.a(ServoTimer.o)
 .debug_line    0x0000387d      0x3b2 .\CortexM0\ARM_GCC_484\Debug\T-50_Project.a(ServoISR.o)
 .debug_line    0x00003c2f       0xbb .\CortexM0\ARM_GCC_484\Debug\T-50_Project.a(Out_Mot_Pin.o)
 .debug_line    0x00003cea       0xbc .\CortexM0\ARM_GCC_484\Debug\T-50_Project.a(Out_Ail1_Pin.o)
 .debug_line    0x00003da6       0xbb .\CortexM0\ARM_GCC_484\Debug\T-50_Project.a(Out_Ail2_Pin.o)
 .debug_line    0x00003e61       0xba .\CortexM0\ARM_GCC_484\Debug\T-50_Project.a(Out_Ele1_Pin.o)
 .debug_line    0x00003f1b       0xbc .\CortexM0\ARM_GCC_484\Debug\T-50_Project.a(Out_Ele2_Pin.o)
 .debug_line    0x00003fd7       0xbb .\CortexM0\ARM_GCC_484\Debug\T-50_Project.a(Out_Rud_Pin.o)
 .debug_line    0x00004092       0xbb .\CortexM0\ARM_GCC_484\Debug\T-50_Project.a(Out_Fl1_Pin.o)
 .debug_line    0x0000414d       0xbb .\CortexM0\ARM_GCC_484\Debug\T-50_Project.a(Out_Fl2_Pin.o)
 .debug_line    0x00004208       0xbb .\CortexM0\ARM_GCC_484\Debug\T-50_Project.a(Out_Ge1_Pin.o)
 .debug_line    0x000042c3       0xbb .\CortexM0\ARM_GCC_484\Debug\T-50_Project.a(Out_Ge2_Pin.o)
 .debug_line    0x0000437e       0xbb .\CortexM0\ARM_GCC_484\Debug\T-50_Project.a(Out_Ge3_Pin.o)
 .debug_line    0x00004439       0xbb .\CortexM0\ARM_GCC_484\Debug\T-50_Project.a(Out_Sp1_Pin.o)
 .debug_line    0x000044f4       0xba .\CortexM0\ARM_GCC_484\Debug\T-50_Project.a(Out_Sp2_Pin.o)
 .debug_line    0x000045ae      0x13c .\CortexM0\ARM_GCC_484\Debug\T-50_Project.a(I2CM.o)
 .debug_line    0x000046ea       0xbe .\CortexM0\ARM_GCC_484\Debug\T-50_Project.a(I2CM_I2C.o)
 .debug_line    0x000047a8      0x2df .\CortexM0\ARM_GCC_484\Debug\T-50_Project.a(I2CM_I2C_MASTER.o)
 .debug_line    0x00004a87       0xb6 .\CortexM0\ARM_GCC_484\Debug\T-50_Project.a(I2CM_sda.o)
 .debug_line    0x00004b3d       0xb7 .\CortexM0\ARM_GCC_484\Debug\T-50_Project.a(I2CM_scl.o)
 .debug_line    0x00004bf4      0x253 .\CortexM0\ARM_GCC_484\Debug\T-50_Project.a(ADC.o)
 .debug_line    0x00004e47       0x6a .\CortexM0\ARM_GCC_484\Debug\T-50_Project.a(ADC_INT.o)
 .debug_line    0x00004eb1      0x149 .\CortexM0\ARM_GCC_484\Debug\T-50_Project.a(I2CM_I2C_INT.o)

.debug_frame    0x00000000     0x3424
 *(.debug_frame)
 .debug_frame   0x00000000       0xb0 .\CortexM0\ARM_GCC_484\Debug\main.o
 .debug_frame   0x000000b0       0xc8 .\CortexM0\ARM_GCC_484\Debug\IMU.o
 .debug_frame   0x00000178       0xe0 .\CortexM0\ARM_GCC_484\Debug\Baro.o
 .debug_frame   0x00000258       0xa4 .\CortexM0\ARM_GCC_484\Debug\Cm0Start.o
 .debug_frame   0x000002fc       0x4c .\CortexM0\ARM_GCC_484\Debug\T-50_Project.a(cyfitter_cfg.o)
 .debug_frame   0x00000348       0x50 .\CortexM0\ARM_GCC_484\Debug\T-50_Project.a(Bootloadable_1.o)
 .debug_frame   0x00000398       0x54 .\CortexM0\ARM_GCC_484\Debug\T-50_Project.a(CyFlash.o)
 .debug_frame   0x000003ec      0x528 .\CortexM0\ARM_GCC_484\Debug\T-50_Project.a(CyLib.o)
 .debug_frame   0x00000914       0xa8 .\CortexM0\ARM_GCC_484\Debug\T-50_Project.a(UART_1.o)
 .debug_frame   0x000009bc       0xb0 .\CortexM0\ARM_GCC_484\Debug\T-50_Project.a(UART_1_SPI_UART.o)
 .debug_frame   0x00000a6c       0xbc .\CortexM0\ARM_GCC_484\Debug\T-50_Project.a(UART_1_UART.o)
 .debug_frame   0x00000b28      0x384 .\CortexM0\ARM_GCC_484\Debug\T-50_Project.a(TaskTimer.o)
 .debug_frame   0x00000eac      0x110 .\CortexM0\ARM_GCC_484\Debug\T-50_Project.a(TaskISR.o)
 .debug_frame   0x00000fbc      0x384 .\CortexM0\ARM_GCC_484\Debug\T-50_Project.a(NavLightPWM.o)
 .debug_frame   0x00001340      0x110 .\CortexM0\ARM_GCC_484\Debug\T-50_Project.a(BootISR.o)
 .debug_frame   0x00001450       0x6c .\CortexM0\ARM_GCC_484\Debug\T-50_Project.a(SW1.o)
 .debug_frame   0x000014bc       0x60 .\CortexM0\ARM_GCC_484\Debug\T-50_Project.a(Strobes.o)
 .debug_frame   0x0000151c       0x6c .\CortexM0\ARM_GCC_484\Debug\T-50_Project.a(Ldg.o)
 .debug_frame   0x00001588      0x384 .\CortexM0\ARM_GCC_484\Debug\T-50_Project.a(PPMCounter.o)
 .debug_frame   0x0000190c      0x114 .\CortexM0\ARM_GCC_484\Debug\T-50_Project.a(PPMISR.o)
 .debug_frame   0x00001a20      0x114 .\CortexM0\ARM_GCC_484\Debug\T-50_Project.a(PPMRstISR.o)
 .debug_frame   0x00001b34      0x384 .\CortexM0\ARM_GCC_484\Debug\T-50_Project.a(ServoTimer.o)
 .debug_frame   0x00001eb8      0x118 .\CortexM0\ARM_GCC_484\Debug\T-50_Project.a(ServoISR.o)
 .debug_frame   0x00001fd0       0x6c .\CortexM0\ARM_GCC_484\Debug\T-50_Project.a(Out_Mot_Pin.o)
 .debug_frame   0x0000203c       0x6c .\CortexM0\ARM_GCC_484\Debug\T-50_Project.a(Out_Ail1_Pin.o)
 .debug_frame   0x000020a8       0x60 .\CortexM0\ARM_GCC_484\Debug\T-50_Project.a(Out_Ail2_Pin.o)
 .debug_frame   0x00002108       0x60 .\CortexM0\ARM_GCC_484\Debug\T-50_Project.a(Out_Ele1_Pin.o)
 .debug_frame   0x00002168       0x6c .\CortexM0\ARM_GCC_484\Debug\T-50_Project.a(Out_Ele2_Pin.o)
 .debug_frame   0x000021d4       0x6c .\CortexM0\ARM_GCC_484\Debug\T-50_Project.a(Out_Rud_Pin.o)
 .debug_frame   0x00002240       0x6c .\CortexM0\ARM_GCC_484\Debug\T-50_Project.a(Out_Fl1_Pin.o)
 .debug_frame   0x000022ac       0x6c .\CortexM0\ARM_GCC_484\Debug\T-50_Project.a(Out_Fl2_Pin.o)
 .debug_frame   0x00002318       0x6c .\CortexM0\ARM_GCC_484\Debug\T-50_Project.a(Out_Ge1_Pin.o)
 .debug_frame   0x00002384       0x6c .\CortexM0\ARM_GCC_484\Debug\T-50_Project.a(Out_Ge2_Pin.o)
 .debug_frame   0x000023f0       0x6c .\CortexM0\ARM_GCC_484\Debug\T-50_Project.a(Out_Ge3_Pin.o)
 .debug_frame   0x0000245c       0x6c .\CortexM0\ARM_GCC_484\Debug\T-50_Project.a(Out_Sp1_Pin.o)
 .debug_frame   0x000024c8       0x60 .\CortexM0\ARM_GCC_484\Debug\T-50_Project.a(Out_Sp2_Pin.o)
 .debug_frame   0x00002528       0xc0 .\CortexM0\ARM_GCC_484\Debug\T-50_Project.a(I2CM.o)
 .debug_frame   0x000025e8       0x48 .\CortexM0\ARM_GCC_484\Debug\T-50_Project.a(I2CM_I2C.o)
 .debug_frame   0x00002630      0x1ac .\CortexM0\ARM_GCC_484\Debug\T-50_Project.a(I2CM_I2C_MASTER.o)
 .debug_frame   0x000027dc       0x60 .\CortexM0\ARM_GCC_484\Debug\T-50_Project.a(I2CM_sda.o)
 .debug_frame   0x0000283c       0x60 .\CortexM0\ARM_GCC_484\Debug\T-50_Project.a(I2CM_scl.o)
 .debug_frame   0x0000289c      0x1b0 .\CortexM0\ARM_GCC_484\Debug\T-50_Project.a(ADC.o)
 .debug_frame   0x00002a4c       0x20 .\CortexM0\ARM_GCC_484\Debug\T-50_Project.a(ADC_INT.o)
 .debug_frame   0x00002a6c       0x38 .\CortexM0\ARM_GCC_484\Debug\T-50_Project.a(I2CM_I2C_INT.o)
 .debug_frame   0x00002aa4       0x28 e:/program files (x86)/cypress/psoc creator/3.1/psoc creator/import/gnu_cs/arm/4.8.4/bin/../lib/gcc/arm-none-eabi/4.8.4/../../../../arm-none-eabi/lib/armv6-m\libm.a(lib_a-w_atan2.o)
 .debug_frame   0x00002acc       0x3c e:/program files (x86)/cypress/psoc creator/3.1/psoc creator/import/gnu_cs/arm/4.8.4/bin/../lib/gcc/arm-none-eabi/4.8.4/../../../../arm-none-eabi/lib/armv6-m\libm.a(lib_a-e_atan2.o)
 .debug_frame   0x00002b08       0x3c e:/program files (x86)/cypress/psoc creator/3.1/psoc creator/import/gnu_cs/arm/4.8.4/bin/../lib/gcc/arm-none-eabi/4.8.4/../../../../arm-none-eabi/lib/armv6-m\libm.a(lib_a-s_atan.o)
 .debug_frame   0x00002b44       0x20 e:/program files (x86)/cypress/psoc creator/3.1/psoc creator/import/gnu_cs/arm/4.8.4/bin/../lib/gcc/arm-none-eabi/4.8.4/../../../../arm-none-eabi/lib/armv6-m\libm.a(lib_a-s_fabs.o)
 .debug_frame   0x00002b64       0x20 e:/program files (x86)/cypress/psoc creator/3.1/psoc creator/import/gnu_cs/arm/4.8.4/bin/../lib/gcc/arm-none-eabi/4.8.4/armv6-m\libgcc.a(_udivsi3.o)
 .debug_frame   0x00002b84       0x20 e:/program files (x86)/cypress/psoc creator/3.1/psoc creator/import/gnu_cs/arm/4.8.4/bin/../lib/gcc/arm-none-eabi/4.8.4/armv6-m\libgcc.a(_divsi3.o)
 .debug_frame   0x00002ba4       0x30 e:/program files (x86)/cypress/psoc creator/3.1/psoc creator/import/gnu_cs/arm/4.8.4/bin/../lib/gcc/arm-none-eabi/4.8.4/armv6-m\libgcc.a(_muldi3.o)
 .debug_frame   0x00002bd4       0x28 e:/program files (x86)/cypress/psoc creator/3.1/psoc creator/import/gnu_cs/arm/4.8.4/bin/../lib/gcc/arm-none-eabi/4.8.4/armv6-m\libgcc.a(_fixunssfsi.o)
 .debug_frame   0x00002bfc       0x50 e:/program files (x86)/cypress/psoc creator/3.1/psoc creator/import/gnu_cs/arm/4.8.4/bin/../lib/gcc/arm-none-eabi/4.8.4/armv6-m\libgcc.a(bpabi.o)
 .debug_frame   0x00002c4c       0x30 e:/program files (x86)/cypress/psoc creator/3.1/psoc creator/import/gnu_cs/arm/4.8.4/bin/../lib/gcc/arm-none-eabi/4.8.4/armv6-m\libgcc.a(addsf3.o)
 .debug_frame   0x00002c7c       0x3c e:/program files (x86)/cypress/psoc creator/3.1/psoc creator/import/gnu_cs/arm/4.8.4/bin/../lib/gcc/arm-none-eabi/4.8.4/armv6-m\libgcc.a(divsf3.o)
 .debug_frame   0x00002cb8       0x3c e:/program files (x86)/cypress/psoc creator/3.1/psoc creator/import/gnu_cs/arm/4.8.4/bin/../lib/gcc/arm-none-eabi/4.8.4/armv6-m\libgcc.a(mulsf3.o)
 .debug_frame   0x00002cf4       0x30 e:/program files (x86)/cypress/psoc creator/3.1/psoc creator/import/gnu_cs/arm/4.8.4/bin/../lib/gcc/arm-none-eabi/4.8.4/armv6-m\libgcc.a(subsf3.o)
 .debug_frame   0x00002d24       0x20 e:/program files (x86)/cypress/psoc creator/3.1/psoc creator/import/gnu_cs/arm/4.8.4/bin/../lib/gcc/arm-none-eabi/4.8.4/armv6-m\libgcc.a(fixsfsi.o)
 .debug_frame   0x00002d44       0x2c e:/program files (x86)/cypress/psoc creator/3.1/psoc creator/import/gnu_cs/arm/4.8.4/bin/../lib/gcc/arm-none-eabi/4.8.4/armv6-m\libgcc.a(floatsisf.o)
 .debug_frame   0x00002d70       0x3c e:/program files (x86)/cypress/psoc creator/3.1/psoc creator/import/gnu_cs/arm/4.8.4/bin/../lib/gcc/arm-none-eabi/4.8.4/armv6-m\libgcc.a(adddf3.o)
 .debug_frame   0x00002dac       0x3c e:/program files (x86)/cypress/psoc creator/3.1/psoc creator/import/gnu_cs/arm/4.8.4/bin/../lib/gcc/arm-none-eabi/4.8.4/armv6-m\libgcc.a(divdf3.o)
 .debug_frame   0x00002de8       0x3c e:/program files (x86)/cypress/psoc creator/3.1/psoc creator/import/gnu_cs/arm/4.8.4/bin/../lib/gcc/arm-none-eabi/4.8.4/armv6-m\libgcc.a(eqdf2.o)
 .debug_frame   0x00002e24       0x38 e:/program files (x86)/cypress/psoc creator/3.1/psoc creator/import/gnu_cs/arm/4.8.4/bin/../lib/gcc/arm-none-eabi/4.8.4/armv6-m\libgcc.a(gedf2.o)
 .debug_frame   0x00002e5c       0x3c e:/program files (x86)/cypress/psoc creator/3.1/psoc creator/import/gnu_cs/arm/4.8.4/bin/../lib/gcc/arm-none-eabi/4.8.4/armv6-m\libgcc.a(ledf2.o)
 .debug_frame   0x00002e98       0x3c e:/program files (x86)/cypress/psoc creator/3.1/psoc creator/import/gnu_cs/arm/4.8.4/bin/../lib/gcc/arm-none-eabi/4.8.4/armv6-m\libgcc.a(muldf3.o)
 .debug_frame   0x00002ed4       0x3c e:/program files (x86)/cypress/psoc creator/3.1/psoc creator/import/gnu_cs/arm/4.8.4/bin/../lib/gcc/arm-none-eabi/4.8.4/armv6-m\libgcc.a(subdf3.o)
 .debug_frame   0x00002f10       0x2c e:/program files (x86)/cypress/psoc creator/3.1/psoc creator/import/gnu_cs/arm/4.8.4/bin/../lib/gcc/arm-none-eabi/4.8.4/armv6-m\libgcc.a(fixdfsi.o)
 .debug_frame   0x00002f3c       0x30 e:/program files (x86)/cypress/psoc creator/3.1/psoc creator/import/gnu_cs/arm/4.8.4/bin/../lib/gcc/arm-none-eabi/4.8.4/armv6-m\libgcc.a(floatsidf.o)
 .debug_frame   0x00002f6c       0x2c e:/program files (x86)/cypress/psoc creator/3.1/psoc creator/import/gnu_cs/arm/4.8.4/bin/../lib/gcc/arm-none-eabi/4.8.4/armv6-m\libgcc.a(extendsfdf2.o)
 .debug_frame   0x00002f98       0x30 e:/program files (x86)/cypress/psoc creator/3.1/psoc creator/import/gnu_cs/arm/4.8.4/bin/../lib/gcc/arm-none-eabi/4.8.4/armv6-m\libgcc.a(truncdfsf2.o)
 .debug_frame   0x00002fc8       0x3c e:/program files (x86)/cypress/psoc creator/3.1/psoc creator/import/gnu_cs/arm/4.8.4/bin/../lib/gcc/arm-none-eabi/4.8.4/armv6-m\libgcc.a(_divdi3.o)
 .debug_frame   0x00003004       0x3c e:/program files (x86)/cypress/psoc creator/3.1/psoc creator/import/gnu_cs/arm/4.8.4/bin/../lib/gcc/arm-none-eabi/4.8.4/armv6-m\libgcc.a(_udivdi3.o)
 .debug_frame   0x00003040       0x2c e:/program files (x86)/cypress/psoc creator/3.1/psoc creator/import/gnu_cs/arm/4.8.4/bin/../lib/gcc/arm-none-eabi/4.8.4/armv6-m\libgcc.a(eqsf2.o)
 .debug_frame   0x0000306c       0x30 e:/program files (x86)/cypress/psoc creator/3.1/psoc creator/import/gnu_cs/arm/4.8.4/bin/../lib/gcc/arm-none-eabi/4.8.4/armv6-m\libgcc.a(gesf2.o)
 .debug_frame   0x0000309c       0x30 e:/program files (x86)/cypress/psoc creator/3.1/psoc creator/import/gnu_cs/arm/4.8.4/bin/../lib/gcc/arm-none-eabi/4.8.4/armv6-m\libgcc.a(lesf2.o)
 .debug_frame   0x000030cc       0x20 e:/program files (x86)/cypress/psoc creator/3.1/psoc creator/import/gnu_cs/arm/4.8.4/bin/../lib/gcc/arm-none-eabi/4.8.4/../../../../arm-none-eabi/lib/armv6-m\libg_s.a(lib_a-errno.o)
 .debug_frame   0x000030ec       0x28 e:/program files (x86)/cypress/psoc creator/3.1/psoc creator/import/gnu_cs/arm/4.8.4/bin/../lib/gcc/arm-none-eabi/4.8.4/../../../../arm-none-eabi/lib/armv6-m\libg_s.a(lib_a-exit.o)
 .debug_frame   0x00003114       0x2c e:/program files (x86)/cypress/psoc creator/3.1/psoc creator/import/gnu_cs/arm/4.8.4/bin/../lib/gcc/arm-none-eabi/4.8.4/../../../../arm-none-eabi/lib/armv6-m\libg_s.a(lib_a-init.o)
 .debug_frame   0x00003140       0x28 e:/program files (x86)/cypress/psoc creator/3.1/psoc creator/import/gnu_cs/arm/4.8.4/bin/../lib/gcc/arm-none-eabi/4.8.4/../../../../arm-none-eabi/lib/armv6-m\libg_s.a(lib_a-memcpy-stub.o)
 .debug_frame   0x00003168       0x20 e:/program files (x86)/cypress/psoc creator/3.1/psoc creator/import/gnu_cs/arm/4.8.4/bin/../lib/gcc/arm-none-eabi/4.8.4/../../../../arm-none-eabi/lib/armv6-m\libg_s.a(lib_a-memset.o)
 .debug_frame   0x00003188       0x4c e:/program files (x86)/cypress/psoc creator/3.1/psoc creator/import/gnu_cs/arm/4.8.4/bin/../lib/gcc/arm-none-eabi/4.8.4/../../../../arm-none-eabi/lib/armv6-m\libg_s.a(lib_a-sprintf.o)
 .debug_frame   0x000031d4       0x74 e:/program files (x86)/cypress/psoc creator/3.1/psoc creator/import/gnu_cs/arm/4.8.4/bin/../lib/gcc/arm-none-eabi/4.8.4/../../../../arm-none-eabi/lib/armv6-m\libg_s.a(lib_a-svfprintf.o)
 .debug_frame   0x00003248       0x54 e:/program files (x86)/cypress/psoc creator/3.1/psoc creator/import/gnu_cs/arm/4.8.4/bin/../lib/gcc/arm-none-eabi/4.8.4/../../../../arm-none-eabi/lib/armv6-m\libg_s.a(lib_a-vfprintf_i.o)
 .debug_frame   0x0000329c       0x20 e:/program files (x86)/cypress/psoc creator/3.1/psoc creator/import/gnu_cs/arm/4.8.4/bin/../lib/gcc/arm-none-eabi/4.8.4/../../../../arm-none-eabi/lib/armv6-m\libg_s.a(lib_a-memchr-stub.o)
 .debug_frame   0x000032bc       0x2c e:/program files (x86)/cypress/psoc creator/3.1/psoc creator/import/gnu_cs/arm/4.8.4/bin/../lib/gcc/arm-none-eabi/4.8.4/../../../../arm-none-eabi/lib/armv6-m\libg_s.a(lib_a-memmove.o)
 .debug_frame   0x000032e8       0x2c e:/program files (x86)/cypress/psoc creator/3.1/psoc creator/import/gnu_cs/arm/4.8.4/bin/../lib/gcc/arm-none-eabi/4.8.4/../../../../arm-none-eabi/lib/armv6-m\libg_s.a(lib_a-nano-freer.o)