Archive member included because of file (symbol)

.\CortexM0\ARM_GCC_484\Debug\T-50_Project.a(cyfitter_cfg.o)
                              .\CortexM0\ARM_GCC_484\Debug\Cm0Start.o (cyfitter_cfg)
.\CortexM0\ARM_GCC_484\Debug\T-50_Project.a(Bootloadable_1.o)
                              .\CortexM0\ARM_GCC_484\Debug\main.o (Bootloadable_1_Load)
.\CortexM0\ARM_GCC_484\Debug\T-50_Project.a(CyBootAsmGnu.o)
                              .\CortexM0\ARM_GCC_484\Debug\T-50_Project.a(cyfitter_cfg.o) (CyDelayCycles)
.\CortexM0\ARM_GCC_484\Debug\T-50_Project.a(CyFlash.o)
                              .\CortexM0\ARM_GCC_484\Debug\T-50_Project.a(Bootloadable_1.o) (CySysFlashWriteRow)
.\CortexM0\ARM_GCC_484\Debug\T-50_Project.a(CyLib.o)
                              .\CortexM0\ARM_GCC_484\Debug\main.o (CySysWdtWriteMode)
.\CortexM0\ARM_GCC_484\Debug\T-50_Project.a(UART_1.o)
                              .\CortexM0\ARM_GCC_484\Debug\main.o (UART_1_Start)
.\CortexM0\ARM_GCC_484\Debug\T-50_Project.a(UART_1_SPI_UART.o)
                              .\CortexM0\ARM_GCC_484\Debug\main.o (UART_1_SpiUartWriteTxData)
.\CortexM0\ARM_GCC_484\Debug\T-50_Project.a(UART_1_UART.o)
                              .\CortexM0\ARM_GCC_484\Debug\T-50_Project.a(UART_1.o) (UART_1_UartInit)
.\CortexM0\ARM_GCC_484\Debug\T-50_Project.a(TaskTimer.o)
                              .\CortexM0\ARM_GCC_484\Debug\main.o (TaskTimer_Start)
.\CortexM0\ARM_GCC_484\Debug\T-50_Project.a(TaskISR.o)
                              .\CortexM0\ARM_GCC_484\Debug\main.o (TaskISR_Start)
.\CortexM0\ARM_GCC_484\Debug\T-50_Project.a(NavLightPWM.o)
                              .\CortexM0\ARM_GCC_484\Debug\main.o (NavLightPWM_WriteCompare)
.\CortexM0\ARM_GCC_484\Debug\T-50_Project.a(BootISR.o)
                              .\CortexM0\ARM_GCC_484\Debug\main.o (BootISR_Start)
.\CortexM0\ARM_GCC_484\Debug\T-50_Project.a(SW1.o)
                              .\CortexM0\ARM_GCC_484\Debug\T-50_Project.a(BootISR.o) (SW1_ClearInterrupt)
.\CortexM0\ARM_GCC_484\Debug\T-50_Project.a(Strobes.o)
                              .\CortexM0\ARM_GCC_484\Debug\main.o (Strobes_Write)
.\CortexM0\ARM_GCC_484\Debug\T-50_Project.a(Ldg.o)
                              .\CortexM0\ARM_GCC_484\Debug\main.o (Ldg_Write)
.\CortexM0\ARM_GCC_484\Debug\T-50_Project.a(PPMCounter.o)
                              .\CortexM0\ARM_GCC_484\Debug\main.o (PPMCounter_Start)
.\CortexM0\ARM_GCC_484\Debug\T-50_Project.a(PPMISR.o)
                              .\CortexM0\ARM_GCC_484\Debug\main.o (PPMISR_Start)
.\CortexM0\ARM_GCC_484\Debug\T-50_Project.a(PPMRstISR.o)
                              .\CortexM0\ARM_GCC_484\Debug\main.o (PPMRstISR_Start)
.\CortexM0\ARM_GCC_484\Debug\T-50_Project.a(ServoTimer.o)
                              .\CortexM0\ARM_GCC_484\Debug\main.o (ServoTimer_Start)
.\CortexM0\ARM_GCC_484\Debug\T-50_Project.a(ServoISR.o)
                              .\CortexM0\ARM_GCC_484\Debug\main.o (ServoISR_Start)
.\CortexM0\ARM_GCC_484\Debug\T-50_Project.a(Out_Mot_Pin.o)
                              .\CortexM0\ARM_GCC_484\Debug\T-50_Project.a(ServoISR.o) (Out_Mot_Pin_Write)
.\CortexM0\ARM_GCC_484\Debug\T-50_Project.a(Out_Ail1_Pin.o)
                              .\CortexM0\ARM_GCC_484\Debug\T-50_Project.a(ServoISR.o) (Out_Ail1_Pin_Write)
.\CortexM0\ARM_GCC_484\Debug\T-50_Project.a(Out_Ail2_Pin.o)
                              .\CortexM0\ARM_GCC_484\Debug\T-50_Project.a(ServoISR.o) (Out_Ail2_Pin_Write)
.\CortexM0\ARM_GCC_484\Debug\T-50_Project.a(Out_Ele1_Pin.o)
                              .\CortexM0\ARM_GCC_484\Debug\T-50_Project.a(ServoISR.o) (Out_Ele1_Pin_Write)
.\CortexM0\ARM_GCC_484\Debug\T-50_Project.a(Out_Ele2_Pin.o)
                              .\CortexM0\ARM_GCC_484\Debug\T-50_Project.a(ServoISR.o) (Out_Ele2_Pin_Write)
.\CortexM0\ARM_GCC_484\Debug\T-50_Project.a(Out_Rud_Pin.o)
                              .\CortexM0\ARM_GCC_484\Debug\T-50_Project.a(ServoISR.o) (Out_Rud_Pin_Write)
.\CortexM0\ARM_GCC_484\Debug\T-50_Project.a(Out_Fl1_Pin.o)
                              .\CortexM0\ARM_GCC_484\Debug\T-50_Project.a(ServoISR.o) (Out_Fl1_Pin_Write)
.\CortexM0\ARM_GCC_484\Debug\T-50_Project.a(Out_Fl2_Pin.o)
                              .\CortexM0\ARM_GCC_484\Debug\T-50_Project.a(ServoISR.o) (Out_Fl2_Pin_Write)
.\CortexM0\ARM_GCC_484\Debug\T-50_Project.a(Out_Ge1_Pin.o)
                              .\CortexM0\ARM_GCC_484\Debug\T-50_Project.a(ServoISR.o) (Out_Ge1_Pin_Write)
.\CortexM0\ARM_GCC_484\Debug\T-50_Project.a(Out_Ge2_Pin.o)
                              .\CortexM0\ARM_GCC_484\Debug\T-50_Project.a(ServoISR.o) (Out_Ge2_Pin_Write)
.\CortexM0\ARM_GCC_484\Debug\T-50_Project.a(Out_Ge3_Pin.o)
                              .\CortexM0\ARM_GCC_484\Debug\T-50_Project.a(ServoISR.o) (Out_Ge3_Pin_Write)
.\CortexM0\ARM_GCC_484\Debug\T-50_Project.a(Out_Sp1_Pin.o)
                              .\CortexM0\ARM_GCC_484\Debug\T-50_Project.a(ServoISR.o) (Out_Sp1_Pin_Write)
[...]
Memory Configuration

Name             Origin             Length             Attributes
rom              0x00000000         0x00008000         xr
ram              0x20000000         0x00001000         xrw
*default*        0x00000000         0xffffffff

Linker script and memory map

LOAD e:/program files (x86)/cypress/psoc creator/3.1/psoc creator/import/gnu_cs/arm/4.8.4/bin/../lib/gcc/arm-none-eabi/4.8.4/armv6-m/crti.o
LOAD e:/program files (x86)/cypress/psoc creator/3.1/psoc creator/import/gnu_cs/arm/4.8.4/bin/../lib/gcc/arm-none-eabi/4.8.4/armv6-m/crtbegin.o
LOAD e:/program files (x86)/cypress/psoc creator/3.1/psoc creator/import/gnu_cs/arm/4.8.4/bin/../lib/gcc/arm-none-eabi/4.8.4/../../../../arm-none-eabi/lib/armv6-m/crt0.o
START GROUP
LOAD .\CortexM0\ARM_GCC_484\Debug\main.o
LOAD .\CortexM0\ARM_GCC_484\Debug\IMU.o
LOAD .\CortexM0\ARM_GCC_484\Debug\Baro.o
LOAD .\CortexM0\ARM_GCC_484\Debug\cybootloader.o
LOAD .\CortexM0\ARM_GCC_484\Debug\cymetadata.o
LOAD .\CortexM0\ARM_GCC_484\Debug\Cm0Start.o
LOAD .\CortexM0\ARM_GCC_484\Debug\T-50_Project.a
LOAD E:\Program Files (x86)\Cypress\PSoC Creator\3.1\PSoC Creator\psoc\content\cycomponentlibrary\CyComponentLibrary.cylib\CortexM0\ARM_GCC_484\Debug\CyComponentLibrary.a
LOAD e:/program files (x86)/cypress/psoc creator/3.1/psoc creator/import/gnu_cs/arm/4.8.4/bin/../lib/gcc/arm-none-eabi/4.8.4/../../../../arm-none-eabi/lib/armv6-m\libm.a
END GROUP
START GROUP
LOAD e:/program files (x86)/cypress/psoc creator/3.1/psoc creator/import/gnu_cs/arm/4.8.4/bin/../lib/gcc/arm-none-eabi/4.8.4/armv6-m\libgcc.a
LOAD e:/program files (x86)/cypress/psoc creator/3.1/psoc creator/import/gnu_cs/arm/4.8.4/bin/../lib/gcc/arm-none-eabi/4.8.4/../../../../arm-none-eabi/lib/armv6-m\libg_s.a
LOAD e:/program files (x86)/cypress/psoc creator/3.1/psoc creator/import/gnu_cs/arm/4.8.4/bin/../lib/gcc/arm-none-eabi/4.8.4/../../../../arm-none-eabi/lib/armv6-m\libc_s.a
END GROUP
START GROUP
LOAD e:/program files (x86)/cypress/psoc creator/3.1/psoc creator/import/gnu_cs/arm/4.8.4/bin/../lib/gcc/arm-none-eabi/4.8.4/armv6-m\libgcc.a
LOAD e:/program files (x86)/cypress/psoc creator/3.1/psoc creator/import/gnu_cs/arm/4.8.4/bin/../lib/gcc/arm-none-eabi/4.8.4/../../../../arm-none-eabi/lib/armv6-m\libc_s.a
END GROUP
LOAD e:/program files (x86)/cypress/psoc creator/3.1/psoc creator/import/gnu_cs/arm/4.8.4/bin/../lib/gcc/arm-none-eabi/4.8.4/armv6-m/crtend.o
LOAD e:/program files (x86)/cypress/psoc creator/3.1/psoc creator/import/gnu_cs/arm/4.8.4/bin/../lib/gcc/arm-none-eabi/4.8.4/armv6-m/crtn.o
START GROUP
LOAD e:/program files (x86)/cypress/psoc creator/3.1/psoc creator/import/gnu_cs/arm/4.8.4/bin/../lib/gcc/arm-none-eabi/4.8.4/armv6-m\libgcc.a
LOAD e:/program files (x86)/cypress/psoc creator/3.1/psoc creator/import/gnu_cs/arm/4.8.4/bin/../lib/gcc/arm-none-eabi/4.8.4/../../../../arm-none-eabi/lib/armv6-m\libc.a
LOAD e:/program files (x86)/cypress/psoc creator/3.1/psoc creator/import/gnu_cs/arm/4.8.4/bin/../lib/gcc/arm-none-eabi/4.8.4/../../../../arm-none-eabi/lib/armv6-m\libnosys.a
END GROUP
                0x00000000                CY_APPL_ORIGIN = 0x0
                0x00000080                CY_FLASH_ROW_SIZE = 0x80
                0x00000001                CY_APPL_NUM = 0x1
                0x00000040                CY_METADATA_SIZE = 0x40
                0x20000570                PROVIDE (__cy_heap_start, _end)
                0x00000001                PROVIDE (__cy_region_num, ((__cy_regions_end - __cy_regions) / 0x10))
                0x20001000                PROVIDE (__cy_stack, (ORIGIN (ram) + 0x1000))
                0x20000c00                PROVIDE (__cy_heap_end, (__cy_stack - 0x400))

.cybootloader   0x00000000     0x1080
 *(.cybootloader)
 .cybootloader  0x00000000     0x1080 .\CortexM0\ARM_GCC_484\Debug\cybootloader.o
                0x00000000                cy_bootloader
                0x00001080                appl1_start = CY_APPL_ORIGIN?CY_APPL_ORIGIN:ALIGN (CY_FLASH_ROW_SIZE)
                0x00004800                appl2_start = (appl1_start + ALIGN ((((0x8000 - appl1_start) - (0x2 * CY_FLASH_ROW_SIZE)) / 0x2), CY_FLASH_ROW_SIZE))
                0x00001080                appl_start = (CY_APPL_NUM == 0x1)?appl1_start:appl2_start

.text           0x00001080     0x6130
 CREATE_OBJECT_SYMBOLS
                0x00001080                PROVIDE (__cy_interrupt_vector, RomVectors)
 *(.romvectors)
 .romvectors    0x00001080       0x10 .\CortexM0\ARM_GCC_484\Debug\Cm0Start.o
                0x00001080                RomVectors
                0x00000001                ASSERT ((. != __cy_interrupt_vector), No interrupt vector)
                0x00000001                ASSERT (CY_APPL_ORIGIN?(SIZEOF (.cybootloader) <= CY_APPL_ORIGIN):0x1, Wrong image location)
                0x00001090                PROVIDE (__cy_reset, Reset)
 *(.text.Reset)
 .text.Reset    0x00001090       0x10 .\CortexM0\ARM_GCC_484\Debug\Cm0Start.o
                0x00001090                Reset
                0x00000001                ASSERT ((. != __cy_reset), No reset code)
 *(.psocinit)
 .psocinit      0x000010a0      0x32c .\CortexM0\ARM_GCC_484\Debug\T-50_Project.a(cyfitter_cfg.o)
                0x000010a0                cyfitter_cfg
                0x000013cc                . = MAX (., 0x100)
 *(.text .text.* .gnu.linkonce.t.*)
 .text          0x000013cc       0x60 e:/program files (x86)/cypress/psoc creator/3.1/psoc creator/import/gnu_cs/arm/4.8.4/bin/../lib/gcc/arm-none-eabi/4.8.4/armv6-m/crtbegin.o
 .text.UART_1_UartPutNum
                0x0000142c       0x1c .\CortexM0\ARM_GCC_484\Debug\main.o
                0x0000142c                UART_1_UartPutNum
 .text.ADC_read_speed
                0x00001448       0x16 .\CortexM0\ARM_GCC_484\Debug\main.o
                0x00001448                ADC_read_speed
 *fill*         0x0000145e        0x2 
 .text.ADC_calibrate_speed
                0x00001460       0x44 .\CortexM0\ARM_GCC_484\Debug\main.o
                0x00001460                ADC_calibrate_speed
 *fill*         0x000014a4        0x4 
 .text.startup.main
                0x000014a8      0x858 .\CortexM0\ARM_GCC_484\Debug\main.o
                0x000014a8                main
 .text.write_mpu6050_registry
                0x00001d00       0x5c .\CortexM0\ARM_GCC_484\Debug\IMU.o
                0x00001d00                write_mpu6050_registry
 .text.MPU6050_Init
                0x00001d5c       0x28 .\CortexM0\ARM_GCC_484\Debug\IMU.o
                0x00001d5c                MPU6050_Init
 .text.MPU6050_data_read
                0x00001d84      0x13c .\CortexM0\ARM_GCC_484\Debug\IMU.o
                0x00001d84                MPU6050_data_read
 .text.read_BMP180_registry
                0x00001ec0       0x50 .\CortexM0\ARM_GCC_484\Debug\Baro.o
                0x00001ec0                read_BMP180_registry
 .text.write_BMP180_registry
                0x00001f10       0x3c .\CortexM0\ARM_GCC_484\Debug\Baro.o
                0x00001f10                write_BMP180_registry
 .text.BMP180_baro_init
                0x00001f4c      0x174 .\CortexM0\ARM_GCC_484\Debug\Baro.o
                0x00001f4c                BMP180_baro_init
 .text.BMP180_baro_trigger_temp
                0x000020c0        0xc .\CortexM0\ARM_GCC_484\Debug\Baro.o
                0x000020c0                BMP180_baro_trigger_temp
 .text.BMP180_baro_read_temp
                0x000020cc       0x58 .\CortexM0\ARM_GCC_484\Debug\Baro.o
                0x000020cc                BMP180_baro_read_temp
 .text.BMP180_baro_trigger_pressure
                0x00002124        0xc .\CortexM0\ARM_GCC_484\Debug\Baro.o
                0x00002124                BMP180_baro_trigger_pressure
 .text.BMP180_baro_read_pressure
                0x00002130      0x10c .\CortexM0\ARM_GCC_484\Debug\Baro.o
                0x00002130                BMP180_baro_read_pressure
 .text.IntDefaultHandler
                0x0000223c        0x2 .\CortexM0\ARM_GCC_484\Debug\Cm0Start.o
                0x0000223c                IntDefaultHandler
 *fill*         0x0000223e        0x2 
 .text._sbrk    0x00002240       0x30 .\CortexM0\ARM_GCC_484\Debug\Cm0Start.o
                0x00002240                _sbrk
 .text.Start_c  0x00002270       0x4c .\CortexM0\ARM_GCC_484\Debug\Cm0Start.o
                0x00002270                Start_c
 .text.startup.initialize_psoc
                0x000022bc       0x54 .\CortexM0\ARM_GCC_484\Debug\Cm0Start.o
                0x000022bc                initialize_psoc
 .text.SetAnalogRoutingPumps
                0x00002310       0x20 .\CortexM0\ARM_GCC_484\Debug\T-50_Project.a(cyfitter_cfg.o)
                0x00002310                SetAnalogRoutingPumps
 .text.Bootloadable_1_Load
                0x00002330       0x14 .\CortexM0\ARM_GCC_484\Debug\T-50_Project.a(Bootloadable_1.o)
                0x00002330                Bootloadable_1_Load
 *fill*         0x00002344        0x4 
 .text          0x00002348       0x28 .\CortexM0\ARM_GCC_484\Debug\T-50_Project.a(CyBootAsmGnu.o)
                0x00002348                CyDelayCycles
                0x0000235c                CyEnterCriticalSection
                0x00002364                CyExitCriticalSection
 .text.CySysClkIloStart
                0x00002370       0x14 .\CortexM0\ARM_GCC_484\Debug\T-50_Project.a(CyLib.o)
                0x00002370                CySysClkIloStart
 .text.CySysWdtReadEnabledStatus
                0x00002384       0x1c .\CortexM0\ARM_GCC_484\Debug\T-50_Project.a(CyLib.o)
                0x00002384                CySysWdtReadEnabledStatus
 .text.CySysWdtWriteMode
                0x000023a0       0x34 .\CortexM0\ARM_GCC_484\Debug\T-50_Project.a(CyLib.o)
                0x000023a0                CySysWdtWriteMode
 .text.CySysWdtEnable
                0x000023d4       0x34 .\CortexM0\ARM_GCC_484\Debug\T-50_Project.a(CyLib.o)
                0x000023d4                CySysWdtEnable
 .text.CySysWdtResetCounters
                0x00002408       0x18 .\CortexM0\ARM_GCC_484\Debug\T-50_Project.a(CyLib.o)
                0x00002408                CySysWdtResetCounters
 .text.CyIntSetVector
                0x00002420       0x18 .\CortexM0\ARM_GCC_484\Debug\T-50_Project.a(CyLib.o)
                0x00002420                CyIntSetVector
 .text.CyIntSetPriority
                0x00002438       0x40 .\CortexM0\ARM_GCC_484\Debug\T-50_Project.a(CyLib.o)
                0x00002438                CyIntSetPriority
 .text.CyIntEnable
                0x00002478       0x14 .\CortexM0\ARM_GCC_484\Debug\T-50_Project.a(CyLib.o)
                0x00002478                CyIntEnable
 .text.CyIntDisable
                0x0000248c       0x14 .\CortexM0\ARM_GCC_484\Debug\T-50_Project.a(CyLib.o)
                0x0000248c                CyIntDisable
 .text.CyHalt   0x000024a0        0x4 .\CortexM0\ARM_GCC_484\Debug\T-50_Project.a(CyLib.o)
                0x000024a0                CyHalt
 .text.CySoftwareReset
                0x000024a4       0x18 .\CortexM0\ARM_GCC_484\Debug\T-50_Project.a(CyLib.o)
                0x000024a4                CySoftwareReset
 .text.CyDelay  0x000024bc       0x2c .\CortexM0\ARM_GCC_484\Debug\T-50_Project.a(CyLib.o)
                0x000024bc                CyDelay
 .text.CyDelayUs
                0x000024e8       0x14 .\CortexM0\ARM_GCC_484\Debug\T-50_Project.a(CyLib.o)
                0x000024e8                CyDelayUs
 .text.CySysWdtWriteMatch
                0x000024fc       0x38 .\CortexM0\ARM_GCC_484\Debug\T-50_Project.a(CyLib.o)
                0x000024fc                CySysWdtWriteMatch
 .text.UART_1_Enable
                0x00002534       0x14 .\CortexM0\ARM_GCC_484\Debug\T-50_Project.a(UART_1.o)
                0x00002534                UART_1_Enable
 .text.UART_1_Start
                0x00002548       0x1c .\CortexM0\ARM_GCC_484\Debug\T-50_Project.a(UART_1.o)
                0x00002548                UART_1_Start
 .text.UART_1_SpiUartReadRxData
                0x00002564        0xc .\CortexM0\ARM_GCC_484\Debug\T-50_Project.a(UART_1_SPI_UART.o)
                0x00002564                UART_1_SpiUartReadRxData
 .text.UART_1_SpiUartGetRxBufferSize
                0x00002570       0x10 .\CortexM0\ARM_GCC_484\Debug\T-50_Project.a(UART_1_SPI_UART.o)
                0x00002570                UART_1_SpiUartGetRxBufferSize
 .text.UART_1_SpiUartWriteTxData
                0x00002580       0x1c .\CortexM0\ARM_GCC_484\Debug\T-50_Project.a(UART_1_SPI_UART.o)
                0x00002580                UART_1_SpiUartWriteTxData
 .text.UART_1_UartInit
                0x0000259c       0x90 .\CortexM0\ARM_GCC_484\Debug\T-50_Project.a(UART_1_UART.o)
                0x0000259c                UART_1_UartInit
 .text.UART_1_UartGetChar
                0x0000262c       0x28 .\CortexM0\ARM_GCC_484\Debug\T-50_Project.a(UART_1_UART.o)
                0x0000262c                UART_1_UartGetChar
 .text.UART_1_UartPutString
                0x00002654       0x16 .\CortexM0\ARM_GCC_484\Debug\T-50_Project.a(UART_1_UART.o)
                0x00002654                UART_1_UartPutString
 *fill*         0x0000266a        0x2 
 .text.TaskTimer_Init
                0x0000266c       0x40 .\CortexM0\ARM_GCC_484\Debug\T-50_Project.a(TaskTimer.o)
                0x0000266c                TaskTimer_Init
 .text.TaskTimer_TriggerCommand
                0x000026ac       0x1c .\CortexM0\ARM_GCC_484\Debug\T-50_Project.a(TaskTimer.o)
                0x000026ac                TaskTimer_TriggerCommand
 .text.TaskTimer_Enable
                0x000026c8       0x24 .\CortexM0\ARM_GCC_484\Debug\T-50_Project.a(TaskTimer.o)
                0x000026c8                TaskTimer_Enable
 .text.TaskTimer_Start
                0x000026ec       0x1c .\CortexM0\ARM_GCC_484\Debug\T-50_Project.a(TaskTimer.o)
                0x000026ec                TaskTimer_Start
 .text.TaskTimer_ClearInterrupt
                0x00002708        0xc .\CortexM0\ARM_GCC_484\Debug\T-50_Project.a(TaskTimer.o)
                0x00002708                TaskTimer_ClearInterrupt
 .text.TaskISR_Interrupt
                0x00002714       0x14 .\CortexM0\ARM_GCC_484\Debug\T-50_Project.a(TaskISR.o)
                0x00002714                TaskISR_Interrupt
 .text.TaskISR_SetPriority
                0x00002728       0x24 .\CortexM0\ARM_GCC_484\Debug\T-50_Project.a(TaskISR.o)
                0x00002728                TaskISR_SetPriority
 .text.TaskISR_Start
                0x0000274c       0x30 .\CortexM0\ARM_GCC_484\Debug\T-50_Project.a(TaskISR.o)
                0x0000274c                TaskISR_Start
 .text.NavLightPWM_Init
                0x0000277c       0x50 .\CortexM0\ARM_GCC_484\Debug\T-50_Project.a(NavLightPWM.o)
                0x0000277c                NavLightPWM_Init
 .text.NavLightPWM_WriteCompare
                0x000027cc        0xc .\CortexM0\ARM_GCC_484\Debug\T-50_Project.a(NavLightPWM.o)
                0x000027cc                NavLightPWM_WriteCompare
 .text.NavLightPWM_TriggerCommand
                0x000027d8       0x1c .\CortexM0\ARM_GCC_484\Debug\T-50_Project.a(NavLightPWM.o)
                0x000027d8                NavLightPWM_TriggerCommand
 .text.NavLightPWM_Enable
                0x000027f4       0x24 .\CortexM0\ARM_GCC_484\Debug\T-50_Project.a(NavLightPWM.o)
                0x000027f4                NavLightPWM_Enable
 .text.NavLightPWM_Start
                0x00002818       0x1c .\CortexM0\ARM_GCC_484\Debug\T-50_Project.a(NavLightPWM.o)
                0x00002818                NavLightPWM_Start
 .text.BootISR_Interrupt
                0x00002834       0x1c .\CortexM0\ARM_GCC_484\Debug\T-50_Project.a(BootISR.o)
                0x00002834                BootISR_Interrupt
 .text.BootISR_SetPriority
                0x00002850       0x24 .\CortexM0\ARM_GCC_484\Debug\T-50_Project.a(BootISR.o)
                0x00002850                BootISR_SetPriority
 .text.BootISR_Start
                0x00002874       0x2c .\CortexM0\ARM_GCC_484\Debug\T-50_Project.a(BootISR.o)
                0x00002874                BootISR_Start
 .text.SW1_ClearInterrupt
                0x000028a0       0x14 .\CortexM0\ARM_GCC_484\Debug\T-50_Project.a(SW1.o)
                0x000028a0                SW1_ClearInterrupt
 .text.Strobes_Write
                0x000028b4       0x18 .\CortexM0\ARM_GCC_484\Debug\T-50_Project.a(Strobes.o)
                0x000028b4                Strobes_Write
 .text.Ldg_Write
                0x000028cc       0x18 .\CortexM0\ARM_GCC_484\Debug\T-50_Project.a(Ldg.o)
                0x000028cc                Ldg_Write
 .text.PPMCounter_Init
                0x000028e4       0x38 .\CortexM0\ARM_GCC_484\Debug\T-50_Project.a(PPMCounter.o)
                0x000028e4                PPMCounter_Init
 .text.PPMCounter_WriteCounter
                0x0000291c        0xc .\CortexM0\ARM_GCC_484\Debug\T-50_Project.a(PPMCounter.o)
                0x0000291c                PPMCounter_WriteCounter
 .text.PPMCounter_ReadCounter
                0x00002928        0xc .\CortexM0\ARM_GCC_484\Debug\T-50_Project.a(PPMCounter.o)
                0x00002928                PPMCounter_ReadCounter
 .text.PPMCounter_TriggerCommand
                0x00002934       0x1c .\CortexM0\ARM_GCC_484\Debug\T-50_Project.a(PPMCounter.o)
                0x00002934                PPMCounter_TriggerCommand
 .text.PPMCounter_Enable
                0x00002950       0x24 .\CortexM0\ARM_GCC_484\Debug\T-50_Project.a(PPMCounter.o)
                0x00002950                PPMCounter_Enable
 .text.PPMCounter_Start
                0x00002974       0x1c .\CortexM0\ARM_GCC_484\Debug\T-50_Project.a(PPMCounter.o)
                0x00002974                PPMCounter_Start
 .text.PPMCounter_ClearInterrupt
                0x00002990        0xc .\CortexM0\ARM_GCC_484\Debug\T-50_Project.a(PPMCounter.o)
                0x00002990                PPMCounter_ClearInterrupt
 .text.PPMISR_Interrupt
                0x0000299c       0x48 .\CortexM0\ARM_GCC_484\Debug\T-50_Project.a(PPMISR.o)
                0x0000299c                PPMISR_Interrupt
 .text.PPMISR_SetPriority
                0x000029e4       0x20 .\CortexM0\ARM_GCC_484\Debug\T-50_Project.a(PPMISR.o)
                0x000029e4                PPMISR_SetPriority
 .text.PPMISR_Start
                0x00002a04       0x30 .\CortexM0\ARM_GCC_484\Debug\T-50_Project.a(PPMISR.o)
                0x00002a04                PPMISR_Start
 .text.PPMRstISR_Interrupt
                0x00002a34       0x20 .\CortexM0\ARM_GCC_484\Debug\T-50_Project.a(PPMRstISR.o)
                0x00002a34                PPMRstISR_Interrupt
 .text.PPMRstISR_SetPriority
                0x00002a54       0x28 .\CortexM0\ARM_GCC_484\Debug\T-50_Project.a(PPMRstISR.o)
                0x00002a54                PPMRstISR_SetPriority
 .text.PPMRstISR_Start
                0x00002a7c       0x2c .\CortexM0\ARM_GCC_484\Debug\T-50_Project.a(PPMRstISR.o)
                0x00002a7c                PPMRstISR_Start
 .text.ServoTimer_Init
                0x00002aa8       0x40 .\CortexM0\ARM_GCC_484\Debug\T-50_Project.a(ServoTimer.o)
                0x00002aa8                ServoTimer_Init
 .text.ServoTimer_WriteCounter
                0x00002ae8        0xc .\CortexM0\ARM_GCC_484\Debug\T-50_Project.a(ServoTimer.o)
                0x00002ae8                ServoTimer_WriteCounter
 .text.ServoTimer_WritePeriod
                0x00002af4        0xc .\CortexM0\ARM_GCC_484\Debug\T-50_Project.a(ServoTimer.o)
                0x00002af4                ServoTimer_WritePeriod
 .text.ServoTimer_TriggerCommand
                0x00002b00       0x1c .\CortexM0\ARM_GCC_484\Debug\T-50_Project.a(ServoTimer.o)
                0x00002b00                ServoTimer_TriggerCommand
 .text.ServoTimer_Enable
                0x00002b1c       0x24 .\CortexM0\ARM_GCC_484\Debug\T-50_Project.a(ServoTimer.o)
                0x00002b1c                ServoTimer_Enable
 .text.ServoTimer_Start
                0x00002b40       0x1c .\CortexM0\ARM_GCC_484\Debug\T-50_Project.a(ServoTimer.o)
                0x00002b40                ServoTimer_Start
 .text.ServoTimer_ClearInterrupt
                0x00002b5c        0xc .\CortexM0\ARM_GCC_484\Debug\T-50_Project.a(ServoTimer.o)
                0x00002b5c                ServoTimer_ClearInterrupt
 .text.ServoISR_Interrupt
                0x00002b68      0x100 .\CortexM0\ARM_GCC_484\Debug\T-50_Project.a(ServoISR.o)
                0x00002b68                ServoISR_Interrupt
 .text.ServoISR_SetPriority
                0x00002c68       0x28 .\CortexM0\ARM_GCC_484\Debug\T-50_Project.a(ServoISR.o)
                0x00002c68                ServoISR_SetPriority
 .text.ServoISR_Start
                0x00002c90       0x30 .\CortexM0\ARM_GCC_484\Debug\T-50_Project.a(ServoISR.o)
                0x00002c90                ServoISR_Start
 .text.Out_Mot_Pin_Write
                0x00002cc0       0x18 .\CortexM0\ARM_GCC_484\Debug\T-50_Project.a(Out_Mot_Pin.o)
                0x00002cc0                Out_Mot_Pin_Write
 .text.Out_Ail1_Pin_Write
                0x00002cd8       0x18 .\CortexM0\ARM_GCC_484\Debug\T-50_Project.a(Out_Ail1_Pin.o)
                0x00002cd8                Out_Ail1_Pin_Write
 .text.Out_Ail2_Pin_Write
                0x00002cf0       0x18 .\CortexM0\ARM_GCC_484\Debug\T-50_Project.a(Out_Ail2_Pin.o)
                0x00002cf0                Out_Ail2_Pin_Write
 .text.Out_Ele1_Pin_Write
                0x00002d08       0x18 .\CortexM0\ARM_GCC_484\Debug\T-50_Project.a(Out_Ele1_Pin.o)
                0x00002d08                Out_Ele1_Pin_Write
 .text.Out_Ele2_Pin_Write
                0x00002d20       0x18 .\CortexM0\ARM_GCC_484\Debug\T-50_Project.a(Out_Ele2_Pin.o)
                0x00002d20                Out_Ele2_Pin_Write
 .text.Out_Rud_Pin_Write
                0x00002d38       0x18 .\CortexM0\ARM_GCC_484\Debug\T-50_Project.a(Out_Rud_Pin.o)
                0x00002d38                Out_Rud_Pin_Write
 .text.Out_Fl1_Pin_Write
                0x00002d50       0x18 .\CortexM0\ARM_GCC_484\Debug\T-50_Project.a(Out_Fl1_Pin.o)
                0x00002d50                Out_Fl1_Pin_Write
 .text.Out_Fl2_Pin_Write
                0x00002d68       0x18 .\CortexM0\ARM_GCC_484\Debug\T-50_Project.a(Out_Fl2_Pin.o)
                0x00002d68                Out_Fl2_Pin_Write
 .text.Out_Ge1_Pin_Write
                0x00002d80       0x18 .\CortexM0\ARM_GCC_484\Debug\T-50_Project.a(Out_Ge1_Pin.o)
                0x00002d80                Out_Ge1_Pin_Write
 .text.Out_Ge2_Pin_Write
                0x00002d98       0x18 .\CortexM0\ARM_GCC_484\Debug\T-50_Project.a(Out_Ge2_Pin.o)
                0x00002d98                Out_Ge2_Pin_Write
 .text.Out_Ge3_Pin_Write
                0x00002db0       0x18 .\CortexM0\ARM_GCC_484\Debug\T-50_Project.a(Out_Ge3_Pin.o)
                0x00002db0                Out_Ge3_Pin_Write
 .text.Out_Sp1_Pin_Write
                0x00002dc8       0x18 .\CortexM0\ARM_GCC_484\Debug\T-50_Project.a(Out_Sp1_Pin.o)
                0x00002dc8                Out_Sp1_Pin_Write
 .text.Out_Sp2_Pin_Write
                0x00002de0       0x18 .\CortexM0\ARM_GCC_484\Debug\T-50_Project.a(Out_Sp2_Pin.o)
                0x00002de0                Out_Sp2_Pin_Write
 .text.I2CM_Enable
                0x00002df8       0x1c .\CortexM0\ARM_GCC_484\Debug\T-50_Project.a(I2CM.o)
                0x00002df8                I2CM_Enable
 .text.I2CM_Start
                0x00002e14       0x1c .\CortexM0\ARM_GCC_484\Debug\T-50_Project.a(I2CM.o)
                0x00002e14                I2CM_Start
 .text.I2CM_I2CInit
                0x00002e30       0xc8 .\CortexM0\ARM_GCC_484\Debug\T-50_Project.a(I2CM_I2C.o)
                0x00002e30                I2CM_I2CInit
 .text.I2CM_I2CMasterSendStart
                0x00002ef8       0xb0 .\CortexM0\ARM_GCC_484\Debug\T-50_Project.a(I2CM_I2C_MASTER.o)
                0x00002ef8                I2CM_I2CMasterSendStart
 .text.I2CM_I2CMasterWriteByte
                0x00002fa8       0x7c .\CortexM0\ARM_GCC_484\Debug\T-50_Project.a(I2CM_I2C_MASTER.o)
                0x00002fa8                I2CM_I2CMasterWriteByte
 .text.I2CM_I2CMasterReadByte
                0x00003024       0x80 .\CortexM0\ARM_GCC_484\Debug\T-50_Project.a(I2CM_I2C_MASTER.o)
                0x00003024                I2CM_I2CMasterReadByte
 .text.I2CM_I2CReStartGeneration
                0x000030a4       0x90 .\CortexM0\ARM_GCC_484\Debug\T-50_Project.a(I2CM_I2C_MASTER.o)
                0x000030a4                I2CM_I2CReStartGeneration
 .text.I2CM_I2CMasterSendRestart
                0x00003134       0xa8 .\CortexM0\ARM_GCC_484\Debug\T-50_Project.a(I2CM_I2C_MASTER.o)
                0x00003134                I2CM_I2CMasterSendRestart
 .text.I2CM_sda_Read
                0x000031dc       0x10 .\CortexM0\ARM_GCC_484\Debug\T-50_Project.a(I2CM_sda.o)
                0x000031dc                I2CM_sda_Read
 .text.I2CM_scl_Write
                0x000031ec       0x18 .\CortexM0\ARM_GCC_484\Debug\T-50_Project.a(I2CM_scl.o)
                0x000031ec                I2CM_scl_Write
 .text.I2CM_scl_Read
                0x00003204       0x10 .\CortexM0\ARM_GCC_484\Debug\T-50_Project.a(I2CM_scl.o)
                0x00003204                I2CM_scl_Read
 .text.ADC_Init
                0x00003214       0xcc .\CortexM0\ARM_GCC_484\Debug\T-50_Project.a(ADC.o)
                0x00003214                ADC_Init
 .text.ADC_Enable
                0x000032e0       0x20 .\CortexM0\ARM_GCC_484\Debug\T-50_Project.a(ADC.o)
                0x000032e0                ADC_Enable
 .text.ADC_Start
                0x00003300       0x1c .\CortexM0\ARM_GCC_484\Debug\T-50_Project.a(ADC.o)
                0x00003300                ADC_Start
 .text.ADC_StartConvert
                0x0000331c       0x14 .\CortexM0\ARM_GCC_484\Debug\T-50_Project.a(ADC.o)
                0x0000331c                ADC_StartConvert
 .text.ADC_StopConvert
                0x00003330       0x14 .\CortexM0\ARM_GCC_484\Debug\T-50_Project.a(ADC.o)
                0x00003330                ADC_StopConvert
 .text.ADC_GetResult16
                0x00003344       0x20 .\CortexM0\ARM_GCC_484\Debug\T-50_Project.a(ADC.o)
                0x00003344                ADC_GetResult16
 .text.ADC_ISR  0x00003364        0xc .\CortexM0\ARM_GCC_484\Debug\T-50_Project.a(ADC_INT.o)
                0x00003364                ADC_ISR
 .text.I2CM_I2C_ISR
                0x00003370      0x354 .\CortexM0\ARM_GCC_484\Debug\T-50_Project.a(I2CM_I2C_INT.o)
                0x00003370                I2CM_I2C_ISR
 .text.atan2    0x000036c4        0x8 e:/program files (x86)/cypress/psoc creator/3.1/psoc creator/import/gnu_cs/arm/4.8.4/bin/../lib/gcc/arm-none-eabi/4.8.4/../../../../arm-none-eabi/lib/armv6-m\libm.a(lib_a-w_atan2.o)
                0x000036c4                atan2
 *fill*         0x000036cc        0x4 
 .text.__ieee754_atan2
                0x000036d0      0x208 e:/program files (x86)/cypress/psoc creator/3.1/psoc creator/import/gnu_cs/arm/4.8.4/bin/../lib/gcc/arm-none-eabi/4.8.4/../../../../arm-none-eabi/lib/armv6-m\libm.a(lib_a-e_atan2.o)
                0x000036d0                __ieee754_atan2
 .text.atan     0x000038d8      0x350 e:/program files (x86)/cypress/psoc creator/3.1/psoc creator/import/gnu_cs/arm/4.8.4/bin/../lib/gcc/arm-none-eabi/4.8.4/../../../../arm-none-eabi/lib/armv6-m\libm.a(lib_a-s_atan.o)
                0x000038d8                atan
 .text.fabs     0x00003c28        0x8 e:/program files (x86)/cypress/psoc creator/3.1/psoc creator/import/gnu_cs/arm/4.8.4/bin/../lib/gcc/arm-none-eabi/4.8.4/../../../../arm-none-eabi/lib/armv6-m\libm.a(lib_a-s_fabs.o)
                0x00003c28                fabs
 .text          0x00003c30       0x14 e:/program files (x86)/cypress/psoc creator/3.1/psoc creator/import/gnu_cs/arm/4.8.4/bin/../lib/gcc/arm-none-eabi/4.8.4/armv6-m\libgcc.a(_thumb1_case_uqi.o)
                0x00003c30                __gnu_thumb1_case_uqi
 .text          0x00003c44       0x9c e:/program files (x86)/cypress/psoc creator/3.1/psoc creator/import/gnu_cs/arm/4.8.4/bin/../lib/gcc/arm-none-eabi/4.8.4/armv6-m\libgcc.a(_udivsi3.o)
                0x00003c44                __aeabi_uidiv
                0x00003c44                __udivsi3
                0x00003ccc                __aeabi_uidivmod
 .text          0x00003ce0       0xc0 e:/program files (x86)/cypress/psoc creator/3.1/psoc creator/import/gnu_cs/arm/4.8.4/bin/../lib/gcc/arm-none-eabi/4.8.4/armv6-m\libgcc.a(_divsi3.o)
                0x00003ce0                __divsi3
                0x00003ce0                __aeabi_idiv
                0x00003d8c                __aeabi_idivmod
 .text          0x00003da0        0x4 e:/program files (x86)/cypress/psoc creator/3.1/psoc creator/import/gnu_cs/arm/4.8.4/bin/../lib/gcc/arm-none-eabi/4.8.4/armv6-m\libgcc.a(_dvmd_tls.o)
                0x00003da0                __aeabi_idiv0
                0x00003da0                __aeabi_ldiv0
 .text          0x00003da4       0x7c e:/program files (x86)/cypress/psoc creator/3.1/psoc creator/import/gnu_cs/arm/4.8.4/bin/../lib/gcc/arm-none-eabi/4.8.4/armv6-m\libgcc.a(_arm_cmpdf2.o)
                0x00003da4                __aeabi_cdrcmple
                0x00003db4                __aeabi_cdcmple
                0x00003db4                __aeabi_cdcmpeq
                0x00003dc4                __aeabi_dcmpeq
                0x00003dd0                __aeabi_dcmplt
                0x00003de4                __aeabi_dcmple
                0x00003df8                __aeabi_dcmpgt
                0x00003e0c                __aeabi_dcmpge
 .text          0x00003e20       0x30 e:/program files (x86)/cypress/psoc creator/3.1/psoc creator/import/gnu_cs/arm/4.8.4/bin/../lib/gcc/arm-none-eabi/4.8.4/armv6-m\libgcc.a(_fixunssfsi.o)
                0x00003e20                __fixunssfsi
                0x00003e20                __aeabi_f2uiz
 .text          0x00003e50      0x2d8 e:/program files (x86)/cypress/psoc creator/3.1/psoc creator/import/gnu_cs/arm/4.8.4/bin/../lib/gcc/arm-none-eabi/4.8.4/armv6-m\libgcc.a(addsf3.o)
                0x00003e50                __aeabi_fadd
 .text          0x00004128      0x24c e:/program files (x86)/cypress/psoc creator/3.1/psoc creator/import/gnu_cs/arm/4.8.4/bin/../lib/gcc/arm-none-eabi/4.8.4/armv6-m\libgcc.a(divsf3.o)
                0x00004128                __aeabi_fdiv
 .text          0x00004374      0x254 e:/program files (x86)/cypress/psoc creator/3.1/psoc creator/import/gnu_cs/arm/4.8.4/bin/../lib/gcc/arm-none-eabi/4.8.4/armv6-m\libgcc.a(mulsf3.o)
                0x00004374                __aeabi_fmul
 .text          0x000045c8      0x2ec e:/program files (x86)/cypress/psoc creator/3.1/psoc creator/import/gnu_cs/arm/4.8.4/bin/../lib/gcc/arm-none-eabi/4.8.4/armv6-m\libgcc.a(subsf3.o)
                0x000045c8                __aeabi_fsub
 .text          0x000048b4       0x40 e:/program files (x86)/cypress/psoc creator/3.1/psoc creator/import/gnu_cs/arm/4.8.4/bin/../lib/gcc/arm-none-eabi/4.8.4/armv6-m\libgcc.a(fixsfsi.o)
                0x000048b4                __aeabi_f2iz
 .text          0x000048f4       0xb8 e:/program files (x86)/cypress/psoc creator/3.1/psoc creator/import/gnu_cs/arm/4.8.4/bin/../lib/gcc/arm-none-eabi/4.8.4/armv6-m\libgcc.a(floatsisf.o)
                0x000048f4                __aeabi_i2f
 .text          0x000049ac      0x644 e:/program files (x86)/cypress/psoc creator/3.1/psoc creator/import/gnu_cs/arm/4.8.4/bin/../lib/gcc/arm-none-eabi/4.8.4/armv6-m\libgcc.a(adddf3.o)
                0x000049ac                __aeabi_dadd
 .text          0x00004ff0      0x648 e:/program files (x86)/cypress/psoc creator/3.1/psoc creator/import/gnu_cs/arm/4.8.4/bin/../lib/gcc/arm-none-eabi/4.8.4/armv6-m\libgcc.a(divdf3.o)
                0x00004ff0                __aeabi_ddiv
 .text          0x00005638       0x94 e:/program files (x86)/cypress/psoc creator/3.1/psoc creator/import/gnu_cs/arm/4.8.4/bin/../lib/gcc/arm-none-eabi/4.8.4/armv6-m\libgcc.a(eqdf2.o)
                0x00005638                __nedf2
                0x00005638                __eqdf2
 .text          0x000056cc       0xfc e:/program files (x86)/cypress/psoc creator/3.1/psoc creator/import/gnu_cs/arm/4.8.4/bin/../lib/gcc/arm-none-eabi/4.8.4/armv6-m\libgcc.a(gedf2.o)
                0x000056cc                __gedf2
                0x000056cc                __gtdf2
 .text          0x000057c8       0xfc e:/program files (x86)/cypress/psoc creator/3.1/psoc creator/import/gnu_cs/arm/4.8.4/bin/../lib/gcc/arm-none-eabi/4.8.4/armv6-m\libgcc.a(ledf2.o)
                0x000057c8                __ledf2
                0x000057c8                __ltdf2
 .text          0x000058c4      0x520 e:/program files (x86)/cypress/psoc creator/3.1/psoc creator/import/gnu_cs/arm/4.8.4/bin/../lib/gcc/arm-none-eabi/4.8.4/armv6-m\libgcc.a(muldf3.o)
                0x000058c4                __aeabi_dmul
 .text          0x00005de4      0x668 e:/program files (x86)/cypress/psoc creator/3.1/psoc creator/import/gnu_cs/arm/4.8.4/bin/../lib/gcc/arm-none-eabi/4.8.4/armv6-m\libgcc.a(subdf3.o)
                0x00005de4                __aeabi_dsub
 .text          0x0000644c       0x68 e:/program files (x86)/cypress/psoc creator/3.1/psoc creator/import/gnu_cs/arm/4.8.4/bin/../lib/gcc/arm-none-eabi/4.8.4/armv6-m\libgcc.a(fixdfsi.o)
                0x0000644c                __aeabi_d2iz
 .text          0x000064b4       0x7c e:/program files (x86)/cypress/psoc creator/3.1/psoc creator/import/gnu_cs/arm/4.8.4/bin/../lib/gcc/arm-none-eabi/4.8.4/armv6-m\libgcc.a(floatsidf.o)
                0x000064b4                __aeabi_i2d
 .text          0x00006530       0xa4 e:/program files (x86)/cypress/psoc creator/3.1/psoc creator/import/gnu_cs/arm/4.8.4/bin/../lib/gcc/arm-none-eabi/4.8.4/armv6-m\libgcc.a(extendsfdf2.o)
                0x00006530                __aeabi_f2d
 .text          0x000065d4      0x118 e:/program files (x86)/cypress/psoc creator/3.1/psoc creator/import/gnu_cs/arm/4.8.4/bin/../lib/gcc/arm-none-eabi/4.8.4/armv6-m\libgcc.a(truncdfsf2.o)
                0x000065d4                __aeabi_d2f
 .text          0x000066ec       0x74 e:/program files (x86)/cypress/psoc creator/3.1/psoc creator/import/gnu_cs/arm/4.8.4/bin/../lib/gcc/arm-none-eabi/4.8.4/armv6-m\libgcc.a(_arm_cmpsf2.o)
                0x000066ec                __aeabi_cfrcmple
                0x000066f4                __aeabi_cfcmpeq
                0x000066f4                __aeabi_cfcmple
                0x00006704                __aeabi_fcmpeq
                0x00006710                __aeabi_fcmplt
                0x00006724                __aeabi_fcmple
                0x00006738                __aeabi_fcmpgt
                0x0000674c                __aeabi_fcmpge
 .text          0x00006760       0x3c e:/program files (x86)/cypress/psoc creator/3.1/psoc creator/import/gnu_cs/arm/4.8.4/bin/../lib/gcc/arm-none-eabi/4.8.4/armv6-m\libgcc.a(_clzsi2.o)
                0x00006760                __clzsi2
 .text          0x0000679c       0x54 e:/program files (x86)/cypress/psoc creator/3.1/psoc creator/import/gnu_cs/arm/4.8.4/bin/../lib/gcc/arm-none-eabi/4.8.4/armv6-m\libgcc.a(eqsf2.o)
                0x0000679c                __eqsf2
                0x0000679c                __nesf2
 .text          0x000067f0       0x90 e:/program files (x86)/cypress/psoc creator/3.1/psoc creator/import/gnu_cs/arm/4.8.4/bin/../lib/gcc/arm-none-eabi/4.8.4/armv6-m\libgcc.a(gesf2.o)
                0x000067f0                __gesf2
                0x000067f0                __gtsf2
 .text          0x00006880       0x98 e:/program files (x86)/cypress/psoc creator/3.1/psoc creator/import/gnu_cs/arm/4.8.4/bin/../lib/gcc/arm-none-eabi/4.8.4/armv6-m\libgcc.a(lesf2.o)
                0x00006880                __ltsf2
                0x00006880                __lesf2
 .text.__errno  0x00006918        0xc e:/program files (x86)/cypress/psoc creator/3.1/psoc creator/import/gnu_cs/arm/4.8.4/bin/../lib/gcc/arm-none-eabi/4.8.4/../../../../arm-none-eabi/lib/armv6-m\libg_s.a(lib_a-errno.o)
                0x00006918                __errno
 .text.__libc_init_array
                0x00006924       0x4c e:/program files (x86)/cypress/psoc creator/3.1/psoc creator/import/gnu_cs/arm/4.8.4/bin/../lib/gcc/arm-none-eabi/4.8.4/../../../../arm-none-eabi/lib/armv6-m\libg_s.a(lib_a-init.o)
                0x00006924                __libc_init_array
 .text.memcpy   0x00006970       0x12 e:/program files (x86)/cypress/psoc creator/3.1/psoc creator/import/gnu_cs/arm/4.8.4/bin/../lib/gcc/arm-none-eabi/4.8.4/../../../../arm-none-eabi/lib/armv6-m\libg_s.a(lib_a-memcpy-stub.o)
                0x00006970                memcpy
 .text.memset   0x00006982       0x10 e:/program files (x86)/cypress/psoc creator/3.1/psoc creator/import/gnu_cs/arm/4.8.4/bin/../lib/gcc/arm-none-eabi/4.8.4/../../../../arm-none-eabi/lib/armv6-m\libg_s.a(lib_a-memset.o)
                0x00006982                memset
 *fill*         0x00006992        0x2 
 .text.sprintf  0x00006994       0x44 e:/program files (x86)/cypress/psoc creator/3.1/psoc creator/import/gnu_cs/arm/4.8.4/bin/../lib/gcc/arm-none-eabi/4.8.4/../../../../arm-none-eabi/lib/armv6-m\libg_s.a(lib_a-sprintf.o)
                0x00006994                siprintf
                0x00006994                sprintf
 .text          0x000069d8       0x14 e:/program files (x86)/cypress/psoc creator/3.1/psoc creator/import/gnu_cs/arm/4.8.4/bin/../lib/gcc/arm-none-eabi/4.8.4/../../../../arm-none-eabi/lib/armv6-m\libg_s.a(lib_a-strcmp.o)
                0x000069d8                strcmp
 .text.__ssputs_r
                0x000069ec       0xc0 e:/program files (x86)/cypress/psoc creator/3.1/psoc creator/import/gnu_cs/arm/4.8.4/bin/../lib/gcc/arm-none-eabi/4.8.4/../../../../arm-none-eabi/lib/armv6-m\libg_s.a(lib_a-svfprintf.o)
                0x000069ec                __ssputs_r
 .text._svfprintf_r
                0x00006aac      0x1e0 e:/program files (x86)/cypress/psoc creator/3.1/psoc creator/import/gnu_cs/arm/4.8.4/bin/../lib/gcc/arm-none-eabi/4.8.4/../../../../arm-none-eabi/lib/armv6-m\libg_s.a(lib_a-svfprintf.o)
                0x00006aac                _svfiprintf_r
                0x00006aac                _svfprintf_r
 .text._printf_common
                0x00006c8c       0xe8 e:/program files (x86)/cypress/psoc creator/3.1/psoc creator/import/gnu_cs/arm/4.8.4/bin/../lib/gcc/arm-none-eabi/4.8.4/../../../../arm-none-eabi/lib/armv6-m\libg_s.a(lib_a-vfprintf_i.o)
                0x00006c8c                _printf_common
 .text._printf_i
                0x00006d74      0x22c e:/program files (x86)/cypress/psoc creator/3.1/psoc creator/import/gnu_cs/arm/4.8.4/bin/../lib/gcc/arm-none-eabi/4.8.4/../../../../arm-none-eabi/lib/armv6-m\libg_s.a(lib_a-vfprintf_i.o)
                0x00006d74                _printf_i
 .text.memchr   0x00006fa0       0x16 e:/program files (x86)/cypress/psoc creator/3.1/psoc creator/import/gnu_cs/arm/4.8.4/bin/../lib/gcc/arm-none-eabi/4.8.4/../../../../arm-none-eabi/lib/armv6-m\libg_s.a(lib_a-memchr-stub.o)
                0x00006fa0                memchr
 .text.memmove  0x00006fb6       0x32 e:/program files (x86)/cypress/psoc creator/3.1/psoc creator/import/gnu_cs/arm/4.8.4/bin/../lib/gcc/arm-none-eabi/4.8.4/../../../../arm-none-eabi/lib/armv6-m\libg_s.a(lib_a-memmove.o)
                0x00006fb6                memmove
 .text._free_r  0x00006fe8       0x90 e:/program files (x86)/cypress/psoc creator/3.1/psoc creator/import/gnu_cs/arm/4.8.4/bin/../lib/gcc/arm-none-eabi/4.8.4/../../../../arm-none-eabi/lib/armv6-m\libg_s.a(lib_a-nano-freer.o)
                0x00006fe8                _free_r
 .text._malloc_r
                0x00007078       0xa8 e:/program files (x86)/cypress/psoc creator/3.1/psoc creator/import/gnu_cs/arm/4.8.4/bin/../lib/gcc/arm-none-eabi/4.8.4/../../../../arm-none-eabi/lib/armv6-m\libg_s.a(lib_a-nano-mallocr.o)
                0x00007078                _malloc_r
 .text._realloc_r
                0x00007120       0x4c e:/program files (x86)/cypress/psoc creator/3.1/psoc creator/import/gnu_cs/arm/4.8.4/bin/../lib/gcc/arm-none-eabi/4.8.4/../../../../arm-none-eabi/lib/armv6-m\libg_s.a(lib_a-nano-reallocr.o)
                0x00007120                _realloc_r
 .text._sbrk_r  0x0000716c       0x24 e:/program files (x86)/cypress/psoc creator/3.1/psoc creator/import/gnu_cs/arm/4.8.4/bin/../lib/gcc/arm-none-eabi/4.8.4/../../../../arm-none-eabi/lib/armv6-m\libg_s.a(lib_a-sbrkr.o)
                0x0000716c                _sbrk_r
 .text.strlen   0x00007190        0xe e:/program files (x86)/cypress/psoc creator/3.1/psoc creator/import/gnu_cs/arm/4.8.4/bin/../lib/gcc/arm-none-eabi/4.8.4/../../../../arm-none-eabi/lib/armv6-m\libg_s.a(lib_a-strlen.o)
                0x00007190                strlen
 .text._malloc_usable_size_r
                0x0000719e       0x12 e:/program files (x86)/cypress/psoc creator/3.1/psoc creator/import/gnu_cs/arm/4.8.4/bin/../lib/gcc/arm-none-eabi/4.8.4/../../../../arm-none-eabi/lib/armv6-m\libg_s.a(lib_a-nano-msizer.o)
                0x0000719e                _malloc_usable_size_r
 *(.plt)
 *(.gnu.warning)
 *(.glue_7t)
 .glue_7t       0x00000000        0x0 linker stubs
 *(.glue_7)
 .glue_7        0x00000000        0x0 linker stubs
 *(.vfp11_veneer)
 .vfp11_veneer  0x00000000        0x0 linker stubs
 *(.bootloader)
 *(.ARM.extab* .gnu.linkonce.armextab.*)
 *(.gcc_except_table)

.v4_bx          0x000071b0        0x0
 .v4_bx         0x00000000        0x0 linker stubs

.iplt           0x000071b0        0x0
 .iplt          0x00000000        0x0 e:/program files (x86)/cypress/psoc creator/3.1/psoc creator/import/gnu_cs/arm/4.8.4/bin/../lib/gcc/arm-none-eabi/4.8.4/armv6-m/crtbegin.o

.eh_frame_hdr
 *(.eh_frame_hdr)

.eh_frame       0x000071b0        0x4
 *(.eh_frame)
 .eh_frame      0x000071b0        0x0 e:/program files (x86)/cypress/psoc creator/3.1/psoc creator/import/gnu_cs/arm/4.8.4/bin/../lib/gcc/arm-none-eabi/4.8.4/armv6-m/crtbegin.o
 .eh_frame      0x000071b0        0x4 e:/program files (x86)/cypress/psoc creator/3.1/psoc creator/import/gnu_cs/arm/4.8.4/bin/../lib/gcc/arm-none-eabi/4.8.4/armv6-m/crtend.o
                0x000071b4                PROVIDE (__exidx_start, .)

.ARM.exidx
 *(.ARM.exidx* .gnu.linkonce.armexidx.*)
                0x000071b4                __exidx_end = .

.rodata         0x000071b8      0x3e8
 *(.rodata .rodata.* .gnu.linkonce.r.*)
 .rodata.str1.1
                0x000071b8       0x45 .\CortexM0\ARM_GCC_484\Debug\main.o
                                 0x58 (size before relaxing)
 .rodata.str1.1
                0x000071fd       0x53 .\CortexM0\ARM_GCC_484\Debug\IMU.o
                                 0x59 (size before relaxing)
 .rodata.str1.1
                0x00007250       0x15 .\CortexM0\ARM_GCC_484\Debug\Baro.o
                                 0x18 (size before relaxing)
 *fill*         0x00007265        0x3 
 .rodata        0x00007268      0x180 .\CortexM0\ARM_GCC_484\Debug\T-50_Project.a(cyfitter_cfg.o)
 .rodata.str1.1
                0x000073e8        0x7 .\CortexM0\ARM_GCC_484\Debug\T-50_Project.a(BootISR.o)
 *fill*         0x000073ef        0x1 
 .rodata.atanlo
                0x000073f0       0x20 e:/program files (x86)/cypress/psoc creator/3.1/psoc creator/import/gnu_cs/arm/4.8.4/bin/../lib/gcc/arm-none-eabi/4.8.4/../../../../arm-none-eabi/lib/armv6-m\libm.a(lib_a-s_atan.o)
 .rodata.atanhi
                0x00007410       0x20 e:/program files (x86)/cypress/psoc creator/3.1/psoc creator/import/gnu_cs/arm/4.8.4/bin/../lib/gcc/arm-none-eabi/4.8.4/../../../../arm-none-eabi/lib/armv6-m\libm.a(lib_a-s_atan.o)
 .rodata        0x00007430       0x40 e:/program files (x86)/cypress/psoc creator/3.1/psoc creator/import/gnu_cs/arm/4.8.4/bin/../lib/gcc/arm-none-eabi/4.8.4/armv6-m\libgcc.a(divsf3.o)
 .rodata        0x00007470       0x40 e:/program files (x86)/cypress/psoc creator/3.1/psoc creator/import/gnu_cs/arm/4.8.4/bin/../lib/gcc/arm-none-eabi/4.8.4/armv6-m\libgcc.a(mulsf3.o)
 .rodata        0x000074b0       0x40 e:/program files (x86)/cypress/psoc creator/3.1/psoc creator/import/gnu_cs/arm/4.8.4/bin/../lib/gcc/arm-none-eabi/4.8.4/armv6-m\libgcc.a(divdf3.o)
 .rodata        0x000074f0       0x40 e:/program files (x86)/cypress/psoc creator/3.1/psoc creator/import/gnu_cs/arm/4.8.4/bin/../lib/gcc/arm-none-eabi/4.8.4/armv6-m\libgcc.a(muldf3.o)
 .rodata.str1.1
                0x00007530        0x2 e:/program files (x86)/cypress/psoc creator/3.1/psoc creator/import/gnu_cs/arm/4.8.4/bin/../lib/gcc/arm-none-eabi/4.8.4/../../../../arm-none-eabi/lib/armv6-m\libg_s.a(lib_a-impure.o)
 .rodata.str1.1
                0x00007532       0x11 e:/program files (x86)/cypress/psoc creator/3.1/psoc creator/import/gnu_cs/arm/4.8.4/bin/../lib/gcc/arm-none-eabi/4.8.4/../../../../arm-none-eabi/lib/armv6-m\libg_s.a(lib_a-svfprintf.o)
 .rodata.str1.1
                0x00007543       0x22 e:/program files (x86)/cypress/psoc creator/3.1/psoc creator/import/gnu_cs/arm/4.8.4/bin/../lib/gcc/arm-none-eabi/4.8.4/../../../../arm-none-eabi/lib/armv6-m\libg_s.a(lib_a-vfprintf_i.o)
                0x00007568                . = ALIGN (0x4)
 *fill*         0x00007565        0x3 
 *(.init)
 .init          0x00007568        0x4 e:/program files (x86)/cypress/psoc creator/3.1/psoc creator/import/gnu_cs/arm/4.8.4/bin/../lib/gcc/arm-none-eabi/4.8.4/armv6-m/crti.o
                0x00007568                _init
 .init          0x0000756c        0x8 e:/program files (x86)/cypress/psoc creator/3.1/psoc creator/import/gnu_cs/arm/4.8.4/bin/../lib/gcc/arm-none-eabi/4.8.4/armv6-m/crtn.o
                0x00007574                . = ALIGN (0x4)
                0x00007574                __preinit_array_start = .
 *(.preinit_array)
                0x00007574                __preinit_array_end = .
                0x00007574                . = ALIGN (0x4)
                0x00007574                __init_array_start = .
 *(SORT(.init_array.*))
 *(.init_array)
 .init_array    0x00007574        0x4 e:/program files (x86)/cypress/psoc creator/3.1/psoc creator/import/gnu_cs/arm/4.8.4/bin/../lib/gcc/arm-none-eabi/4.8.4/armv6-m/crtbegin.o
 .init_array    0x00007578        0x4 .\CortexM0\ARM_GCC_484\Debug\Cm0Start.o
                0x0000757c                __init_array_end = .
                0x0000757c                . = ALIGN (0x4)
 *(.fini)
 .fini          0x0000757c        0x4 e:/program files (x86)/cypress/psoc creator/3.1/psoc creator/import/gnu_cs/arm/4.8.4/bin/../lib/gcc/arm-none-eabi/4.8.4/armv6-m/crti.o
                0x0000757c                _fini
 .fini          0x00007580        0x8 e:/program files (x86)/cypress/psoc creator/3.1/psoc creator/import/gnu_cs/arm/4.8.4/bin/../lib/gcc/arm-none-eabi/4.8.4/armv6-m/crtn.o
                0x00007588                . = ALIGN (0x4)
                0x00007588                __fini_array_start = .
 *(.fini_array)
 .fini_array    0x00007588        0x4 e:/program files (x86)/cypress/psoc creator/3.1/psoc creator/import/gnu_cs/arm/4.8.4/bin/../lib/gcc/arm-none-eabi/4.8.4/armv6-m/crtbegin.o
 *(SORT(.fini_array.*))
                0x0000758c                __fini_array_end = .
                0x0000758c                . = ALIGN (0x4)
 *crtbegin.o(.ctors)
 *(EXCLUDE_FILE(*crtend.o) .ctors)
 *(SORT(.ctors.*))
 *crtend.o(.ctors)
                0x0000758c                . = ALIGN (0x4)
 *crtbegin.o(.dtors)
 *(EXCLUDE_FILE(*crtend.o) .dtors)
 *(SORT(.dtors.*))
 *crtend.o(.dtors)
                0x0000758c                . = ALIGN (0x4)
                0x0000758c                __cy_regions = .
                0x0000758c        0x4 LONG 0x75a0 __cy_region_init_ram
                0x00007590        0x4 LONG 0x200000d0 __cy_region_start_data
                0x00007594        0x4 LONG 0xc0 __cy_region_init_size_ram
                0x00007598        0x4 LONG 0x3e0 __cy_region_zero_size_ram
                0x0000759c                __cy_regions_end = .
                0x000075a0                . = ALIGN (0x8)
 *fill*         0x0000759c        0x4 
                0x000075a0                _etext = .

.ramvectors     0x20000000       0xc0
                0x20000000                __cy_region_start_ram = .
 *(.ramvectors)
 .ramvectors    0x20000000       0xc0 .\CortexM0\ARM_GCC_484\Debug\Cm0Start.o
                0x20000000                CyRamVectors

.btldr_run      0x200000c0        0x4
 *(.bootloaderruntype)
 .bootloaderruntype
                0x200000c0        0x4 .\CortexM0\ARM_GCC_484\Debug\Cm0Start.o
                0x200000c0                cyBtldrRunType

.noinit         0x200000c8        0x4
 *(.noinit)
 .noinit        0x200000c8        0x4 .\CortexM0\ARM_GCC_484\Debug\Cm0Start.o

.data           0x200000d0       0xc0 load address 0x000075a0
                0x200000d0                __cy_region_start_data = .
 *(.jcr)
 .jcr           0x200000d0        0x0 e:/program files (x86)/cypress/psoc creator/3.1/psoc creator/import/gnu_cs/arm/4.8.4/bin/../lib/gcc/arm-none-eabi/4.8.4/armv6-m/crtbegin.o
 .jcr           0x200000d0        0x4 e:/program files (x86)/cypress/psoc creator/3.1/psoc creator/import/gnu_cs/arm/4.8.4/bin/../lib/gcc/arm-none-eabi/4.8.4/armv6-m/crtend.o
 *(.got.plt)
 *(.got)
 *(.shdata)
 *(.data .data.* .gnu.linkonce.d.*)
 .data          0x200000d4       0x44 .\CortexM0\ARM_GCC_484\Debug\main.o
                0x200000d4                speed_offset
                0x200000d6                flag_LightsEnabled
                0x200000d8                NavLightBright
                0x200000da                NavLightStep
                0x200000dc                sample_time
                0x200000e0                ctrl_out
                0x200000fa                K_d_p
                0x200000fb                K_d_q
                0x200000fc                K_d_r
                0x200000fe                ctrl_in_trim
                0x20000108                system_state
                0x20000109                system_type
                0x2000010c                R_angle
                0x20000110                Q_gyro
                0x20000114                Q_angle
 .data          0x20000118        0x4 .\CortexM0\ARM_GCC_484\Debug\Cm0Start.o
 .data          0x2000011c       0x10 .\CortexM0\ARM_GCC_484\Debug\T-50_Project.a(CyLib.o)
                0x2000011c                cydelay32kMs
                0x20000120                cydelayFreqKhz
                0x20000124                cydelayFreqMhz
                0x20000128                cydelayFreqHz
 .data.impure_data
                0x2000012c       0x60 e:/program files (x86)/cypress/psoc creator/3.1/psoc creator/import/gnu_cs/arm/4.8.4/bin/../lib/gcc/arm-none-eabi/4.8.4/../../../../arm-none-eabi/lib/armv6-m\libg_s.a(lib_a-impure.o)
 .data._impure_ptr
                0x2000018c        0x4 e:/program files (x86)/cypress/psoc creator/3.1/psoc creator/import/gnu_cs/arm/4.8.4/bin/../lib/gcc/arm-none-eabi/4.8.4/../../../../arm-none-eabi/lib/armv6-m\libg_s.a(lib_a-impure.o)
                0x2000018c                _impure_ptr
                0x20000190                . = ALIGN (0x8)
 *(.ram)
                0x20000190                _edata = .

.igot.plt       0x20000190        0x0 load address 0x00007660
 .igot.plt      0x00000000        0x0 e:/program files (x86)/cypress/psoc creator/3.1/psoc creator/import/gnu_cs/arm/4.8.4/bin/../lib/gcc/arm-none-eabi/4.8.4/armv6-m/crtbegin.o

.bss            0x20000190      0x3e0 load address 0x00007660
                0x20000190                PROVIDE (__bss_start__, .)
 *(.shbss)
 *(.bss .bss.* .gnu.linkonce.b.*)
 .bss           0x20000190       0x1c e:/program files (x86)/cypress/psoc creator/3.1/psoc creator/import/gnu_cs/arm/4.8.4/bin/../lib/gcc/arm-none-eabi/4.8.4/armv6-m/crtbegin.o
 .bss           0x200001ac       0xd4 .\CortexM0\ARM_GCC_484\Debug\main.o
                0x200001ac                cal_cnt
                0x200001ae                speed
                0x200001b0                temp
                0x200001b4                QFE
                0x200001b8                task_flag
                0x200001ba                NavLightCompare
                0x200001bc                flag_NavLightPulse
                0x200001be                NavLightDim
                0x200001c0                cnt_StrobeLight
                0x200001c2                ctrl_in
                0x200001d2                cnt_baro
                0x200001d4                press
                0x200001d8                alt
                0x200001dc                speed_cal_compl
                0x200001de                acc_x_g
                0x200001e0                acc_z_g
                0x200001e4                Theta_acc
                0x200001e8                acc_y_g
                0x200001ec                Phi_acc
                0x200001f0                turn_rate_q
                0x200001f2                turn_rate_p
                0x200001f4                receiver_connected
                0x200001f5                Ctrl_Mode
                0x200001f6                tune_cnt
                0x200001f8                turn_rate_r
                0x200001fa                Theta_Error
                0x200001fc                Theta_Error_sum
                0x20000200                Theta_Target
                0x20000201                Phi_Error
                0x20000204                Phi_Error_sum
                0x20000208                Phi_Target
                0x20000209                Theta_Error_prev
                0x2000020a                ctrl_out_PID
                0x20000214                ctrl_out_DAMP
                0x2000021e                Phi_Error_prev
                0x2000021f                Rx_flag
                0x20000220                Rx_String
                0x2000022a                Rx_char
                0x2000022b                Rx_index
                0x2000022c                cnt_ML_ATTITUDE_send
                0x2000022d                cnt_ML_HEARTBEAT_send
                0x20000230                custom_mode
                0x20000234                system_mode
                0x20000235                autopilot_type
                0x20000238                K_1_Phi
                0x2000023c                P_Phi
                0x2000024c                p_bias
                0x20000250                K_1_Theta
                0x20000254                P_Theta
                0x20000264                q_bias
                0x20000268                Bar_press
                0x2000026c                Mag_y
                0x20000270                Mag_Heading
                0x20000274                Psi_acc
                0x20000278                mag_z_g
                0x2000027a                mag_y_g
                0x2000027c                mag_x_g
                0x2000027e                PPM_channel
                0x2000027f                blink_cnt
 .bss           0x20000280       0x34 .\CortexM0\ARM_GCC_484\Debug\IMU.o
                0x20000280                acc_x_h
                0x20000281                acc_x_l
                0x20000282                acc_y_h
                0x20000283                acc_y_l
                0x20000284                acc_z_h
                0x20000285                acc_z_l
                0x20000286                gyro_x_h
                0x20000287                gyro_x_l
                0x20000288                gyro_y_h
                0x20000289                gyro_y_l
                0x2000028a                gyro_z_h
                0x2000028b                gyro_z_l
                0x2000028c                gyro_x
                0x2000028e                gyro_y
                0x20000290                gyro_z
                0x20000292                mag_z
                0x20000294                mag_z_l
                0x20000295                mag_z_h
                0x20000296                mag_y
                0x20000298                mag_y_l
                0x20000299                mag_y_h
                0x2000029a                mag_x
                0x2000029c                mag_x_l
                0x2000029d                mag_x_h
                0x2000029e                acc_z
                0x200002a0                acc_y
                0x200002a2                acc_x
                0x200002a4                error_stat
                0x200002a6                gyro_r_offset
                0x200002a8                gyro_q_offset
                0x200002aa                gyro_p_offset
                0x200002ac                temperature
                0x200002ae                gyro_r
                0x200002b0                gyro_q
                0x200002b2                gyro_p
 .bss           0x200002b4        0x6 .\CortexM0\ARM_GCC_484\Debug\Baro.o
                0x200002b4                AC3
                0x200002b6                AC6
                0x200002b8                MD
 *fill*         0x200002ba        0x2 
 .bss           0x200002bc        0x8 .\CortexM0\ARM_GCC_484\Debug\T-50_Project.a(UART_1.o)
                0x200002bc                UART_1_initVar
                0x200002c0                UART_1_customIntrHandler
 .bss           0x200002c4        0x1 .\CortexM0\ARM_GCC_484\Debug\T-50_Project.a(TaskTimer.o)
                0x200002c4                TaskTimer_initVar
 .bss           0x200002c5        0x1 .\CortexM0\ARM_GCC_484\Debug\T-50_Project.a(NavLightPWM.o)
                0x200002c5                NavLightPWM_initVar
 .bss           0x200002c6        0x1 .\CortexM0\ARM_GCC_484\Debug\T-50_Project.a(PPMCounter.o)
                0x200002c6                PPMCounter_initVar
 .bss           0x200002c7        0x1 .\CortexM0\ARM_GCC_484\Debug\T-50_Project.a(PPMRstISR.o)
                0x200002c7                overflow
 .bss           0x200002c8        0x1 .\CortexM0\ARM_GCC_484\Debug\T-50_Project.a(ServoTimer.o)
                0x200002c8                ServoTimer_initVar
 .bss           0x200002c9        0x1 .\CortexM0\ARM_GCC_484\Debug\T-50_Project.a(ServoISR.o)
                0x200002c9                PWM_channel
 *fill*         0x200002ca        0x2 
 .bss           0x200002cc        0x8 .\CortexM0\ARM_GCC_484\Debug\T-50_Project.a(I2CM.o)
                0x200002cc                I2CM_initVar
                0x200002d0                I2CM_customIntrHandler
 .bss           0x200002d4        0x1 .\CortexM0\ARM_GCC_484\Debug\T-50_Project.a(ADC.o)
                0x200002d4                ADC_initVar
 *fill*         0x200002d5        0x3 
 .bss.__malloc_sbrk_start
                0x200002d8        0x4 e:/program files (x86)/cypress/psoc creator/3.1/psoc creator/import/gnu_cs/arm/4.8.4/bin/../lib/gcc/arm-none-eabi/4.8.4/../../../../arm-none-eabi/lib/armv6-m\libg_s.a(lib_a-nano-mallocr.o)
                0x200002d8                __malloc_sbrk_start
 .bss.__malloc_free_list
                0x200002dc        0x4 e:/program files (x86)/cypress/psoc creator/3.1/psoc creator/import/gnu_cs/arm/4.8.4/bin/../lib/gcc/arm-none-eabi/4.8.4/../../../../arm-none-eabi/lib/armv6-m\libg_s.a(lib_a-nano-mallocr.o)
                0x200002dc                __malloc_free_list
 *(COMMON)
 COMMON         0x200002e0      0x24c .\CortexM0\ARM_GCC_484\Debug\main.o
                0x200002e0                Psi
                0x200002e4                K_0_Theta
                0x200002e8                S_Theta
                0x200002ec                msg
                0x200003fc                Theta_temp
                0x20000400                Mag_x
                0x20000404                Theta_Mav
                0x20000408                mavlink_system
                0x2000040c                S_Phi
                0x20000410                Theta
                0x20000414                Phi_temp
                0x20000418                buf
                0x20000520                K_0_Phi
                0x20000524                Phi_Mav
                0x20000528                Phi
 COMMON         0x2000052c       0x12 .\CortexM0\ARM_GCC_484\Debug\Baro.o
                0x2000052c                AC1
                0x2000052e                AC5
                0x20000530                B5
                0x20000532                AC4
                0x20000534                MB
                0x20000536                AC2
                0x20000538                B2
                0x2000053a                B1
                0x2000053c                MC
 COMMON         0x2000053e        0x1 .\CortexM0\ARM_GCC_484\Debug\T-50_Project.a(I2CM_I2C.o)
                0x2000053e                I2CM_state
 *fill*         0x2000053f        0x1 
 COMMON         0x20000540       0x24 .\CortexM0\ARM_GCC_484\Debug\T-50_Project.a(I2CM_I2C_MASTER.o)
                0x20000540                I2CM_mstrRdBufPtr
                0x20000544                I2CM_mstrWrBufPtr
                0x20000548                I2CM_mstrRdBufIndex
                0x2000054c                I2CM_mstrStatus
                0x20000550                I2CM_mstrWrBufIndex
                0x20000554                I2CM_mstrControl
                0x20000558                I2CM_mstrWrBufIndexTmp
                0x2000055c                I2CM_mstrRdBufSize
                0x20000560                I2CM_mstrWrBufSize
 COMMON         0x20000564        0x6 .\CortexM0\ARM_GCC_484\Debug\T-50_Project.a(ADC.o)
                0x20000564                ADC_countsPer10Volt
                0x20000568                ADC_offset
 *fill*         0x2000056a        0x2 
 COMMON         0x2000056c        0x4 e:/program files (x86)/cypress/psoc creator/3.1/psoc creator/import/gnu_cs/arm/4.8.4/bin/../lib/gcc/arm-none-eabi/4.8.4/../../../../arm-none-eabi/lib/armv6-m\libg_s.a(lib_a-reent.o)
                0x2000056c                errno
                0x20000570                . = ALIGN (0x8)
 *(.ram.b)
                0x20000570                _end = .
                0x20000570                __end = .
                0x20000570                PROVIDE (end, .)
                0x20000570                PROVIDE (__bss_end__, .)
                0x000075a0                __cy_region_init_ram = LOADADDR (.data)
                0x000000c0                __cy_region_init_size_ram = (_edata - ADDR (.data))
                0x000003e0                __cy_region_zero_size_ram = (_end - _edata)

.heap           0x20000570      0x100 load address 0x00007660
                0x20000570                . = _end
                0x20000670                . = (. + 0x100)
 *fill*         0x20000570      0x100 
                0x20000670                __cy_heap_limit = .

.stack          0x20000c00      0x400
                0x20000c00                __cy_stack_limit = .
                0x20001000                . = (. + 0x400)
 *fill*         0x20000c00      0x400 
                0x00000001                ASSERT ((__cy_stack_limit >= __cy_heap_limit), region RAM overflowed with stack)

.cyloadermeta   0xf0000000       0x40
 *(.cyloadermeta)
 .cyloadermeta  0xf0000000       0x40 .\CortexM0\ARM_GCC_484\Debug\cybootloader.o
                0xf0000000                cy_meta_loader

.cyloadablemeta
                0x00007fc0       0x40
 *(.cyloadablemeta)
 .cyloadablemeta
                0x00007fc0       0x40 .\CortexM0\ARM_GCC_484\Debug\cymetadata.o
                0x00007fc0                cy_meta_loadable

.cyflashprotect
                0x90400000       0x20
 *(.cyflashprotect)
 .cyflashprotect
                0x90400000       0x20 .\CortexM0\ARM_GCC_484\Debug\cybootloader.o
                0x90400000                cy_meta_flashprotect

.cymeta         0x90500000        0xc
 *(.cymeta)
 .cymeta        0x90500000        0xc .\CortexM0\ARM_GCC_484\Debug\cybootloader.o
                0x90500000                cy_metadata

.cychipprotect  0x90600000        0x1
 *(.cychipprotect)
 .cychipprotect
                0x90600000        0x1 .\CortexM0\ARM_GCC_484\Debug\cybootloader.o
                0x90600000                cy_meta_chipprotect

.rel.dyn        0x00008000        0x0 load address 0x90600004
 .rel.iplt      0x00000000        0x0 e:/program files (x86)/cypress/psoc creator/3.1/psoc creator/import/gnu_cs/arm/4.8.4/bin/../lib/gcc/arm-none-eabi/4.8.4/armv6-m/crtbegin.o

.stab
 *(.stab)

.stabstr
 *(.stabstr)

.debug
 *(.debug)

.line
 *(.line)

.debug_srcinfo
 *(.debug_srcinfo)

.debug_sfnames
 *(.debug_sfnames)

.debug_aranges  0x00000000     0x1350
 *(.debug_aranges)
 .debug_aranges
                0x00000000       0x40 .\CortexM0\ARM_GCC_484\Debug\main.o
 .debug_aranges
                0x00000040       0x48 .\CortexM0\ARM_GCC_484\Debug\IMU.o
 .debug_aranges
                0x00000088       0x50 .\CortexM0\ARM_GCC_484\Debug\Baro.o
 .debug_aranges
                0x000000d8       0x18 .\CortexM0\ARM_GCC_484\Debug\cybootloader.o
 .debug_aranges
                0x000000f0       0x18 .\CortexM0\ARM_GCC_484\Debug\cymetadata.o
 .debug_aranges
                0x00000108       0x48 .\CortexM0\ARM_GCC_484\Debug\Cm0Start.o
 .debug_aranges
                0x00000150       0x28 .\CortexM0\ARM_GCC_484\Debug\T-50_Project.a(cyfitter_cfg.o)
 .debug_aranges
                0x00000178       0x28 .\CortexM0\ARM_GCC_484\Debug\T-50_Project.a(Bootloadable_1.o)
 .debug_aranges
                0x000001a0       0x20 .\CortexM0\ARM_GCC_484\Debug\T-50_Project.a(CyBootAsmGnu.o)
 .debug_aranges
                0x000001c0       0x28 .\CortexM0\ARM_GCC_484\Debug\T-50_Project.a(CyFlash.o)
 .debug_aranges
                0x000001e8      0x210 .\CortexM0\ARM_GCC_484\Debug\T-50_Project.a(CyLib.o)
 .debug_aranges
                0x000003f8       0x58 .\CortexM0\ARM_GCC_484\Debug\T-50_Project.a(UART_1.o)
 .debug_aranges
                0x00000450       0x60 .\CortexM0\ARM_GCC_484\Debug\T-50_Project.a(UART_1_SPI_UART.o)
 .debug_aranges
                0x000004b0       0x50 .\CortexM0\ARM_GCC_484\Debug\T-50_Project.a(UART_1_UART.o)
 .debug_aranges
                0x00000500      0x158 .\CortexM0\ARM_GCC_484\Debug\T-50_Project.a(TaskTimer.o)
 .debug_aranges
                0x00000658       0x80 .\CortexM0\ARM_GCC_484\Debug\T-50_Project.a(TaskISR.o)
 .debug_aranges
                0x000006d8      0x158 .\CortexM0\ARM_GCC_484\Debug\T-50_Project.a(NavLightPWM.o)
 .debug_aranges
                0x00000830       0x80 .\CortexM0\ARM_GCC_484\Debug\T-50_Project.a(BootISR.o)
 .debug_aranges
                0x000008b0       0x40 .\CortexM0\ARM_GCC_484\Debug\T-50_Project.a(SW1.o)
 .debug_aranges
                0x000008f0       0x40 .\CortexM0\ARM_GCC_484\Debug\T-50_Project.a(Strobes.o)
 .debug_aranges
                0x00000930       0x40 .\CortexM0\ARM_GCC_484\Debug\T-50_Project.a(Ldg.o)
 .debug_aranges
                0x00000970      0x158 .\CortexM0\ARM_GCC_484\Debug\T-50_Project.a(PPMCounter.o)
 .debug_aranges
                0x00000ac8       0x80 .\CortexM0\ARM_GCC_484\Debug\T-50_Project.a(PPMISR.o)
 .debug_aranges
                0x00000b48       0x80 .\CortexM0\ARM_GCC_484\Debug\T-50_Project.a(PPMRstISR.o)
 .debug_aranges
                0x00000bc8      0x158 .\CortexM0\ARM_GCC_484\Debug\T-50_Project.a(ServoTimer.o)
 .debug_aranges
                0x00000d20       0x80 .\CortexM0\ARM_GCC_484\Debug\T-50_Project.a(ServoISR.o)
 .debug_aranges
                0x00000da0       0x40 .\CortexM0\ARM_GCC_484\Debug\T-50_Project.a(Out_Mot_Pin.o)
 .debug_aranges
                0x00000de0       0x40 .\CortexM0\ARM_GCC_484\Debug\T-50_Project.a(Out_Ail1_Pin.o)
 .debug_aranges
                0x00000e20       0x40 .\CortexM0\ARM_GCC_484\Debug\T-50_Project.a(Out_Ail2_Pin.o)
 .debug_aranges
                0x00000e60       0x40 .\CortexM0\ARM_GCC_484\Debug\T-50_Project.a(Out_Ele1_Pin.o)
 .debug_aranges
                0x00000ea0       0x40 .\CortexM0\ARM_GCC_484\Debug\T-50_Project.a(Out_Ele2_Pin.o)
 .debug_aranges
                0x00000ee0       0x40 .\CortexM0\ARM_GCC_484\Debug\T-50_Project.a(Out_Rud_Pin.o)
 .debug_aranges
                0x00000f20       0x40 .\CortexM0\ARM_GCC_484\Debug\T-50_Project.a(Out_Fl1_Pin.o)
 .debug_aranges
                0x00000f60       0x40 .\CortexM0\ARM_GCC_484\Debug\T-50_Project.a(Out_Fl2_Pin.o)
 .debug_aranges
                0x00000fa0       0x40 .\CortexM0\ARM_GCC_484\Debug\T-50_Project.a(Out_Ge1_Pin.o)
 .debug_aranges
                0x00000fe0       0x40 .\CortexM0\ARM_GCC_484\Debug\T-50_Project.a(Out_Ge2_Pin.o)
 .debug_aranges
                0x00001020       0x40 .\CortexM0\ARM_GCC_484\Debug\T-50_Project.a(Out_Ge3_Pin.o)
 .debug_aranges
                0x00001060       0x40 .\CortexM0\ARM_GCC_484\Debug\T-50_Project.a(Out_Sp1_Pin.o)
 .debug_aranges
                0x000010a0       0x40 .\CortexM0\ARM_GCC_484\Debug\T-50_Project.a(Out_Sp2_Pin.o)
 .debug_aranges
                0x000010e0       0x58 .\CortexM0\ARM_GCC_484\Debug\T-50_Project.a(I2CM.o)
 .debug_aranges
                0x00001138       0x28 .\CortexM0\ARM_GCC_484\Debug\T-50_Project.a(I2CM_I2C.o)
 .debug_aranges
                0x00001160       0x88 .\CortexM0\ARM_GCC_484\Debug\T-50_Project.a(I2CM_I2C_MASTER.o)
 .debug_aranges
                0x000011e8       0x40 .\CortexM0\ARM_GCC_484\Debug\T-50_Project.a(I2CM_sda.o)
 .debug_aranges
                0x00001228       0x40 .\CortexM0\ARM_GCC_484\Debug\T-50_Project.a(I2CM_scl.o)
 .debug_aranges
                0x00001268       0xa8 .\CortexM0\ARM_GCC_484\Debug\T-50_Project.a(ADC.o)
 .debug_aranges
                0x00001310       0x20 .\CortexM0\ARM_GCC_484\Debug\T-50_Project.a(ADC_INT.o)
 .debug_aranges
                0x00001330       0x20 .\CortexM0\ARM_GCC_484\Debug\T-50_Project.a(I2CM_I2C_INT.o)

.debug_pubnames
 *(.debug_pubnames)

.debug_info     0x00000000     0xb6a5
 *(.debug_info .gnu.linkonce.wi.*)
 .debug_info    0x00000000     0x1383 .\CortexM0\ARM_GCC_484\Debug\main.o
 .debug_info    0x00001383      0xa30 .\CortexM0\ARM_GCC_484\Debug\IMU.o
 .debug_info    0x00001db3      0x84c .\CortexM0\ARM_GCC_484\Debug\Baro.o
 .debug_info    0x000025ff      0x14d .\CortexM0\ARM_GCC_484\Debug\cybootloader.o
 .debug_info    0x0000274c       0xb1 .\CortexM0\ARM_GCC_484\Debug\cymetadata.o
 .debug_info    0x000027fd      0x375 .\CortexM0\ARM_GCC_484\Debug\Cm0Start.o
 .debug_info    0x00002b72      0x538 .\CortexM0\ARM_GCC_484\Debug\T-50_Project.a(cyfitter_cfg.o)
 .debug_info    0x000030aa      0x1a3 .\CortexM0\ARM_GCC_484\Debug\T-50_Project.a(Bootloadable_1.o)
 .debug_info    0x0000324d       0xa2 .\CortexM0\ARM_GCC_484\Debug\T-50_Project.a(CyBootAsmGnu.o)
 .debug_info    0x000032ef      0x3e9 .\CortexM0\ARM_GCC_484\Debug\T-50_Project.a(CyFlash.o)
 .debug_info    0x000036d8     0x1356 .\CortexM0\ARM_GCC_484\Debug\T-50_Project.a(CyLib.o)
 .debug_info    0x00004a2e      0x21e .\CortexM0\ARM_GCC_484\Debug\T-50_Project.a(UART_1.o)
 .debug_info    0x00004c4c      0x219 .\CortexM0\ARM_GCC_484\Debug\T-50_Project.a(UART_1_SPI_UART.o)
 .debug_info    0x00004e65      0x2ad .\CortexM0\ARM_GCC_484\Debug\T-50_Project.a(UART_1_UART.o)
 .debug_info    0x00005112      0x95d .\CortexM0\ARM_GCC_484\Debug\T-50_Project.a(TaskTimer.o)
 .debug_info    0x00005a6f      0x392 .\CortexM0\ARM_GCC_484\Debug\T-50_Project.a(TaskISR.o)
 .debug_info    0x00005e01      0x95b .\CortexM0\ARM_GCC_484\Debug\T-50_Project.a(NavLightPWM.o)
 .debug_info    0x0000675c      0x3d8 .\CortexM0\ARM_GCC_484\Debug\T-50_Project.a(BootISR.o)
 .debug_info    0x00006b34      0x150 .\CortexM0\ARM_GCC_484\Debug\T-50_Project.a(SW1.o)
 .debug_info    0x00006c84      0x151 .\CortexM0\ARM_GCC_484\Debug\T-50_Project.a(Strobes.o)
 .debug_info    0x00006dd5      0x14c .\CortexM0\ARM_GCC_484\Debug\T-50_Project.a(Ldg.o)
 .debug_info    0x00006f21      0x932 .\CortexM0\ARM_GCC_484\Debug\T-50_Project.a(PPMCounter.o)
 .debug_info    0x00007853      0x40e .\CortexM0\ARM_GCC_484\Debug\T-50_Project.a(PPMISR.o)
 .debug_info    0x00007c61      0x3a3 .\CortexM0\ARM_GCC_484\Debug\T-50_Project.a(PPMRstISR.o)
 .debug_info    0x00008004      0x95d .\CortexM0\ARM_GCC_484\Debug\T-50_Project.a(ServoTimer.o)
 .debug_info    0x00008961      0x6e6 .\CortexM0\ARM_GCC_484\Debug\T-50_Project.a(ServoISR.o)
 .debug_info    0x00009047      0x14c .\CortexM0\ARM_GCC_484\Debug\T-50_Project.a(Out_Mot_Pin.o)
 .debug_info    0x00009193      0x14c .\CortexM0\ARM_GCC_484\Debug\T-50_Project.a(Out_Ail1_Pin.o)
 .debug_info    0x000092df      0x151 .\CortexM0\ARM_GCC_484\Debug\T-50_Project.a(Out_Ail2_Pin.o)
 .debug_info    0x00009430      0x14c .\CortexM0\ARM_GCC_484\Debug\T-50_Project.a(Out_Ele1_Pin.o)
 .debug_info    0x0000957c      0x14c .\CortexM0\ARM_GCC_484\Debug\T-50_Project.a(Out_Ele2_Pin.o)
 .debug_info    0x000096c8      0x14c .\CortexM0\ARM_GCC_484\Debug\T-50_Project.a(Out_Rud_Pin.o)
 .debug_info    0x00009814      0x14c .\CortexM0\ARM_GCC_484\Debug\T-50_Project.a(Out_Fl1_Pin.o)
 .debug_info    0x00009960      0x14c .\CortexM0\ARM_GCC_484\Debug\T-50_Project.a(Out_Fl2_Pin.o)
 .debug_info    0x00009aac      0x14c .\CortexM0\ARM_GCC_484\Debug\T-50_Project.a(Out_Ge1_Pin.o)
 .debug_info    0x00009bf8      0x14c .\CortexM0\ARM_GCC_484\Debug\T-50_Project.a(Out_Ge2_Pin.o)
 .debug_info    0x00009d44      0x150 .\CortexM0\ARM_GCC_484\Debug\T-50_Project.a(Out_Ge3_Pin.o)
 .debug_info    0x00009e94      0x14c .\CortexM0\ARM_GCC_484\Debug\T-50_Project.a(Out_Sp1_Pin.o)
 .debug_info    0x00009fe0      0x151 .\CortexM0\ARM_GCC_484\Debug\T-50_Project.a(Out_Sp2_Pin.o)
 .debug_info    0x0000a131      0x2bc .\CortexM0\ARM_GCC_484\Debug\T-50_Project.a(I2CM.o)
 .debug_info    0x0000a3ed      0x1cd .\CortexM0\ARM_GCC_484\Debug\T-50_Project.a(I2CM_I2C.o)
 .debug_info    0x0000a5ba      0x673 .\CortexM0\ARM_GCC_484\Debug\T-50_Project.a(I2CM_I2C_MASTER.o)
 .debug_info    0x0000ac2d      0x14c .\CortexM0\ARM_GCC_484\Debug\T-50_Project.a(I2CM_sda.o)
 .debug_info    0x0000ad79      0x151 .\CortexM0\ARM_GCC_484\Debug\T-50_Project.a(I2CM_scl.o)
 .debug_info    0x0000aeca      0x58e .\CortexM0\ARM_GCC_484\Debug\T-50_Project.a(ADC.o)
 .debug_info    0x0000b458       0xc3 .\CortexM0\ARM_GCC_484\Debug\T-50_Project.a(ADC_INT.o)
 .debug_info    0x0000b51b      0x18a .\CortexM0\ARM_GCC_484\Debug\T-50_Project.a(I2CM_I2C_INT.o)

.debug_abbrev   0x00000000     0x3d44
 *(.debug_abbrev)
 .debug_abbrev  0x00000000      0x280 .\CortexM0\ARM_GCC_484\Debug\main.o
 .debug_abbrev  0x00000280      0x17d .\CortexM0\ARM_GCC_484\Debug\IMU.o
 .debug_abbrev  0x000003fd      0x172 .\CortexM0\ARM_GCC_484\Debug\Baro.o
 .debug_abbrev  0x0000056f       0x77 .\CortexM0\ARM_GCC_484\Debug\cybootloader.o
 .debug_abbrev  0x000005e6       0x5d .\CortexM0\ARM_GCC_484\Debug\cymetadata.o
 .debug_abbrev  0x00000643      0x1eb .\CortexM0\ARM_GCC_484\Debug\Cm0Start.o
 .debug_abbrev  0x0000082e      0x2a3 .\CortexM0\ARM_GCC_484\Debug\T-50_Project.a(cyfitter_cfg.o)
 .debug_abbrev  0x00000ad1      0x116 .\CortexM0\ARM_GCC_484\Debug\T-50_Project.a(Bootloadable_1.o)
 .debug_abbrev  0x00000be7       0x14 .\CortexM0\ARM_GCC_484\Debug\T-50_Project.a(CyBootAsmGnu.o)
 .debug_abbrev  0x00000bfb      0x1dc .\CortexM0\ARM_GCC_484\Debug\T-50_Project.a(CyFlash.o)
 .debug_abbrev  0x00000dd7      0x3cc .\CortexM0\ARM_GCC_484\Debug\T-50_Project.a(CyLib.o)
 .debug_abbrev  0x000011a3      0x16b .\CortexM0\ARM_GCC_484\Debug\T-50_Project.a(UART_1.o)
 .debug_abbrev  0x0000130e      0x176 .\CortexM0\ARM_GCC_484\Debug\T-50_Project.a(UART_1_SPI_UART.o)
 .debug_abbrev  0x00001484      0x152 .\CortexM0\ARM_GCC_484\Debug\T-50_Project.a(UART_1_UART.o)
 .debug_abbrev  0x000015d6      0x1ba .\CortexM0\ARM_GCC_484\Debug\T-50_Project.a(TaskTimer.o)
 .debug_abbrev  0x00001790      0x237 .\CortexM0\ARM_GCC_484\Debug\T-50_Project.a(TaskISR.o)
 .debug_abbrev  0x000019c7      0x1b1 .\CortexM0\ARM_GCC_484\Debug\T-50_Project.a(NavLightPWM.o)
 .debug_abbrev  0x00001b78      0x26f .\CortexM0\ARM_GCC_484\Debug\T-50_Project.a(BootISR.o)
 .debug_abbrev  0x00001de7       0xb7 .\CortexM0\ARM_GCC_484\Debug\T-50_Project.a(SW1.o)
 .debug_abbrev  0x00001e9e       0xc6 .\CortexM0\ARM_GCC_484\Debug\T-50_Project.a(Strobes.o)
 .debug_abbrev  0x00001f64       0xc4 .\CortexM0\ARM_GCC_484\Debug\T-50_Project.a(Ldg.o)
 .debug_abbrev  0x00002028      0x1a9 .\CortexM0\ARM_GCC_484\Debug\T-50_Project.a(PPMCounter.o)
 .debug_abbrev  0x000021d1      0x25c .\CortexM0\ARM_GCC_484\Debug\T-50_Project.a(PPMISR.o)
 .debug_abbrev  0x0000242d      0x248 .\CortexM0\ARM_GCC_484\Debug\T-50_Project.a(PPMRstISR.o)
 .debug_abbrev  0x00002675      0x1ba .\CortexM0\ARM_GCC_484\Debug\T-50_Project.a(ServoTimer.o)
 .debug_abbrev  0x0000282f      0x27c .\CortexM0\ARM_GCC_484\Debug\T-50_Project.a(ServoISR.o)
 .debug_abbrev  0x00002aab       0xc4 .\CortexM0\ARM_GCC_484\Debug\T-50_Project.a(Out_Mot_Pin.o)
 .debug_abbrev  0x00002b6f       0xc4 .\CortexM0\ARM_GCC_484\Debug\T-50_Project.a(Out_Ail1_Pin.o)
 .debug_abbrev  0x00002c33       0xc6 .\CortexM0\ARM_GCC_484\Debug\T-50_Project.a(Out_Ail2_Pin.o)
 .debug_abbrev  0x00002cf9       0xc4 .\CortexM0\ARM_GCC_484\Debug\T-50_Project.a(Out_Ele1_Pin.o)
 .debug_abbrev  0x00002dbd       0xc4 .\CortexM0\ARM_GCC_484\Debug\T-50_Project.a(Out_Ele2_Pin.o)
 .debug_abbrev  0x00002e81       0xc4 .\CortexM0\ARM_GCC_484\Debug\T-50_Project.a(Out_Rud_Pin.o)
 .debug_abbrev  0x00002f45       0xc4 .\CortexM0\ARM_GCC_484\Debug\T-50_Project.a(Out_Fl1_Pin.o)
 .debug_abbrev  0x00003009       0xc4 .\CortexM0\ARM_GCC_484\Debug\T-50_Project.a(Out_Fl2_Pin.o)
 .debug_abbrev  0x000030cd       0xc4 .\CortexM0\ARM_GCC_484\Debug\T-50_Project.a(Out_Ge1_Pin.o)
 .debug_abbrev  0x00003191       0xc4 .\CortexM0\ARM_GCC_484\Debug\T-50_Project.a(Out_Ge2_Pin.o)
 .debug_abbrev  0x00003255       0xb7 .\CortexM0\ARM_GCC_484\Debug\T-50_Project.a(Out_Ge3_Pin.o)
 .debug_abbrev  0x0000330c       0xc4 .\CortexM0\ARM_GCC_484\Debug\T-50_Project.a(Out_Sp1_Pin.o)
 .debug_abbrev  0x000033d0       0xc6 .\CortexM0\ARM_GCC_484\Debug\T-50_Project.a(Out_Sp2_Pin.o)
 .debug_abbrev  0x00003496      0x1b1 .\CortexM0\ARM_GCC_484\Debug\T-50_Project.a(I2CM.o)
 .debug_abbrev  0x00003647      0x115 .\CortexM0\ARM_GCC_484\Debug\T-50_Project.a(I2CM_I2C.o)
 .debug_abbrev  0x0000375c      0x189 .\CortexM0\ARM_GCC_484\Debug\T-50_Project.a(I2CM_I2C_MASTER.o)
 .debug_abbrev  0x000038e5       0xc4 .\CortexM0\ARM_GCC_484\Debug\T-50_Project.a(I2CM_sda.o)
 .debug_abbrev  0x000039a9       0xc6 .\CortexM0\ARM_GCC_484\Debug\T-50_Project.a(I2CM_scl.o)
 .debug_abbrev  0x00003a6f      0x1ce .\CortexM0\ARM_GCC_484\Debug\T-50_Project.a(ADC.o)
 .debug_abbrev  0x00003c3d       0x72 .\CortexM0\ARM_GCC_484\Debug\T-50_Project.a(ADC_INT.o)
 .debug_abbrev  0x00003caf       0x95 .\CortexM0\ARM_GCC_484\Debug\T-50_Project.a(I2CM_I2C_INT.o)

.debug_line     0x00000000     0x4ff3
 *(.debug_line)
 .debug_line    0x00000000      0x4e6 .\CortexM0\ARM_GCC_484\Debug\main.o
 .debug_line    0x000004e6      0x399 .\CortexM0\ARM_GCC_484\Debug\IMU.o
 .debug_line    0x0000087f      0x29f .\CortexM0\ARM_GCC_484\Debug\Baro.o
 .debug_line    0x00000b1e       0x55 .\CortexM0\ARM_GCC_484\Debug\cybootloader.o
 .debug_line    0x00000b73       0x53 .\CortexM0\ARM_GCC_484\Debug\cymetadata.o
 .debug_line    0x00000bc6      0x204 .\CortexM0\ARM_GCC_484\Debug\Cm0Start.o
 .debug_line    0x00000dca      0x1a9 .\CortexM0\ARM_GCC_484\Debug\T-50_Project.a(cyfitter_cfg.o)
 .debug_line    0x00000f73       0xbe .\CortexM0\ARM_GCC_484\Debug\T-50_Project.a(Bootloadable_1.o)
 .debug_line    0x00001031       0x69 .\CortexM0\ARM_GCC_484\Debug\T-50_Project.a(CyBootAsmGnu.o)
 .debug_line    0x0000109a      0x15c .\CortexM0\ARM_GCC_484\Debug\T-50_Project.a(CyFlash.o)
 .debug_line    0x000011f6      0x749 .\CortexM0\ARM_GCC_484\Debug\T-50_Project.a(CyLib.o)
 .debug_line    0x0000193f      0x126 .\CortexM0\ARM_GCC_484\Debug\T-50_Project.a(UART_1.o)
 .debug_line    0x00001a65      0x128 .\CortexM0\ARM_GCC_484\Debug\T-50_Project.a(UART_1_SPI_UART.o)
 .debug_line    0x00001b8d      0x140 .\CortexM0\ARM_GCC_484\Debug\T-50_Project.a(UART_1_UART.o)
 .debug_line    0x00001ccd      0x3ed .\CortexM0\ARM_GCC_484\Debug\T-50_Project.a(TaskTimer.o)
 .debug_line    0x000020ba      0x299 .\CortexM0\ARM_GCC_484\Debug\T-50_Project.a(TaskISR.o)
 .debug_line    0x00002353      0x3fe .\CortexM0\ARM_GCC_484\Debug\T-50_Project.a(NavLightPWM.o)
 .debug_line    0x00002751      0x1e3 .\CortexM0\ARM_GCC_484\Debug\T-50_Project.a(BootISR.o)
 .debug_line    0x00002934       0xb3 .\CortexM0\ARM_GCC_484\Debug\T-50_Project.a(SW1.o)
 .debug_line    0x000029e7       0xb6 .\CortexM0\ARM_GCC_484\Debug\T-50_Project.a(Strobes.o)
 .debug_line    0x00002a9d       0xb3 .\CortexM0\ARM_GCC_484\Debug\T-50_Project.a(Ldg.o)
 .debug_line    0x00002b50      0x3e2 .\CortexM0\ARM_GCC_484\Debug\T-50_Project.a(PPMCounter.o)
 .debug_line    0x00002f32      0x2af .\CortexM0\ARM_GCC_484\Debug\T-50_Project.a(PPMISR.o)
 .debug_line    0x000031e1      0x2b3 .\CortexM0\ARM_GCC_484\Debug\T-50_Project.a(PPMRstISR.o)
 .debug_line    0x00003494      0x3ee .\CortexM0\ARM_GCC_484\Debug\T-50_Project.a(ServoTimer.o)
 .debug_line    0x00003882      0x3a6 .\CortexM0\ARM_GCC_484\Debug\T-50_Project.a(ServoISR.o)
 .debug_line    0x00003c28       0xbb .\CortexM0\ARM_GCC_484\Debug\T-50_Project.a(Out_Mot_Pin.o)
 .debug_line    0x00003ce3       0xbc .\CortexM0\ARM_GCC_484\Debug\T-50_Project.a(Out_Ail1_Pin.o)
 .debug_line    0x00003d9f       0xbb .\CortexM0\ARM_GCC_484\Debug\T-50_Project.a(Out_Ail2_Pin.o)
 .debug_line    0x00003e5a       0xba .\CortexM0\ARM_GCC_484\Debug\T-50_Project.a(Out_Ele1_Pin.o)
 .debug_line    0x00003f14       0xbc .\CortexM0\ARM_GCC_484\Debug\T-50_Project.a(Out_Ele2_Pin.o)
 .debug_line    0x00003fd0       0xbb .\CortexM0\ARM_GCC_484\Debug\T-50_Project.a(Out_Rud_Pin.o)
 .debug_line    0x0000408b       0xbb .\CortexM0\ARM_GCC_484\Debug\T-50_Project.a(Out_Fl1_Pin.o)
 .debug_line    0x00004146       0xbb .\CortexM0\ARM_GCC_484\Debug\T-50_Project.a(Out_Fl2_Pin.o)
 .debug_line    0x00004201       0xbb .\CortexM0\ARM_GCC_484\Debug\T-50_Project.a(Out_Ge1_Pin.o)
 .debug_line    0x000042bc       0xbb .\CortexM0\ARM_GCC_484\Debug\T-50_Project.a(Out_Ge2_Pin.o)
 .debug_line    0x00004377       0xbb .\CortexM0\ARM_GCC_484\Debug\T-50_Project.a(Out_Ge3_Pin.o)
 .debug_line    0x00004432       0xbb .\CortexM0\ARM_GCC_484\Debug\T-50_Project.a(Out_Sp1_Pin.o)
 .debug_line    0x000044ed       0xba .\CortexM0\ARM_GCC_484\Debug\T-50_Project.a(Out_Sp2_Pin.o)
 .debug_line    0x000045a7      0x13c .\CortexM0\ARM_GCC_484\Debug\T-50_Project.a(I2CM.o)
 .debug_line    0x000046e3       0xbe .\CortexM0\ARM_GCC_484\Debug\T-50_Project.a(I2CM_I2C.o)
 .debug_line    0x000047a1      0x2df .\CortexM0\ARM_GCC_484\Debug\T-50_Project.a(I2CM_I2C_MASTER.o)
 .debug_line    0x00004a80       0xb6 .\CortexM0\ARM_GCC_484\Debug\T-50_Project.a(I2CM_sda.o)
 .debug_line    0x00004b36       0xb7 .\CortexM0\ARM_GCC_484\Debug\T-50_Project.a(I2CM_scl.o)
 .debug_line    0x00004bed      0x253 .\CortexM0\ARM_GCC_484\Debug\T-50_Project.a(ADC.o)
 .debug_line    0x00004e40       0x6a .\CortexM0\ARM_GCC_484\Debug\T-50_Project.a(ADC_INT.o)
 .debug_line    0x00004eaa      0x149 .\CortexM0\ARM_GCC_484\Debug\T-50_Project.a(I2CM_I2C_INT.o)

.debug_frame    0x00000000     0x3424
 *(.debug_frame)
 .debug_frame   0x00000000       0xb0 .\CortexM0\ARM_GCC_484\Debug\main.o
 .debug_frame   0x000000b0       0xc8 .\CortexM0\ARM_GCC_484\Debug\IMU.o
 .debug_frame   0x00000178       0xe0 .\CortexM0\ARM_GCC_484\Debug\Baro.o
 .debug_frame   0x00000258       0xa4 .\CortexM0\ARM_GCC_484\Debug\Cm0Start.o
 .debug_frame   0x000002fc       0x4c .\CortexM0\ARM_GCC_484\Debug\T-50_Project.a(cyfitter_cfg.o)
 .debug_frame   0x00000348       0x50 .\CortexM0\ARM_GCC_484\Debug\T-50_Project.a(Bootloadable_1.o)
 .debug_frame   0x00000398       0x54 .\CortexM0\ARM_GCC_484\Debug\T-50_Project.a(CyFlash.o)
 .debug_frame   0x000003ec      0x528 .\CortexM0\ARM_GCC_484\Debug\T-50_Project.a(CyLib.o)
 .debug_frame   0x00000914       0xa8 .\CortexM0\ARM_GCC_484\Debug\T-50_Project.a(UART_1.o)
 .debug_frame   0x000009bc       0xb0 .\CortexM0\ARM_GCC_484\Debug\T-50_Project.a(UART_1_SPI_UART.o)
 .debug_frame   0x00000a6c       0xbc .\CortexM0\ARM_GCC_484\Debug\T-50_Project.a(UART_1_UART.o)
 .debug_frame   0x00000b28      0x384 .\CortexM0\ARM_GCC_484\Debug\T-50_Project.a(TaskTimer.o)
 .debug_frame   0x00000eac      0x110 .\CortexM0\ARM_GCC_484\Debug\T-50_Project.a(TaskISR.o)
 .debug_frame   0x00000fbc      0x384 .\CortexM0\ARM_GCC_484\Debug\T-50_Project.a(NavLightPWM.o)
 .debug_frame   0x00001340      0x110 .\CortexM0\ARM_GCC_484\Debug\T-50_Project.a(BootISR.o)
 .debug_frame   0x00001450       0x6c .\CortexM0\ARM_GCC_484\Debug\T-50_Project.a(SW1.o)
 .debug_frame   0x000014bc       0x60 .\CortexM0\ARM_GCC_484\Debug\T-50_Project.a(Strobes.o)
 .debug_frame   0x0000151c       0x6c .\CortexM0\ARM_GCC_484\Debug\T-50_Project.a(Ldg.o)
 .debug_frame   0x00001588      0x384 .\CortexM0\ARM_GCC_484\Debug\T-50_Project.a(PPMCounter.o)
 .debug_frame   0x0000190c      0x114 .\CortexM0\ARM_GCC_484\Debug\T-50_Project.a(PPMISR.o)
 .debug_frame   0x00001a20      0x114 .\CortexM0\ARM_GCC_484\Debug\T-50_Project.a(PPMRstISR.o)
 .debug_frame   0x00001b34      0x384 .\CortexM0\ARM_GCC_484\Debug\T-50_Project.a(ServoTimer.o)
 .debug_frame   0x00001eb8      0x118 .\CortexM0\ARM_GCC_484\Debug\T-50_Project.a(ServoISR.o)
 .debug_frame   0x00001fd0       0x6c .\CortexM0\ARM_GCC_484\Debug\T-50_Project.a(Out_Mot_Pin.o)
 .debug_frame   0x0000203c       0x6c .\CortexM0\ARM_GCC_484\Debug\T-50_Project.a(Out_Ail1_Pin.o)
 .debug_frame   0x000020a8       0x60 .\CortexM0\ARM_GCC_484\Debug\T-50_Project.a(Out_Ail2_Pin.o)
 .debug_frame   0x00002108       0x60 .\CortexM0\ARM_GCC_484\Debug\T-50_Project.a(Out_Ele1_Pin.o)
 .debug_frame   0x00002168       0x6c .\CortexM0\ARM_GCC_484\Debug\T-50_Project.a(Out_Ele2_Pin.o)
 .debug_frame   0x000021d4       0x6c .\CortexM0\ARM_GCC_484\Debug\T-50_Project.a(Out_Rud_Pin.o)
 .debug_frame   0x00002240       0x6c .\CortexM0\ARM_GCC_484\Debug\T-50_Project.a(Out_Fl1_Pin.o)
 .debug_frame   0x000022ac       0x6c .\CortexM0\ARM_GCC_484\Debug\T-50_Project.a(Out_Fl2_Pin.o)
 .debug_frame   0x00002318       0x6c .\CortexM0\ARM_GCC_484\Debug\T-50_Project.a(Out_Ge1_Pin.o)
 .debug_frame   0x00002384       0x6c .\CortexM0\ARM_GCC_484\Debug\T-50_Project.a(Out_Ge2_Pin.o)
 .debug_frame   0x000023f0       0x6c .\CortexM0\ARM_GCC_484\Debug\T-50_Project.a(Out_Ge3_Pin.o)
 .debug_frame   0x0000245c       0x6c .\CortexM0\ARM_GCC_484\Debug\T-50_Project.a(Out_Sp1_Pin.o)
 .debug_frame   0x000024c8       0x60 .\CortexM0\ARM_GCC_484\Debug\T-50_Project.a(Out_Sp2_Pin.o)
 .debug_frame   0x00002528       0xc0 .\CortexM0\ARM_GCC_484\Debug\T-50_Project.a(I2CM.o)
 .debug_frame   0x000025e8       0x48 .\CortexM0\ARM_GCC_484\Debug\T-50_Project.a(I2CM_I2C.o)
 .debug_frame   0x00002630      0x1ac .\CortexM0\ARM_GCC_484\Debug\T-50_Project.a(I2CM_I2C_MASTER.o)
 .debug_frame   0x000027dc       0x60 .\CortexM0\ARM_GCC_484\Debug\T-50_Project.a(I2CM_sda.o)
 .debug_frame   0x0000283c       0x60 .\CortexM0\ARM_GCC_484\Debug\T-50_Project.a(I2CM_scl.o)
 .debug_frame   0x0000289c      0x1b0 .\CortexM0\ARM_GCC_484\Debug\T-50_Project.a(ADC.o)
 .debug_frame   0x00002a4c       0x20 .\CortexM0\ARM_GCC_484\Debug\T-50_Project.a(ADC_INT.o)
 .debug_frame   0x00002a6c       0x38 .\CortexM0\ARM_GCC_484\Debug\T-50_Project.a(I2CM_I2C_INT.o)
 .debug_frame   0x00002aa4       0x28 e:/program files (x86)/cypress/psoc creator/3.1/psoc creator/import/gnu_cs/arm/4.8.4/bin/../lib/gcc/arm-none-eabi/4.8.4/../../../../arm-none-eabi/lib/armv6-m\libm.a(lib_a-w_atan2.o)
 .debug_frame   0x00002acc       0x3c e:/program files (x86)/cypress/psoc creator/3.1/psoc creator/import/gnu_cs/arm/4.8.4/bin/../lib/gcc/arm-none-eabi/4.8.4/../../../../arm-none-eabi/lib/armv6-m\libm.a(lib_a-e_atan2.o)
 .debug_frame   0x00002b08       0x3c e:/program files (x86)/cypress/psoc creator/3.1/psoc creator/import/gnu_cs/arm/4.8.4/bin/../lib/gcc/arm-none-eabi/4.8.4/../../../../arm-none-eabi/lib/armv6-m\libm.a(lib_a-s_atan.o)
 .debug_frame   0x00002b44       0x20 e:/program files (x86)/cypress/psoc creator/3.1/psoc creator/import/gnu_cs/arm/4.8.4/bin/../lib/gcc/arm-none-eabi/4.8.4/../../../../arm-none-eabi/lib/armv6-m\libm.a(lib_a-s_fabs.o)
 .debug_frame   0x00002b64       0x20 e:/program files (x86)/cypress/psoc creator/3.1/psoc creator/import/gnu_cs/arm/4.8.4/bin/../lib/gcc/arm-none-eabi/4.8.4/armv6-m\libgcc.a(_udivsi3.o)
 .debug_frame   0x00002b84       0x20 e:/program files (x86)/cypress/psoc creator/3.1/psoc creator/import/gnu_cs/arm/4.8.4/bin/../lib/gcc/arm-none-eabi/4.8.4/armv6-m\libgcc.a(_divsi3.o)
 .debug_frame   0x00002ba4       0x30 e:/program files (x86)/cypress/psoc creator/3.1/psoc creator/import/gnu_cs/arm/4.8.4/bin/../lib/gcc/arm-none-eabi/4.8.4/armv6-m\libgcc.a(_muldi3.o)
 .debug_frame   0x00002bd4       0x28 e:/program files (x86)/cypress/psoc creator/3.1/psoc creator/import/gnu_cs/arm/4.8.4/bin/../lib/gcc/arm-none-eabi/4.8.4/armv6-m\libgcc.a(_fixunssfsi.o)
 .debug_frame   0x00002bfc       0x50 e:/program files (x86)/cypress/psoc creator/3.1/psoc creator/import/gnu_cs/arm/4.8.4/bin/../lib/gcc/arm-none-eabi/4.8.4/armv6-m\libgcc.a(bpabi.o)
 .debug_frame   0x00002c4c       0x30 e:/program files (x86)/cypress/psoc creator/3.1/psoc creator/import/gnu_cs/arm/4.8.4/bin/../lib/gcc/arm-none-eabi/4.8.4/armv6-m\libgcc.a(addsf3.o)
 .debug_frame   0x00002c7c       0x3c e:/program files (x86)/cypress/psoc creator/3.1/psoc creator/import/gnu_cs/arm/4.8.4/bin/../lib/gcc/arm-none-eabi/4.8.4/armv6-m\libgcc.a(divsf3.o)
 .debug_frame   0x00002cb8       0x3c e:/program files (x86)/cypress/psoc creator/3.1/psoc creator/import/gnu_cs/arm/4.8.4/bin/../lib/gcc/arm-none-eabi/4.8.4/armv6-m\libgcc.a(mulsf3.o)
 .debug_frame   0x00002cf4       0x30 e:/program files (x86)/cypress/psoc creator/3.1/psoc creator/import/gnu_cs/arm/4.8.4/bin/../lib/gcc/arm-none-eabi/4.8.4/armv6-m\libgcc.a(subsf3.o)
 .debug_frame   0x00002d24       0x20 e:/program files (x86)/cypress/psoc creator/3.1/psoc creator/import/gnu_cs/arm/4.8.4/bin/../lib/gcc/arm-none-eabi/4.8.4/armv6-m\libgcc.a(fixsfsi.o)
 .debug_frame   0x00002d44       0x2c e:/program files (x86)/cypress/psoc creator/3.1/psoc creator/import/gnu_cs/arm/4.8.4/bin/../lib/gcc/arm-none-eabi/4.8.4/armv6-m\libgcc.a(floatsisf.o)
 .debug_frame   0x00002d70       0x3c e:/program files (x86)/cypress/psoc creator/3.1/psoc creator/import/gnu_cs/arm/4.8.4/bin/../lib/gcc/arm-none-eabi/4.8.4/armv6-m\libgcc.a(adddf3.o)
 .debug_frame   0x00002dac       0x3c e:/program files (x86)/cypress/psoc creator/3.1/psoc creator/import/gnu_cs/arm/4.8.4/bin/../lib/gcc/arm-none-eabi/4.8.4/armv6-m\libgcc.a(divdf3.o)
 .debug_frame   0x00002de8       0x3c e:/program files (x86)/cypress/psoc creator/3.1/psoc creator/import/gnu_cs/arm/4.8.4/bin/../lib/gcc/arm-none-eabi/4.8.4/armv6-m\libgcc.a(eqdf2.o)
 .debug_frame   0x00002e24       0x38 e:/program files (x86)/cypress/psoc creator/3.1/psoc creator/import/gnu_cs/arm/4.8.4/bin/../lib/gcc/arm-none-eabi/4.8.4/armv6-m\libgcc.a(gedf2.o)
 .debug_frame   0x00002e5c       0x3c e:/program files (x86)/cypress/psoc creator/3.1/psoc creator/import/gnu_cs/arm/4.8.4/bin/../lib/gcc/arm-none-eabi/4.8.4/armv6-m\libgcc.a(ledf2.o)
 .debug_frame   0x00002e98       0x3c e:/program files (x86)/cypress/psoc creator/3.1/psoc creator/import/gnu_cs/arm/4.8.4/bin/../lib/gcc/arm-none-eabi/4.8.4/armv6-m\libgcc.a(muldf3.o)
 .debug_frame   0x00002ed4       0x3c e:/program files (x86)/cypress/psoc creator/3.1/psoc creator/import/gnu_cs/arm/4.8.4/bin/../lib/gcc/arm-none-eabi/4.8.4/armv6-m\libgcc.a(subdf3.o)
 .debug_frame   0x00002f10       0x2c e:/program files (x86)/cypress/psoc creator/3.1/psoc creator/import/gnu_cs/arm/4.8.4/bin/../lib/gcc/arm-none-eabi/4.8.4/armv6-m\libgcc.a(fixdfsi.o)
 .debug_frame   0x00002f3c       0x30 e:/program files (x86)/cypress/psoc creator/3.1/psoc creator/import/gnu_cs/arm/4.8.4/bin/../lib/gcc/arm-none-eabi/4.8.4/armv6-m\libgcc.a(floatsidf.o)
 .debug_frame   0x00002f6c       0x2c e:/program files (x86)/cypress/psoc creator/3.1/psoc creator/import/gnu_cs/arm/4.8.4/bin/../lib/gcc/arm-none-eabi/4.8.4/armv6-m\libgcc.a(extendsfdf2.o)
 .debug_frame   0x00002f98       0x30 e:/program files (x86)/cypress/psoc creator/3.1/psoc creator/import/gnu_cs/arm/4.8.4/bin/../lib/gcc/arm-none-eabi/4.8.4/armv6-m\libgcc.a(truncdfsf2.o)
 .debug_frame   0x00002fc8       0x3c e:/program files (x86)/cypress/psoc creator/3.1/psoc creator/import/gnu_cs/arm/4.8.4/bin/../lib/gcc/arm-none-eabi/4.8.4/armv6-m\libgcc.a(_divdi3.o)
 .debug_frame   0x00003004       0x3c e:/program files (x86)/cypress/psoc creator/3.1/psoc creator/import/gnu_cs/arm/4.8.4/bin/../lib/gcc/arm-none-eabi/4.8.4/armv6-m\libgcc.a(_udivdi3.o)
 .debug_frame   0x00003040       0x2c e:/program files (x86)/cypress/psoc creator/3.1/psoc creator/import/gnu_cs/arm/4.8.4/bin/../lib/gcc/arm-none-eabi/4.8.4/armv6-m\libgcc.a(eqsf2.o)
 .debug_frame   0x0000306c       0x30 e:/program files (x86)/cypress/psoc creator/3.1/psoc creator/import/gnu_cs/arm/4.8.4/bin/../lib/gcc/arm-none-eabi/4.8.4/armv6-m\libgcc.a(gesf2.o)
 .debug_frame   0x0000309c       0x30 e:/program files (x86)/cypress/psoc creator/3.1/psoc creator/import/gnu_cs/arm/4.8.4/bin/../lib/gcc/arm-none-eabi/4.8.4/armv6-m\libgcc.a(lesf2.o)
 .debug_frame   0x000030cc       0x20 e:/program files (x86)/cypress/psoc creator/3.1/psoc creator/import/gnu_cs/arm/4.8.4/bin/../lib/gcc/arm-none-eabi/4.8.4/../../../../arm-none-eabi/lib/armv6-m\libg_s.a(lib_a-errno.o)
 .debug_frame   0x000030ec       0x28 e:/program files (x86)/cypress/psoc creator/3.1/psoc creator/import/gnu_cs/arm/4.8.4/bin/../lib/gcc/arm-none-eabi/4.8.4/../../../../arm-none-eabi/lib/armv6-m\libg_s.a(lib_a-exit.o)
 .debug_frame   0x00003114       0x2c e:/program files (x86)/cypress/psoc creator/3.1/psoc creator/import/gnu_cs/arm/4.8.4/bin/../lib/gcc/arm-none-eabi/4.8.4/../../../../arm-none-eabi/lib/armv6-m\libg_s.a(lib_a-init.o)
 .debug_frame   0x00003140       0x28 e:/program files (x86)/cypress/psoc creator/3.1/psoc creator/import/gnu_cs/arm/4.8.4/bin/../lib/gcc/arm-none-eabi/4.8.4/../../../../arm-none-eabi/lib/armv6-m\libg_s.a(lib_a-memcpy-stub.o)
 .debug_frame   0x00003168       0x20 e:/program files (x86)/cypress/psoc creator/3.1/psoc creator/import/gnu_cs/arm/4.8.4/bin/../lib/gcc/arm-none-eabi/4.8.4/../../../../arm-none-eabi/lib/armv6-m\libg_s.a(lib_a-memset.o)
 .debug_frame   0x00003188       0x4c e:/program files (x86)/cypress/psoc creator/3.1/psoc creator/import/gnu_cs/arm/4.8.4/bin/../lib/gcc/arm-none-eabi/4.8.4/../../../../arm-none-eabi/lib/armv6-m\libg_s.a(lib_a-sprintf.o)
 .debug_frame   0x000031d4       0x74 e:/program files (x86)/cypress/psoc creator/3.1/psoc creator/import/gnu_cs/arm/4.8.4/bin/../lib/gcc/arm-none-eabi/4.8.4/../../../../arm-none-eabi/lib/armv6-m\libg_s.a(lib_a-svfprintf.o)
 .debug_frame   0x00003248       0x54 e:/program files (x86)/cypress/psoc creator/3.1/psoc creator/import/gnu_cs/arm/4.8.4/bin/../lib/gcc/arm-none-eabi/4.8.4/../../../../arm-none-eabi/lib/armv6-m\libg_s.a(lib_a-vfprintf_i.o)
 .debug_frame   0x0000329c       0x20 e:/program files (x86)/cypress/psoc creator/3.1/psoc creator/import/gnu_cs/arm/4.8.4/bin/../lib/gcc/arm-none-eabi/4.8.4/../../../../arm-none-eabi/lib/armv6-m\libg_s.a(lib_a-memchr-stub.o)